     kworker/1:1-98    [001] d... 103285.175150: sched_switch: prev_comm=kworker/1:1 prev_pid=98 prev_prio=120 prev_state=S ==> next_comm=swapper/1 next_pid=0 next_prio=120
   kworker/u16:0-30835 [002] d... 103285.175161: sched_switch: prev_comm=kworker/u16:0 prev_pid=30835 prev_prio=120 prev_state=S ==> next_comm=swapper/2 next_pid=0 next_prio=120
          <idle>-0     [005] d.h. 103285.181493: irq_handler_entry: irq=23 name=ehci_hcd:usb2
          <idle>-0     [005] d.h. 103285.181505: irq_handler_exit: irq=23 ret=handled
          <idle>-0     [005] d.h. 103285.181584: irq_handler_entry: irq=23 name=ehci_hcd:usb2
          <idle>-0     [005] d.h. 103285.181590: irq_handler_exit: irq=23 ret=handled
          <idle>-0     [005] d... 103285.186414: sched_switch: prev_comm=swapper/5 prev_pid=0 prev_prio=120 prev_state=R ==> next_comm=apcupsd next_pid=2503 next_prio=120
         apcupsd-2503  [005] d... 103285.186467: sched_switch: prev_comm=apcupsd prev_pid=2503 prev_prio=120 prev_state=D ==> next_comm=swapper/5 next_pid=0 next_prio=120
          <idle>-0     [004] d... 103285.187160: sched_switch: prev_comm=swapper/4 prev_pid=0 prev_prio=120 prev_state=R ==> next_comm=kworker/4:1 next_pid=99 next_prio=120
     kworker/4:1-99    [004] d... 103285.187181: sched_switch: prev_comm=kworker/4:1 prev_pid=99 prev_prio=120 prev_state=S ==> next_comm=swapper/4 next_pid=0 next_prio=120
          <idle>-0     [005] d.h. 103285.189496: irq_handler_entry: irq=23 name=ehci_hcd:usb2
          <idle>-0     [005] d.h. 103285.189506: irq_handler_exit: irq=23 ret=handled
          <idle>-0     [000] d.h. 103285.189589: irq_handler_entry: irq=48 name=i915
          <idle>-0     [000] d.h. 103285.189609: irq_handler_exit: irq=48 ret=handled
          <idle>-0     [005] d.h. 103285.194125: irq_handler_entry: irq=23 name=ehci_hcd:usb2
          <idle>-0     [005] d.h. 103285.194141: irq_handler_exit: irq=23 ret=handled
          <idle>-0     [005] d... 103285.194185: sched_switch: prev_comm=swapper/5 prev_pid=0 prev_prio=120 prev_state=R ==> next_comm=apcupsd next_pid=2503 next_prio=120
         apcupsd-2503  [005] d... 103285.194226: sched_switch: prev_comm=apcupsd prev_pid=2503 prev_prio=120 prev_state=S ==> next_comm=swapper/5 next_pid=0 next_prio=120
          <idle>-0     [004] d... 103285.196707: sched_switch: prev_comm=swapper/4 prev_pid=0 prev_prio=120 prev_state=R ==> next_comm=iptraf next_pid=9704 next_prio=120
          iptraf-9704  [004] d... 103285.196839: sched_switch: prev_comm=iptraf prev_pid=9704 prev_prio=120 prev_state=S ==> next_comm=swapper/4 next_pid=0 next_prio=120
          <idle>-0     [000] d... 103285.197848: sched_switch: prev_comm=swapper/0 prev_pid=0 prev_prio=120 prev_state=R ==> next_comm=postgres next_pid=16736 next_prio=120
        postgres-16736 [000] d... 103285.197893: sched_switch: prev_comm=postgres prev_pid=16736 prev_prio=120 prev_state=S ==> next_comm=swapper/0 next_pid=0 next_prio=120
          <idle>-0     [005] d.h. 103285.201376: irq_handler_entry: irq=23 name=ehci_hcd:usb2
          <idle>-0     [005] d.h. 103285.201388: irq_handler_exit: irq=23 ret=handled
          <idle>-0     [005] d.h. 103285.201467: irq_handler_entry: irq=23 name=ehci_hcd:usb2
          <idle>-0     [005] d.h. 103285.201473: irq_handler_exit: irq=23 ret=handled
          <idle>-0     [000] d.h. 103285.206309: irq_handler_entry: irq=48 name=i915
          <idle>-0     [000] d.h. 103285.206331: irq_handler_exit: irq=48 ret=handled
          <idle>-0     [003] d... 103285.206610: sched_switch: prev_comm=swapper/3 prev_pid=0 prev_prio=120 prev_state=R ==> next_comm=chrome next_pid=7260 next_prio=120
          chrome-7260  [003] d... 103285.206806: sched_switch: prev_comm=chrome prev_pid=7260 prev_prio=120 prev_state=S ==> next_comm=swapper/3 next_pid=0 next_prio=120
          <idle>-0     [005] d... 103285.207344: sched_switch: prev_comm=swapper/5 prev_pid=0 prev_prio=120 prev_state=R ==> next_comm=apcupsd next_pid=2503 next_prio=120
         apcupsd-2503  [005] d... 103285.207396: sched_switch: prev_comm=apcupsd prev_pid=2503 prev_prio=120 prev_state=D ==> next_comm=swapper/5 next_pid=0 next_prio=120
          <idle>-0     [005] d.h. 103285.209505: irq_handler_entry: irq=23 name=ehci_hcd:usb2
          <idle>-0     [005] d.h. 103285.209515: irq_handler_exit: irq=23 ret=handled
          <idle>-0     [005] d.h. 103285.214260: irq_handler_entry: irq=23 name=ehci_hcd:usb2
          <idle>-0     [005] d.h. 103285.214276: irq_handler_exit: irq=23 ret=handled
          <idle>-0     [005] d... 103285.214320: sched_switch: prev_comm=swapper/5 prev_pid=0 prev_prio=120 prev_state=R ==> next_comm=apcupsd next_pid=2503 next_prio=120
         apcupsd-2503  [005] d... 103285.214359: sched_switch: prev_comm=apcupsd prev_pid=2503 prev_prio=120 prev_state=S ==> next_comm=swapper/5 next_pid=0 next_prio=120
          <idle>-0     [005] d.h. 103285.221510: irq_handler_entry: irq=23 name=ehci_hcd:usb2
          <idle>-0     [005] d.h. 103285.221522: irq_handler_exit: irq=23 ret=handled
          <idle>-0     [005] d.h. 103285.221600: irq_handler_entry: irq=23 name=ehci_hcd:usb2
          <idle>-0     [005] d.h. 103285.221607: irq_handler_exit: irq=23 ret=handled
          <idle>-0     [000] d... 103285.222477: sched_switch: prev_comm=swapper/0 prev_pid=0 prev_prio=120 prev_state=R ==> next_comm=java next_pid=358 next_prio=120
            java-358   [000] d... 103285.222530: sched_switch: prev_comm=java prev_pid=358 prev_prio=120 prev_state=S ==> next_comm=swapper/0 next_pid=0 next_prio=120
          <idle>-0     [000] d.h. 103285.222974: irq_handler_entry: irq=48 name=i915
          <idle>-0     [000] d.h. 103285.222996: irq_handler_exit: irq=48 ret=handled
          <idle>-0     [005] d... 103285.228482: sched_switch: prev_comm=swapper/5 prev_pid=0 prev_prio=120 prev_state=R ==> next_comm=apcupsd next_pid=2503 next_prio=120
         apcupsd-2503  [005] d... 103285.228533: sched_switch: prev_comm=apcupsd prev_pid=2503 prev_prio=120 prev_state=D ==> next_comm=swapper/5 next_pid=0 next_prio=120
          <idle>-0     [005] d.h. 103285.229513: irq_handler_entry: irq=23 name=ehci_hcd:usb2
          <idle>-0     [005] d.h. 103285.229523: irq_handler_exit: irq=23 ret=handled
          <idle>-0     [005] d.h. 103285.234265: irq_handler_entry: irq=23 name=ehci_hcd:usb2
          <idle>-0     [005] d.h. 103285.234282: irq_handler_exit: irq=23 ret=handled
          <idle>-0     [005] d... 103285.234327: sched_switch: prev_comm=swapper/5 prev_pid=0 prev_prio=120 prev_state=R ==> next_comm=apcupsd next_pid=2503 next_prio=120
         apcupsd-2503  [005] d... 103285.234366: sched_switch: prev_comm=apcupsd prev_pid=2503 prev_prio=120 prev_state=S ==> next_comm=swapper/5 next_pid=0 next_prio=120
          <idle>-0     [003] d... 103285.236609: sched_switch: prev_comm=swapper/3 prev_pid=0 prev_prio=120 prev_state=R ==> next_comm=postgres next_pid=16737 next_prio=120
        postgres-16737 [003] d... 103285.236648: sched_switch: prev_comm=postgres prev_pid=16737 prev_prio=120 prev_state=S ==> next_comm=swapper/3 next_pid=0 next_prio=120
          <idle>-0     [000] d.h. 103285.239682: irq_handler_entry: irq=48 name=i915
          <idle>-0     [000] d.h. 103285.239704: irq_handler_exit: irq=48 ret=handled
          <idle>-0     [005] d.h. 103285.241518: irq_handler_entry: irq=23 name=ehci_hcd:usb2
          <idle>-0     [005] d.h. 103285.241530: irq_handler_exit: irq=23 ret=handled
          <idle>-0     [005] d.h. 103285.241610: irq_handler_entry: irq=23 name=ehci_hcd:usb2
          <idle>-0     [005] d.h. 103285.241616: irq_handler_exit: irq=23 ret=handled
          <idle>-0     [002] d... 103285.243182: sched_switch: prev_comm=swapper/2 prev_pid=0 prev_prio=120 prev_state=R ==> next_comm=kworker/2:2 next_pid=2241 next_prio=120
          <idle>-0     [003] d... 103285.243205: sched_switch: prev_comm=swapper/3 prev_pid=0 prev_prio=120 prev_state=R ==> next_comm=python next_pid=365 next_prio=120
     kworker/2:2-2241  [002] d... 103285.243209: sched_switch: prev_comm=kworker/2:2 prev_pid=2241 prev_prio=120 prev_state=S ==> next_comm=swapper/2 next_pid=0 next_prio=120
          <idle>-0     [004] d... 103285.246942: sched_switch: prev_comm=swapper/4 prev_pid=0 prev_prio=120 prev_state=R ==> next_comm=iptraf next_pid=9704 next_prio=120
          iptraf-9704  [004] d... 103285.247063: sched_switch: prev_comm=iptraf prev_pid=9704 prev_prio=120 prev_state=S ==> next_comm=swapper/4 next_pid=0 next_prio=120
          python-365   [003] d... 103285.247166: sched_switch: prev_comm=python prev_pid=365 prev_prio=120 prev_state=R ==> next_comm=kworker/3:1 next_pid=200 next_prio=120
     kworker/3:1-200   [003] d... 103285.247183: sched_switch: prev_comm=kworker/3:1 prev_pid=200 prev_prio=120 prev_state=S ==> next_comm=python next_pid=365 next_prio=120
          python-365   [003] d... 103285.247621: sched_switch: prev_comm=python prev_pid=365 prev_prio=120 prev_state=S ==> next_comm=swapper/3 next_pid=0 next_prio=120
          <idle>-0     [005] d... 103285.249487: sched_switch: prev_comm=swapper/5 prev_pid=0 prev_prio=120 prev_state=R ==> next_comm=apcupsd next_pid=2503 next_prio=120
         apcupsd-2503  [005] d... 103285.249539: sched_switch: prev_comm=apcupsd prev_pid=2503 prev_prio=120 prev_state=D ==> next_comm=swapper/5 next_pid=0 next_prio=120
          <idle>-0     [005] d.h. 103285.254277: irq_handler_entry: irq=23 name=ehci_hcd:usb2
          <idle>-0     [005] d.h. 103285.254287: irq_handler_exit: irq=23 ret=handled
          <idle>-0     [000] d.h. 103285.256364: irq_handler_entry: irq=48 name=i915
          <idle>-0     [000] d.h. 103285.256385: irq_handler_exit: irq=48 ret=handled
          <idle>-0     [005] d.h. 103285.258151: irq_handler_entry: irq=23 name=ehci_hcd:usb2
          <idle>-0     [005] d.h. 103285.258168: irq_handler_exit: irq=23 ret=handled
          <idle>-0     [005] d... 103285.258208: sched_switch: prev_comm=swapper/5 prev_pid=0 prev_prio=120 prev_state=R ==> next_comm=apcupsd next_pid=2503 next_prio=120
         apcupsd-2503  [005] d... 103285.258247: sched_switch: prev_comm=apcupsd prev_pid=2503 prev_prio=120 prev_state=S ==> next_comm=swapper/5 next_pid=0 next_prio=120
          <idle>-0     [003] d... 103285.261674: sched_switch: prev_comm=swapper/3 prev_pid=0 prev_prio=120 prev_state=R ==> next_comm=mysqld next_pid=21476 next_prio=120
          mysqld-21476 [003] d... 103285.261785: sched_switch: prev_comm=mysqld prev_pid=21476 prev_prio=120 prev_state=S ==> next_comm=swapper/3 next_pid=0 next_prio=120
          <idle>-0     [005] d.h. 103285.265405: irq_handler_entry: irq=23 name=ehci_hcd:usb2
          <idle>-0     [005] d.h. 103285.265417: irq_handler_exit: irq=23 ret=handled
          <idle>-0     [005] d.h. 103285.265496: irq_handler_entry: irq=23 name=ehci_hcd:usb2
          <idle>-0     [005] d.h. 103285.265503: irq_handler_exit: irq=23 ret=handled
          <idle>-0     [005] d... 103285.270368: sched_switch: prev_comm=swapper/5 prev_pid=0 prev_prio=120 prev_state=R ==> next_comm=apcupsd next_pid=2503 next_prio=120
         apcupsd-2503  [005] d... 103285.270421: sched_switch: prev_comm=apcupsd prev_pid=2503 prev_prio=120 prev_state=D ==> next_comm=swapper/5 next_pid=0 next_prio=120
          <idle>-0     [000] d... 103285.272660: sched_switch: prev_comm=swapper/0 prev_pid=0 prev_prio=120 prev_state=R ==> next_comm=java next_pid=358 next_prio=120
            java-358   [000] d... 103285.272712: sched_switch: prev_comm=java prev_pid=358 prev_prio=120 prev_state=S ==> next_comm=swapper/0 next_pid=0 next_prio=120
          <idle>-0     [000] d.h. 103285.273049: irq_handler_entry: irq=48 name=i915
          <idle>-0     [000] d.h. 103285.273070: irq_handler_exit: irq=48 ret=handled
          <idle>-0     [005] d.h. 103285.274407: irq_handler_entry: irq=23 name=ehci_hcd:usb2
          <idle>-0     [005] d.h. 103285.274417: irq_handler_exit: irq=23 ret=handled
          <idle>-0     [005] d.h. 103285.278286: irq_handler_entry: irq=23 name=ehci_hcd:usb2
          <idle>-0     [005] d.h. 103285.278302: irq_handler_exit: irq=23 ret=handled
          <idle>-0     [005] d... 103285.278343: sched_switch: prev_comm=swapper/5 prev_pid=0 prev_prio=120 prev_state=R ==> next_comm=apcupsd next_pid=2503 next_prio=120
         apcupsd-2503  [005] d... 103285.278382: sched_switch: prev_comm=apcupsd prev_pid=2503 prev_prio=120 prev_state=S ==> next_comm=swapper/5 next_pid=0 next_prio=120
          <idle>-0     [005] d.h. 103285.285539: irq_handler_entry: irq=23 name=ehci_hcd:usb2
          <idle>-0     [005] d.h. 103285.285551: irq_handler_exit: irq=23 ret=handled
          <idle>-0     [005] d.h. 103285.285630: irq_handler_entry: irq=23 name=ehci_hcd:usb2
          <idle>-0     [005] d.h. 103285.285637: irq_handler_exit: irq=23 ret=handled
          <idle>-0     [000] d.h. 103285.289738: irq_handler_entry: irq=48 name=i915
          <idle>-0     [000] d.h. 103285.289761: irq_handler_exit: irq=48 ret=handled
          <idle>-0     [005] d... 103285.291503: sched_switch: prev_comm=swapper/5 prev_pid=0 prev_prio=120 prev_state=R ==> next_comm=apcupsd next_pid=2503 next_prio=120
         apcupsd-2503  [005] d... 103285.291534: sched_switch: prev_comm=apcupsd prev_pid=2503 prev_prio=120 prev_state=S ==> next_comm=swapper/5 next_pid=0 next_prio=120
          <idle>-0     [004] d... 103285.297200: sched_switch: prev_comm=swapper/4 prev_pid=0 prev_prio=120 prev_state=R ==> next_comm=iptraf next_pid=9704 next_prio=120
          iptraf-9704  [004] d... 103285.297333: sched_switch: prev_comm=iptraf prev_pid=9704 prev_prio=120 prev_state=S ==> next_comm=swapper/4 next_pid=0 next_prio=120
          <idle>-0     [001] d... 103285.303186: sched_switch: prev_comm=swapper/1 prev_pid=0 prev_prio=120 prev_state=R ==> next_comm=watchdog/1 next_pid=27 next_prio=0
          <idle>-0     [000] d... 103285.303186: sched_switch: prev_comm=swapper/0 prev_pid=0 prev_prio=120 prev_state=R ==> next_comm=watchdog/0 next_pid=26 next_prio=0
      watchdog/0-26    [000] d... 103285.303209: sched_switch: prev_comm=watchdog/0 prev_pid=26 prev_prio=0 prev_state=S ==> next_comm=swapper/0 next_pid=0 next_prio=120
      watchdog/1-27    [001] d... 103285.303210: sched_switch: prev_comm=watchdog/1 prev_pid=27 prev_prio=0 prev_state=S ==> next_comm=swapper/1 next_pid=0 next_prio=120
          <idle>-0     [000] d.h. 103285.306430: irq_handler_entry: irq=48 name=i915
          <idle>-0     [000] d.h. 103285.306452: irq_handler_exit: irq=48 ret=handled
          <idle>-0     [005] d... 103285.311661: sched_switch: prev_comm=swapper/5 prev_pid=0 prev_prio=120 prev_state=R ==> next_comm=apcupsd next_pid=2503 next_prio=120
         apcupsd-2503  [005] d... 103285.311714: sched_switch: prev_comm=apcupsd prev_pid=2503 prev_prio=120 prev_state=D ==> next_comm=swapper/5 next_pid=0 next_prio=120
          <idle>-0     [005] d.h. 103285.314425: irq_handler_entry: irq=23 name=ehci_hcd:usb2
          <idle>-0     [005] d.h. 103285.314435: irq_handler_exit: irq=23 ret=handled
          <idle>-0     [005] d.h. 103285.318305: irq_handler_entry: irq=23 name=ehci_hcd:usb2
          <idle>-0     [005] d.h. 103285.318321: irq_handler_exit: irq=23 ret=handled
          <idle>-0     [005] d... 103285.318366: sched_switch: prev_comm=swapper/5 prev_pid=0 prev_prio=120 prev_state=R ==> next_comm=apcupsd next_pid=2503 next_prio=120
         apcupsd-2503  [005] d... 103285.318404: sched_switch: prev_comm=apcupsd prev_pid=2503 prev_prio=120 prev_state=S ==> next_comm=swapper/5 next_pid=0 next_prio=120
          <idle>-0     [002] d... 103285.319192: sched_switch: prev_comm=swapper/2 prev_pid=0 prev_prio=120 prev_state=R ==> next_comm=watchdog/2 next_pid=32 next_prio=0
      watchdog/2-32    [002] d... 103285.319213: sched_switch: prev_comm=watchdog/2 prev_pid=32 prev_prio=0 prev_state=S ==> next_comm=swapper/2 next_pid=0 next_prio=120
          <idle>-0     [000] d... 103285.321681: sched_switch: prev_comm=swapper/0 prev_pid=0 prev_prio=120 prev_state=R ==> next_comm=ntpd next_pid=2560 next_prio=120
            ntpd-2560  [000] d... 103285.321743: sched_switch: prev_comm=ntpd prev_pid=2560 prev_prio=120 prev_state=S ==> next_comm=swapper/0 next_pid=0 next_prio=120
          <idle>-0     [000] d... 103285.322838: sched_switch: prev_comm=swapper/0 prev_pid=0 prev_prio=120 prev_state=R ==> next_comm=java next_pid=358 next_prio=120
            java-358   [000] d... 103285.322891: sched_switch: prev_comm=java prev_pid=358 prev_prio=120 prev_state=S ==> next_comm=swapper/0 next_pid=0 next_prio=120
          <idle>-0     [000] d.h. 103285.323104: irq_handler_entry: irq=48 name=i915
          <idle>-0     [000] d.h. 103285.323126: irq_handler_exit: irq=48 ret=handled
          <idle>-0     [005] d.h. 103285.325555: irq_handler_entry: irq=23 name=ehci_hcd:usb2
          <idle>-0     [005] d.h. 103285.325568: irq_handler_exit: irq=23 ret=handled
          <idle>-0     [005] d.h. 103285.325646: irq_handler_entry: irq=23 name=ehci_hcd:usb2
          <idle>-0     [005] d.h. 103285.325652: irq_handler_exit: irq=23 ret=handled
          <idle>-0     [003] d... 103285.330368: sched_switch: prev_comm=swapper/3 prev_pid=0 prev_prio=120 prev_state=R ==> next_comm=gnome-terminal next_pid=3404 next_prio=120
  gnome-terminal-3404  [003] d... 103285.331159: sched_switch: prev_comm=gnome-terminal prev_pid=3404 prev_prio=120 prev_state=R ==> next_comm=watchdog/3 next_pid=37 next_prio=0
      watchdog/3-37    [003] d... 103285.331168: sched_switch: prev_comm=watchdog/3 prev_pid=37 prev_prio=0 prev_state=S ==> next_comm=kworker/3:1 next_pid=200 next_prio=120
     kworker/3:1-200   [003] d... 103285.331181: sched_switch: prev_comm=kworker/3:1 prev_pid=200 prev_prio=120 prev_state=S ==> next_comm=gnome-terminal next_pid=3404 next_prio=120
          <idle>-0     [000] d... 103285.331232: sched_switch: prev_comm=swapper/0 prev_pid=0 prev_prio=120 prev_state=R ==> next_comm=Xorg next_pid=1344 next_prio=120
  gnome-terminal-3404  [003] d... 103285.331254: sched_switch: prev_comm=gnome-terminal prev_pid=3404 prev_prio=120 prev_state=S ==> next_comm=swapper/3 next_pid=0 next_prio=120
          <idle>-0     [001] d... 103285.331436: sched_switch: prev_comm=swapper/1 prev_pid=0 prev_prio=120 prev_state=R ==> next_comm=gnome-shell next_pid=2772 next_prio=120
          <idle>-0     [003] d... 103285.331453: sched_switch: prev_comm=swapper/3 prev_pid=0 prev_prio=120 prev_state=R ==> next_comm=gnome-terminal next_pid=3404 next_prio=120
            Xorg-1344  [000] d... 103285.331462: sched_switch: prev_comm=Xorg prev_pid=1344 prev_prio=120 prev_state=S ==> next_comm=swapper/0 next_pid=0 next_prio=120
  gnome-terminal-3404  [003] d... 103285.331537: sched_switch: prev_comm=gnome-terminal prev_pid=3404 prev_prio=120 prev_state=S ==> next_comm=swapper/3 next_pid=0 next_prio=120
     gnome-shell-2772  [001] d... 103285.331693: sched_switch: prev_comm=gnome-shell prev_pid=2772 prev_prio=120 prev_state=S ==> next_comm=swapper/1 next_pid=0 next_prio=120
          <idle>-0     [000] d... 103285.331708: sched_switch: prev_comm=swapper/0 prev_pid=0 prev_prio=120 prev_state=R ==> next_comm=Xorg next_pid=1344 next_prio=120
          <idle>-0     [001] d... 103285.331804: sched_switch: prev_comm=swapper/1 prev_pid=0 prev_prio=120 prev_state=R ==> next_comm=gnome-shell next_pid=2772 next_prio=120
            Xorg-1344  [000] d... 103285.331811: sched_switch: prev_comm=Xorg prev_pid=1344 prev_prio=120 prev_state=S ==> next_comm=swapper/0 next_pid=0 next_prio=120
     gnome-shell-2772  [001] d... 103285.331977: sched_switch: prev_comm=gnome-shell prev_pid=2772 prev_prio=120 prev_state=S ==> next_comm=swapper/1 next_pid=0 next_prio=120
          <idle>-0     [000] d... 103285.331993: sched_switch: prev_comm=swapper/0 prev_pid=0 prev_prio=120 prev_state=R ==> next_comm=Xorg next_pid=1344 next_prio=120
          <idle>-0     [001] d... 103285.332094: sched_switch: prev_comm=swapper/1 prev_pid=0 prev_prio=120 prev_state=R ==> next_comm=gnome-shell next_pid=2772 next_prio=120
            Xorg-1344  [000] d... 103285.332103: sched_switch: prev_comm=Xorg prev_pid=1344 prev_prio=120 prev_state=S ==> next_comm=swapper/0 next_pid=0 next_prio=120
          <idle>-0     [005] d... 103285.332474: sched_switch: prev_comm=swapper/5 prev_pid=0 prev_prio=120 prev_state=R ==> next_comm=apcupsd next_pid=2503 next_prio=120
         apcupsd-2503  [005] d... 103285.332507: sched_switch: prev_comm=apcupsd prev_pid=2503 prev_prio=120 prev_state=S ==> next_comm=swapper/5 next_pid=0 next_prio=120
     gnome-shell-2772  [001] d... 103285.333520: sched_switch: prev_comm=gnome-shell prev_pid=2772 prev_prio=120 prev_state=S ==> next_comm=swapper/1 next_pid=0 next_prio=120
          <idle>-0     [000] d.h. 103285.333539: irq_handler_entry: irq=48 name=i915
          <idle>-0     [000] dNh. 103285.333567: irq_handler_exit: irq=48 ret=handled
          <idle>-0     [000] d... 103285.333575: sched_switch: prev_comm=swapper/0 prev_pid=0 prev_prio=120 prev_state=R ==> next_comm=gnome-shell next_pid=2772 next_prio=120
          <idle>-0     [002] d... 103285.333595: sched_switch: prev_comm=swapper/2 prev_pid=0 prev_prio=120 prev_state=R ==> next_comm=kworker/u16:0 next_pid=30835 next_prio=120
   kworker/u16:0-30835 [002] d... 103285.333620: sched_switch: prev_comm=kworker/u16:0 prev_pid=30835 prev_prio=120 prev_state=S ==> next_comm=swapper/2 next_pid=0 next_prio=120
          <idle>-0     [001] d... 103285.333626: sched_switch: prev_comm=swapper/1 prev_pid=0 prev_prio=120 prev_state=R ==> next_comm=Xorg next_pid=1344 next_prio=120
     gnome-shell-2772  [000] d... 103285.333626: sched_switch: prev_comm=gnome-shell prev_pid=2772 prev_prio=120 prev_state=S ==> next_comm=swapper/0 next_pid=0 next_prio=120
          <idle>-0     [000] d... 103285.333755: sched_switch: prev_comm=swapper/0 prev_pid=0 prev_prio=120 prev_state=R ==> next_comm=gnome-shell next_pid=2772 next_prio=120
            Xorg-1344  [001] d... 103285.333760: sched_switch: prev_comm=Xorg prev_pid=1344 prev_prio=120 prev_state=S ==> next_comm=swapper/1 next_pid=0 next_prio=120
     gnome-shell-2772  [000] d... 103285.333812: sched_switch: prev_comm=gnome-shell prev_pid=2772 prev_prio=120 prev_state=S ==> next_comm=swapper/0 next_pid=0 next_prio=120
          <idle>-0     [001] d... 103285.333834: sched_switch: prev_comm=swapper/1 prev_pid=0 prev_prio=120 prev_state=R ==> next_comm=Xorg next_pid=1344 next_prio=120
            Xorg-1344  [001] d... 103285.333920: sched_switch: prev_comm=Xorg prev_pid=1344 prev_prio=120 prev_state=S ==> next_comm=swapper/1 next_pid=0 next_prio=120
          <idle>-0     [000] d... 103285.335175: sched_switch: prev_comm=swapper/0 prev_pid=0 prev_prio=120 prev_state=R ==> next_comm=kworker/0:1 next_pid=97 next_prio=120
     kworker/0:1-97    [000] d... 103285.335193: sched_switch: prev_comm=kworker/0:1 prev_pid=97 prev_prio=120 prev_state=S ==> next_comm=swapper/0 next_pid=0 next_prio=120
          <idle>-0     [002] d... 103285.335195: sched_switch: prev_comm=swapper/2 prev_pid=0 prev_prio=120 prev_state=R ==> next_comm=kworker/u16:0 next_pid=30835 next_prio=120
   kworker/u16:0-30835 [002] d... 103285.335213: sched_switch: prev_comm=kworker/u16:0 prev_pid=30835 prev_prio=120 prev_state=S ==> next_comm=swapper/2 next_pid=0 next_prio=120
          <idle>-0     [000] d.h. 103285.339798: irq_handler_entry: irq=48 name=i915
          <idle>-0     [000] dNh. 103285.339833: irq_handler_exit: irq=48 ret=handled
          <idle>-0     [000] d... 103285.339847: sched_switch: prev_comm=swapper/0 prev_pid=0 prev_prio=120 prev_state=R ==> next_comm=Xorg next_pid=1344 next_prio=120
          <idle>-0     [001] d... 103285.339961: sched_switch: prev_comm=swapper/1 prev_pid=0 prev_prio=120 prev_state=R ==> next_comm=gnome-shell next_pid=2772 next_prio=120
            Xorg-1344  [000] d... 103285.339989: sched_switch: prev_comm=Xorg prev_pid=1344 prev_prio=120 prev_state=S ==> next_comm=swapper/0 next_pid=0 next_prio=120
     gnome-shell-2772  [001] d... 103285.340052: sched_switch: prev_comm=gnome-shell prev_pid=2772 prev_prio=120 prev_state=S ==> next_comm=swapper/1 next_pid=0 next_prio=120
          <idle>-0     [000] d... 103285.340072: sched_switch: prev_comm=swapper/0 prev_pid=0 prev_prio=120 prev_state=R ==> next_comm=Xorg next_pid=1344 next_prio=120
            Xorg-1344  [000] d.h. 103285.340228: irq_handler_entry: irq=48 name=i915
          <idle>-0     [001] d... 103285.340238: sched_switch: prev_comm=swapper/1 prev_pid=0 prev_prio=120 prev_state=R ==> next_comm=gnome-shell next_pid=2772 next_prio=120
            Xorg-1344  [000] d.h. 103285.340249: irq_handler_exit: irq=48 ret=handled
          <idle>-0     [002] d... 103285.340291: sched_switch: prev_comm=swapper/2 prev_pid=0 prev_prio=120 prev_state=R ==> next_comm=kworker/u16:0 next_pid=30835 next_prio=120
            Xorg-1344  [000] d... 103285.340300: sched_switch: prev_comm=Xorg prev_pid=1344 prev_prio=120 prev_state=S ==> next_comm=swapper/0 next_pid=0 next_prio=120
   kworker/u16:0-30835 [002] d... 103285.340407: sched_switch: prev_comm=kworker/u16:0 prev_pid=30835 prev_prio=120 prev_state=S ==> next_comm=swapper/2 next_pid=0 next_prio=120
          <idle>-0     [000] d... 103285.340424: sched_switch: prev_comm=swapper/0 prev_pid=0 prev_prio=120 prev_state=R ==> next_comm=Xorg next_pid=1344 next_prio=120
     gnome-shell-2772  [001] d... 103285.340506: sched_switch: prev_comm=gnome-shell prev_pid=2772 prev_prio=120 prev_state=S ==> next_comm=swapper/1 next_pid=0 next_prio=120
            Xorg-1344  [000] d... 103285.340525: sched_switch: prev_comm=Xorg prev_pid=1344 prev_prio=120 prev_state=S ==> next_comm=swapper/0 next_pid=0 next_prio=120
          <idle>-0     [004] d... 103285.343198: sched_switch: prev_comm=swapper/4 prev_pid=0 prev_prio=120 prev_state=R ==> next_comm=watchdog/4 next_pid=42 next_prio=0
      watchdog/4-42    [004] d... 103285.343218: sched_switch: prev_comm=watchdog/4 prev_pid=42 prev_prio=0 prev_state=S ==> next_comm=swapper/4 next_pid=0 next_prio=120
          <idle>-0     [003] d... 103285.347218: sched_switch: prev_comm=swapper/3 prev_pid=0 prev_prio=120 prev_state=R ==> next_comm=kworker/3:1 next_pid=200 next_prio=120
          <idle>-0     [000] d... 103285.347243: sched_switch: prev_comm=swapper/0 prev_pid=0 prev_prio=120 prev_state=R ==> next_comm=python next_pid=365 next_prio=120
     kworker/3:1-200   [003] d... 103285.347247: sched_switch: prev_comm=kworker/3:1 prev_pid=200 prev_prio=120 prev_state=S ==> next_comm=swapper/3 next_pid=0 next_prio=120
          <idle>-0     [004] d... 103285.347409: sched_switch: prev_comm=swapper/4 prev_pid=0 prev_prio=120 prev_state=R ==> next_comm=iptraf next_pid=9704 next_prio=120
          iptraf-9704  [004] d... 103285.347599: sched_switch: prev_comm=iptraf prev_pid=9704 prev_prio=120 prev_state=S ==> next_comm=swapper/4 next_pid=0 next_prio=120
          python-365   [000] d... 103285.351158: sched_switch: prev_comm=python prev_pid=365 prev_prio=120 prev_state=R ==> next_comm=kworker/0:1 next_pid=97 next_prio=120
     kworker/0:1-97    [000] d... 103285.351190: sched_switch: prev_comm=kworker/0:1 prev_pid=97 prev_prio=120 prev_state=S ==> next_comm=python next_pid=365 next_prio=120
          python-365   [000] d... 103285.351657: sched_switch: prev_comm=python prev_pid=365 prev_prio=120 prev_state=S ==> next_comm=swapper/0 next_pid=0 next_prio=120
          <idle>-0     [005] d... 103285.352633: sched_switch: prev_comm=swapper/5 prev_pid=0 prev_prio=120 prev_state=R ==> next_comm=apcupsd next_pid=2503 next_prio=120
         apcupsd-2503  [005] d... 103285.352679: sched_switch: prev_comm=apcupsd prev_pid=2503 prev_prio=120 prev_state=D ==> next_comm=swapper/5 next_pid=0 next_prio=120
          <idle>-0     [005] d.h. 103285.354448: irq_handler_entry: irq=23 name=ehci_hcd:usb2
          <idle>-0     [005] d.h. 103285.354456: irq_handler_exit: irq=23 ret=handled
          <idle>-0     [005] d... 103285.355180: sched_switch: prev_comm=swapper/5 prev_pid=0 prev_prio=120 prev_state=R ==> next_comm=watchdog/5 next_pid=47 next_prio=0
      watchdog/5-47    [005] d... 103285.355197: sched_switch: prev_comm=watchdog/5 prev_pid=47 prev_prio=0 prev_state=S ==> next_comm=swapper/5 next_pid=0 next_prio=120
          <idle>-0     [000] d.h. 103285.356485: irq_handler_entry: irq=48 name=i915
          <idle>-0     [000] d.h. 103285.356502: irq_handler_exit: irq=48 ret=handled
          <idle>-0     [005] d.h. 103285.358452: irq_handler_entry: irq=23 name=ehci_hcd:usb2
          <idle>-0     [005] d.h. 103285.358466: irq_handler_exit: irq=23 ret=handled
          <idle>-0     [005] d... 103285.358500: sched_switch: prev_comm=swapper/5 prev_pid=0 prev_prio=120 prev_state=R ==> next_comm=apcupsd next_pid=2503 next_prio=120
         apcupsd-2503  [005] d... 103285.358559: sched_switch: prev_comm=apcupsd prev_pid=2503 prev_prio=120 prev_state=S ==> next_comm=swapper/5 next_pid=0 next_prio=120
          <idle>-0     [005] d.h. 103285.365703: irq_handler_entry: irq=23 name=ehci_hcd:usb2
          <idle>-0     [005] d.h. 103285.365714: irq_handler_exit: irq=23 ret=handled
          <idle>-0     [005] d.h. 103285.365799: irq_handler_entry: irq=23 name=ehci_hcd:usb2
          <idle>-0     [005] d.h. 103285.365805: irq_handler_exit: irq=23 ret=handled
          <idle>-0     [006] d... 103285.367237: sched_switch: prev_comm=swapper/6 prev_pid=0 prev_prio=120 prev_state=R ==> next_comm=watchdog/6 next_pid=52 next_prio=0
      watchdog/6-52    [006] d... 103285.367253: sched_switch: prev_comm=watchdog/6 prev_pid=52 prev_prio=0 prev_state=S ==> next_comm=swapper/6 next_pid=0 next_prio=120
          <idle>-0     [000] d... 103285.373024: sched_switch: prev_comm=swapper/0 prev_pid=0 prev_prio=120 prev_state=R ==> next_comm=java next_pid=358 next_prio=120
            java-358   [000] d... 103285.373068: sched_switch: prev_comm=java prev_pid=358 prev_prio=120 prev_state=S ==> next_comm=swapper/0 next_pid=0 next_prio=120
          <idle>-0     [000] d.h. 103285.373164: irq_handler_entry: irq=48 name=i915
          <idle>-0     [000] d.h. 103285.373182: irq_handler_exit: irq=48 ret=handled
          <idle>-0     [005] d... 103285.373687: sched_switch: prev_comm=swapper/5 prev_pid=0 prev_prio=120 prev_state=R ==> next_comm=apcupsd next_pid=2503 next_prio=120
         apcupsd-2503  [005] d... 103285.373732: sched_switch: prev_comm=apcupsd prev_pid=2503 prev_prio=120 prev_state=D ==> next_comm=swapper/5 next_pid=0 next_prio=120
          <idle>-0     [005] d.h. 103285.374456: irq_handler_entry: irq=23 name=ehci_hcd:usb2
          <idle>-0     [005] d.h. 103285.374465: irq_handler_exit: irq=23 ret=handled
          <idle>-0     [005] d.h. 103285.378461: irq_handler_entry: irq=23 name=ehci_hcd:usb2
          <idle>-0     [005] d.h. 103285.378475: irq_handler_exit: irq=23 ret=handled
          <idle>-0     [005] d... 103285.378509: sched_switch: prev_comm=swapper/5 prev_pid=0 prev_prio=120 prev_state=R ==> next_comm=apcupsd next_pid=2503 next_prio=120
         apcupsd-2503  [005] d... 103285.378543: sched_switch: prev_comm=apcupsd prev_pid=2503 prev_prio=120 prev_state=S ==> next_comm=swapper/5 next_pid=0 next_prio=120
          <idle>-0     [007] d... 103285.379323: sched_switch: prev_comm=swapper/7 prev_pid=0 prev_prio=120 prev_state=R ==> next_comm=watchdog/7 next_pid=57 next_prio=0
      watchdog/7-57    [007] d... 103285.379339: sched_switch: prev_comm=watchdog/7 prev_pid=57 prev_prio=0 prev_state=S ==> next_comm=swapper/7 next_pid=0 next_prio=120
          <idle>-0     [005] d.h. 103285.385712: irq_handler_entry: irq=23 name=ehci_hcd:usb2
          <idle>-0     [005] d.h. 103285.385722: irq_handler_exit: irq=23 ret=handled
          <idle>-0     [005] d.h. 103285.385807: irq_handler_entry: irq=23 name=ehci_hcd:usb2
          <idle>-0     [005] d.h. 103285.385813: irq_handler_exit: irq=23 ret=handled
          <idle>-0     [000] d.h. 103285.389867: irq_handler_entry: irq=48 name=i915
          <idle>-0     [000] d.h. 103285.389886: irq_handler_exit: irq=48 ret=handled
          <idle>-0     [005] d... 103285.394674: sched_switch: prev_comm=swapper/5 prev_pid=0 prev_prio=120 prev_state=R ==> next_comm=apcupsd next_pid=2503 next_prio=120
         apcupsd-2503  [005] d... 103285.394719: sched_switch: prev_comm=apcupsd prev_pid=2503 prev_prio=120 prev_state=D ==> next_comm=swapper/5 next_pid=0 next_prio=120
          <idle>-0     [004] d... 103285.397734: sched_switch: prev_comm=swapper/4 prev_pid=0 prev_prio=120 prev_state=R ==> next_comm=iptraf next_pid=9704 next_prio=120
          iptraf-9704  [004] d... 103285.397844: sched_switch: prev_comm=iptraf prev_pid=9704 prev_prio=120 prev_state=S ==> next_comm=swapper/4 next_pid=0 next_prio=120
          <idle>-0     [000] d... 103285.398235: sched_switch: prev_comm=swapper/0 prev_pid=0 prev_prio=120 prev_state=R ==> next_comm=postgres next_pid=16736 next_prio=120
        postgres-16736 [000] d... 103285.398274: sched_switch: prev_comm=postgres prev_pid=16736 prev_prio=120 prev_state=S ==> next_comm=swapper/0 next_pid=0 next_prio=120
          <idle>-0     [005] d.h. 103285.398467: irq_handler_entry: irq=23 name=ehci_hcd:usb2
          <idle>-0     [005] d.h. 103285.398476: irq_handler_exit: irq=23 ret=handled
          <idle>-0     [003] d... 103285.402777: sched_switch: prev_comm=swapper/3 prev_pid=0 prev_prio=120 prev_state=R ==> next_comm=adclient next_pid=1719 next_prio=120
          <idle>-0     [000] d... 103285.402777: sched_switch: prev_comm=swapper/0 prev_pid=0 prev_prio=120 prev_state=R ==> next_comm=adclient next_pid=1720 next_prio=120
        adclient-1720  [000] d... 103285.402801: sched_switch: prev_comm=adclient prev_pid=1720 prev_prio=120 prev_state=S ==> next_comm=ksoftirqd/0 next_pid=3 next_prio=120
        adclient-1719  [003] d... 103285.402802: sched_switch: prev_comm=adclient prev_pid=1719 prev_prio=120 prev_state=S ==> next_comm=ksoftirqd/3 next_pid=39 next_prio=120
     ksoftirqd/3-39    [003] d... 103285.402825: sched_switch: prev_comm=ksoftirqd/3 prev_pid=39 prev_prio=120 prev_state=S ==> next_comm=swapper/3 next_pid=0 next_prio=120
     ksoftirqd/0-3     [000] d... 103285.402825: sched_switch: prev_comm=ksoftirqd/0 prev_pid=3 prev_prio=120 prev_state=S ==> next_comm=swapper/0 next_pid=0 next_prio=120
          <idle>-0     [001] d... 103285.402840: sched_switch: prev_comm=swapper/1 prev_pid=0 prev_prio=120 prev_state=R ==> next_comm=adclient next_pid=1720 next_prio=120
        adclient-1720  [001] d... 103285.402859: sched_switch: prev_comm=adclient prev_pid=1720 prev_prio=120 prev_state=S ==> next_comm=adclient next_pid=1719 next_prio=120
        adclient-1719  [001] d... 103285.402868: sched_switch: prev_comm=adclient prev_pid=1719 prev_prio=120 prev_state=S ==> next_comm=ksoftirqd/1 next_pid=29 next_prio=120
     ksoftirqd/1-29    [001] d... 103285.402890: sched_switch: prev_comm=ksoftirqd/1 prev_pid=29 prev_prio=120 prev_state=S ==> next_comm=swapper/1 next_pid=0 next_prio=120
          <idle>-0     [002] d... 103285.402907: sched_switch: prev_comm=swapper/2 prev_pid=0 prev_prio=120 prev_state=R ==> next_comm=adclient next_pid=1720 next_prio=120
          <idle>-0     [003] d... 103285.402913: sched_switch: prev_comm=swapper/3 prev_pid=0 prev_prio=120 prev_state=R ==> next_comm=adclient next_pid=1719 next_prio=120
        adclient-1720  [002] d... 103285.402926: sched_switch: prev_comm=adclient prev_pid=1720 prev_prio=120 prev_state=S ==> next_comm=ksoftirqd/2 next_pid=34 next_prio=120
        adclient-1719  [003] d... 103285.402934: sched_switch: prev_comm=adclient prev_pid=1719 prev_prio=120 prev_state=S ==> next_comm=ksoftirqd/3 next_pid=39 next_prio=120
     ksoftirqd/2-34    [002] d... 103285.402946: sched_switch: prev_comm=ksoftirqd/2 prev_pid=34 prev_prio=120 prev_state=S ==> next_comm=swapper/2 next_pid=0 next_prio=120
     ksoftirqd/3-39    [003] d... 103285.402952: sched_switch: prev_comm=ksoftirqd/3 prev_pid=39 prev_prio=120 prev_state=S ==> next_comm=swapper/3 next_pid=0 next_prio=120
          <idle>-0     [000] d... 103285.402963: sched_switch: prev_comm=swapper/0 prev_pid=0 prev_prio=120 prev_state=R ==> next_comm=adclient next_pid=1720 next_prio=120
          <idle>-0     [001] d... 103285.402972: sched_switch: prev_comm=swapper/1 prev_pid=0 prev_prio=120 prev_state=R ==> next_comm=adclient next_pid=1719 next_prio=120
        adclient-1720  [000] d... 103285.402982: sched_switch: prev_comm=adclient prev_pid=1720 prev_prio=120 prev_state=S ==> next_comm=ksoftirqd/0 next_pid=3 next_prio=120
        adclient-1719  [001] d... 103285.402993: sched_switch: prev_comm=adclient prev_pid=1719 prev_prio=120 prev_state=S ==> next_comm=ksoftirqd/1 next_pid=29 next_prio=120
     ksoftirqd/0-3     [000] d... 103285.403002: sched_switch: prev_comm=ksoftirqd/0 prev_pid=3 prev_prio=120 prev_state=S ==> next_comm=swapper/0 next_pid=0 next_prio=120
     ksoftirqd/1-29    [001] d... 103285.403011: sched_switch: prev_comm=ksoftirqd/1 prev_pid=29 prev_prio=120 prev_state=S ==> next_comm=swapper/1 next_pid=0 next_prio=120
          <idle>-0     [002] d... 103285.403019: sched_switch: prev_comm=swapper/2 prev_pid=0 prev_prio=120 prev_state=R ==> next_comm=adclient next_pid=1720 next_prio=120
          <idle>-0     [003] d... 103285.403031: sched_switch: prev_comm=swapper/3 prev_pid=0 prev_prio=120 prev_state=R ==> next_comm=adclient next_pid=1719 next_prio=120
        adclient-1720  [002] d... 103285.403038: sched_switch: prev_comm=adclient prev_pid=1720 prev_prio=120 prev_state=S ==> next_comm=ksoftirqd/2 next_pid=34 next_prio=120
        adclient-1719  [003] d... 103285.403052: sched_switch: prev_comm=adclient prev_pid=1719 prev_prio=120 prev_state=S ==> next_comm=ksoftirqd/3 next_pid=39 next_prio=120
     ksoftirqd/2-34    [002] d... 103285.403055: sched_switch: prev_comm=ksoftirqd/2 prev_pid=34 prev_prio=120 prev_state=S ==> next_comm=swapper/2 next_pid=0 next_prio=120
     ksoftirqd/3-39    [003] d... 103285.403070: sched_switch: prev_comm=ksoftirqd/3 prev_pid=39 prev_prio=120 prev_state=S ==> next_comm=swapper/3 next_pid=0 next_prio=120
          <idle>-0     [000] d... 103285.403076: sched_switch: prev_comm=swapper/0 prev_pid=0 prev_prio=120 prev_state=R ==> next_comm=adclient next_pid=1720 next_prio=120
          <idle>-0     [001] d... 103285.403089: sched_switch: prev_comm=swapper/1 prev_pid=0 prev_prio=120 prev_state=R ==> next_comm=adclient next_pid=1719 next_prio=120
        adclient-1720  [000] d... 103285.403093: sched_switch: prev_comm=adclient prev_pid=1720 prev_prio=120 prev_state=S ==> next_comm=ksoftirqd/0 next_pid=3 next_prio=120
        adclient-1719  [001] d... 103285.403108: sched_switch: prev_comm=adclient prev_pid=1719 prev_prio=120 prev_state=S ==> next_comm=ksoftirqd/1 next_pid=29 next_prio=120
     ksoftirqd/0-3     [000] d... 103285.403110: sched_switch: prev_comm=ksoftirqd/0 prev_pid=3 prev_prio=120 prev_state=S ==> next_comm=swapper/0 next_pid=0 next_prio=120
     ksoftirqd/1-29    [001] d... 103285.403124: sched_switch: prev_comm=ksoftirqd/1 prev_pid=29 prev_prio=120 prev_state=S ==> next_comm=swapper/1 next_pid=0 next_prio=120
          <idle>-0     [002] d... 103285.403128: sched_switch: prev_comm=swapper/2 prev_pid=0 prev_prio=120 prev_state=R ==> next_comm=adclient next_pid=1720 next_prio=120
          <idle>-0     [003] d... 103285.403144: sched_switch: prev_comm=swapper/3 prev_pid=0 prev_prio=120 prev_state=R ==> next_comm=adclient next_pid=1719 next_prio=120
        adclient-1720  [002] d... 103285.403224: sched_switch: prev_comm=adclient prev_pid=1720 prev_prio=120 prev_state=S ==> next_comm=ksoftirqd/2 next_pid=34 next_prio=120
     ksoftirqd/2-34    [002] d... 103285.403228: sched_switch: prev_comm=ksoftirqd/2 prev_pid=34 prev_prio=120 prev_state=S ==> next_comm=kworker/2:2 next_pid=2241 next_prio=120
     kworker/2:2-2241  [002] d... 103285.403243: sched_switch: prev_comm=kworker/2:2 prev_pid=2241 prev_prio=120 prev_state=S ==> next_comm=swapper/2 next_pid=0 next_prio=120
          <idle>-0     [005] d.h. 103285.403300: irq_handler_entry: irq=23 name=ehci_hcd:usb2
          <idle>-0     [005] d.h. 103285.403311: irq_handler_exit: irq=23 ret=handled
          <idle>-0     [005] d... 103285.403340: sched_switch: prev_comm=swapper/5 prev_pid=0 prev_prio=120 prev_state=R ==> next_comm=apcupsd next_pid=2503 next_prio=120
        adclient-1719  [003] d... 103285.403363: sched_switch: prev_comm=adclient prev_pid=1719 prev_prio=120 prev_state=S ==> next_comm=kworker/3:1 next_pid=200 next_prio=120
         apcupsd-2503  [005] d... 103285.403367: sched_switch: prev_comm=apcupsd prev_pid=2503 prev_prio=120 prev_state=S ==> next_comm=swapper/5 next_pid=0 next_prio=120
     kworker/3:1-200   [003] d... 103285.403377: sched_switch: prev_comm=kworker/3:1 prev_pid=200 prev_prio=120 prev_state=S ==> next_comm=swapper/3 next_pid=0 next_prio=120
          <idle>-0     [000] d.h. 103285.406560: irq_handler_entry: irq=48 name=i915
          <idle>-0     [000] d.h. 103285.406578: irq_handler_exit: irq=48 ret=handled
          <idle>-0     [005] d.h. 103285.410465: irq_handler_entry: irq=23 name=ehci_hcd:usb2
          <idle>-0     [005] d.h. 103285.410475: irq_handler_exit: irq=23 ret=handled
          <idle>-0     [005] d.h. 103285.410569: irq_handler_entry: irq=23 name=ehci_hcd:usb2
          <idle>-0     [005] d.h. 103285.410575: irq_handler_exit: irq=23 ret=handled
          <idle>-0     [005] d... 103285.414499: sched_switch: prev_comm=swapper/5 prev_pid=0 prev_prio=120 prev_state=R ==> next_comm=apcupsd next_pid=2503 next_prio=120
         apcupsd-2503  [005] d... 103285.414543: sched_switch: prev_comm=apcupsd prev_pid=2503 prev_prio=120 prev_state=D ==> next_comm=swapper/5 next_pid=0 next_prio=120
          <idle>-0     [005] d.h. 103285.418603: irq_handler_entry: irq=23 name=ehci_hcd:usb2
          <idle>-0     [005] d.h. 103285.418612: irq_handler_exit: irq=23 ret=handled
          <idle>-0     [000] dNh. 103285.423201: irq_handler_entry: irq=48 name=i915
          <idle>-0     [000] dNh. 103285.423219: irq_handler_exit: irq=48 ret=handled
          <idle>-0     [000] d... 103285.423230: sched_switch: prev_comm=swapper/0 prev_pid=0 prev_prio=120 prev_state=R ==> next_comm=java next_pid=358 next_prio=120
            java-358   [000] d... 103285.423275: sched_switch: prev_comm=java prev_pid=358 prev_prio=120 prev_state=S ==> next_comm=swapper/0 next_pid=0 next_prio=120
          <idle>-0     [005] d.h. 103285.423338: irq_handler_entry: irq=23 name=ehci_hcd:usb2
          <idle>-0     [005] d.h. 103285.423350: irq_handler_exit: irq=23 ret=handled
          <idle>-0     [005] d... 103285.423379: sched_switch: prev_comm=swapper/5 prev_pid=0 prev_prio=120 prev_state=R ==> next_comm=apcupsd next_pid=2503 next_prio=120
         apcupsd-2503  [005] d... 103285.423407: sched_switch: prev_comm=apcupsd prev_pid=2503 prev_prio=120 prev_state=S ==> next_comm=swapper/5 next_pid=0 next_prio=120
          <idle>-0     [002] d... 103285.428151: sched_switch: prev_comm=swapper/2 prev_pid=0 prev_prio=120 prev_state=R ==> next_comm=apache2 next_pid=23724 next_prio=120
         apache2-23724 [002] d... 103285.428189: sched_switch: prev_comm=apache2 prev_pid=23724 prev_prio=120 prev_state=S ==> next_comm=swapper/2 next_pid=0 next_prio=120
          <idle>-0     [005] d.h. 103285.430606: irq_handler_entry: irq=23 name=ehci_hcd:usb2
          <idle>-0     [005] d.h. 103285.430617: irq_handler_exit: irq=23 ret=handled
          <idle>-0     [005] d.h. 103285.430703: irq_handler_entry: irq=23 name=ehci_hcd:usb2
          <idle>-0     [005] d.h. 103285.430709: irq_handler_exit: irq=23 ret=handled
          <idle>-0     [001] d... 103285.431263: sched_switch: prev_comm=swapper/1 prev_pid=0 prev_prio=120 prev_state=R ==> next_comm=kworker/1:1 next_pid=98 next_prio=120
          <idle>-0     [002] d... 103285.431275: sched_switch: prev_comm=swapper/2 prev_pid=0 prev_prio=120 prev_state=R ==> next_comm=kworker/u16:0 next_pid=30835 next_prio=120
     kworker/1:1-98    [001] d... 103285.431283: sched_switch: prev_comm=kworker/1:1 prev_pid=98 prev_prio=120 prev_state=S ==> next_comm=swapper/1 next_pid=0 next_prio=120
   kworker/u16:0-30835 [002] d... 103285.431293: sched_switch: prev_comm=kworker/u16:0 prev_pid=30835 prev_prio=120 prev_state=S ==> next_comm=swapper/2 next_pid=0 next_prio=120
          <idle>-0     [005] d... 103285.435539: sched_switch: prev_comm=swapper/5 prev_pid=0 prev_prio=120 prev_state=R ==> next_comm=apcupsd next_pid=2503 next_prio=120
         apcupsd-2503  [005] d... 103285.435584: sched_switch: prev_comm=apcupsd prev_pid=2503 prev_prio=120 prev_state=D ==> next_comm=swapper/5 next_pid=0 next_prio=120
          <idle>-0     [003] d... 103285.436991: sched_switch: prev_comm=swapper/3 prev_pid=0 prev_prio=120 prev_state=R ==> next_comm=postgres next_pid=16737 next_prio=120
        postgres-16737 [003] d... 103285.437025: sched_switch: prev_comm=postgres prev_pid=16737 prev_prio=120 prev_state=S ==> next_comm=swapper/3 next_pid=0 next_prio=120
          <idle>-0     [005] d.h. 103285.438737: irq_handler_entry: irq=23 name=ehci_hcd:usb2
          <idle>-0     [005] d.h. 103285.438746: irq_handler_exit: irq=23 ret=handled
          <idle>-0     [000] d.h. 103285.439933: irq_handler_entry: irq=48 name=i915
          <idle>-0     [000] d.h. 103285.439951: irq_handler_exit: irq=48 ret=handled
          <idle>-0     [005] d.h. 103285.443490: irq_handler_entry: irq=23 name=ehci_hcd:usb2
          <idle>-0     [005] d.h. 103285.443504: irq_handler_exit: irq=23 ret=handled
          <idle>-0     [005] d... 103285.443538: sched_switch: prev_comm=swapper/5 prev_pid=0 prev_prio=120 prev_state=R ==> next_comm=apcupsd next_pid=2503 next_prio=120
         apcupsd-2503  [005] d... 103285.443572: sched_switch: prev_comm=apcupsd prev_pid=2503 prev_prio=120 prev_state=S ==> next_comm=swapper/5 next_pid=0 next_prio=120
          <idle>-0     [004] d... 103285.447984: sched_switch: prev_comm=swapper/4 prev_pid=0 prev_prio=120 prev_state=R ==> next_comm=iptraf next_pid=9704 next_prio=120
          iptraf-9704  [004] d... 103285.448095: sched_switch: prev_comm=iptraf prev_pid=9704 prev_prio=120 prev_state=S ==> next_comm=swapper/4 next_pid=0 next_prio=120
          <idle>-0     [005] d.h. 103285.450739: irq_handler_entry: irq=23 name=ehci_hcd:usb2
          <idle>-0     [005] d.h. 103285.450750: irq_handler_exit: irq=23 ret=handled
          <idle>-0     [005] d.h. 103285.450836: irq_handler_entry: irq=23 name=ehci_hcd:usb2
          <idle>-0     [005] d.h. 103285.450841: irq_handler_exit: irq=23 ret=handled
          <idle>-0     [000] d... 103285.451273: sched_switch: prev_comm=swapper/0 prev_pid=0 prev_prio=120 prev_state=R ==> next_comm=kworker/0:1 next_pid=97 next_prio=120
          <idle>-0     [001] d... 103285.451283: sched_switch: prev_comm=swapper/1 prev_pid=0 prev_prio=120 prev_state=R ==> next_comm=python next_pid=365 next_prio=120
     kworker/0:1-97    [000] d... 103285.451315: sched_switch: prev_comm=kworker/0:1 prev_pid=97 prev_prio=120 prev_state=S ==> next_comm=swapper/0 next_pid=0 next_prio=120
          python-365   [001] d... 103285.455304: sched_switch: prev_comm=python prev_pid=365 prev_prio=120 prev_state=R ==> next_comm=kworker/1:1 next_pid=98 next_prio=120
     kworker/1:1-98    [001] d... 103285.455316: sched_switch: prev_comm=kworker/1:1 prev_pid=98 prev_prio=120 prev_state=S ==> next_comm=python next_pid=365 next_prio=120
          <idle>-0     [005] d... 103285.455645: sched_switch: prev_comm=swapper/5 prev_pid=0 prev_prio=120 prev_state=R ==> next_comm=apcupsd next_pid=2503 next_prio=120
         apcupsd-2503  [005] d... 103285.455700: sched_switch: prev_comm=apcupsd prev_pid=2503 prev_prio=120 prev_state=D ==> next_comm=swapper/5 next_pid=0 next_prio=120
          python-365   [001] d... 103285.456278: sched_switch: prev_comm=python prev_pid=365 prev_prio=120 prev_state=S ==> next_comm=swapper/1 next_pid=0 next_prio=120
          <idle>-0     [000] d.h. 103285.456602: irq_handler_entry: irq=48 name=i915
          <idle>-0     [000] d.h. 103285.456623: irq_handler_exit: irq=48 ret=handled
          <idle>-0     [005] d.h. 103285.458484: irq_handler_entry: irq=23 name=ehci_hcd:usb2
          <idle>-0     [005] d.h. 103285.458494: irq_handler_exit: irq=23 ret=handled
          <idle>-0     [001] d... 103285.462585: sched_switch: prev_comm=swapper/1 prev_pid=0 prev_prio=120 prev_state=R ==> next_comm=java next_pid=349 next_prio=120
            java-349   [001] d... 103285.462631: sched_switch: prev_comm=java prev_pid=349 prev_prio=120 prev_state=S ==> next_comm=swapper/1 next_pid=0 next_prio=120
          <idle>-0     [005] d.h. 103285.463490: irq_handler_entry: irq=23 name=ehci_hcd:usb2
          <idle>-0     [005] d.h. 103285.463506: irq_handler_exit: irq=23 ret=handled
          <idle>-0     [005] d... 103285.463545: sched_switch: prev_comm=swapper/5 prev_pid=0 prev_prio=120 prev_state=R ==> next_comm=apcupsd next_pid=2503 next_prio=120
         apcupsd-2503  [005] d... 103285.463584: sched_switch: prev_comm=apcupsd prev_pid=2503 prev_prio=120 prev_state=S ==> next_comm=swapper/5 next_pid=0 next_prio=120
          <idle>-0     [005] d.h. 103285.470740: irq_handler_entry: irq=23 name=ehci_hcd:usb2
          <idle>-0     [005] d.h. 103285.470753: irq_handler_exit: irq=23 ret=handled
          <idle>-0     [005] d.h. 103285.470831: irq_handler_entry: irq=23 name=ehci_hcd:usb2
          <idle>-0     [005] d.h. 103285.470838: irq_handler_exit: irq=23 ret=handled
          <idle>-0     [000] d.h. 103285.473303: irq_handler_entry: irq=48 name=i915
          <idle>-0     [000] d.h. 103285.473325: irq_handler_exit: irq=48 ret=handled
