          <idle>-0     [000] d... 103284.901271: sched_switch: prev_comm=swapper/0 prev_pid=0 prev_prio=120 prev_state=R ==> next_comm=conky next_pid=2831 next_prio=120
           conky-2834  [005] d... 103284.901274: sched_switch: prev_comm=conky prev_pid=2834 prev_prio=120 prev_state=S ==> next_comm=conky next_pid=2829 next_prio=120
          <idle>-0     [002] d... 103284.901278: sched_switch: prev_comm=swapper/2 prev_pid=0 prev_prio=120 prev_state=R ==> next_comm=conky next_pid=2833 next_prio=120
           conky-2829  [005] d... 103284.901292: sched_switch: prev_comm=conky prev_pid=2829 prev_prio=120 prev_state=S ==> next_comm=swapper/5 next_pid=0 next_prio=120
           conky-2830  [003] d... 103284.901712: sched_switch: prev_comm=conky prev_pid=2830 prev_prio=120 prev_state=D ==> next_comm=swapper/3 next_pid=0 next_prio=120
          <idle>-0     [003] d... 103284.901724: sched_switch: prev_comm=swapper/3 prev_pid=0 prev_prio=120 prev_state=R ==> next_comm=conky next_pid=2830 next_prio=120
          <idle>-0     [006] d... 103284.901765: sched_switch: prev_comm=swapper/6 prev_pid=0 prev_prio=120 prev_state=R ==> next_comm=rcuos/2 next_pid=10 next_prio=120
           conky-2832  [001] d... 103284.901781: sched_switch: prev_comm=conky prev_pid=2832 prev_prio=120 prev_state=R ==> next_comm=rcu_sched next_pid=7 next_prio=120
       rcu_sched-7     [001] d... 103284.901787: sched_switch: prev_comm=rcu_sched prev_pid=7 prev_prio=120 prev_state=S ==> next_comm=conky next_pid=2832 next_prio=120
         rcuos/2-10    [006] d... 103284.901789: sched_switch: prev_comm=rcuos/2 prev_pid=10 prev_prio=120 prev_state=S ==> next_comm=swapper/6 next_pid=0 next_prio=120
          <idle>-0     [004] d... 103284.901817: sched_switch: prev_comm=swapper/4 prev_pid=0 prev_prio=120 prev_state=R ==> next_comm=rcuos/0 next_pid=8 next_prio=120
         rcuos/0-8     [004] d... 103284.901825: sched_switch: prev_comm=rcuos/0 prev_pid=8 prev_prio=120 prev_state=S ==> next_comm=rcuos/3 next_pid=11 next_prio=120
           conky-2830  [003] d... 103284.901833: sched_switch: prev_comm=conky prev_pid=2830 prev_prio=120 prev_state=D ==> next_comm=swapper/3 next_pid=0 next_prio=120
         rcuos/3-11    [004] d... 103284.901837: sched_switch: prev_comm=rcuos/3 prev_pid=11 prev_prio=120 prev_state=S ==> next_comm=swapper/4 next_pid=0 next_prio=120
          <idle>-0     [003] d... 103284.901847: sched_switch: prev_comm=swapper/3 prev_pid=0 prev_prio=120 prev_state=R ==> next_comm=conky next_pid=2830 next_prio=120
           conky-2831  [000] d... 103284.901859: sched_switch: prev_comm=conky prev_pid=2831 prev_prio=120 prev_state=S ==> next_comm=swapper/0 next_pid=0 next_prio=120
           conky-2830  [003] d... 103284.901880: sched_switch: prev_comm=conky prev_pid=2830 prev_prio=120 prev_state=S ==> next_comm=swapper/3 next_pid=0 next_prio=120
          <idle>-0     [005] d... 103284.901880: sched_switch: prev_comm=swapper/5 prev_pid=0 prev_prio=120 prev_state=R ==> next_comm=conky next_pid=2829 next_prio=120
           conky-2829  [005] d... 103284.901892: sched_switch: prev_comm=conky prev_pid=2829 prev_prio=120 prev_state=S ==> next_comm=swapper/5 next_pid=0 next_prio=120
          <idle>-0     [005] d... 103284.902068: sched_switch: prev_comm=swapper/5 prev_pid=0 prev_prio=120 prev_state=R ==> next_comm=conky next_pid=2829 next_prio=120
           conky-2832  [001] d... 103284.902076: sched_switch: prev_comm=conky prev_pid=2832 prev_prio=120 prev_state=S ==> next_comm=swapper/1 next_pid=0 next_prio=120
           conky-2829  [005] d... 103284.902076: sched_switch: prev_comm=conky prev_pid=2829 prev_prio=120 prev_state=S ==> next_comm=swapper/5 next_pid=0 next_prio=120
          <idle>-0     [003] d... 103284.902086: sched_switch: prev_comm=swapper/3 prev_pid=0 prev_prio=120 prev_state=R ==> next_comm=rcuos/1 next_pid=9 next_prio=120
         rcuos/1-9     [003] d... 103284.902097: sched_switch: prev_comm=rcuos/1 prev_pid=9 prev_prio=120 prev_state=S ==> next_comm=swapper/3 next_pid=0 next_prio=120
          <idle>-0     [005] d.h. 103284.902836: irq_handler_entry: irq=23 name=ehci_hcd:usb2
          <idle>-0     [005] d.h. 103284.902846: irq_handler_exit: irq=23 ret=handled
          <idle>-0     [005] d... 103284.902869: sched_switch: prev_comm=swapper/5 prev_pid=0 prev_prio=120 prev_state=R ==> next_comm=apcupsd next_pid=2503 next_prio=120
         apcupsd-2503  [005] d... 103284.902893: sched_switch: prev_comm=apcupsd prev_pid=2503 prev_prio=120 prev_state=S ==> next_comm=swapper/5 next_pid=0 next_prio=120
          <idle>-0     [001] d... 103284.902966: sched_switch: prev_comm=swapper/1 prev_pid=0 prev_prio=120 prev_state=R ==> next_comm=kworker/1:1 next_pid=98 next_prio=120
           conky-2833  [002] d... 103284.902966: sched_switch: prev_comm=conky prev_pid=2833 prev_prio=120 prev_state=R ==> next_comm=kworker/2:2 next_pid=2241 next_prio=120
     kworker/2:2-2241  [002] d... 103284.902974: sched_switch: prev_comm=kworker/2:2 prev_pid=2241 prev_prio=120 prev_state=S ==> next_comm=conky next_pid=2833 next_prio=120
     kworker/1:1-98    [001] d... 103284.902993: sched_switch: prev_comm=kworker/1:1 prev_pid=98 prev_prio=120 prev_state=S ==> next_comm=rcu_sched next_pid=7 next_prio=120
       rcu_sched-7     [001] d... 103284.903006: sched_switch: prev_comm=rcu_sched prev_pid=7 prev_prio=120 prev_state=S ==> next_comm=swapper/1 next_pid=0 next_prio=120
          <idle>-0     [000] d.h. 103284.905900: irq_handler_entry: irq=48 name=i915
          <idle>-0     [000] d.h. 103284.905921: irq_handler_exit: irq=48 ret=handled
          <idle>-0     [001] d... 103284.906992: sched_switch: prev_comm=swapper/1 prev_pid=0 prev_prio=120 prev_state=R ==> next_comm=rcu_sched next_pid=7 next_prio=120
       rcu_sched-7     [001] d... 103284.907008: sched_switch: prev_comm=rcu_sched prev_pid=7 prev_prio=120 prev_state=R ==> next_comm=migration/1 next_pid=28 next_prio=0
          <idle>-0     [006] d... 103284.907013: sched_switch: prev_comm=swapper/6 prev_pid=0 prev_prio=120 prev_state=R ==> next_comm=rcuos/2 next_pid=10 next_prio=120
     migration/1-28    [001] d... 103284.907030: sched_switch: prev_comm=migration/1 prev_pid=28 prev_prio=0 prev_state=S ==> next_comm=swapper/1 next_pid=0 next_prio=120
           conky-2833  [002] d... 103284.907031: sched_switch: prev_comm=conky prev_pid=2833 prev_prio=120 prev_state=R ==> next_comm=rcu_sched next_pid=7 next_prio=120
         rcuos/2-10    [006] d... 103284.907034: sched_switch: prev_comm=rcuos/2 prev_pid=10 prev_prio=120 prev_state=S ==> next_comm=swapper/6 next_pid=0 next_prio=120
       rcu_sched-7     [002] d... 103284.907039: sched_switch: prev_comm=rcu_sched prev_pid=7 prev_prio=120 prev_state=S ==> next_comm=conky next_pid=2833 next_prio=120
           conky-2833  [002] d... 103284.908970: sched_switch: prev_comm=conky prev_pid=2833 prev_prio=120 prev_state=S ==> next_comm=swapper/2 next_pid=0 next_prio=120
          <idle>-0     [005] d... 103284.908993: sched_switch: prev_comm=swapper/5 prev_pid=0 prev_prio=120 prev_state=R ==> next_comm=conky next_pid=2829 next_prio=120
          <idle>-0     [003] d... 103284.909128: sched_switch: prev_comm=swapper/3 prev_pid=0 prev_prio=120 prev_state=R ==> next_comm=rcuos/5 next_pid=13 next_prio=120
         rcuos/5-13    [003] d... 103284.909147: sched_switch: prev_comm=rcuos/5 prev_pid=13 prev_prio=120 prev_state=S ==> next_comm=swapper/3 next_pid=0 next_prio=120
           conky-2829  [005] d... 103284.909331: sched_switch: prev_comm=conky prev_pid=2829 prev_prio=120 prev_state=S ==> next_comm=swapper/5 next_pid=0 next_prio=120
          <idle>-0     [000] d... 103284.909347: sched_switch: prev_comm=swapper/0 prev_pid=0 prev_prio=120 prev_state=R ==> next_comm=Xorg next_pid=1344 next_prio=120
          <idle>-0     [005] d... 103284.909495: sched_switch: prev_comm=swapper/5 prev_pid=0 prev_prio=120 prev_state=R ==> next_comm=conky next_pid=2829 next_prio=120
            Xorg-1344  [000] d... 103284.909514: sched_switch: prev_comm=Xorg prev_pid=1344 prev_prio=120 prev_state=S ==> next_comm=swapper/0 next_pid=0 next_prio=120
           conky-2829  [005] d... 103284.909575: sched_switch: prev_comm=conky prev_pid=2829 prev_prio=120 prev_state=S ==> next_comm=swapper/5 next_pid=0 next_prio=120
          <idle>-0     [000] d... 103284.909594: sched_switch: prev_comm=swapper/0 prev_pid=0 prev_prio=120 prev_state=R ==> next_comm=Xorg next_pid=1344 next_prio=120
            Xorg-1344  [000] d.h. 103284.909782: irq_handler_entry: irq=48 name=i915
          <idle>-0     [005] d... 103284.909798: sched_switch: prev_comm=swapper/5 prev_pid=0 prev_prio=120 prev_state=R ==> next_comm=conky next_pid=2829 next_prio=120
            Xorg-1344  [000] d.h. 103284.909803: irq_handler_exit: irq=48 ret=handled
            Xorg-1344  [000] d.h. 103284.909807: irq_handler_entry: irq=48 name=i915
            Xorg-1344  [000] d.h. 103284.909839: irq_handler_exit: irq=48 ret=handled
          <idle>-0     [002] d... 103284.909842: sched_switch: prev_comm=swapper/2 prev_pid=0 prev_prio=120 prev_state=R ==> next_comm=kworker/u16:0 next_pid=30835 next_prio=120
   kworker/u16:0-30835 [002] d... 103284.909884: sched_switch: prev_comm=kworker/u16:0 prev_pid=30835 prev_prio=120 prev_state=S ==> next_comm=swapper/2 next_pid=0 next_prio=120
           conky-2829  [005] d... 103284.909886: sched_switch: prev_comm=conky prev_pid=2829 prev_prio=120 prev_state=S ==> next_comm=swapper/5 next_pid=0 next_prio=120
          <idle>-0     [005] dnh. 103284.909969: irq_handler_entry: irq=23 name=ehci_hcd:usb2
          <idle>-0     [005] dnh. 103284.909977: irq_handler_exit: irq=23 ret=handled
          <idle>-0     [005] d... 103284.909987: sched_switch: prev_comm=swapper/5 prev_pid=0 prev_prio=120 prev_state=R ==> next_comm=conky next_pid=2829 next_prio=120
            Xorg-1344  [000] d... 103284.909993: sched_switch: prev_comm=Xorg prev_pid=1344 prev_prio=120 prev_state=S ==> next_comm=swapper/0 next_pid=0 next_prio=120
           conky-2829  [005] d... 103284.910077: sched_switch: prev_comm=conky prev_pid=2829 prev_prio=120 prev_state=S ==> next_comm=swapper/5 next_pid=0 next_prio=120
          <idle>-0     [001] d.h. 103284.910077: irq_handler_entry: irq=23 name=ehci_hcd:usb2
          <idle>-0     [000] d... 103284.910084: sched_switch: prev_comm=swapper/0 prev_pid=0 prev_prio=120 prev_state=R ==> next_comm=Xorg next_pid=1344 next_prio=120
          <idle>-0     [001] d.h. 103284.910084: irq_handler_exit: irq=23 ret=handled
          <idle>-0     [005] d... 103284.910272: sched_switch: prev_comm=swapper/5 prev_pid=0 prev_prio=120 prev_state=R ==> next_comm=conky next_pid=2829 next_prio=120
            Xorg-1344  [000] d... 103284.910316: sched_switch: prev_comm=Xorg prev_pid=1344 prev_prio=120 prev_state=S ==> next_comm=swapper/0 next_pid=0 next_prio=120
          <idle>-0     [000] d... 103284.910332: sched_switch: prev_comm=swapper/0 prev_pid=0 prev_prio=120 prev_state=R ==> next_comm=Xorg next_pid=1344 next_prio=120
           conky-2829  [005] d... 103284.910344: sched_switch: prev_comm=conky prev_pid=2829 prev_prio=120 prev_state=S ==> next_comm=swapper/5 next_pid=0 next_prio=120
          <idle>-0     [005] d... 103284.910389: sched_switch: prev_comm=swapper/5 prev_pid=0 prev_prio=120 prev_state=R ==> next_comm=conky next_pid=2829 next_prio=120
            Xorg-1344  [000] d... 103284.910396: sched_switch: prev_comm=Xorg prev_pid=1344 prev_prio=120 prev_state=S ==> next_comm=swapper/0 next_pid=0 next_prio=120
           conky-2829  [005] d... 103284.910483: sched_switch: prev_comm=conky prev_pid=2829 prev_prio=120 prev_state=S ==> next_comm=swapper/5 next_pid=0 next_prio=120
          <idle>-0     [000] d... 103284.910508: sched_switch: prev_comm=swapper/0 prev_pid=0 prev_prio=120 prev_state=R ==> next_comm=Xorg next_pid=1344 next_prio=120
          <idle>-0     [005] d... 103284.910931: sched_switch: prev_comm=swapper/5 prev_pid=0 prev_prio=120 prev_state=R ==> next_comm=conky next_pid=2829 next_prio=120
           conky-2829  [005] d... 103284.910971: sched_switch: prev_comm=conky prev_pid=2829 prev_prio=120 prev_state=R ==> next_comm=kworker/5:1 next_pid=119 next_prio=120
     kworker/5:1-119   [005] d... 103284.910980: sched_switch: prev_comm=kworker/5:1 prev_pid=119 prev_prio=120 prev_state=S ==> next_comm=conky next_pid=2829 next_prio=120
            Xorg-1344  [000] d... 103284.910982: sched_switch: prev_comm=Xorg prev_pid=1344 prev_prio=120 prev_state=R ==> next_comm=kworker/0:1 next_pid=97 next_prio=120
     kworker/0:1-97    [000] d... 103284.910993: sched_switch: prev_comm=kworker/0:1 prev_pid=97 prev_prio=120 prev_state=S ==> next_comm=Xorg next_pid=1344 next_prio=120
          <idle>-0     [002] d... 103284.910998: sched_switch: prev_comm=swapper/2 prev_pid=0 prev_prio=120 prev_state=R ==> next_comm=kworker/2:2 next_pid=2241 next_prio=120
            Xorg-1344  [000] d... 103284.911012: sched_switch: prev_comm=Xorg prev_pid=1344 prev_prio=120 prev_state=S ==> next_comm=swapper/0 next_pid=0 next_prio=120
     kworker/2:2-2241  [002] d... 103284.911030: sched_switch: prev_comm=kworker/2:2 prev_pid=2241 prev_prio=120 prev_state=S ==> next_comm=rcu_sched next_pid=7 next_prio=120
          <idle>-0     [000] d... 103284.911033: sched_switch: prev_comm=swapper/0 prev_pid=0 prev_prio=120 prev_state=R ==> next_comm=Xorg next_pid=1344 next_prio=120
       rcu_sched-7     [002] d... 103284.911035: sched_switch: prev_comm=rcu_sched prev_pid=7 prev_prio=120 prev_state=S ==> next_comm=swapper/2 next_pid=0 next_prio=120
           conky-2829  [005] d... 103284.911036: sched_switch: prev_comm=conky prev_pid=2829 prev_prio=120 prev_state=S ==> next_comm=swapper/5 next_pid=0 next_prio=120
            Xorg-1344  [000] d... 103284.911074: sched_switch: prev_comm=Xorg prev_pid=1344 prev_prio=120 prev_state=S ==> next_comm=swapper/0 next_pid=0 next_prio=120
          <idle>-0     [005] d... 103284.911075: sched_switch: prev_comm=swapper/5 prev_pid=0 prev_prio=120 prev_state=R ==> next_comm=conky next_pid=2829 next_prio=120
           conky-2829  [005] d... 103284.911095: sched_switch: prev_comm=conky prev_pid=2829 prev_prio=120 prev_state=S ==> next_comm=swapper/5 next_pid=0 next_prio=120
          <idle>-0     [000] d... 103284.911107: sched_switch: prev_comm=swapper/0 prev_pid=0 prev_prio=120 prev_state=R ==> next_comm=Xorg next_pid=1344 next_prio=120
          <idle>-0     [005] d... 103284.911205: sched_switch: prev_comm=swapper/5 prev_pid=0 prev_prio=120 prev_state=R ==> next_comm=conky next_pid=2829 next_prio=120
            Xorg-1344  [000] d... 103284.911212: sched_switch: prev_comm=Xorg prev_pid=1344 prev_prio=120 prev_state=S ==> next_comm=swapper/0 next_pid=0 next_prio=120
           conky-2829  [005] d... 103284.911224: sched_switch: prev_comm=conky prev_pid=2829 prev_prio=120 prev_state=S ==> next_comm=swapper/5 next_pid=0 next_prio=120
          <idle>-0     [000] d... 103284.911228: sched_switch: prev_comm=swapper/0 prev_pid=0 prev_prio=120 prev_state=R ==> next_comm=Xorg next_pid=1344 next_prio=120
            Xorg-1344  [000] d... 103284.911250: sched_switch: prev_comm=Xorg prev_pid=1344 prev_prio=120 prev_state=S ==> next_comm=swapper/0 next_pid=0 next_prio=120
          <idle>-0     [005] d... 103284.911258: sched_switch: prev_comm=swapper/5 prev_pid=0 prev_prio=120 prev_state=R ==> next_comm=conky next_pid=2829 next_prio=120
           conky-2829  [005] d... 103284.911307: sched_switch: prev_comm=conky prev_pid=2829 prev_prio=120 prev_state=S ==> next_comm=swapper/5 next_pid=0 next_prio=120
          <idle>-0     [000] d... 103284.911329: sched_switch: prev_comm=swapper/0 prev_pid=0 prev_prio=120 prev_state=R ==> next_comm=Xorg next_pid=1344 next_prio=120
          <idle>-0     [005] d... 103284.911402: sched_switch: prev_comm=swapper/5 prev_pid=0 prev_prio=120 prev_state=R ==> next_comm=conky next_pid=2829 next_prio=120
            Xorg-1344  [000] d... 103284.911407: sched_switch: prev_comm=Xorg prev_pid=1344 prev_prio=120 prev_state=S ==> next_comm=swapper/0 next_pid=0 next_prio=120
           conky-2829  [005] d... 103284.911422: sched_switch: prev_comm=conky prev_pid=2829 prev_prio=120 prev_state=S ==> next_comm=swapper/5 next_pid=0 next_prio=120
          <idle>-0     [000] d... 103284.911440: sched_switch: prev_comm=swapper/0 prev_pid=0 prev_prio=120 prev_state=R ==> next_comm=Xorg next_pid=1344 next_prio=120
          <idle>-0     [005] d... 103284.911536: sched_switch: prev_comm=swapper/5 prev_pid=0 prev_prio=120 prev_state=R ==> next_comm=conky next_pid=2829 next_prio=120
            Xorg-1344  [000] d... 103284.911544: sched_switch: prev_comm=Xorg prev_pid=1344 prev_prio=120 prev_state=S ==> next_comm=swapper/0 next_pid=0 next_prio=120
           conky-2829  [005] d... 103284.911556: sched_switch: prev_comm=conky prev_pid=2829 prev_prio=120 prev_state=S ==> next_comm=swapper/5 next_pid=0 next_prio=120
          <idle>-0     [000] d... 103284.911560: sched_switch: prev_comm=swapper/0 prev_pid=0 prev_prio=120 prev_state=R ==> next_comm=Xorg next_pid=1344 next_prio=120
          <idle>-0     [005] d... 103284.911600: sched_switch: prev_comm=swapper/5 prev_pid=0 prev_prio=120 prev_state=R ==> next_comm=conky next_pid=2829 next_prio=120
            Xorg-1344  [000] d... 103284.911601: sched_switch: prev_comm=Xorg prev_pid=1344 prev_prio=120 prev_state=S ==> next_comm=swapper/0 next_pid=0 next_prio=120
          <idle>-0     [000] d... 103284.911620: sched_switch: prev_comm=swapper/0 prev_pid=0 prev_prio=120 prev_state=R ==> next_comm=Xorg next_pid=1344 next_prio=120
           conky-2829  [005] d... 103284.911622: sched_switch: prev_comm=conky prev_pid=2829 prev_prio=120 prev_state=S ==> next_comm=swapper/5 next_pid=0 next_prio=120
            Xorg-1344  [000] d... 103284.911672: sched_switch: prev_comm=Xorg prev_pid=1344 prev_prio=120 prev_state=S ==> next_comm=swapper/0 next_pid=0 next_prio=120
          <idle>-0     [005] d... 103284.911672: sched_switch: prev_comm=swapper/5 prev_pid=0 prev_prio=120 prev_state=R ==> next_comm=conky next_pid=2829 next_prio=120
          <idle>-0     [000] d... 103284.911689: sched_switch: prev_comm=swapper/0 prev_pid=0 prev_prio=120 prev_state=R ==> next_comm=Xorg next_pid=1344 next_prio=120
           conky-2829  [005] d... 103284.911691: sched_switch: prev_comm=conky prev_pid=2829 prev_prio=120 prev_state=S ==> next_comm=swapper/5 next_pid=0 next_prio=120
          <idle>-0     [005] d... 103284.911706: sched_switch: prev_comm=swapper/5 prev_pid=0 prev_prio=120 prev_state=R ==> next_comm=conky next_pid=2829 next_prio=120
           conky-2829  [005] d... 103284.911715: sched_switch: prev_comm=conky prev_pid=2829 prev_prio=120 prev_state=S ==> next_comm=swapper/5 next_pid=0 next_prio=120
            Xorg-1344  [000] d... 103284.911734: sched_switch: prev_comm=Xorg prev_pid=1344 prev_prio=120 prev_state=S ==> next_comm=swapper/0 next_pid=0 next_prio=120
          <idle>-0     [005] d... 103284.911747: sched_switch: prev_comm=swapper/5 prev_pid=0 prev_prio=120 prev_state=R ==> next_comm=conky next_pid=2829 next_prio=120
          <idle>-0     [000] d... 103284.911764: sched_switch: prev_comm=swapper/0 prev_pid=0 prev_prio=120 prev_state=R ==> next_comm=Xorg next_pid=1344 next_prio=120
           conky-2829  [005] d... 103284.911766: sched_switch: prev_comm=conky prev_pid=2829 prev_prio=120 prev_state=S ==> next_comm=swapper/5 next_pid=0 next_prio=120
            Xorg-1344  [000] d... 103284.911795: sched_switch: prev_comm=Xorg prev_pid=1344 prev_prio=120 prev_state=S ==> next_comm=swapper/0 next_pid=0 next_prio=120
          <idle>-0     [005] d... 103284.911802: sched_switch: prev_comm=swapper/5 prev_pid=0 prev_prio=120 prev_state=R ==> next_comm=conky next_pid=2829 next_prio=120
          <idle>-0     [000] d... 103284.911821: sched_switch: prev_comm=swapper/0 prev_pid=0 prev_prio=120 prev_state=R ==> next_comm=Xorg next_pid=1344 next_prio=120
           conky-2829  [005] d... 103284.911823: sched_switch: prev_comm=conky prev_pid=2829 prev_prio=120 prev_state=S ==> next_comm=swapper/5 next_pid=0 next_prio=120
          <idle>-0     [005] d... 103284.911839: sched_switch: prev_comm=swapper/5 prev_pid=0 prev_prio=120 prev_state=R ==> next_comm=conky next_pid=2829 next_prio=120
            Xorg-1344  [000] d... 103284.911845: sched_switch: prev_comm=Xorg prev_pid=1344 prev_prio=120 prev_state=S ==> next_comm=swapper/0 next_pid=0 next_prio=120
           conky-2829  [005] d... 103284.911848: sched_switch: prev_comm=conky prev_pid=2829 prev_prio=120 prev_state=S ==> next_comm=swapper/5 next_pid=0 next_prio=120
          <idle>-0     [000] d... 103284.911848: sched_switch: prev_comm=swapper/0 prev_pid=0 prev_prio=120 prev_state=R ==> next_comm=Xorg next_pid=1344 next_prio=120
          <idle>-0     [005] d... 103284.911873: sched_switch: prev_comm=swapper/5 prev_pid=0 prev_prio=120 prev_state=R ==> next_comm=conky next_pid=2829 next_prio=120
            Xorg-1344  [000] d... 103284.911879: sched_switch: prev_comm=Xorg prev_pid=1344 prev_prio=120 prev_state=S ==> next_comm=swapper/0 next_pid=0 next_prio=120
          <idle>-0     [000] d... 103284.911882: sched_switch: prev_comm=swapper/0 prev_pid=0 prev_prio=120 prev_state=R ==> next_comm=Xorg next_pid=1344 next_prio=120
           conky-2829  [005] d... 103284.911882: sched_switch: prev_comm=conky prev_pid=2829 prev_prio=120 prev_state=S ==> next_comm=swapper/5 next_pid=0 next_prio=120
          <idle>-0     [005] d... 103284.911905: sched_switch: prev_comm=swapper/5 prev_pid=0 prev_prio=120 prev_state=R ==> next_comm=conky next_pid=2829 next_prio=120
            Xorg-1344  [000] d... 103284.911911: sched_switch: prev_comm=Xorg prev_pid=1344 prev_prio=120 prev_state=S ==> next_comm=swapper/0 next_pid=0 next_prio=120
          <idle>-0     [000] d... 103284.911913: sched_switch: prev_comm=swapper/0 prev_pid=0 prev_prio=120 prev_state=R ==> next_comm=Xorg next_pid=1344 next_prio=120
           conky-2829  [005] d... 103284.911914: sched_switch: prev_comm=conky prev_pid=2829 prev_prio=120 prev_state=S ==> next_comm=swapper/5 next_pid=0 next_prio=120
          <idle>-0     [005] d... 103284.911928: sched_switch: prev_comm=swapper/5 prev_pid=0 prev_prio=120 prev_state=R ==> next_comm=conky next_pid=2829 next_prio=120
            Xorg-1344  [000] d... 103284.911934: sched_switch: prev_comm=Xorg prev_pid=1344 prev_prio=120 prev_state=S ==> next_comm=swapper/0 next_pid=0 next_prio=120
          <idle>-0     [000] d... 103284.911936: sched_switch: prev_comm=swapper/0 prev_pid=0 prev_prio=120 prev_state=R ==> next_comm=Xorg next_pid=1344 next_prio=120
           conky-2829  [005] d... 103284.911936: sched_switch: prev_comm=conky prev_pid=2829 prev_prio=120 prev_state=S ==> next_comm=swapper/5 next_pid=0 next_prio=120
          <idle>-0     [005] d... 103284.911949: sched_switch: prev_comm=swapper/5 prev_pid=0 prev_prio=120 prev_state=R ==> next_comm=conky next_pid=2829 next_prio=120
           conky-2829  [005] d... 103284.911956: sched_switch: prev_comm=conky prev_pid=2829 prev_prio=120 prev_state=S ==> next_comm=swapper/5 next_pid=0 next_prio=120
          <idle>-0     [005] d... 103284.911973: sched_switch: prev_comm=swapper/5 prev_pid=0 prev_prio=120 prev_state=R ==> next_comm=conky next_pid=2829 next_prio=120
            Xorg-1344  [000] d... 103284.911979: sched_switch: prev_comm=Xorg prev_pid=1344 prev_prio=120 prev_state=S ==> next_comm=swapper/0 next_pid=0 next_prio=120
          <idle>-0     [000] d... 103284.911981: sched_switch: prev_comm=swapper/0 prev_pid=0 prev_prio=120 prev_state=R ==> next_comm=Xorg next_pid=1344 next_prio=120
           conky-2829  [005] d... 103284.911981: sched_switch: prev_comm=conky prev_pid=2829 prev_prio=120 prev_state=S ==> next_comm=swapper/5 next_pid=0 next_prio=120
          <idle>-0     [005] d... 103284.911994: sched_switch: prev_comm=swapper/5 prev_pid=0 prev_prio=120 prev_state=R ==> next_comm=conky next_pid=2829 next_prio=120
            Xorg-1344  [000] d... 103284.911999: sched_switch: prev_comm=Xorg prev_pid=1344 prev_prio=120 prev_state=S ==> next_comm=swapper/0 next_pid=0 next_prio=120
          <idle>-0     [000] d... 103284.912001: sched_switch: prev_comm=swapper/0 prev_pid=0 prev_prio=120 prev_state=R ==> next_comm=Xorg next_pid=1344 next_prio=120
           conky-2829  [005] d... 103284.912002: sched_switch: prev_comm=conky prev_pid=2829 prev_prio=120 prev_state=S ==> next_comm=swapper/5 next_pid=0 next_prio=120
          <idle>-0     [005] d... 103284.912014: sched_switch: prev_comm=swapper/5 prev_pid=0 prev_prio=120 prev_state=R ==> next_comm=conky next_pid=2829 next_prio=120
            Xorg-1344  [000] d... 103284.912020: sched_switch: prev_comm=Xorg prev_pid=1344 prev_prio=120 prev_state=S ==> next_comm=swapper/0 next_pid=0 next_prio=120
          <idle>-0     [000] d... 103284.912023: sched_switch: prev_comm=swapper/0 prev_pid=0 prev_prio=120 prev_state=R ==> next_comm=Xorg next_pid=1344 next_prio=120
           conky-2829  [005] d... 103284.912023: sched_switch: prev_comm=conky prev_pid=2829 prev_prio=120 prev_state=S ==> next_comm=swapper/5 next_pid=0 next_prio=120
          <idle>-0     [005] d... 103284.912031: sched_switch: prev_comm=swapper/5 prev_pid=0 prev_prio=120 prev_state=R ==> next_comm=conky next_pid=2829 next_prio=120
            Xorg-1344  [000] d... 103284.912036: sched_switch: prev_comm=Xorg prev_pid=1344 prev_prio=120 prev_state=S ==> next_comm=swapper/0 next_pid=0 next_prio=120
           conky-2829  [005] d... 103284.912039: sched_switch: prev_comm=conky prev_pid=2829 prev_prio=120 prev_state=S ==> next_comm=swapper/5 next_pid=0 next_prio=120
          <idle>-0     [000] d... 103284.912039: sched_switch: prev_comm=swapper/0 prev_pid=0 prev_prio=120 prev_state=R ==> next_comm=Xorg next_pid=1344 next_prio=120
          <idle>-0     [005] d... 103284.912052: sched_switch: prev_comm=swapper/5 prev_pid=0 prev_prio=120 prev_state=R ==> next_comm=conky next_pid=2829 next_prio=120
            Xorg-1344  [000] d... 103284.912058: sched_switch: prev_comm=Xorg prev_pid=1344 prev_prio=120 prev_state=S ==> next_comm=swapper/0 next_pid=0 next_prio=120
           conky-2829  [005] d... 103284.912060: sched_switch: prev_comm=conky prev_pid=2829 prev_prio=120 prev_state=S ==> next_comm=swapper/5 next_pid=0 next_prio=120
          <idle>-0     [000] d... 103284.912061: sched_switch: prev_comm=swapper/0 prev_pid=0 prev_prio=120 prev_state=R ==> next_comm=Xorg next_pid=1344 next_prio=120
          <idle>-0     [005] d... 103284.912074: sched_switch: prev_comm=swapper/5 prev_pid=0 prev_prio=120 prev_state=R ==> next_comm=conky next_pid=2829 next_prio=120
            Xorg-1344  [000] d... 103284.912079: sched_switch: prev_comm=Xorg prev_pid=1344 prev_prio=120 prev_state=S ==> next_comm=swapper/0 next_pid=0 next_prio=120
           conky-2829  [005] d... 103284.912082: sched_switch: prev_comm=conky prev_pid=2829 prev_prio=120 prev_state=S ==> next_comm=swapper/5 next_pid=0 next_prio=120
          <idle>-0     [000] d... 103284.912082: sched_switch: prev_comm=swapper/0 prev_pid=0 prev_prio=120 prev_state=R ==> next_comm=Xorg next_pid=1344 next_prio=120
          <idle>-0     [005] d... 103284.912095: sched_switch: prev_comm=swapper/5 prev_pid=0 prev_prio=120 prev_state=R ==> next_comm=conky next_pid=2829 next_prio=120
           conky-2829  [005] d... 103284.912101: sched_switch: prev_comm=conky prev_pid=2829 prev_prio=120 prev_state=S ==> next_comm=swapper/5 next_pid=0 next_prio=120
          <idle>-0     [005] d... 103284.912119: sched_switch: prev_comm=swapper/5 prev_pid=0 prev_prio=120 prev_state=R ==> next_comm=conky next_pid=2829 next_prio=120
            Xorg-1344  [000] d... 103284.912125: sched_switch: prev_comm=Xorg prev_pid=1344 prev_prio=120 prev_state=S ==> next_comm=swapper/0 next_pid=0 next_prio=120
          <idle>-0     [000] d... 103284.912127: sched_switch: prev_comm=swapper/0 prev_pid=0 prev_prio=120 prev_state=R ==> next_comm=Xorg next_pid=1344 next_prio=120
           conky-2829  [005] d... 103284.912127: sched_switch: prev_comm=conky prev_pid=2829 prev_prio=120 prev_state=S ==> next_comm=swapper/5 next_pid=0 next_prio=120
          <idle>-0     [005] d... 103284.912139: sched_switch: prev_comm=swapper/5 prev_pid=0 prev_prio=120 prev_state=R ==> next_comm=conky next_pid=2829 next_prio=120
            Xorg-1344  [000] d... 103284.912145: sched_switch: prev_comm=Xorg prev_pid=1344 prev_prio=120 prev_state=S ==> next_comm=swapper/0 next_pid=0 next_prio=120
           conky-2829  [005] d... 103284.912147: sched_switch: prev_comm=conky prev_pid=2829 prev_prio=120 prev_state=S ==> next_comm=swapper/5 next_pid=0 next_prio=120
          <idle>-0     [000] d... 103284.912148: sched_switch: prev_comm=swapper/0 prev_pid=0 prev_prio=120 prev_state=R ==> next_comm=Xorg next_pid=1344 next_prio=120
          <idle>-0     [005] d... 103284.912160: sched_switch: prev_comm=swapper/5 prev_pid=0 prev_prio=120 prev_state=R ==> next_comm=conky next_pid=2829 next_prio=120
            Xorg-1344  [000] d... 103284.912166: sched_switch: prev_comm=Xorg prev_pid=1344 prev_prio=120 prev_state=S ==> next_comm=swapper/0 next_pid=0 next_prio=120
          <idle>-0     [000] d... 103284.912170: sched_switch: prev_comm=swapper/0 prev_pid=0 prev_prio=120 prev_state=R ==> next_comm=Xorg next_pid=1344 next_prio=120
           conky-2829  [005] d... 103284.912170: sched_switch: prev_comm=conky prev_pid=2829 prev_prio=120 prev_state=S ==> next_comm=swapper/5 next_pid=0 next_prio=120
          <idle>-0     [005] d... 103284.912200: sched_switch: prev_comm=swapper/5 prev_pid=0 prev_prio=120 prev_state=R ==> next_comm=conky next_pid=2829 next_prio=120
           conky-2829  [005] d... 103284.912206: sched_switch: prev_comm=conky prev_pid=2829 prev_prio=120 prev_state=S ==> next_comm=swapper/5 next_pid=0 next_prio=120
          <idle>-0     [005] d... 103284.912227: sched_switch: prev_comm=swapper/5 prev_pid=0 prev_prio=120 prev_state=R ==> next_comm=conky next_pid=2829 next_prio=120
            Xorg-1344  [000] d... 103284.912234: sched_switch: prev_comm=Xorg prev_pid=1344 prev_prio=120 prev_state=S ==> next_comm=swapper/0 next_pid=0 next_prio=120
          <idle>-0     [000] d... 103284.912237: sched_switch: prev_comm=swapper/0 prev_pid=0 prev_prio=120 prev_state=R ==> next_comm=Xorg next_pid=1344 next_prio=120
           conky-2829  [005] d... 103284.912239: sched_switch: prev_comm=conky prev_pid=2829 prev_prio=120 prev_state=S ==> next_comm=swapper/5 next_pid=0 next_prio=120
          <idle>-0     [005] d... 103284.912271: sched_switch: prev_comm=swapper/5 prev_pid=0 prev_prio=120 prev_state=R ==> next_comm=conky next_pid=2829 next_prio=120
          <idle>-0     [001] d... 103284.912277: sched_switch: prev_comm=swapper/1 prev_pid=0 prev_prio=120 prev_state=R ==> next_comm=gnome-shell next_pid=2772 next_prio=120
           conky-2829  [005] d... 103284.912282: sched_switch: prev_comm=conky prev_pid=2829 prev_prio=120 prev_state=S ==> next_comm=swapper/5 next_pid=0 next_prio=120
            Xorg-1344  [000] d... 103284.912295: sched_switch: prev_comm=Xorg prev_pid=1344 prev_prio=120 prev_state=S ==> next_comm=swapper/0 next_pid=0 next_prio=120
          <idle>-0     [000] d... 103284.912383: sched_switch: prev_comm=swapper/0 prev_pid=0 prev_prio=120 prev_state=R ==> next_comm=Xorg next_pid=1344 next_prio=120
     gnome-shell-2772  [001] d... 103284.912388: sched_switch: prev_comm=gnome-shell prev_pid=2772 prev_prio=120 prev_state=S ==> next_comm=swapper/1 next_pid=0 next_prio=120
          <idle>-0     [001] d... 103284.912394: sched_switch: prev_comm=swapper/1 prev_pid=0 prev_prio=120 prev_state=R ==> next_comm=gnome-shell next_pid=2772 next_prio=120
            Xorg-1344  [000] d... 103284.912398: sched_switch: prev_comm=Xorg prev_pid=1344 prev_prio=120 prev_state=S ==> next_comm=swapper/0 next_pid=0 next_prio=120
     gnome-shell-2772  [001] d... 103284.912952: sched_switch: prev_comm=gnome-shell prev_pid=2772 prev_prio=120 prev_state=S ==> next_comm=swapper/1 next_pid=0 next_prio=120
          <idle>-0     [000] d.h. 103284.913267: irq_handler_entry: irq=48 name=i915
          <idle>-0     [000] dNh. 103284.913278: irq_handler_exit: irq=48 ret=handled
          <idle>-0     [000] d... 103284.913279: sched_switch: prev_comm=swapper/0 prev_pid=0 prev_prio=120 prev_state=R ==> next_comm=gnome-shell next_pid=2772 next_prio=120
     gnome-shell-2772  [000] d... 103284.913297: sched_switch: prev_comm=gnome-shell prev_pid=2772 prev_prio=120 prev_state=S ==> next_comm=swapper/0 next_pid=0 next_prio=120
          <idle>-0     [001] d... 103284.913298: sched_switch: prev_comm=swapper/1 prev_pid=0 prev_prio=120 prev_state=R ==> next_comm=Xorg next_pid=1344 next_prio=120
          <idle>-0     [000] d... 103284.913336: sched_switch: prev_comm=swapper/0 prev_pid=0 prev_prio=120 prev_state=R ==> next_comm=gnome-shell next_pid=2772 next_prio=120
     gnome-shell-2772  [000] d... 103284.913342: sched_switch: prev_comm=gnome-shell prev_pid=2772 prev_prio=120 prev_state=S ==> next_comm=swapper/0 next_pid=0 next_prio=120
            Xorg-1344  [001] d... 103284.913356: sched_switch: prev_comm=Xorg prev_pid=1344 prev_prio=120 prev_state=S ==> next_comm=swapper/1 next_pid=0 next_prio=120
          <idle>-0     [002] d... 103284.914968: sched_switch: prev_comm=swapper/2 prev_pid=0 prev_prio=120 prev_state=R ==> next_comm=rcu_sched next_pid=7 next_prio=120
          <idle>-0     [006] d... 103284.914974: sched_switch: prev_comm=swapper/6 prev_pid=0 prev_prio=120 prev_state=R ==> next_comm=rcuos/2 next_pid=10 next_prio=120
          <idle>-0     [001] d... 103284.914976: sched_switch: prev_comm=swapper/1 prev_pid=0 prev_prio=120 prev_state=R ==> next_comm=rcuos/0 next_pid=8 next_prio=120
       rcu_sched-7     [002] d... 103284.914979: sched_switch: prev_comm=rcu_sched prev_pid=7 prev_prio=120 prev_state=S ==> next_comm=swapper/2 next_pid=0 next_prio=120
         rcuos/0-8     [001] d... 103284.914980: sched_switch: prev_comm=rcuos/0 prev_pid=8 prev_prio=120 prev_state=S ==> next_comm=swapper/1 next_pid=0 next_prio=120
          <idle>-0     [003] d... 103284.914987: sched_switch: prev_comm=swapper/3 prev_pid=0 prev_prio=120 prev_state=R ==> next_comm=rcuos/1 next_pid=9 next_prio=120
         rcuos/1-9     [003] d... 103284.914993: sched_switch: prev_comm=rcuos/1 prev_pid=9 prev_prio=120 prev_state=S ==> next_comm=swapper/3 next_pid=0 next_prio=120
          <idle>-0     [004] d... 103284.914994: sched_switch: prev_comm=swapper/4 prev_pid=0 prev_prio=120 prev_state=R ==> next_comm=rcuos/3 next_pid=11 next_prio=120
         rcuos/3-11    [004] d... 103284.915000: sched_switch: prev_comm=rcuos/3 prev_pid=11 prev_prio=120 prev_state=S ==> next_comm=swapper/4 next_pid=0 next_prio=120
         rcuos/2-10    [006] d... 103284.915007: sched_switch: prev_comm=rcuos/2 prev_pid=10 prev_prio=120 prev_state=S ==> next_comm=swapper/6 next_pid=0 next_prio=120
          <idle>-0     [005] d... 103284.917946: sched_switch: prev_comm=swapper/5 prev_pid=0 prev_prio=120 prev_state=R ==> next_comm=apcupsd next_pid=2503 next_prio=120
         apcupsd-2503  [005] d... 103284.917958: sched_switch: prev_comm=apcupsd prev_pid=2503 prev_prio=120 prev_state=D ==> next_comm=swapper/5 next_pid=0 next_prio=120
          <idle>-0     [002] d... 103284.918970: sched_switch: prev_comm=swapper/2 prev_pid=0 prev_prio=120 prev_state=R ==> next_comm=rcu_sched next_pid=7 next_prio=120
          <idle>-0     [000] d... 103284.918971: sched_switch: prev_comm=swapper/0 prev_pid=0 prev_prio=120 prev_state=R ==> next_comm=kworker/u16:0 next_pid=30835 next_prio=120
       rcu_sched-7     [002] d... 103284.918976: sched_switch: prev_comm=rcu_sched prev_pid=7 prev_prio=120 prev_state=S ==> next_comm=swapper/2 next_pid=0 next_prio=120
   kworker/u16:0-30835 [000] d... 103284.918977: sched_switch: prev_comm=kworker/u16:0 prev_pid=30835 prev_prio=120 prev_state=S ==> next_comm=swapper/0 next_pid=0 next_prio=120
          <idle>-0     [003] d... 103284.919569: sched_switch: prev_comm=swapper/3 prev_pid=0 prev_prio=120 prev_state=R ==> next_comm=zabbix_server next_pid=22088 next_prio=120
   zabbix_server-22088 [003] d... 103284.919579: sched_switch: prev_comm=zabbix_server prev_pid=22088 prev_prio=120 prev_state=S ==> next_comm=swapper/3 next_pid=0 next_prio=120
          <idle>-0     [000] d... 103284.921549: sched_switch: prev_comm=swapper/0 prev_pid=0 prev_prio=120 prev_state=R ==> next_comm=java next_pid=358 next_prio=120
            java-358   [000] d... 103284.921566: sched_switch: prev_comm=java prev_pid=358 prev_prio=120 prev_state=S ==> next_comm=swapper/0 next_pid=0 next_prio=120
          <idle>-0     [000] d.h. 103284.922571: irq_handler_entry: irq=48 name=i915
          <idle>-0     [000] dNh. 103284.922582: irq_handler_exit: irq=48 ret=handled
          <idle>-0     [000] d... 103284.922584: sched_switch: prev_comm=swapper/0 prev_pid=0 prev_prio=120 prev_state=R ==> next_comm=Xorg next_pid=1344 next_prio=120
          <idle>-0     [001] d... 103284.922601: sched_switch: prev_comm=swapper/1 prev_pid=0 prev_prio=120 prev_state=R ==> next_comm=gnome-shell next_pid=2772 next_prio=120
            Xorg-1344  [000] d... 103284.922616: sched_switch: prev_comm=Xorg prev_pid=1344 prev_prio=120 prev_state=S ==> next_comm=swapper/0 next_pid=0 next_prio=120
          <idle>-0     [000] d... 103284.922619: sched_switch: prev_comm=swapper/0 prev_pid=0 prev_prio=120 prev_state=R ==> next_comm=Xorg next_pid=1344 next_prio=120
     gnome-shell-2772  [001] d... 103284.922622: sched_switch: prev_comm=gnome-shell prev_pid=2772 prev_prio=120 prev_state=S ==> next_comm=swapper/1 next_pid=0 next_prio=120
          <idle>-0     [001] d... 103284.922644: sched_switch: prev_comm=swapper/1 prev_pid=0 prev_prio=120 prev_state=R ==> next_comm=gnome-shell next_pid=2772 next_prio=120
            Xorg-1344  [000] d... 103284.922652: sched_switch: prev_comm=Xorg prev_pid=1344 prev_prio=120 prev_state=S ==> next_comm=swapper/0 next_pid=0 next_prio=120
          <idle>-0     [000] d... 103284.922656: sched_switch: prev_comm=swapper/0 prev_pid=0 prev_prio=120 prev_state=R ==> next_comm=Xorg next_pid=1344 next_prio=120
            Xorg-1344  [000] d... 103284.922669: sched_switch: prev_comm=Xorg prev_pid=1344 prev_prio=120 prev_state=S ==> next_comm=swapper/0 next_pid=0 next_prio=120
     gnome-shell-2772  [001] d... 103284.922676: sched_switch: prev_comm=gnome-shell prev_pid=2772 prev_prio=120 prev_state=S ==> next_comm=swapper/1 next_pid=0 next_prio=120
          <idle>-0     [000] d.h. 103284.922702: irq_handler_entry: irq=48 name=i915
          <idle>-0     [000] dNh. 103284.922712: irq_handler_exit: irq=48 ret=handled
          <idle>-0     [000] d... 103284.922715: sched_switch: prev_comm=swapper/0 prev_pid=0 prev_prio=120 prev_state=R ==> next_comm=kworker/u16:0 next_pid=30835 next_prio=120
   kworker/u16:0-30835 [000] d... 103284.922724: sched_switch: prev_comm=kworker/u16:0 prev_pid=30835 prev_prio=120 prev_state=S ==> next_comm=swapper/0 next_pid=0 next_prio=120
          <idle>-0     [005] d.h. 103284.922947: irq_handler_entry: irq=23 name=ehci_hcd:usb2
          <idle>-0     [005] d.h. 103284.922950: irq_handler_exit: irq=23 ret=handled
          <idle>-0     [002] d... 103284.922983: sched_switch: prev_comm=swapper/2 prev_pid=0 prev_prio=120 prev_state=R ==> next_comm=kworker/2:2 next_pid=2241 next_prio=120
     kworker/2:2-2241  [002] d... 103284.922989: sched_switch: prev_comm=kworker/2:2 prev_pid=2241 prev_prio=120 prev_state=S ==> next_comm=rcu_sched next_pid=7 next_prio=120
       rcu_sched-7     [002] d... 103284.922996: sched_switch: prev_comm=rcu_sched prev_pid=7 prev_prio=120 prev_state=S ==> next_comm=swapper/2 next_pid=0 next_prio=120
          <idle>-0     [003] d... 103284.923073: sched_switch: prev_comm=swapper/3 prev_pid=0 prev_prio=120 prev_state=R ==> next_comm=rcuos/5 next_pid=13 next_prio=120
         rcuos/5-13    [003] d... 103284.923092: sched_switch: prev_comm=rcuos/5 prev_pid=13 prev_prio=120 prev_state=S ==> next_comm=swapper/3 next_pid=0 next_prio=120
          <idle>-0     [002] d... 103284.927040: sched_switch: prev_comm=swapper/2 prev_pid=0 prev_prio=120 prev_state=R ==> next_comm=rcu_sched next_pid=7 next_prio=120
          <idle>-0     [003] d... 103284.927044: sched_switch: prev_comm=swapper/3 prev_pid=0 prev_prio=120 prev_state=R ==> next_comm=kworker/3:1 next_pid=200 next_prio=120
       rcu_sched-7     [002] d... 103284.927066: sched_switch: prev_comm=rcu_sched prev_pid=7 prev_prio=120 prev_state=S ==> next_comm=swapper/2 next_pid=0 next_prio=120
     kworker/3:1-200   [003] d... 103284.927069: sched_switch: prev_comm=kworker/3:1 prev_pid=200 prev_prio=120 prev_state=S ==> next_comm=swapper/3 next_pid=0 next_prio=120
          <idle>-0     [000] d... 103284.927072: sched_switch: prev_comm=swapper/0 prev_pid=0 prev_prio=120 prev_state=R ==> next_comm=python next_pid=365 next_prio=120
          <idle>-0     [005] d.h. 103284.929107: irq_handler_entry: irq=23 name=ehci_hcd:usb2
          <idle>-0     [005] d.h. 103284.929122: irq_handler_exit: irq=23 ret=handled
          <idle>-0     [005] d... 103284.929159: sched_switch: prev_comm=swapper/5 prev_pid=0 prev_prio=120 prev_state=R ==> next_comm=apcupsd next_pid=2503 next_prio=120
         apcupsd-2503  [005] d... 103284.929196: sched_switch: prev_comm=apcupsd prev_pid=2503 prev_prio=120 prev_state=S ==> next_comm=swapper/5 next_pid=0 next_prio=120
          <idle>-0     [002] d... 103284.931005: sched_switch: prev_comm=swapper/2 prev_pid=0 prev_prio=120 prev_state=R ==> next_comm=rcu_sched next_pid=7 next_prio=120
          <idle>-0     [006] d... 103284.931026: sched_switch: prev_comm=swapper/6 prev_pid=0 prev_prio=120 prev_state=R ==> next_comm=rcuos/2 next_pid=10 next_prio=120
       rcu_sched-7     [002] d... 103284.931033: sched_switch: prev_comm=rcu_sched prev_pid=7 prev_prio=120 prev_state=S ==> next_comm=swapper/2 next_pid=0 next_prio=120
          python-365   [000] d... 103284.931052: sched_switch: prev_comm=python prev_pid=365 prev_prio=120 prev_state=R ==> next_comm=kworker/0:1 next_pid=97 next_prio=120
     kworker/0:1-97    [000] d... 103284.931084: sched_switch: prev_comm=kworker/0:1 prev_pid=97 prev_prio=120 prev_state=S ==> next_comm=python next_pid=365 next_prio=120
         rcuos/2-10    [006] d... 103284.931100: sched_switch: prev_comm=rcuos/2 prev_pid=10 prev_prio=120 prev_state=S ==> next_comm=swapper/6 next_pid=0 next_prio=120
          <idle>-0     [004] d... 103284.933632: sched_switch: prev_comm=swapper/4 prev_pid=0 prev_prio=120 prev_state=R ==> next_comm=iptraf next_pid=9704 next_prio=120
          iptraf-9704  [004] d... 103284.933779: sched_switch: prev_comm=iptraf prev_pid=9704 prev_prio=120 prev_state=S ==> next_comm=swapper/4 next_pid=0 next_prio=120
          python-365   [000] d... 103284.935106: sched_switch: prev_comm=python prev_pid=365 prev_prio=120 prev_state=R ==> next_comm=kworker/0:1 next_pid=97 next_prio=120
     kworker/0:1-97    [000] d... 103284.935128: sched_switch: prev_comm=kworker/0:1 prev_pid=97 prev_prio=120 prev_state=S ==> next_comm=python next_pid=365 next_prio=120
          <idle>-0     [001] d... 103284.935621: sched_switch: prev_comm=swapper/1 prev_pid=0 prev_prio=120 prev_state=R ==> next_comm=rcuos/0 next_pid=8 next_prio=120
         rcuos/0-8     [001] d... 103284.935631: sched_switch: prev_comm=rcuos/0 prev_pid=8 prev_prio=120 prev_state=S ==> next_comm=swapper/1 next_pid=0 next_prio=120
          <idle>-0     [002] d... 103284.935639: sched_switch: prev_comm=swapper/2 prev_pid=0 prev_prio=120 prev_state=R ==> next_comm=rcu_sched next_pid=7 next_prio=120
       rcu_sched-7     [002] d... 103284.935642: sched_switch: prev_comm=rcu_sched prev_pid=7 prev_prio=120 prev_state=R ==> next_comm=migration/2 next_pid=33 next_prio=0
          python-365   [000] d... 103284.935647: sched_switch: prev_comm=python prev_pid=365 prev_prio=120 prev_state=R ==> next_comm=rcu_sched next_pid=7 next_prio=120
     migration/2-33    [002] d... 103284.935648: sched_switch: prev_comm=migration/2 prev_pid=33 prev_prio=0 prev_state=S ==> next_comm=swapper/2 next_pid=0 next_prio=120
       rcu_sched-7     [000] d... 103284.935648: sched_switch: prev_comm=rcu_sched prev_pid=7 prev_prio=120 prev_state=S ==> next_comm=python next_pid=365 next_prio=120
          python-365   [000] d... 103284.936109: sched_switch: prev_comm=python prev_pid=365 prev_prio=120 prev_state=S ==> next_comm=swapper/0 next_pid=0 next_prio=120
          <idle>-0     [005] d.h. 103284.936222: irq_handler_entry: irq=23 name=ehci_hcd:usb2
          <idle>-0     [005] d.h. 103284.936237: irq_handler_exit: irq=23 ret=handled
          <idle>-0     [005] d.h. 103284.936362: irq_handler_entry: irq=23 name=ehci_hcd:usb2
          <idle>-0     [005] d.h. 103284.936367: irq_handler_exit: irq=23 ret=handled
          <idle>-0     [005] d... 103284.938298: sched_switch: prev_comm=swapper/5 prev_pid=0 prev_prio=120 prev_state=R ==> next_comm=apcupsd next_pid=2503 next_prio=120
         apcupsd-2503  [005] d... 103284.938321: sched_switch: prev_comm=apcupsd prev_pid=2503 prev_prio=120 prev_state=D ==> next_comm=swapper/5 next_pid=0 next_prio=120
          <idle>-0     [000] d... 103284.939021: sched_switch: prev_comm=swapper/0 prev_pid=0 prev_prio=120 prev_state=R ==> next_comm=rcu_sched next_pid=7 next_prio=120
       rcu_sched-7     [000] d... 103284.939035: sched_switch: prev_comm=rcu_sched prev_pid=7 prev_prio=120 prev_state=S ==> next_comm=swapper/0 next_pid=0 next_prio=120
          <idle>-0     [001] d... 103284.939042: sched_switch: prev_comm=swapper/1 prev_pid=0 prev_prio=120 prev_state=R ==> next_comm=rcuos/0 next_pid=8 next_prio=120
         rcuos/0-8     [001] d... 103284.939049: sched_switch: prev_comm=rcuos/0 prev_pid=8 prev_prio=120 prev_state=S ==> next_comm=swapper/1 next_pid=0 next_prio=120
          <idle>-0     [000] d.h. 103284.939288: irq_handler_entry: irq=48 name=i915
          <idle>-0     [000] d.h. 103284.939299: irq_handler_exit: irq=48 ret=handled
          <idle>-0     [005] d.h. 103284.943010: irq_handler_entry: irq=23 name=ehci_hcd:usb2
          <idle>-0     [005] d.h. 103284.943016: irq_handler_exit: irq=23 ret=handled
          <idle>-0     [001] d... 103284.943025: sched_switch: prev_comm=swapper/1 prev_pid=0 prev_prio=120 prev_state=R ==> next_comm=kworker/1:1 next_pid=98 next_prio=120
          <idle>-0     [000] d... 103284.943037: sched_switch: prev_comm=swapper/0 prev_pid=0 prev_prio=120 prev_state=R ==> next_comm=kworker/u16:0 next_pid=30835 next_prio=120
     kworker/1:1-98    [001] d... 103284.943037: sched_switch: prev_comm=kworker/1:1 prev_pid=98 prev_prio=120 prev_state=S ==> next_comm=swapper/1 next_pid=0 next_prio=120
   kworker/u16:0-30835 [000] d... 103284.943045: sched_switch: prev_comm=kworker/u16:0 prev_pid=30835 prev_prio=120 prev_state=S ==> next_comm=swapper/0 next_pid=0 next_prio=120
          <idle>-0     [005] d.h. 103284.949266: irq_handler_entry: irq=23 name=ehci_hcd:usb2
          <idle>-0     [005] d.h. 103284.949274: irq_handler_exit: irq=23 ret=handled
          <idle>-0     [005] d... 103284.949291: sched_switch: prev_comm=swapper/5 prev_pid=0 prev_prio=120 prev_state=R ==> next_comm=apcupsd next_pid=2503 next_prio=120
         apcupsd-2503  [005] d... 103284.949308: sched_switch: prev_comm=apcupsd prev_pid=2503 prev_prio=120 prev_state=S ==> next_comm=swapper/5 next_pid=0 next_prio=120
          <idle>-0     [000] d.h. 103284.955993: irq_handler_entry: irq=48 name=i915
          <idle>-0     [000] d.h. 103284.956004: irq_handler_exit: irq=48 ret=handled
          <idle>-0     [005] d.h. 103284.956521: irq_handler_entry: irq=23 name=ehci_hcd:usb2
          <idle>-0     [005] d.h. 103284.956527: irq_handler_exit: irq=23 ret=handled
          <idle>-0     [005] d.h. 103284.956655: irq_handler_entry: irq=23 name=ehci_hcd:usb2
          <idle>-0     [005] d.h. 103284.956660: irq_handler_exit: irq=23 ret=handled
          <idle>-0     [005] d... 103284.959419: sched_switch: prev_comm=swapper/5 prev_pid=0 prev_prio=120 prev_state=R ==> next_comm=apcupsd next_pid=2503 next_prio=120
         apcupsd-2503  [005] d... 103284.959442: sched_switch: prev_comm=apcupsd prev_pid=2503 prev_prio=120 prev_state=D ==> next_comm=swapper/5 next_pid=0 next_prio=120
          <idle>-0     [005] d.h. 103284.963023: irq_handler_entry: irq=23 name=ehci_hcd:usb2
          <idle>-0     [005] d.h. 103284.963028: irq_handler_exit: irq=23 ret=handled
          <idle>-0     [005] d.h. 103284.969276: irq_handler_entry: irq=23 name=ehci_hcd:usb2
          <idle>-0     [005] d.h. 103284.969284: irq_handler_exit: irq=23 ret=handled
          <idle>-0     [005] d... 103284.969301: sched_switch: prev_comm=swapper/5 prev_pid=0 prev_prio=120 prev_state=R ==> next_comm=apcupsd next_pid=2503 next_prio=120
         apcupsd-2503  [005] d... 103284.969318: sched_switch: prev_comm=apcupsd prev_pid=2503 prev_prio=120 prev_state=S ==> next_comm=swapper/5 next_pid=0 next_prio=120
          <idle>-0     [000] d... 103284.971694: sched_switch: prev_comm=swapper/0 prev_pid=0 prev_prio=120 prev_state=R ==> next_comm=java next_pid=358 next_prio=120
            java-358   [000] d... 103284.971717: sched_switch: prev_comm=java prev_pid=358 prev_prio=120 prev_state=S ==> next_comm=swapper/0 next_pid=0 next_prio=120
          <idle>-0     [000] d... 103284.972382: sched_switch: prev_comm=swapper/0 prev_pid=0 prev_prio=120 prev_state=R ==> next_comm=zabbix_server next_pid=22093 next_prio=120
          <idle>-0     [003] d... 103284.972400: sched_switch: prev_comm=swapper/3 prev_pid=0 prev_prio=120 prev_state=R ==> next_comm=zabbix_server next_pid=22121 next_prio=120
