     gnome-shell-2772  [001] d... 103284.131958: sched_switch: prev_comm=gnome-shell prev_pid=2772 prev_prio=120 prev_state=S ==> next_comm=swapper/1 next_pid=0 next_prio=120
          <idle>-0     [000] d.h. 103284.131976: irq_handler_entry: irq=48 name=i915
          <idle>-0     [000] dNh. 103284.131997: irq_handler_exit: irq=48 ret=handled
          <idle>-0     [000] dNh. 103284.132001: irq_handler_entry: irq=48 name=i915
          <idle>-0     [001] d... 103284.132016: sched_switch: prev_comm=swapper/1 prev_pid=0 prev_prio=120 prev_state=R ==> next_comm=gnome-shell next_pid=2772 next_prio=120
          <idle>-0     [000] dNh. 103284.132017: irq_handler_exit: irq=48 ret=handled
          <idle>-0     [000] d... 103284.132025: sched_switch: prev_comm=swapper/0 prev_pid=0 prev_prio=120 prev_state=R ==> next_comm=kworker/u16:0 next_pid=30835 next_prio=120
   kworker/u16:0-30835 [000] d... 103284.132049: sched_switch: prev_comm=kworker/u16:0 prev_pid=30835 prev_prio=120 prev_state=S ==> next_comm=swapper/0 next_pid=0 next_prio=120
     gnome-shell-2772  [001] d... 103284.132059: sched_switch: prev_comm=gnome-shell prev_pid=2772 prev_prio=120 prev_state=S ==> next_comm=swapper/1 next_pid=0 next_prio=120
          <idle>-0     [002] d... 103284.132111: sched_switch: prev_comm=swapper/2 prev_pid=0 prev_prio=120 prev_state=R ==> next_comm=Xorg next_pid=1344 next_prio=120
          <idle>-0     [001] d... 103284.132204: sched_switch: prev_comm=swapper/1 prev_pid=0 prev_prio=120 prev_state=R ==> next_comm=gnome-shell next_pid=2772 next_prio=120
            Xorg-1344  [002] d... 103284.132216: sched_switch: prev_comm=Xorg prev_pid=1344 prev_prio=120 prev_state=S ==> next_comm=swapper/2 next_pid=0 next_prio=120
     gnome-shell-2772  [001] d... 103284.132259: sched_switch: prev_comm=gnome-shell prev_pid=2772 prev_prio=120 prev_state=S ==> next_comm=swapper/1 next_pid=0 next_prio=120
          <idle>-0     [002] d... 103284.132262: sched_switch: prev_comm=swapper/2 prev_pid=0 prev_prio=120 prev_state=R ==> next_comm=Xorg next_pid=1344 next_prio=120
            Xorg-1344  [002] d... 103284.132320: sched_switch: prev_comm=Xorg prev_pid=1344 prev_prio=120 prev_state=S ==> next_comm=swapper/2 next_pid=0 next_prio=120
          <idle>-0     [004] d... 103284.134457: sched_switch: prev_comm=swapper/4 prev_pid=0 prev_prio=120 prev_state=R ==> next_comm=iptraf next_pid=9704 next_prio=120
          iptraf-9704  [004] d... 103284.134573: sched_switch: prev_comm=iptraf prev_pid=9704 prev_prio=120 prev_state=S ==> next_comm=swapper/4 next_pid=0 next_prio=120
          <idle>-0     [001] d... 103284.134685: sched_switch: prev_comm=swapper/1 prev_pid=0 prev_prio=120 prev_state=R ==> next_comm=kworker/u16:0 next_pid=30835 next_prio=120
   kworker/u16:0-30835 [001] d... 103284.134702: sched_switch: prev_comm=kworker/u16:0 prev_pid=30835 prev_prio=120 prev_state=S ==> next_comm=swapper/1 next_pid=0 next_prio=120
          <idle>-0     [000] d.h. 103284.138301: irq_handler_entry: irq=48 name=i915
          <idle>-0     [000] dNh. 103284.138335: irq_handler_exit: irq=48 ret=handled
          <idle>-0     [000] d... 103284.138350: sched_switch: prev_comm=swapper/0 prev_pid=0 prev_prio=120 prev_state=R ==> next_comm=Xorg next_pid=1344 next_prio=120
          <idle>-0     [001] d... 103284.138464: sched_switch: prev_comm=swapper/1 prev_pid=0 prev_prio=120 prev_state=R ==> next_comm=gnome-shell next_pid=2772 next_prio=120
            Xorg-1344  [000] d... 103284.138496: sched_switch: prev_comm=Xorg prev_pid=1344 prev_prio=120 prev_state=S ==> next_comm=swapper/0 next_pid=0 next_prio=120
          <idle>-0     [000] d... 103284.138549: sched_switch: prev_comm=swapper/0 prev_pid=0 prev_prio=120 prev_state=R ==> next_comm=Xorg next_pid=1344 next_prio=120
     gnome-shell-2772  [001] d... 103284.138559: sched_switch: prev_comm=gnome-shell prev_pid=2772 prev_prio=120 prev_state=S ==> next_comm=swapper/1 next_pid=0 next_prio=120
            Xorg-1344  [000] d... 103284.138683: sched_switch: prev_comm=Xorg prev_pid=1344 prev_prio=120 prev_state=R ==> next_comm=kworker/0:1 next_pid=97 next_prio=120
     kworker/0:1-97    [000] d... 103284.138694: sched_switch: prev_comm=kworker/0:1 prev_pid=97 prev_prio=120 prev_state=S ==> next_comm=Xorg next_pid=1344 next_prio=120
          <idle>-0     [001] d... 103284.138748: sched_switch: prev_comm=swapper/1 prev_pid=0 prev_prio=120 prev_state=R ==> next_comm=gnome-shell next_pid=2772 next_prio=120
            Xorg-1344  [000] d... 103284.138752: sched_switch: prev_comm=Xorg prev_pid=1344 prev_prio=120 prev_state=S ==> next_comm=swapper/0 next_pid=0 next_prio=120
          <idle>-0     [000] d... 103284.138879: sched_switch: prev_comm=swapper/0 prev_pid=0 prev_prio=120 prev_state=R ==> next_comm=Xorg next_pid=1344 next_prio=120
            Xorg-1344  [000] d... 103284.138974: sched_switch: prev_comm=Xorg prev_pid=1344 prev_prio=120 prev_state=S ==> next_comm=swapper/0 next_pid=0 next_prio=120
          <idle>-0     [003] d... 103284.139089: sched_switch: prev_comm=swapper/3 prev_pid=0 prev_prio=120 prev_state=R ==> next_comm=rcuos/1 next_pid=9 next_prio=120
     gnome-shell-2772  [001] d... 103284.139113: sched_switch: prev_comm=gnome-shell prev_pid=2772 prev_prio=120 prev_state=R ==> next_comm=rcu_sched next_pid=7 next_prio=120
       rcu_sched-7     [001] d... 103284.139121: sched_switch: prev_comm=rcu_sched prev_pid=7 prev_prio=120 prev_state=S ==> next_comm=gnome-shell next_pid=2772 next_prio=120
         rcuos/1-9     [003] d... 103284.139122: sched_switch: prev_comm=rcuos/1 prev_pid=9 prev_prio=120 prev_state=S ==> next_comm=swapper/3 next_pid=0 next_prio=120
     gnome-shell-2772  [001] d... 103284.142679: sched_switch: prev_comm=gnome-shell prev_pid=2772 prev_prio=120 prev_state=R ==> next_comm=kworker/1:1 next_pid=98 next_prio=120
     kworker/1:1-98    [001] d... 103284.142711: sched_switch: prev_comm=kworker/1:1 prev_pid=98 prev_prio=120 prev_state=S ==> next_comm=rcu_sched next_pid=7 next_prio=120
       rcu_sched-7     [001] d... 103284.142716: sched_switch: prev_comm=rcu_sched prev_pid=7 prev_prio=120 prev_state=S ==> next_comm=gnome-shell next_pid=2772 next_prio=120
          <idle>-0     [003] d... 103284.142736: sched_switch: prev_comm=swapper/3 prev_pid=0 prev_prio=120 prev_state=R ==> next_comm=rcuos/1 next_pid=9 next_prio=120
     gnome-shell-2772  [001] d... 103284.142746: sched_switch: prev_comm=gnome-shell prev_pid=2772 prev_prio=120 prev_state=R ==> next_comm=rcu_sched next_pid=7 next_prio=120
       rcu_sched-7     [001] d... 103284.142748: sched_switch: prev_comm=rcu_sched prev_pid=7 prev_prio=120 prev_state=S ==> next_comm=gnome-shell next_pid=2772 next_prio=120
         rcuos/1-9     [003] d... 103284.142751: sched_switch: prev_comm=rcuos/1 prev_pid=9 prev_prio=120 prev_state=S ==> next_comm=swapper/3 next_pid=0 next_prio=120
     gnome-shell-2772  [001] d... 103284.142906: sched_switch: prev_comm=gnome-shell prev_pid=2772 prev_prio=120 prev_state=S ==> next_comm=swapper/1 next_pid=0 next_prio=120
          <idle>-0     [000] d.h. 103284.143003: irq_handler_entry: irq=48 name=i915
          <idle>-0     [000] dNh. 103284.143018: irq_handler_exit: irq=48 ret=handled
          <idle>-0     [000] d... 103284.143022: sched_switch: prev_comm=swapper/0 prev_pid=0 prev_prio=120 prev_state=R ==> next_comm=gnome-shell next_pid=2772 next_prio=120
     gnome-shell-2772  [000] d... 103284.143051: sched_switch: prev_comm=gnome-shell prev_pid=2772 prev_prio=120 prev_state=S ==> next_comm=swapper/0 next_pid=0 next_prio=120
          <idle>-0     [001] d... 103284.143061: sched_switch: prev_comm=swapper/1 prev_pid=0 prev_prio=120 prev_state=R ==> next_comm=Xorg next_pid=1344 next_prio=120
            Xorg-1344  [001] d... 103284.143115: sched_switch: prev_comm=Xorg prev_pid=1344 prev_prio=120 prev_state=S ==> next_comm=swapper/1 next_pid=0 next_prio=120
          <idle>-0     [000] d... 103284.143115: sched_switch: prev_comm=swapper/0 prev_pid=0 prev_prio=120 prev_state=R ==> next_comm=gnome-shell next_pid=2772 next_prio=120
     gnome-shell-2772  [000] d... 103284.143142: sched_switch: prev_comm=gnome-shell prev_pid=2772 prev_prio=120 prev_state=S ==> next_comm=swapper/0 next_pid=0 next_prio=120
          <idle>-0     [001] d... 103284.143171: sched_switch: prev_comm=swapper/1 prev_pid=0 prev_prio=120 prev_state=R ==> next_comm=Xorg next_pid=1344 next_prio=120
            Xorg-1344  [001] d... 103284.143232: sched_switch: prev_comm=Xorg prev_pid=1344 prev_prio=120 prev_state=S ==> next_comm=swapper/1 next_pid=0 next_prio=120
          <idle>-0     [001] d... 103284.146683: sched_switch: prev_comm=swapper/1 prev_pid=0 prev_prio=120 prev_state=R ==> next_comm=rcu_sched next_pid=7 next_prio=120
          <idle>-0     [000] d... 103284.146686: sched_switch: prev_comm=swapper/0 prev_pid=0 prev_prio=120 prev_state=R ==> next_comm=kworker/0:1 next_pid=97 next_prio=120
       rcu_sched-7     [001] d... 103284.146693: sched_switch: prev_comm=rcu_sched prev_pid=7 prev_prio=120 prev_state=S ==> next_comm=swapper/1 next_pid=0 next_prio=120
     kworker/0:1-97    [000] d... 103284.146697: sched_switch: prev_comm=kworker/0:1 prev_pid=97 prev_prio=120 prev_state=S ==> next_comm=swapper/0 next_pid=0 next_prio=120
          <idle>-0     [002] d... 103284.146704: sched_switch: prev_comm=swapper/2 prev_pid=0 prev_prio=120 prev_state=R ==> next_comm=kworker/u16:0 next_pid=30835 next_prio=120
   kworker/u16:0-30835 [002] d... 103284.146716: sched_switch: prev_comm=kworker/u16:0 prev_pid=30835 prev_prio=120 prev_state=S ==> next_comm=swapper/2 next_pid=0 next_prio=120
          <idle>-0     [001] d... 103284.150716: sched_switch: prev_comm=swapper/1 prev_pid=0 prev_prio=120 prev_state=R ==> next_comm=rcu_sched next_pid=7 next_prio=120
       rcu_sched-7     [001] d... 103284.150735: sched_switch: prev_comm=rcu_sched prev_pid=7 prev_prio=120 prev_state=S ==> next_comm=swapper/1 next_pid=0 next_prio=120
          <idle>-0     [003] d... 103284.150745: sched_switch: prev_comm=swapper/3 prev_pid=0 prev_prio=120 prev_state=R ==> next_comm=rcuos/1 next_pid=9 next_prio=120
         rcuos/1-9     [003] d... 103284.150757: sched_switch: prev_comm=rcuos/1 prev_pid=9 prev_prio=120 prev_state=S ==> next_comm=swapper/3 next_pid=0 next_prio=120
          <idle>-0     [005] d... 103284.151489: sched_switch: prev_comm=swapper/5 prev_pid=0 prev_prio=120 prev_state=R ==> next_comm=apcupsd next_pid=2503 next_prio=120
         apcupsd-2503  [005] d... 103284.151507: sched_switch: prev_comm=apcupsd prev_pid=2503 prev_prio=120 prev_state=S ==> next_comm=swapper/5 next_pid=0 next_prio=120
          <idle>-0     [005] d.h. 103284.154564: irq_handler_entry: irq=23 name=ehci_hcd:usb2
          <idle>-0     [005] d.h. 103284.154574: irq_handler_exit: irq=23 ret=handled
          <idle>-0     [000] d.h. 103284.154974: irq_handler_entry: irq=48 name=i915
          <idle>-0     [000] dNh. 103284.154997: irq_handler_exit: irq=48 ret=handled
          <idle>-0     [000] d... 103284.155005: sched_switch: prev_comm=swapper/0 prev_pid=0 prev_prio=120 prev_state=R ==> next_comm=Xorg next_pid=1344 next_prio=120
          <idle>-0     [001] d... 103284.155073: sched_switch: prev_comm=swapper/1 prev_pid=0 prev_prio=120 prev_state=R ==> next_comm=gnome-shell next_pid=2772 next_prio=120
            Xorg-1344  [000] d... 103284.155086: sched_switch: prev_comm=Xorg prev_pid=1344 prev_prio=120 prev_state=S ==> next_comm=swapper/0 next_pid=0 next_prio=120
     gnome-shell-2772  [001] d... 103284.155126: sched_switch: prev_comm=gnome-shell prev_pid=2772 prev_prio=120 prev_state=S ==> next_comm=swapper/1 next_pid=0 next_prio=120
          <idle>-0     [000] d... 103284.155134: sched_switch: prev_comm=swapper/0 prev_pid=0 prev_prio=120 prev_state=R ==> next_comm=Xorg next_pid=1344 next_prio=120
          <idle>-0     [001] d... 103284.155227: sched_switch: prev_comm=swapper/1 prev_pid=0 prev_prio=120 prev_state=R ==> next_comm=gnome-shell next_pid=2772 next_prio=120
            Xorg-1344  [000] d... 103284.155227: sched_switch: prev_comm=Xorg prev_pid=1344 prev_prio=120 prev_state=S ==> next_comm=swapper/0 next_pid=0 next_prio=120
          <idle>-0     [000] d.h. 103284.155252: irq_handler_entry: irq=48 name=i915
          <idle>-0     [000] dNh. 103284.155266: irq_handler_exit: irq=48 ret=handled
          <idle>-0     [000] d... 103284.155269: sched_switch: prev_comm=swapper/0 prev_pid=0 prev_prio=120 prev_state=R ==> next_comm=kworker/u16:0 next_pid=30835 next_prio=120
   kworker/u16:0-30835 [000] d... 103284.155284: sched_switch: prev_comm=kworker/u16:0 prev_pid=30835 prev_prio=120 prev_state=S ==> next_comm=swapper/0 next_pid=0 next_prio=120
          <idle>-0     [002] d... 103284.155290: sched_switch: prev_comm=swapper/2 prev_pid=0 prev_prio=120 prev_state=R ==> next_comm=Xorg next_pid=1344 next_prio=120
     gnome-shell-2772  [001] d... 103284.155312: sched_switch: prev_comm=gnome-shell prev_pid=2772 prev_prio=120 prev_state=S ==> next_comm=swapper/1 next_pid=0 next_prio=120
            Xorg-1344  [002] d... 103284.155338: sched_switch: prev_comm=Xorg prev_pid=1344 prev_prio=120 prev_state=S ==> next_comm=swapper/2 next_pid=0 next_prio=120
          <idle>-0     [000] d... 103284.168943: sched_switch: prev_comm=swapper/0 prev_pid=0 prev_prio=120 prev_state=R ==> next_comm=java next_pid=358 next_prio=120
            java-358   [000] d... 103284.168973: sched_switch: prev_comm=java prev_pid=358 prev_prio=120 prev_state=S ==> next_comm=swapper/0 next_pid=0 next_prio=120
          <idle>-0     [005] d... 103284.171627: sched_switch: prev_comm=swapper/5 prev_pid=0 prev_prio=120 prev_state=R ==> next_comm=apcupsd next_pid=2503 next_prio=120
          <idle>-0     [000] d.h. 103284.171638: irq_handler_entry: irq=48 name=i915
          <idle>-0     [000] d.h. 103284.171654: irq_handler_exit: irq=48 ret=handled
         apcupsd-2503  [005] d... 103284.171661: sched_switch: prev_comm=apcupsd prev_pid=2503 prev_prio=120 prev_state=D ==> next_comm=swapper/5 next_pid=0 next_prio=120
          <idle>-0     [005] d.h. 103284.173446: irq_handler_entry: irq=23 name=ehci_hcd:usb2
          <idle>-0     [005] d.h. 103284.173452: irq_handler_exit: irq=23 ret=handled
          <idle>-0     [005] d.h. 103284.177201: irq_handler_entry: irq=23 name=ehci_hcd:usb2
          <idle>-0     [005] d.h. 103284.177212: irq_handler_exit: irq=23 ret=handled
          <idle>-0     [005] d... 103284.177237: sched_switch: prev_comm=swapper/5 prev_pid=0 prev_prio=120 prev_state=R ==> next_comm=apcupsd next_pid=2503 next_prio=120
         apcupsd-2503  [005] d... 103284.177259: sched_switch: prev_comm=apcupsd prev_pid=2503 prev_prio=120 prev_state=S ==> next_comm=swapper/5 next_pid=0 next_prio=120
          <idle>-0     [005] d.h. 103284.184451: irq_handler_entry: irq=23 name=ehci_hcd:usb2
          <idle>-0     [005] d.h. 103284.184460: irq_handler_exit: irq=23 ret=handled
          <idle>-0     [005] d.h. 103284.184551: irq_handler_entry: irq=23 name=ehci_hcd:usb2
          <idle>-0     [005] d.h. 103284.184557: irq_handler_exit: irq=23 ret=handled
          <idle>-0     [004] d... 103284.184683: sched_switch: prev_comm=swapper/4 prev_pid=0 prev_prio=120 prev_state=R ==> next_comm=iptraf next_pid=9704 next_prio=120
          iptraf-9704  [004] d... 103284.184754: sched_switch: prev_comm=iptraf prev_pid=9704 prev_prio=120 prev_state=S ==> next_comm=swapper/4 next_pid=0 next_prio=120
          <idle>-0     [002] d... 103284.186748: sched_switch: prev_comm=swapper/2 prev_pid=0 prev_prio=120 prev_state=R ==> next_comm=kworker/2:2 next_pid=2241 next_prio=120
     kworker/2:2-2241  [002] d... 103284.186763: sched_switch: prev_comm=kworker/2:2 prev_pid=2241 prev_prio=120 prev_state=S ==> next_comm=swapper/2 next_pid=0 next_prio=120
          <idle>-0     [000] d.h. 103284.188353: irq_handler_entry: irq=48 name=i915
          <idle>-0     [000] d.h. 103284.188367: irq_handler_exit: irq=48 ret=handled
          <idle>-0     [005] d... 103284.192379: sched_switch: prev_comm=swapper/5 prev_pid=0 prev_prio=120 prev_state=R ==> next_comm=apcupsd next_pid=2503 next_prio=120
         apcupsd-2503  [005] d... 103284.192410: sched_switch: prev_comm=apcupsd prev_pid=2503 prev_prio=120 prev_state=D ==> next_comm=swapper/5 next_pid=0 next_prio=120
          <idle>-0     [005] d.h. 103284.193453: irq_handler_entry: irq=23 name=ehci_hcd:usb2
          <idle>-0     [005] d.h. 103284.193461: irq_handler_exit: irq=23 ret=handled
          <idle>-0     [000] d... 103284.195972: sched_switch: prev_comm=swapper/0 prev_pid=0 prev_prio=120 prev_state=R ==> next_comm=postgres next_pid=16736 next_prio=120
        postgres-16736 [000] d... 103284.195999: sched_switch: prev_comm=postgres prev_pid=16736 prev_prio=120 prev_state=S ==> next_comm=swapper/0 next_pid=0 next_prio=120
          <idle>-0     [005] d.h. 103284.197207: irq_handler_entry: irq=23 name=ehci_hcd:usb2
          <idle>-0     [005] d.h. 103284.197218: irq_handler_exit: irq=23 ret=handled
          <idle>-0     [005] d... 103284.197244: sched_switch: prev_comm=swapper/5 prev_pid=0 prev_prio=120 prev_state=R ==> next_comm=apcupsd next_pid=2503 next_prio=120
         apcupsd-2503  [005] d... 103284.197266: sched_switch: prev_comm=apcupsd prev_pid=2503 prev_prio=120 prev_state=S ==> next_comm=swapper/5 next_pid=0 next_prio=120
          <idle>-0     [001] d... 103284.202744: sched_switch: prev_comm=swapper/1 prev_pid=0 prev_prio=120 prev_state=R ==> next_comm=kworker/1:1 next_pid=98 next_prio=120
          <idle>-0     [002] d... 103284.202776: sched_switch: prev_comm=swapper/2 prev_pid=0 prev_prio=120 prev_state=R ==> next_comm=python next_pid=365 next_prio=120
     kworker/1:1-98    [001] d... 103284.202785: sched_switch: prev_comm=kworker/1:1 prev_pid=98 prev_prio=120 prev_state=S ==> next_comm=swapper/1 next_pid=0 next_prio=120
          <idle>-0     [001] d.h. 103284.204280: irq_handler_entry: irq=23 name=ehci_hcd:usb2
          <idle>-0     [001] d.h. 103284.204289: irq_handler_exit: irq=23 ret=handled
          <idle>-0     [005] d.h. 103284.204424: irq_handler_entry: irq=23 name=ehci_hcd:usb2
          <idle>-0     [005] d.h. 103284.204431: irq_handler_exit: irq=23 ret=handled
          <idle>-0     [003] d... 103284.204722: sched_switch: prev_comm=swapper/3 prev_pid=0 prev_prio=120 prev_state=R ==> next_comm=chrome next_pid=7260 next_prio=120
          chrome-7260  [003] d... 103284.204906: sched_switch: prev_comm=chrome prev_pid=7260 prev_prio=120 prev_state=S ==> next_comm=swapper/3 next_pid=0 next_prio=120
          <idle>-0     [000] d.h. 103284.205023: irq_handler_entry: irq=48 name=i915
          <idle>-0     [000] d.h. 103284.205044: irq_handler_exit: irq=48 ret=handled
          python-365   [002] d... 103284.206697: sched_switch: prev_comm=python prev_pid=365 prev_prio=120 prev_state=R ==> next_comm=kworker/2:2 next_pid=2241 next_prio=120
     kworker/2:2-2241  [002] d... 103284.206709: sched_switch: prev_comm=kworker/2:2 prev_pid=2241 prev_prio=120 prev_state=S ==> next_comm=python next_pid=365 next_prio=120
          python-365   [002] d... 103284.208420: sched_switch: prev_comm=python prev_pid=365 prev_prio=120 prev_state=S ==> next_comm=swapper/2 next_pid=0 next_prio=120
          <idle>-0     [005] d... 103284.213399: sched_switch: prev_comm=swapper/5 prev_pid=0 prev_prio=120 prev_state=R ==> next_comm=apcupsd next_pid=2503 next_prio=120
         apcupsd-2503  [005] d... 103284.213451: sched_switch: prev_comm=apcupsd prev_pid=2503 prev_prio=120 prev_state=D ==> next_comm=swapper/5 next_pid=0 next_prio=120
          <idle>-0     [005] d.h. 103284.217340: irq_handler_entry: irq=23 name=ehci_hcd:usb2
          <idle>-0     [005] d.h. 103284.217350: irq_handler_exit: irq=23 ret=handled
          <idle>-0     [000] d... 103284.219113: sched_switch: prev_comm=swapper/0 prev_pid=0 prev_prio=120 prev_state=R ==> next_comm=java next_pid=358 next_prio=120
            java-358   [000] d... 103284.219166: sched_switch: prev_comm=java prev_pid=358 prev_prio=120 prev_state=S ==> next_comm=swapper/0 next_pid=0 next_prio=120
          <idle>-0     [000] d.h. 103284.221735: irq_handler_entry: irq=48 name=i915
          <idle>-0     [000] d.h. 103284.221756: irq_handler_exit: irq=48 ret=handled
          <idle>-0     [005] d.h. 103284.222219: irq_handler_entry: irq=23 name=ehci_hcd:usb2
          <idle>-0     [005] d.h. 103284.222235: irq_handler_exit: irq=23 ret=handled
          <idle>-0     [005] d... 103284.222279: sched_switch: prev_comm=swapper/5 prev_pid=0 prev_prio=120 prev_state=R ==> next_comm=apcupsd next_pid=2503 next_prio=120
         apcupsd-2503  [005] d... 103284.222318: sched_switch: prev_comm=apcupsd prev_pid=2503 prev_prio=120 prev_state=S ==> next_comm=swapper/5 next_pid=0 next_prio=120
          <idle>-0     [005] d.h. 103284.229470: irq_handler_entry: irq=23 name=ehci_hcd:usb2
          <idle>-0     [005] d.h. 103284.229483: irq_handler_exit: irq=23 ret=handled
          <idle>-0     [005] d.h. 103284.229561: irq_handler_entry: irq=23 name=ehci_hcd:usb2
          <idle>-0     [005] d.h. 103284.229567: irq_handler_exit: irq=23 ret=handled
          <idle>-0     [001] d... 103284.230774: sched_switch: prev_comm=swapper/1 prev_pid=0 prev_prio=120 prev_state=R ==> next_comm=kworker/1:1 next_pid=98 next_prio=120
          <idle>-0     [000] d... 103284.230800: sched_switch: prev_comm=swapper/0 prev_pid=0 prev_prio=120 prev_state=R ==> next_comm=kworker/u16:0 next_pid=30835 next_prio=120
     kworker/1:1-98    [001] d... 103284.230806: sched_switch: prev_comm=kworker/1:1 prev_pid=98 prev_prio=120 prev_state=S ==> next_comm=swapper/1 next_pid=0 next_prio=120
   kworker/u16:0-30835 [000] d... 103284.230823: sched_switch: prev_comm=kworker/u16:0 prev_pid=30835 prev_prio=120 prev_state=S ==> next_comm=swapper/0 next_pid=0 next_prio=120
          <idle>-0     [005] d... 103284.234440: sched_switch: prev_comm=swapper/5 prev_pid=0 prev_prio=120 prev_state=R ==> next_comm=apcupsd next_pid=2503 next_prio=120
         apcupsd-2503  [005] d... 103284.234491: sched_switch: prev_comm=apcupsd prev_pid=2503 prev_prio=120 prev_state=D ==> next_comm=swapper/5 next_pid=0 next_prio=120
          <idle>-0     [002] d... 103284.234740: sched_switch: prev_comm=swapper/2 prev_pid=0 prev_prio=120 prev_state=R ==> next_comm=postgres next_pid=16737 next_prio=120
        postgres-16737 [002] d... 103284.234778: sched_switch: prev_comm=postgres prev_pid=16737 prev_prio=120 prev_state=S ==> next_comm=swapper/2 next_pid=0 next_prio=120
          <idle>-0     [004] d... 103284.234863: sched_switch: prev_comm=swapper/4 prev_pid=0 prev_prio=120 prev_state=R ==> next_comm=iptraf next_pid=9704 next_prio=120
          iptraf-9704  [004] d... 103284.234990: sched_switch: prev_comm=iptraf prev_pid=9704 prev_prio=120 prev_state=S ==> next_comm=swapper/4 next_pid=0 next_prio=120
          <idle>-0     [005] d.h. 103284.237474: irq_handler_entry: irq=23 name=ehci_hcd:usb2
          <idle>-0     [005] d.h. 103284.237484: irq_handler_exit: irq=23 ret=handled
          <idle>-0     [000] d.h. 103284.238424: irq_handler_entry: irq=48 name=i915
          <idle>-0     [000] d.h. 103284.238445: irq_handler_exit: irq=48 ret=handled
          <idle>-0     [005] d.h. 103284.242227: irq_handler_entry: irq=23 name=ehci_hcd:usb2
          <idle>-0     [005] d.h. 103284.242244: irq_handler_exit: irq=23 ret=handled
          <idle>-0     [005] d... 103284.242288: sched_switch: prev_comm=swapper/5 prev_pid=0 prev_prio=120 prev_state=R ==> next_comm=apcupsd next_pid=2503 next_prio=120
         apcupsd-2503  [005] d... 103284.242326: sched_switch: prev_comm=apcupsd prev_pid=2503 prev_prio=120 prev_state=S ==> next_comm=swapper/5 next_pid=0 next_prio=120
          <idle>-0     [005] d.h. 103284.249478: irq_handler_entry: irq=23 name=ehci_hcd:usb2
          <idle>-0     [005] d.h. 103284.249490: irq_handler_exit: irq=23 ret=handled
          <idle>-0     [005] d.h. 103284.249570: irq_handler_entry: irq=23 name=ehci_hcd:usb2
          <idle>-0     [005] d.h. 103284.249576: irq_handler_exit: irq=23 ret=handled
          <idle>-0     [000] d.h. 103284.255115: irq_handler_entry: irq=48 name=i915
          <idle>-0     [000] d.h. 103284.255136: irq_handler_exit: irq=48 ret=handled
          <idle>-0     [005] d... 103284.255446: sched_switch: prev_comm=swapper/5 prev_pid=0 prev_prio=120 prev_state=R ==> next_comm=apcupsd next_pid=2503 next_prio=120
         apcupsd-2503  [005] d... 103284.255497: sched_switch: prev_comm=apcupsd prev_pid=2503 prev_prio=120 prev_state=D ==> next_comm=swapper/5 next_pid=0 next_prio=120
          <idle>-0     [005] d.h. 103284.257484: irq_handler_entry: irq=23 name=ehci_hcd:usb2
          <idle>-0     [005] d.h. 103284.257495: irq_handler_exit: irq=23 ret=handled
          <idle>-0     [003] d... 103284.261057: sched_switch: prev_comm=swapper/3 prev_pid=0 prev_prio=120 prev_state=R ==> next_comm=mysqld next_pid=21476 next_prio=120
          mysqld-21476 [003] d... 103284.261167: sched_switch: prev_comm=mysqld prev_pid=21476 prev_prio=120 prev_state=S ==> next_comm=swapper/3 next_pid=0 next_prio=120
          <idle>-0     [005] d.h. 103284.262235: irq_handler_entry: irq=23 name=ehci_hcd:usb2
          <idle>-0     [005] d.h. 103284.262252: irq_handler_exit: irq=23 ret=handled
          <idle>-0     [005] d... 103284.262292: sched_switch: prev_comm=swapper/5 prev_pid=0 prev_prio=120 prev_state=R ==> next_comm=apcupsd next_pid=2503 next_prio=120
         apcupsd-2503  [005] d... 103284.262331: sched_switch: prev_comm=apcupsd prev_pid=2503 prev_prio=120 prev_state=S ==> next_comm=swapper/5 next_pid=0 next_prio=120
          <idle>-0     [000] d... 103284.269297: sched_switch: prev_comm=swapper/0 prev_pid=0 prev_prio=120 prev_state=R ==> next_comm=java next_pid=358 next_prio=120
          <idle>-0     [001] d.h. 103284.269310: irq_handler_entry: irq=23 name=ehci_hcd:usb2
          <idle>-0     [001] d.h. 103284.269320: irq_handler_exit: irq=23 ret=handled
            java-358   [000] d... 103284.269350: sched_switch: prev_comm=java prev_pid=358 prev_prio=120 prev_state=S ==> next_comm=swapper/0 next_pid=0 next_prio=120
          <idle>-0     [005] d.h. 103284.269462: irq_handler_entry: irq=23 name=ehci_hcd:usb2
          <idle>-0     [005] d.h. 103284.269470: irq_handler_exit: irq=23 ret=handled
          <idle>-0     [000] d.h. 103284.271791: irq_handler_entry: irq=48 name=i915
          <idle>-0     [000] d.h. 103284.271813: irq_handler_exit: irq=48 ret=handled
          <idle>-0     [005] d... 103284.276454: sched_switch: prev_comm=swapper/5 prev_pid=0 prev_prio=120 prev_state=R ==> next_comm=apcupsd next_pid=2503 next_prio=120
         apcupsd-2503  [005] d... 103284.276505: sched_switch: prev_comm=apcupsd prev_pid=2503 prev_prio=120 prev_state=D ==> next_comm=swapper/5 next_pid=0 next_prio=120
          <idle>-0     [005] d.h. 103284.277490: irq_handler_entry: irq=23 name=ehci_hcd:usb2
          <idle>-0     [005] d.h. 103284.277500: irq_handler_exit: irq=23 ret=handled
          <idle>-0     [005] d.h. 103284.282244: irq_handler_entry: irq=23 name=ehci_hcd:usb2
          <idle>-0     [005] d.h. 103284.282261: irq_handler_exit: irq=23 ret=handled
          <idle>-0     [005] d... 103284.282301: sched_switch: prev_comm=swapper/5 prev_pid=0 prev_prio=120 prev_state=R ==> next_comm=apcupsd next_pid=2503 next_prio=120
         apcupsd-2503  [005] d... 103284.282340: sched_switch: prev_comm=apcupsd prev_pid=2503 prev_prio=120 prev_state=S ==> next_comm=swapper/5 next_pid=0 next_prio=120
          <idle>-0     [005] d.h. 103284.282619: irq_handler_entry: irq=23 name=ehci_hcd:usb2
          <idle>-0     [005] d.h. 103284.282636: irq_handler_exit: irq=23 ret=handled
          <idle>-0     [004] d... 103284.285128: sched_switch: prev_comm=swapper/4 prev_pid=0 prev_prio=120 prev_state=R ==> next_comm=iptraf next_pid=9704 next_prio=120
          iptraf-9704  [004] d... 103284.285259: sched_switch: prev_comm=iptraf prev_pid=9704 prev_prio=120 prev_state=S ==> next_comm=swapper/4 next_pid=0 next_prio=120
          <idle>-0     [000] d.h. 103284.288482: irq_handler_entry: irq=48 name=i915
          <idle>-0     [000] d.h. 103284.288504: irq_handler_exit: irq=48 ret=handled
          <idle>-0     [005] d.h. 103284.288872: irq_handler_entry: irq=23 name=ehci_hcd:usb2
          <idle>-0     [005] d.h. 103284.288884: irq_handler_exit: irq=23 ret=handled
          <idle>-0     [005] d.h. 103284.288963: irq_handler_entry: irq=23 name=ehci_hcd:usb2
          <idle>-0     [005] d.h. 103284.288969: irq_handler_exit: irq=23 ret=handled
          <idle>-0     [005] d... 103284.297462: sched_switch: prev_comm=swapper/5 prev_pid=0 prev_prio=120 prev_state=R ==> next_comm=apcupsd next_pid=2503 next_prio=120
         apcupsd-2503  [005] d... 103284.297493: sched_switch: prev_comm=apcupsd prev_pid=2503 prev_prio=120 prev_state=S ==> next_comm=swapper/5 next_pid=0 next_prio=120
          <idle>-0     [000] d.h. 103284.305158: irq_handler_entry: irq=48 name=i915
          <idle>-0     [000] d.h. 103284.305180: irq_handler_exit: irq=48 ret=handled
          <idle>-0     [002] d... 103284.306809: sched_switch: prev_comm=swapper/2 prev_pid=0 prev_prio=120 prev_state=R ==> next_comm=kworker/2:2 next_pid=2241 next_prio=120
          <idle>-0     [003] d... 103284.306835: sched_switch: prev_comm=swapper/3 prev_pid=0 prev_prio=120 prev_state=R ==> next_comm=python next_pid=365 next_prio=120
     kworker/2:2-2241  [002] d... 103284.306839: sched_switch: prev_comm=kworker/2:2 prev_pid=2241 prev_prio=120 prev_state=S ==> next_comm=swapper/2 next_pid=0 next_prio=120
          python-365   [003] d... 103284.309745: sched_switch: prev_comm=python prev_pid=365 prev_prio=120 prev_state=S ==> next_comm=swapper/3 next_pid=0 next_prio=120
          <idle>-0     [005] d... 103284.317619: sched_switch: prev_comm=swapper/5 prev_pid=0 prev_prio=120 prev_state=R ==> next_comm=apcupsd next_pid=2503 next_prio=120
         apcupsd-2503  [005] d... 103284.317671: sched_switch: prev_comm=apcupsd prev_pid=2503 prev_prio=120 prev_state=D ==> next_comm=swapper/5 next_pid=0 next_prio=120
          <idle>-0     [000] d... 103284.319479: sched_switch: prev_comm=swapper/0 prev_pid=0 prev_prio=120 prev_state=R ==> next_comm=java next_pid=358 next_prio=120
            java-358   [000] d... 103284.319533: sched_switch: prev_comm=java prev_pid=358 prev_prio=120 prev_state=S ==> next_comm=swapper/0 next_pid=0 next_prio=120
          <idle>-0     [000] d... 103284.321282: sched_switch: prev_comm=swapper/0 prev_pid=0 prev_prio=120 prev_state=R ==> next_comm=ntpd next_pid=2560 next_prio=120
            ntpd-2560  [000] d... 103284.321344: sched_switch: prev_comm=ntpd prev_pid=2560 prev_prio=120 prev_state=S ==> next_comm=swapper/0 next_pid=0 next_prio=120
          <idle>-0     [000] d.h. 103284.321859: irq_handler_entry: irq=48 name=i915
          <idle>-0     [000] d.h. 103284.321879: irq_handler_exit: irq=48 ret=handled
          <idle>-0     [005] d.h. 103284.322509: irq_handler_entry: irq=23 name=ehci_hcd:usb2
          <idle>-0     [005] d.h. 103284.322518: irq_handler_exit: irq=23 ret=handled
          <idle>-0     [005] d.h. 103284.328640: irq_handler_entry: irq=23 name=ehci_hcd:usb2
          <idle>-0     [005] d.h. 103284.328656: irq_handler_exit: irq=23 ret=handled
          <idle>-0     [005] d... 103284.328701: sched_switch: prev_comm=swapper/5 prev_pid=0 prev_prio=120 prev_state=R ==> next_comm=apcupsd next_pid=2503 next_prio=120
         apcupsd-2503  [005] d... 103284.328739: sched_switch: prev_comm=apcupsd prev_pid=2503 prev_prio=120 prev_state=S ==> next_comm=swapper/5 next_pid=0 next_prio=120
          <idle>-0     [004] d... 103284.335394: sched_switch: prev_comm=swapper/4 prev_pid=0 prev_prio=120 prev_state=R ==> next_comm=iptraf next_pid=9704 next_prio=120
          iptraf-9704  [004] d... 103284.335527: sched_switch: prev_comm=iptraf prev_pid=9704 prev_prio=120 prev_state=S ==> next_comm=swapper/4 next_pid=0 next_prio=120
          <idle>-0     [005] d.h. 103284.335890: irq_handler_entry: irq=23 name=ehci_hcd:usb2
          <idle>-0     [005] d.h. 103284.335902: irq_handler_exit: irq=23 ret=handled
          <idle>-0     [005] d.h. 103284.335981: irq_handler_entry: irq=23 name=ehci_hcd:usb2
          <idle>-0     [005] d.h. 103284.335987: irq_handler_exit: irq=23 ret=handled
          <idle>-0     [005] d... 103284.337857: sched_switch: prev_comm=swapper/5 prev_pid=0 prev_prio=120 prev_state=R ==> next_comm=apcupsd next_pid=2503 next_prio=120
         apcupsd-2503  [005] d... 103284.337889: sched_switch: prev_comm=apcupsd prev_pid=2503 prev_prio=120 prev_state=S ==> next_comm=swapper/5 next_pid=0 next_prio=120
          <idle>-0     [000] d.h. 103284.338539: irq_handler_entry: irq=48 name=i915
          <idle>-0     [000] d.h. 103284.338560: irq_handler_exit: irq=48 ret=handled
          <idle>-0     [005] d.h. 103284.346648: irq_handler_entry: irq=23 name=ehci_hcd:usb2
          <idle>-0     [005] d.h. 103284.346666: irq_handler_exit: irq=23 ret=handled
          <idle>-0     [000] d.h. 103284.355231: irq_handler_entry: irq=48 name=i915
          <idle>-0     [000] d.h. 103284.355254: irq_handler_exit: irq=48 ret=handled
          <idle>-0     [005] d... 103284.358012: sched_switch: prev_comm=swapper/5 prev_pid=0 prev_prio=120 prev_state=R ==> next_comm=apcupsd next_pid=2503 next_prio=120
         apcupsd-2503  [005] d... 103284.358064: sched_switch: prev_comm=apcupsd prev_pid=2503 prev_prio=120 prev_state=D ==> next_comm=swapper/5 next_pid=0 next_prio=120
          <idle>-0     [005] d.h. 103284.362404: irq_handler_entry: irq=23 name=ehci_hcd:usb2
          <idle>-0     [005] d.h. 103284.362414: irq_handler_exit: irq=23 ret=handled
          <idle>-0     [005] d.h. 103284.368658: irq_handler_entry: irq=23 name=ehci_hcd:usb2
          <idle>-0     [005] d.h. 103284.368674: irq_handler_exit: irq=23 ret=handled
          <idle>-0     [005] d... 103284.368714: sched_switch: prev_comm=swapper/5 prev_pid=0 prev_prio=120 prev_state=R ==> next_comm=apcupsd next_pid=2503 next_prio=120
         apcupsd-2503  [005] d... 103284.368784: sched_switch: prev_comm=apcupsd prev_pid=2503 prev_prio=120 prev_state=S ==> next_comm=swapper/5 next_pid=0 next_prio=120
          <idle>-0     [000] d... 103284.369662: sched_switch: prev_comm=swapper/0 prev_pid=0 prev_prio=120 prev_state=R ==> next_comm=java next_pid=358 next_prio=120
            java-358   [000] d... 103284.369714: sched_switch: prev_comm=java prev_pid=358 prev_prio=120 prev_state=S ==> next_comm=swapper/0 next_pid=0 next_prio=120
          <idle>-0     [000] d.h. 103284.371925: irq_handler_entry: irq=48 name=i915
          <idle>-0     [000] d.h. 103284.371947: irq_handler_exit: irq=48 ret=handled
          <idle>-0     [005] d.h. 103284.375907: irq_handler_entry: irq=23 name=ehci_hcd:usb2
          <idle>-0     [005] d.h. 103284.375919: irq_handler_exit: irq=23 ret=handled
          <idle>-0     [005] d.h. 103284.375998: irq_handler_entry: irq=23 name=ehci_hcd:usb2
          <idle>-0     [005] d.h. 103284.376004: irq_handler_exit: irq=23 ret=handled
          <idle>-0     [005] d... 103284.378904: sched_switch: prev_comm=swapper/5 prev_pid=0 prev_prio=120 prev_state=R ==> next_comm=apcupsd next_pid=2503 next_prio=120
         apcupsd-2503  [005] d... 103284.378956: sched_switch: prev_comm=apcupsd prev_pid=2503 prev_prio=120 prev_state=D ==> next_comm=swapper/5 next_pid=0 next_prio=120
          <idle>-0     [005] d.h. 103284.382534: irq_handler_entry: irq=23 name=ehci_hcd:usb2
          <idle>-0     [005] d.h. 103284.382544: irq_handler_exit: irq=23 ret=handled
          <idle>-0     [004] d... 103284.385661: sched_switch: prev_comm=swapper/4 prev_pid=0 prev_prio=120 prev_state=R ==> next_comm=iptraf next_pid=9704 next_prio=120
          iptraf-9704  [004] d... 103284.385794: sched_switch: prev_comm=iptraf prev_pid=9704 prev_prio=120 prev_state=S ==> next_comm=swapper/4 next_pid=0 next_prio=120
          <idle>-0     [004] d.h. 103284.386179: irq_handler_entry: irq=45 name=eth0
          <idle>-0     [004] d.h. 103284.386184: irq_handler_exit: irq=45 ret=handled
          <idle>-0     [004] d... 103284.386267: sched_switch: prev_comm=swapper/4 prev_pid=0 prev_prio=120 prev_state=R ==> next_comm=iptraf next_pid=9704 next_prio=120
          <idle>-0     [000] d... 103284.386267: sched_switch: prev_comm=swapper/0 prev_pid=0 prev_prio=120 prev_state=R ==> next_comm=avahi-daemon next_pid=1321 next_prio=120
          <idle>-0     [002] d... 103284.386272: sched_switch: prev_comm=swapper/2 prev_pid=0 prev_prio=120 prev_state=R ==> next_comm=Chrome_IOThread next_pid=7297 next_prio=120
          <idle>-0     [001] d... 103284.386279: sched_switch: prev_comm=swapper/1 prev_pid=0 prev_prio=120 prev_state=R ==> next_comm=rcuos/4 next_pid=12 next_prio=120
         rcuos/4-12    [001] d... 103284.386300: sched_switch: prev_comm=rcuos/4 prev_pid=12 prev_prio=120 prev_state=S ==> next_comm=rcu_sched next_pid=7 next_prio=120
       rcu_sched-7     [001] d... 103284.386325: sched_switch: prev_comm=rcu_sched prev_pid=7 prev_prio=120 prev_state=S ==> next_comm=swapper/1 next_pid=0 next_prio=120
          <idle>-0     [006] d... 103284.386344: sched_switch: prev_comm=swapper/6 prev_pid=0 prev_prio=120 prev_state=R ==> next_comm=rcuos/2 next_pid=10 next_prio=120
          iptraf-9704  [004] d... 103284.386357: sched_switch: prev_comm=iptraf prev_pid=9704 prev_prio=120 prev_state=S ==> next_comm=swapper/4 next_pid=0 next_prio=120
         rcuos/2-10    [006] d... 103284.386369: sched_switch: prev_comm=rcuos/2 prev_pid=10 prev_prio=120 prev_state=S ==> next_comm=swapper/6 next_pid=0 next_prio=120
 Chrome_IOThread-7297  [002] d... 103284.386381: sched_switch: prev_comm=Chrome_IOThread prev_pid=7297 prev_prio=120 prev_state=S ==> next_comm=swapper/2 next_pid=0 next_prio=120
          <idle>-0     [004] d... 103284.386501: sched_switch: prev_comm=swapper/4 prev_pid=0 prev_prio=120 prev_state=R ==> next_comm=rcuos/0 next_pid=8 next_prio=120
          <idle>-0     [001] d... 103284.386516: sched_switch: prev_comm=swapper/1 prev_pid=0 prev_prio=120 prev_state=R ==> next_comm=iptraf next_pid=9704 next_prio=120
          <idle>-0     [002] d... 103284.386516: sched_switch: prev_comm=swapper/2 prev_pid=0 prev_prio=120 prev_state=R ==> next_comm=Chrome_IOThread next_pid=7297 next_prio=120
         rcuos/0-8     [004] d... 103284.386519: sched_switch: prev_comm=rcuos/0 prev_pid=8 prev_prio=120 prev_state=S ==> next_comm=swapper/4 next_pid=0 next_prio=120
          <idle>-0     [004] d.h. 103284.386547: irq_handler_entry: irq=45 name=eth0
          <idle>-0     [004] d.h. 103284.386550: irq_handler_exit: irq=45 ret=handled
          iptraf-9704  [001] d... 103284.386569: sched_switch: prev_comm=iptraf prev_pid=9704 prev_prio=120 prev_state=S ==> next_comm=swapper/1 next_pid=0 next_prio=120
 Chrome_IOThread-7297  [002] d... 103284.386592: sched_switch: prev_comm=Chrome_IOThread prev_pid=7297 prev_prio=120 prev_state=S ==> next_comm=swapper/2 next_pid=0 next_prio=120
    avahi-daemon-1321  [000] d... 103284.386639: sched_switch: prev_comm=avahi-daemon prev_pid=1321 prev_prio=120 prev_state=S ==> next_comm=swapper/0 next_pid=0 next_prio=120
          <idle>-0     [001] d... 103284.386769: sched_switch: prev_comm=swapper/1 prev_pid=0 prev_prio=120 prev_state=R ==> next_comm=rcu_sched next_pid=7 next_prio=120
       rcu_sched-7     [001] d... 103284.386780: sched_switch: prev_comm=rcu_sched prev_pid=7 prev_prio=120 prev_state=S ==> next_comm=kworker/1:1 next_pid=98 next_prio=120
     kworker/1:1-98    [001] d... 103284.386794: sched_switch: prev_comm=kworker/1:1 prev_pid=98 prev_prio=120 prev_state=S ==> next_comm=swapper/1 next_pid=0 next_prio=120
          <idle>-0     [002] d... 103284.386813: sched_switch: prev_comm=swapper/2 prev_pid=0 prev_prio=120 prev_state=R ==> next_comm=rcuos/4 next_pid=12 next_prio=120
         rcuos/4-12    [002] d... 103284.386832: sched_switch: prev_comm=rcuos/4 prev_pid=12 prev_prio=120 prev_state=S ==> next_comm=swapper/2 next_pid=0 next_prio=120
          <idle>-0     [000] d.h. 103284.388601: irq_handler_entry: irq=48 name=i915
          <idle>-0     [000] d.h. 103284.388622: irq_handler_exit: irq=48 ret=handled
          <idle>-0     [005] d.h. 103284.388629: irq_handler_entry: irq=23 name=ehci_hcd:usb2
          <idle>-0     [005] d.h. 103284.388643: irq_handler_exit: irq=23 ret=handled
          <idle>-0     [005] d... 103284.388681: sched_switch: prev_comm=swapper/5 prev_pid=0 prev_prio=120 prev_state=R ==> next_comm=apcupsd next_pid=2503 next_prio=120
         apcupsd-2503  [005] d... 103284.388720: sched_switch: prev_comm=apcupsd prev_pid=2503 prev_prio=120 prev_state=S ==> next_comm=swapper/5 next_pid=0 next_prio=120
          <idle>-0     [001] d... 103284.390836: sched_switch: prev_comm=swapper/1 prev_pid=0 prev_prio=120 prev_state=R ==> next_comm=rcu_sched next_pid=7 next_prio=120
       rcu_sched-7     [001] d... 103284.390863: sched_switch: prev_comm=rcu_sched prev_pid=7 prev_prio=120 prev_state=S ==> next_comm=swapper/1 next_pid=0 next_prio=120
          <idle>-0     [004] d... 103284.390885: sched_switch: prev_comm=swapper/4 prev_pid=0 prev_prio=120 prev_state=R ==> next_comm=rcuos/0 next_pid=8 next_prio=120
          <idle>-0     [006] d... 103284.390891: sched_switch: prev_comm=swapper/6 prev_pid=0 prev_prio=120 prev_state=R ==> next_comm=rcuos/2 next_pid=10 next_prio=120
         rcuos/0-8     [004] d... 103284.390907: sched_switch: prev_comm=rcuos/0 prev_pid=8 prev_prio=120 prev_state=S ==> next_comm=swapper/4 next_pid=0 next_prio=120
         rcuos/2-10    [006] d... 103284.390921: sched_switch: prev_comm=rcuos/2 prev_pid=10 prev_prio=120 prev_state=S ==> next_comm=swapper/6 next_pid=0 next_prio=120
          <idle>-0     [001] d... 103284.390945: sched_switch: prev_comm=swapper/1 prev_pid=0 prev_prio=120 prev_state=R ==> next_comm=rcu_sched next_pid=7 next_prio=120
       rcu_sched-7     [001] d... 103284.390964: sched_switch: prev_comm=rcu_sched prev_pid=7 prev_prio=120 prev_state=S ==> next_comm=swapper/1 next_pid=0 next_prio=120
          <idle>-0     [001] d... 103284.394843: sched_switch: prev_comm=swapper/1 prev_pid=0 prev_prio=120 prev_state=R ==> next_comm=kworker/1:1 next_pid=98 next_prio=120
     kworker/1:1-98    [001] d... 103284.394859: sched_switch: prev_comm=kworker/1:1 prev_pid=98 prev_prio=120 prev_state=S ==> next_comm=rcu_sched next_pid=7 next_prio=120
       rcu_sched-7     [001] d... 103284.394878: sched_switch: prev_comm=rcu_sched prev_pid=7 prev_prio=120 prev_state=S ==> next_comm=swapper/1 next_pid=0 next_prio=120
          <idle>-0     [006] d... 103284.394905: sched_switch: prev_comm=swapper/6 prev_pid=0 prev_prio=120 prev_state=R ==> next_comm=rcuos/2 next_pid=10 next_prio=120
         rcuos/2-10    [006] d... 103284.394923: sched_switch: prev_comm=rcuos/2 prev_pid=10 prev_prio=120 prev_state=S ==> next_comm=swapper/6 next_pid=0 next_prio=120
          <idle>-0     [005] d.h. 103284.395755: irq_handler_entry: irq=23 name=ehci_hcd:usb2
          <idle>-0     [005] d.h. 103284.395764: irq_handler_exit: irq=23 ret=handled
          <idle>-0     [005] d.h. 103284.395920: irq_handler_entry: irq=23 name=ehci_hcd:usb2
          <idle>-0     [005] d.h. 103284.395928: irq_handler_exit: irq=23 ret=handled
          <idle>-0     [000] d... 103284.396345: sched_switch: prev_comm=swapper/0 prev_pid=0 prev_prio=120 prev_state=R ==> next_comm=postgres next_pid=16736 next_prio=120
        postgres-16736 [000] d... 103284.396390: sched_switch: prev_comm=postgres prev_pid=16736 prev_prio=120 prev_state=S ==> next_comm=swapper/0 next_pid=0 next_prio=120
          <idle>-0     [005] d... 103284.399840: sched_switch: prev_comm=swapper/5 prev_pid=0 prev_prio=120 prev_state=R ==> next_comm=apcupsd next_pid=2503 next_prio=120
         apcupsd-2503  [005] d... 103284.399892: sched_switch: prev_comm=apcupsd prev_pid=2503 prev_prio=120 prev_state=D ==> next_comm=swapper/5 next_pid=0 next_prio=120
          <idle>-0     [005] d.h. 103284.402543: irq_handler_entry: irq=23 name=ehci_hcd:usb2
          <idle>-0     [005] d.h. 103284.402553: irq_handler_exit: irq=23 ret=handled
          <idle>-0     [000] d.h. 103284.405295: irq_handler_entry: irq=48 name=i915
          <idle>-0     [000] d.h. 103284.405316: irq_handler_exit: irq=48 ret=handled
          <idle>-0     [003] d... 103284.406864: sched_switch: prev_comm=swapper/3 prev_pid=0 prev_prio=120 prev_state=R ==> next_comm=kworker/3:1 next_pid=200 next_prio=120
          <idle>-0     [000] d... 103284.406880: sched_switch: prev_comm=swapper/0 prev_pid=0 prev_prio=120 prev_state=R ==> next_comm=python next_pid=365 next_prio=120
     kworker/3:1-200   [003] d... 103284.406887: sched_switch: prev_comm=kworker/3:1 prev_pid=200 prev_prio=120 prev_state=S ==> next_comm=swapper/3 next_pid=0 next_prio=120
          <idle>-0     [005] d.h. 103284.408638: irq_handler_entry: irq=23 name=ehci_hcd:usb2
          <idle>-0     [005] d.h. 103284.408653: irq_handler_exit: irq=23 ret=handled
          <idle>-0     [005] d... 103284.408688: sched_switch: prev_comm=swapper/5 prev_pid=0 prev_prio=120 prev_state=R ==> next_comm=apcupsd next_pid=2503 next_prio=120
         apcupsd-2503  [005] d... 103284.408723: sched_switch: prev_comm=apcupsd prev_pid=2503 prev_prio=120 prev_state=S ==> next_comm=swapper/5 next_pid=0 next_prio=120
          <idle>-0     [005] d.h. 103284.410636: irq_handler_entry: irq=23 name=ehci_hcd:usb2
          <idle>-0     [005] d.h. 103284.410646: irq_handler_exit: irq=23 ret=handled
          python-365   [000] d... 103284.410789: sched_switch: prev_comm=python prev_pid=365 prev_prio=120 prev_state=R ==> next_comm=kworker/0:1 next_pid=97 next_prio=120
     kworker/0:1-97    [000] d... 103284.410800: sched_switch: prev_comm=kworker/0:1 prev_pid=97 prev_prio=120 prev_state=S ==> next_comm=python next_pid=365 next_prio=120
          python-365   [000] d... 103284.411010: sched_switch: prev_comm=python prev_pid=365 prev_prio=120 prev_state=S ==> next_comm=swapper/0 next_pid=0 next_prio=120
          <idle>-0     [005] d.h. 103284.416767: irq_handler_entry: irq=23 name=ehci_hcd:usb2
          <idle>-0     [005] d.h. 103284.416778: irq_handler_exit: irq=23 ret=handled
          <idle>-0     [005] d.h. 103284.416940: irq_handler_entry: irq=23 name=ehci_hcd:usb2
          <idle>-0     [005] d.h. 103284.416948: irq_handler_exit: irq=23 ret=handled
          <idle>-0     [000] d... 103284.419843: sched_switch: prev_comm=swapper/0 prev_pid=0 prev_prio=120 prev_state=R ==> next_comm=java next_pid=358 next_prio=120
          <idle>-0     [005] d... 103284.419843: sched_switch: prev_comm=swapper/5 prev_pid=0 prev_prio=120 prev_state=R ==> next_comm=apcupsd next_pid=2503 next_prio=120
            java-358   [000] d... 103284.419897: sched_switch: prev_comm=java prev_pid=358 prev_prio=120 prev_state=S ==> next_comm=swapper/0 next_pid=0 next_prio=120
         apcupsd-2503  [005] d... 103284.419897: sched_switch: prev_comm=apcupsd prev_pid=2503 prev_prio=120 prev_state=D ==> next_comm=swapper/5 next_pid=0 next_prio=120
          <idle>-0     [000] d.h. 103284.421984: irq_handler_entry: irq=48 name=i915
          <idle>-0     [000] d.h. 103284.422005: irq_handler_exit: irq=48 ret=handled
          <idle>-0     [005] d.h. 103284.422550: irq_handler_entry: irq=23 name=ehci_hcd:usb2
          <idle>-0     [005] d.h. 103284.422560: irq_handler_exit: irq=23 ret=handled
          <idle>-0     [002] d... 103284.426640: sched_switch: prev_comm=swapper/2 prev_pid=0 prev_prio=120 prev_state=R ==> next_comm=apache2 next_pid=23724 next_prio=120
         apache2-23724 [002] d... 103284.426686: sched_switch: prev_comm=apache2 prev_pid=23724 prev_prio=120 prev_state=S ==> next_comm=swapper/2 next_pid=0 next_prio=120
          <idle>-0     [005] d.h. 103284.428679: irq_handler_entry: irq=23 name=ehci_hcd:usb2
          <idle>-0     [005] d.h. 103284.428695: irq_handler_exit: irq=23 ret=handled
          <idle>-0     [005] d... 103284.428736: sched_switch: prev_comm=swapper/5 prev_pid=0 prev_prio=120 prev_state=R ==> next_comm=apcupsd next_pid=2503 next_prio=120
         apcupsd-2503  [005] d... 103284.428774: sched_switch: prev_comm=apcupsd prev_pid=2503 prev_prio=120 prev_state=S ==> next_comm=swapper/5 next_pid=0 next_prio=120
          <idle>-0     [002] d... 103284.435118: sched_switch: prev_comm=swapper/2 prev_pid=0 prev_prio=120 prev_state=R ==> next_comm=postgres next_pid=16737 next_prio=120
        postgres-16737 [002] d... 103284.435157: sched_switch: prev_comm=postgres prev_pid=16737 prev_prio=120 prev_state=S ==> next_comm=swapper/2 next_pid=0 next_prio=120
          <idle>-0     [005] d.h. 103284.435931: irq_handler_entry: irq=23 name=ehci_hcd:usb2
          <idle>-0     [005] d.h. 103284.435943: irq_handler_exit: irq=23 ret=handled
          <idle>-0     [005] d.h. 103284.436022: irq_handler_entry: irq=23 name=ehci_hcd:usb2
          <idle>-0     [005] d.h. 103284.436029: irq_handler_exit: irq=23 ret=handled
          <idle>-0     [001] d... 103284.436703: sched_switch: prev_comm=swapper/1 prev_pid=0 prev_prio=120 prev_state=R ==> next_comm=iptraf next_pid=9704 next_prio=120
          iptraf-9704  [001] d... 103284.436929: sched_switch: prev_comm=iptraf prev_pid=9704 prev_prio=120 prev_state=S ==> next_comm=kworker/1:1 next_pid=98 next_prio=120
     kworker/1:1-98    [001] d... 103284.436956: sched_switch: prev_comm=kworker/1:1 prev_pid=98 prev_prio=120 prev_state=S ==> next_comm=swapper/1 next_pid=0 next_prio=120
          <idle>-0     [002] d... 103284.436978: sched_switch: prev_comm=swapper/2 prev_pid=0 prev_prio=120 prev_state=R ==> next_comm=gnome-terminal next_pid=3404 next_prio=120
