   zabbix_server-22093 [000] d... 103284.972402: sched_switch: prev_comm=zabbix_server prev_pid=22093 prev_prio=120 prev_state=S ==> next_comm=swapper/0 next_pid=0 next_prio=120
   zabbix_server-22121 [003] d... 103284.972415: sched_switch: prev_comm=zabbix_server prev_pid=22121 prev_prio=120 prev_state=S ==> next_comm=swapper/3 next_pid=0 next_prio=120
          <idle>-0     [000] d.h. 103284.972669: irq_handler_entry: irq=48 name=i915
          <idle>-0     [000] d.h. 103284.972679: irq_handler_exit: irq=48 ret=handled
          <idle>-0     [005] d.h. 103284.976527: irq_handler_entry: irq=23 name=ehci_hcd:usb2
          <idle>-0     [005] d.h. 103284.976534: irq_handler_exit: irq=23 ret=handled
          <idle>-0     [005] d.h. 103284.976663: irq_handler_entry: irq=23 name=ehci_hcd:usb2
          <idle>-0     [005] d.h. 103284.976668: irq_handler_exit: irq=23 ret=handled
          <idle>-0     [005] d... 103284.980430: sched_switch: prev_comm=swapper/5 prev_pid=0 prev_prio=120 prev_state=R ==> next_comm=apcupsd next_pid=2503 next_prio=120
         apcupsd-2503  [005] d... 103284.980453: sched_switch: prev_comm=apcupsd prev_pid=2503 prev_prio=120 prev_state=D ==> next_comm=swapper/5 next_pid=0 next_prio=120
          <idle>-0     [005] d.h. 103284.983031: irq_handler_entry: irq=23 name=ehci_hcd:usb2
          <idle>-0     [005] d.h. 103284.983036: irq_handler_exit: irq=23 ret=handled
          <idle>-0     [004] d... 103284.983894: sched_switch: prev_comm=swapper/4 prev_pid=0 prev_prio=120 prev_state=R ==> next_comm=iptraf next_pid=9704 next_prio=120
          iptraf-9704  [004] d... 103284.983941: sched_switch: prev_comm=iptraf prev_pid=9704 prev_prio=120 prev_state=S ==> next_comm=swapper/4 next_pid=0 next_prio=120
          <idle>-0     [005] d.h. 103284.989284: irq_handler_entry: irq=23 name=ehci_hcd:usb2
          <idle>-0     [005] d.h. 103284.989292: irq_handler_exit: irq=23 ret=handled
          <idle>-0     [005] d... 103284.989309: sched_switch: prev_comm=swapper/5 prev_pid=0 prev_prio=120 prev_state=R ==> next_comm=apcupsd next_pid=2503 next_prio=120
          <idle>-0     [000] d.h. 103284.989322: irq_handler_entry: irq=48 name=i915
         apcupsd-2503  [005] d... 103284.989328: sched_switch: prev_comm=apcupsd prev_pid=2503 prev_prio=120 prev_state=S ==> next_comm=swapper/5 next_pid=0 next_prio=120
          <idle>-0     [000] d.h. 103284.989332: irq_handler_exit: irq=48 ret=handled
          <idle>-0     [004] d... 103284.995062: sched_switch: prev_comm=swapper/4 prev_pid=0 prev_prio=120 prev_state=R ==> next_comm=kworker/4:1 next_pid=99 next_prio=120
          <idle>-0     [001] d... 103284.995066: sched_switch: prev_comm=swapper/1 prev_pid=0 prev_prio=120 prev_state=R ==> next_comm=iptraf next_pid=9704 next_prio=120
     kworker/4:1-99    [004] d... 103284.995070: sched_switch: prev_comm=kworker/4:1 prev_pid=99 prev_prio=120 prev_state=S ==> next_comm=swapper/4 next_pid=0 next_prio=120
          <idle>-0     [004] d.h. 103284.995079: irq_handler_entry: irq=45 name=eth0
          <idle>-0     [004] d.h. 103284.995081: irq_handler_exit: irq=45 ret=handled
          iptraf-9704  [001] d... 103284.995091: sched_switch: prev_comm=iptraf prev_pid=9704 prev_prio=120 prev_state=S ==> next_comm=swapper/1 next_pid=0 next_prio=120
          <idle>-0     [004] d.h. 103284.995692: irq_handler_entry: irq=45 name=eth0
          <idle>-0     [004] d.h. 103284.995695: irq_handler_exit: irq=45 ret=handled
          <idle>-0     [004] d... 103284.995720: sched_switch: prev_comm=swapper/4 prev_pid=0 prev_prio=120 prev_state=R ==> next_comm=iptraf next_pid=9704 next_prio=120
          iptraf-9704  [004] d... 103284.995744: sched_switch: prev_comm=iptraf prev_pid=9704 prev_prio=120 prev_state=S ==> next_comm=swapper/4 next_pid=0 next_prio=120
          <idle>-0     [005] d.h. 103284.996536: irq_handler_entry: irq=23 name=ehci_hcd:usb2
          <idle>-0     [005] d.h. 103284.996543: irq_handler_exit: irq=23 ret=handled
          <idle>-0     [005] d.h. 103284.996670: irq_handler_entry: irq=23 name=ehci_hcd:usb2
          <idle>-0     [005] d.h. 103284.996675: irq_handler_exit: irq=23 ret=handled
          <idle>-0     [000] d... 103284.997476: sched_switch: prev_comm=swapper/0 prev_pid=0 prev_prio=120 prev_state=R ==> next_comm=postgres next_pid=16736 next_prio=120
        postgres-16736 [000] d... 103284.997497: sched_switch: prev_comm=postgres prev_pid=16736 prev_prio=120 prev_state=S ==> next_comm=swapper/0 next_pid=0 next_prio=120
          <idle>-0     [005] d... 103285.001437: sched_switch: prev_comm=swapper/5 prev_pid=0 prev_prio=120 prev_state=R ==> next_comm=apcupsd next_pid=2503 next_prio=120
         apcupsd-2503  [005] d... 103285.001461: sched_switch: prev_comm=apcupsd prev_pid=2503 prev_prio=120 prev_state=D ==> next_comm=swapper/5 next_pid=0 next_prio=120
          <idle>-0     [005] d.h. 103285.003039: irq_handler_entry: irq=23 name=ehci_hcd:usb2
          <idle>-0     [005] d.h. 103285.003044: irq_handler_exit: irq=23 ret=handled
          <idle>-0     [000] d.h. 103285.006047: irq_handler_entry: irq=48 name=i915
          <idle>-0     [000] d.h. 103285.006057: irq_handler_exit: irq=48 ret=handled
          <idle>-0     [005] d.h. 103285.009291: irq_handler_entry: irq=23 name=ehci_hcd:usb2
          <idle>-0     [005] d.h. 103285.009299: irq_handler_exit: irq=23 ret=handled
          <idle>-0     [005] d... 103285.009316: sched_switch: prev_comm=swapper/5 prev_pid=0 prev_prio=120 prev_state=R ==> next_comm=apcupsd next_pid=2503 next_prio=120
         apcupsd-2503  [005] d... 103285.009333: sched_switch: prev_comm=apcupsd prev_pid=2503 prev_prio=120 prev_state=S ==> next_comm=swapper/5 next_pid=0 next_prio=120
          <idle>-0     [005] d.h. 103285.016547: irq_handler_entry: irq=23 name=ehci_hcd:usb2
          <idle>-0     [005] d.h. 103285.016554: irq_handler_exit: irq=23 ret=handled
          <idle>-0     [005] d.h. 103285.016683: irq_handler_entry: irq=23 name=ehci_hcd:usb2
          <idle>-0     [005] d.h. 103285.016688: irq_handler_exit: irq=23 ret=handled
          <idle>-0     [000] d... 103285.021841: sched_switch: prev_comm=swapper/0 prev_pid=0 prev_prio=120 prev_state=R ==> next_comm=java next_pid=358 next_prio=120
            java-358   [000] d... 103285.021865: sched_switch: prev_comm=java prev_pid=358 prev_prio=120 prev_state=S ==> next_comm=swapper/0 next_pid=0 next_prio=120
          <idle>-0     [005] d... 103285.022443: sched_switch: prev_comm=swapper/5 prev_pid=0 prev_prio=120 prev_state=R ==> next_comm=apcupsd next_pid=2503 next_prio=120
         apcupsd-2503  [005] d... 103285.022457: sched_switch: prev_comm=apcupsd prev_pid=2503 prev_prio=120 prev_state=S ==> next_comm=swapper/5 next_pid=0 next_prio=120
          <idle>-0     [000] d.h. 103285.022722: irq_handler_entry: irq=48 name=i915
          <idle>-0     [000] d.h. 103285.022734: irq_handler_exit: irq=48 ret=handled
          <idle>-0     [003] d... 103285.028608: sched_switch: prev_comm=swapper/3 prev_pid=0 prev_prio=120 prev_state=R ==> next_comm=zabbix_server next_pid=22094 next_prio=120
          <idle>-0     [000] d... 103285.028608: sched_switch: prev_comm=swapper/0 prev_pid=0 prev_prio=120 prev_state=R ==> next_comm=zabbix_server next_pid=22123 next_prio=120
   zabbix_server-22094 [003] d... 103285.028624: sched_switch: prev_comm=zabbix_server prev_pid=22094 prev_prio=120 prev_state=S ==> next_comm=swapper/3 next_pid=0 next_prio=120
          <idle>-0     [003] d... 103285.028627: sched_switch: prev_comm=swapper/3 prev_pid=0 prev_prio=120 prev_state=R ==> next_comm=zabbix_server next_pid=22094 next_prio=120
   zabbix_server-22094 [003] d... 103285.028635: sched_switch: prev_comm=zabbix_server prev_pid=22094 prev_prio=120 prev_state=S ==> next_comm=swapper/3 next_pid=0 next_prio=120
   zabbix_server-22123 [000] d... 103285.028638: sched_switch: prev_comm=zabbix_server prev_pid=22123 prev_prio=120 prev_state=S ==> next_comm=swapper/0 next_pid=0 next_prio=120
          <idle>-0     [003] d... 103285.030717: sched_switch: prev_comm=swapper/3 prev_pid=0 prev_prio=120 prev_state=R ==> next_comm=zabbix_server next_pid=22127 next_prio=120
   zabbix_server-22127 [003] d... 103285.030739: sched_switch: prev_comm=zabbix_server prev_pid=22127 prev_prio=120 prev_state=S ==> next_comm=swapper/3 next_pid=0 next_prio=120
          <idle>-0     [001] d... 103285.031069: sched_switch: prev_comm=swapper/1 prev_pid=0 prev_prio=120 prev_state=R ==> next_comm=kworker/1:1 next_pid=98 next_prio=120
          <idle>-0     [000] d... 103285.031075: sched_switch: prev_comm=swapper/0 prev_pid=0 prev_prio=120 prev_state=R ==> next_comm=kworker/u16:0 next_pid=30835 next_prio=120
     kworker/1:1-98    [001] d... 103285.031079: sched_switch: prev_comm=kworker/1:1 prev_pid=98 prev_prio=120 prev_state=S ==> next_comm=swapper/1 next_pid=0 next_prio=120
   kworker/u16:0-30835 [000] d... 103285.031086: sched_switch: prev_comm=kworker/u16:0 prev_pid=30835 prev_prio=120 prev_state=S ==> next_comm=swapper/0 next_pid=0 next_prio=120
          <idle>-0     [000] d... 103285.031766: sched_switch: prev_comm=swapper/0 prev_pid=0 prev_prio=120 prev_state=R ==> next_comm=zabbix_server next_pid=22131 next_prio=120
          <idle>-0     [001] d... 103285.031767: sched_switch: prev_comm=swapper/1 prev_pid=0 prev_prio=120 prev_state=R ==> next_comm=zabbix_server next_pid=22125 next_prio=120
   zabbix_server-22125 [001] d... 103285.031778: sched_switch: prev_comm=zabbix_server prev_pid=22125 prev_prio=120 prev_state=S ==> next_comm=swapper/1 next_pid=0 next_prio=120
          <idle>-0     [001] d... 103285.031780: sched_switch: prev_comm=swapper/1 prev_pid=0 prev_prio=120 prev_state=R ==> next_comm=zabbix_server next_pid=22125 next_prio=120
   zabbix_server-22125 [001] d... 103285.031788: sched_switch: prev_comm=zabbix_server prev_pid=22125 prev_prio=120 prev_state=S ==> next_comm=swapper/1 next_pid=0 next_prio=120
   zabbix_server-22131 [000] d... 103285.031791: sched_switch: prev_comm=zabbix_server prev_pid=22131 prev_prio=120 prev_state=S ==> next_comm=swapper/0 next_pid=0 next_prio=120
          <idle>-0     [000] d... 103285.035068: sched_switch: prev_comm=swapper/0 prev_pid=0 prev_prio=120 prev_state=R ==> next_comm=kworker/0:1 next_pid=97 next_prio=120
          <idle>-0     [001] d... 103285.035075: sched_switch: prev_comm=swapper/1 prev_pid=0 prev_prio=120 prev_state=R ==> next_comm=python next_pid=365 next_prio=120
     kworker/0:1-97    [000] d... 103285.035093: sched_switch: prev_comm=kworker/0:1 prev_pid=97 prev_prio=120 prev_state=S ==> next_comm=swapper/0 next_pid=0 next_prio=120
          <idle>-0     [003] d... 103285.036229: sched_switch: prev_comm=swapper/3 prev_pid=0 prev_prio=120 prev_state=R ==> next_comm=postgres next_pid=16737 next_prio=120
        postgres-16737 [003] d... 103285.036265: sched_switch: prev_comm=postgres prev_pid=16737 prev_prio=120 prev_state=S ==> next_comm=swapper/3 next_pid=0 next_prio=120
          <idle>-0     [003] d... 103285.037298: sched_switch: prev_comm=swapper/3 prev_pid=0 prev_prio=120 prev_state=R ==> next_comm=zabbix_server next_pid=22106 next_prio=120
   zabbix_server-22106 [003] d... 103285.037349: sched_switch: prev_comm=zabbix_server prev_pid=22106 prev_prio=120 prev_state=S ==> next_comm=swapper/3 next_pid=0 next_prio=120
          python-365   [001] d... 103285.039302: sched_switch: prev_comm=python prev_pid=365 prev_prio=120 prev_state=S ==> next_comm=swapper/1 next_pid=0 next_prio=120
          <idle>-0     [000] d.h. 103285.039405: irq_handler_entry: irq=48 name=i915
          <idle>-0     [000] d.h. 103285.039425: irq_handler_exit: irq=48 ret=handled
          <idle>-0     [005] d... 103285.042591: sched_switch: prev_comm=swapper/5 prev_pid=0 prev_prio=120 prev_state=R ==> next_comm=apcupsd next_pid=2503 next_prio=120
         apcupsd-2503  [005] d... 103285.042624: sched_switch: prev_comm=apcupsd prev_pid=2503 prev_prio=120 prev_state=S ==> next_comm=swapper/5 next_pid=0 next_prio=120
          <idle>-0     [003] d... 103285.042882: sched_switch: prev_comm=swapper/3 prev_pid=0 prev_prio=120 prev_state=R ==> next_comm=zabbix_server next_pid=22133 next_prio=120
   zabbix_server-22133 [003] d... 103285.042938: sched_switch: prev_comm=zabbix_server prev_pid=22133 prev_prio=120 prev_state=S ==> next_comm=swapper/3 next_pid=0 next_prio=120
          <idle>-0     [000] d... 103285.043076: sched_switch: prev_comm=swapper/0 prev_pid=0 prev_prio=120 prev_state=R ==> next_comm=kworker/0:1 next_pid=97 next_prio=120
          <idle>-0     [004] d.h. 103285.043131: irq_handler_entry: irq=45 name=eth0
     kworker/0:1-97    [000] d... 103285.043136: sched_switch: prev_comm=kworker/0:1 prev_pid=97 prev_prio=120 prev_state=S ==> next_comm=swapper/0 next_pid=0 next_prio=120
          <idle>-0     [004] d.h. 103285.043136: irq_handler_exit: irq=45 ret=handled
          <idle>-0     [004] d... 103285.045890: sched_switch: prev_comm=swapper/4 prev_pid=0 prev_prio=120 prev_state=R ==> next_comm=iptraf next_pid=9704 next_prio=120
          iptraf-9704  [004] d... 103285.046084: sched_switch: prev_comm=iptraf prev_pid=9704 prev_prio=120 prev_state=R ==> next_comm=kworker/4:1 next_pid=99 next_prio=120
     kworker/4:1-99    [004] d... 103285.046100: sched_switch: prev_comm=kworker/4:1 prev_pid=99 prev_prio=120 prev_state=S ==> next_comm=iptraf next_pid=9704 next_prio=120
          iptraf-9704  [004] d... 103285.046122: sched_switch: prev_comm=iptraf prev_pid=9704 prev_prio=120 prev_state=S ==> next_comm=swapper/4 next_pid=0 next_prio=120
          <idle>-0     [002] d... 103285.046133: sched_switch: prev_comm=swapper/2 prev_pid=0 prev_prio=120 prev_state=R ==> next_comm=gnome-terminal next_pid=3404 next_prio=120
  gnome-terminal-3404  [002] d... 103285.046279: sched_switch: prev_comm=gnome-terminal prev_pid=3404 prev_prio=120 prev_state=S ==> next_comm=swapper/2 next_pid=0 next_prio=120
          <idle>-0     [000] d.h. 103285.056119: irq_handler_entry: irq=48 name=i915
          <idle>-0     [000] d.h. 103285.056141: irq_handler_exit: irq=48 ret=handled
          <idle>-0     [002] d... 103285.056390: sched_switch: prev_comm=swapper/2 prev_pid=0 prev_prio=120 prev_state=R ==> next_comm=gnome-terminal next_pid=3404 next_prio=120
  gnome-terminal-3404  [002] d... 103285.057117: sched_switch: prev_comm=gnome-terminal prev_pid=3404 prev_prio=120 prev_state=S ==> next_comm=swapper/2 next_pid=0 next_prio=120
          <idle>-0     [003] d... 103285.060693: sched_switch: prev_comm=swapper/3 prev_pid=0 prev_prio=120 prev_state=R ==> next_comm=zabbix_server next_pid=22115 next_prio=120
   zabbix_server-22115 [003] d... 103285.060729: sched_switch: prev_comm=zabbix_server prev_pid=22115 prev_prio=120 prev_state=S ==> next_comm=swapper/3 next_pid=0 next_prio=120
          <idle>-0     [005] d... 103285.062746: sched_switch: prev_comm=swapper/5 prev_pid=0 prev_prio=120 prev_state=R ==> next_comm=apcupsd next_pid=2503 next_prio=120
         apcupsd-2503  [005] d... 103285.062800: sched_switch: prev_comm=apcupsd prev_pid=2503 prev_prio=120 prev_state=D ==> next_comm=swapper/5 next_pid=0 next_prio=120
          <idle>-0     [005] d.h. 103285.069324: irq_handler_entry: irq=23 name=ehci_hcd:usb2
          <idle>-0     [005] d.h. 103285.069334: irq_handler_exit: irq=23 ret=handled
          <idle>-0     [000] d... 103285.072008: sched_switch: prev_comm=swapper/0 prev_pid=0 prev_prio=120 prev_state=R ==> next_comm=java next_pid=358 next_prio=120
            java-358   [000] d... 103285.072060: sched_switch: prev_comm=java prev_pid=358 prev_prio=120 prev_state=S ==> next_comm=swapper/0 next_pid=0 next_prio=120
          <idle>-0     [002] d... 103285.072199: sched_switch: prev_comm=swapper/2 prev_pid=0 prev_prio=120 prev_state=R ==> next_comm=gnome-terminal next_pid=3404 next_prio=120
          <idle>-0     [001] d... 103285.072693: sched_switch: prev_comm=swapper/1 prev_pid=0 prev_prio=120 prev_state=R ==> next_comm=adclient next_pid=1201 next_prio=120
        adclient-1201  [001] d... 103285.072760: sched_switch: prev_comm=adclient prev_pid=1201 prev_prio=120 prev_state=S ==> next_comm=swapper/1 next_pid=0 next_prio=120
          <idle>-0     [000] d.h. 103285.072776: irq_handler_entry: irq=48 name=i915
          <idle>-0     [000] d.h. 103285.072797: irq_handler_exit: irq=48 ret=handled
          <idle>-0     [000] d... 103285.073326: sched_switch: prev_comm=swapper/0 prev_pid=0 prev_prio=120 prev_state=R ==> next_comm=Xorg next_pid=1344 next_prio=120
  gnome-terminal-3404  [002] d... 103285.073329: sched_switch: prev_comm=gnome-terminal prev_pid=3404 prev_prio=120 prev_state=S ==> next_comm=swapper/2 next_pid=0 next_prio=120
            Xorg-1344  [000] d.h. 103285.073685: irq_handler_entry: irq=48 name=i915
          <idle>-0     [001] d... 103285.073700: sched_switch: prev_comm=swapper/1 prev_pid=0 prev_prio=120 prev_state=R ==> next_comm=gnome-shell next_pid=2772 next_prio=120
            Xorg-1344  [000] d.h. 103285.073705: irq_handler_exit: irq=48 ret=handled
          <idle>-0     [002] d... 103285.073748: sched_switch: prev_comm=swapper/2 prev_pid=0 prev_prio=120 prev_state=R ==> next_comm=kworker/u16:0 next_pid=30835 next_prio=120
   kworker/u16:0-30835 [002] d... 103285.073774: sched_switch: prev_comm=kworker/u16:0 prev_pid=30835 prev_prio=120 prev_state=S ==> next_comm=swapper/2 next_pid=0 next_prio=120
          <idle>-0     [003] d... 103285.073787: sched_switch: prev_comm=swapper/3 prev_pid=0 prev_prio=120 prev_state=R ==> next_comm=gnome-terminal next_pid=3404 next_prio=120
            Xorg-1344  [000] d... 103285.073790: sched_switch: prev_comm=Xorg prev_pid=1344 prev_prio=120 prev_state=S ==> next_comm=swapper/0 next_pid=0 next_prio=120
  gnome-terminal-3404  [003] d... 103285.073877: sched_switch: prev_comm=gnome-terminal prev_pid=3404 prev_prio=120 prev_state=S ==> next_comm=swapper/3 next_pid=0 next_prio=120
     gnome-shell-2772  [001] d... 103285.073966: sched_switch: prev_comm=gnome-shell prev_pid=2772 prev_prio=120 prev_state=S ==> next_comm=swapper/1 next_pid=0 next_prio=120
          <idle>-0     [000] d... 103285.073979: sched_switch: prev_comm=swapper/0 prev_pid=0 prev_prio=120 prev_state=R ==> next_comm=Xorg next_pid=1344 next_prio=120
          <idle>-0     [005] d.h. 103285.074041: irq_handler_entry: irq=23 name=ehci_hcd:usb2
          <idle>-0     [001] d... 103285.074050: sched_switch: prev_comm=swapper/1 prev_pid=0 prev_prio=120 prev_state=R ==> next_comm=gnome-shell next_pid=2772 next_prio=120
          <idle>-0     [005] d.h. 103285.074054: irq_handler_exit: irq=23 ret=handled
            Xorg-1344  [000] d... 103285.074087: sched_switch: prev_comm=Xorg prev_pid=1344 prev_prio=120 prev_state=S ==> next_comm=swapper/0 next_pid=0 next_prio=120
          <idle>-0     [005] d... 103285.074090: sched_switch: prev_comm=swapper/5 prev_pid=0 prev_prio=120 prev_state=R ==> next_comm=apcupsd next_pid=2503 next_prio=120
         apcupsd-2503  [005] d... 103285.074162: sched_switch: prev_comm=apcupsd prev_pid=2503 prev_prio=120 prev_state=S ==> next_comm=swapper/5 next_pid=0 next_prio=120
     gnome-shell-2772  [001] d... 103285.075042: sched_switch: prev_comm=gnome-shell prev_pid=2772 prev_prio=120 prev_state=R ==> next_comm=kworker/1:1 next_pid=98 next_prio=120
     kworker/1:1-98    [001] d... 103285.075055: sched_switch: prev_comm=kworker/1:1 prev_pid=98 prev_prio=120 prev_state=S ==> next_comm=gnome-shell next_pid=2772 next_prio=120
     gnome-shell-2772  [001] d... 103285.075575: sched_switch: prev_comm=gnome-shell prev_pid=2772 prev_prio=120 prev_state=S ==> next_comm=swapper/1 next_pid=0 next_prio=120
          <idle>-0     [000] d.h. 103285.075638: irq_handler_entry: irq=48 name=i915
          <idle>-0     [000] dNh. 103285.075659: irq_handler_exit: irq=48 ret=handled
          <idle>-0     [000] d... 103285.075668: sched_switch: prev_comm=swapper/0 prev_pid=0 prev_prio=120 prev_state=R ==> next_comm=gnome-shell next_pid=2772 next_prio=120
     gnome-shell-2772  [000] d... 103285.075720: sched_switch: prev_comm=gnome-shell prev_pid=2772 prev_prio=120 prev_state=S ==> next_comm=swapper/0 next_pid=0 next_prio=120
          <idle>-0     [001] d... 103285.075737: sched_switch: prev_comm=swapper/1 prev_pid=0 prev_prio=120 prev_state=R ==> next_comm=Xorg next_pid=1344 next_prio=120
          <idle>-0     [000] d... 103285.075829: sched_switch: prev_comm=swapper/0 prev_pid=0 prev_prio=120 prev_state=R ==> next_comm=gnome-shell next_pid=2772 next_prio=120
            Xorg-1344  [001] d... 103285.075840: sched_switch: prev_comm=Xorg prev_pid=1344 prev_prio=120 prev_state=S ==> next_comm=swapper/1 next_pid=0 next_prio=120
     gnome-shell-2772  [000] d... 103285.075883: sched_switch: prev_comm=gnome-shell prev_pid=2772 prev_prio=120 prev_state=S ==> next_comm=swapper/0 next_pid=0 next_prio=120
          <idle>-0     [001] d... 103285.075885: sched_switch: prev_comm=swapper/1 prev_pid=0 prev_prio=120 prev_state=R ==> next_comm=Xorg next_pid=1344 next_prio=120
            Xorg-1344  [001] d... 103285.075943: sched_switch: prev_comm=Xorg prev_pid=1344 prev_prio=120 prev_state=S ==> next_comm=swapper/1 next_pid=0 next_prio=120
          <idle>-0     [000] d... 103285.079069: sched_switch: prev_comm=swapper/0 prev_pid=0 prev_prio=120 prev_state=R ==> next_comm=kworker/0:1 next_pid=97 next_prio=120
     kworker/0:1-97    [000] d... 103285.079087: sched_switch: prev_comm=kworker/0:1 prev_pid=97 prev_prio=120 prev_state=S ==> next_comm=swapper/0 next_pid=0 next_prio=120
          <idle>-0     [002] d... 103285.079090: sched_switch: prev_comm=swapper/2 prev_pid=0 prev_prio=120 prev_state=R ==> next_comm=kworker/u16:0 next_pid=30835 next_prio=120
   kworker/u16:0-30835 [002] d... 103285.079107: sched_switch: prev_comm=kworker/u16:0 prev_pid=30835 prev_prio=120 prev_state=S ==> next_comm=swapper/2 next_pid=0 next_prio=120
          <idle>-0     [003] d... 103285.080287: sched_switch: prev_comm=swapper/3 prev_pid=0 prev_prio=120 prev_state=R ==> next_comm=zabbix_server next_pid=22129 next_prio=120
   zabbix_server-22129 [003] d... 103285.080323: sched_switch: prev_comm=zabbix_server prev_pid=22129 prev_prio=120 prev_state=S ==> next_comm=swapper/3 next_pid=0 next_prio=120
          <idle>-0     [005] d.h. 103285.081170: irq_handler_entry: irq=23 name=ehci_hcd:usb2
          <idle>-0     [005] d.h. 103285.081181: irq_handler_exit: irq=23 ret=handled
          <idle>-0     [005] d.h. 103285.081337: irq_handler_entry: irq=23 name=ehci_hcd:usb2
          <idle>-0     [005] d.h. 103285.081345: irq_handler_exit: irq=23 ret=handled
          <idle>-0     [005] d... 103285.083282: sched_switch: prev_comm=swapper/5 prev_pid=0 prev_prio=120 prev_state=R ==> next_comm=apcupsd next_pid=2503 next_prio=120
         apcupsd-2503  [005] d... 103285.083335: sched_switch: prev_comm=apcupsd prev_pid=2503 prev_prio=120 prev_state=D ==> next_comm=swapper/5 next_pid=0 next_prio=120
          <idle>-0     [005] d.h. 103285.089459: irq_handler_entry: irq=23 name=ehci_hcd:usb2
          <idle>-0     [000] d.h. 103285.089464: irq_handler_entry: irq=48 name=i915
          <idle>-0     [005] d.h. 103285.089469: irq_handler_exit: irq=23 ret=handled
          <idle>-0     [000] dNh. 103285.089499: irq_handler_exit: irq=48 ret=handled
          <idle>-0     [000] d... 103285.089512: sched_switch: prev_comm=swapper/0 prev_pid=0 prev_prio=120 prev_state=R ==> next_comm=Xorg next_pid=1344 next_prio=120
          <idle>-0     [001] d... 103285.089625: sched_switch: prev_comm=swapper/1 prev_pid=0 prev_prio=120 prev_state=R ==> next_comm=gnome-shell next_pid=2772 next_prio=120
            Xorg-1344  [000] d... 103285.089654: sched_switch: prev_comm=Xorg prev_pid=1344 prev_prio=120 prev_state=S ==> next_comm=swapper/0 next_pid=0 next_prio=120
     gnome-shell-2772  [001] d... 103285.089719: sched_switch: prev_comm=gnome-shell prev_pid=2772 prev_prio=120 prev_state=S ==> next_comm=swapper/1 next_pid=0 next_prio=120
          <idle>-0     [000] d... 103285.089739: sched_switch: prev_comm=swapper/0 prev_pid=0 prev_prio=120 prev_state=R ==> next_comm=Xorg next_pid=1344 next_prio=120
            Xorg-1344  [000] d.h. 103285.089875: irq_handler_entry: irq=48 name=i915
            Xorg-1344  [000] d.h. 103285.089894: irq_handler_exit: irq=48 ret=handled
          <idle>-0     [001] d... 103285.089924: sched_switch: prev_comm=swapper/1 prev_pid=0 prev_prio=120 prev_state=R ==> next_comm=gnome-shell next_pid=2772 next_prio=120
          <idle>-0     [002] d... 103285.089935: sched_switch: prev_comm=swapper/2 prev_pid=0 prev_prio=120 prev_state=R ==> next_comm=kworker/u16:0 next_pid=30835 next_prio=120
            Xorg-1344  [000] d... 103285.089963: sched_switch: prev_comm=Xorg prev_pid=1344 prev_prio=120 prev_state=S ==> next_comm=swapper/0 next_pid=0 next_prio=120
   kworker/u16:0-30835 [002] d... 103285.090037: sched_switch: prev_comm=kworker/u16:0 prev_pid=30835 prev_prio=120 prev_state=S ==> next_comm=swapper/2 next_pid=0 next_prio=120
          <idle>-0     [000] d... 103285.090075: sched_switch: prev_comm=swapper/0 prev_pid=0 prev_prio=120 prev_state=R ==> next_comm=Xorg next_pid=1344 next_prio=120
            Xorg-1344  [000] d... 103285.090175: sched_switch: prev_comm=Xorg prev_pid=1344 prev_prio=120 prev_state=S ==> next_comm=swapper/0 next_pid=0 next_prio=120
          <idle>-0     [003] d... 103285.090329: sched_switch: prev_comm=swapper/3 prev_pid=0 prev_prio=120 prev_state=R ==> next_comm=rcuos/1 next_pid=9 next_prio=120
         rcuos/1-9     [003] d... 103285.090361: sched_switch: prev_comm=rcuos/1 prev_pid=9 prev_prio=120 prev_state=S ==> next_comm=swapper/3 next_pid=0 next_prio=120
          <idle>-0     [000] d... 103285.090377: sched_switch: prev_comm=swapper/0 prev_pid=0 prev_prio=120 prev_state=R ==> next_comm=rcu_sched next_pid=7 next_prio=120
       rcu_sched-7     [000] d... 103285.090397: sched_switch: prev_comm=rcu_sched prev_pid=7 prev_prio=120 prev_state=S ==> next_comm=swapper/0 next_pid=0 next_prio=120
     gnome-shell-2772  [001] d... 103285.091048: sched_switch: prev_comm=gnome-shell prev_pid=2772 prev_prio=120 prev_state=R ==> next_comm=kworker/1:1 next_pid=98 next_prio=120
     kworker/1:1-98    [001] d... 103285.091060: sched_switch: prev_comm=kworker/1:1 prev_pid=98 prev_prio=120 prev_state=S ==> next_comm=gnome-shell next_pid=2772 next_prio=120
          <idle>-0     [000] d... 103285.091077: sched_switch: prev_comm=swapper/0 prev_pid=0 prev_prio=120 prev_state=R ==> next_comm=kworker/0:1 next_pid=97 next_prio=120
     kworker/0:1-97    [000] d... 103285.091089: sched_switch: prev_comm=kworker/0:1 prev_pid=97 prev_prio=120 prev_state=S ==> next_comm=rcu_sched next_pid=7 next_prio=120
       rcu_sched-7     [000] d... 103285.091102: sched_switch: prev_comm=rcu_sched prev_pid=7 prev_prio=120 prev_state=S ==> next_comm=swapper/0 next_pid=0 next_prio=120
          <idle>-0     [005] d.h. 103285.094028: irq_handler_entry: irq=23 name=ehci_hcd:usb2
          <idle>-0     [005] d.h. 103285.094041: irq_handler_exit: irq=23 ret=handled
          <idle>-0     [005] d... 103285.094086: sched_switch: prev_comm=swapper/5 prev_pid=0 prev_prio=120 prev_state=R ==> next_comm=apcupsd next_pid=2503 next_prio=120
         apcupsd-2503  [005] d... 103285.094127: sched_switch: prev_comm=apcupsd prev_pid=2503 prev_prio=120 prev_state=S ==> next_comm=swapper/5 next_pid=0 next_prio=120
          <idle>-0     [000] d... 103285.095068: sched_switch: prev_comm=swapper/0 prev_pid=0 prev_prio=120 prev_state=R ==> next_comm=rcu_sched next_pid=7 next_prio=120
       rcu_sched-7     [000] d... 103285.095091: sched_switch: prev_comm=rcu_sched prev_pid=7 prev_prio=120 prev_state=S ==> next_comm=swapper/0 next_pid=0 next_prio=120
          <idle>-0     [003] d... 103285.095112: sched_switch: prev_comm=swapper/3 prev_pid=0 prev_prio=120 prev_state=R ==> next_comm=rcuos/1 next_pid=9 next_prio=120
          <idle>-0     [000] d... 103285.095140: sched_switch: prev_comm=swapper/0 prev_pid=0 prev_prio=120 prev_state=R ==> next_comm=rcu_sched next_pid=7 next_prio=120
         rcuos/1-9     [003] d... 103285.095143: sched_switch: prev_comm=rcuos/1 prev_pid=9 prev_prio=120 prev_state=S ==> next_comm=swapper/3 next_pid=0 next_prio=120
       rcu_sched-7     [000] d... 103285.095148: sched_switch: prev_comm=rcu_sched prev_pid=7 prev_prio=120 prev_state=R ==> next_comm=migration/0 next_pid=25 next_prio=0
     gnome-shell-2772  [001] d... 103285.095164: sched_switch: prev_comm=gnome-shell prev_pid=2772 prev_prio=120 prev_state=R ==> next_comm=rcu_sched next_pid=7 next_prio=120
     migration/0-25    [000] d... 103285.095170: sched_switch: prev_comm=migration/0 prev_pid=25 prev_prio=0 prev_state=S ==> next_comm=swapper/0 next_pid=0 next_prio=120
       rcu_sched-7     [001] d... 103285.095173: sched_switch: prev_comm=rcu_sched prev_pid=7 prev_prio=120 prev_state=S ==> next_comm=gnome-shell next_pid=2772 next_prio=120
          <idle>-0     [004] d... 103285.096224: sched_switch: prev_comm=swapper/4 prev_pid=0 prev_prio=120 prev_state=R ==> next_comm=iptraf next_pid=9704 next_prio=120
          iptraf-9704  [004] d... 103285.096346: sched_switch: prev_comm=iptraf prev_pid=9704 prev_prio=120 prev_state=S ==> next_comm=swapper/4 next_pid=0 next_prio=120
     gnome-shell-2772  [001] d... 103285.099044: sched_switch: prev_comm=gnome-shell prev_pid=2772 prev_prio=120 prev_state=R ==> next_comm=rcu_sched next_pid=7 next_prio=120
       rcu_sched-7     [001] d... 103285.099056: sched_switch: prev_comm=rcu_sched prev_pid=7 prev_prio=120 prev_state=S ==> next_comm=gnome-shell next_pid=2772 next_prio=120
          <idle>-0     [003] d... 103285.099088: sched_switch: prev_comm=swapper/3 prev_pid=0 prev_prio=120 prev_state=R ==> next_comm=rcuos/1 next_pid=9 next_prio=120
         rcuos/1-9     [003] d... 103285.099109: sched_switch: prev_comm=rcuos/1 prev_pid=9 prev_prio=120 prev_state=S ==> next_comm=swapper/3 next_pid=0 next_prio=120
          <idle>-0     [005] d.h. 103285.101155: irq_handler_entry: irq=23 name=ehci_hcd:usb2
          <idle>-0     [005] d.h. 103285.101164: irq_handler_exit: irq=23 ret=handled
          <idle>-0     [005] d.h. 103285.101276: irq_handler_entry: irq=23 name=ehci_hcd:usb2
          <idle>-0     [005] d.h. 103285.101283: irq_handler_exit: irq=23 ret=handled
     gnome-shell-2772  [001] d... 103285.103044: sched_switch: prev_comm=gnome-shell prev_pid=2772 prev_prio=120 prev_state=R ==> next_comm=kworker/1:1 next_pid=98 next_prio=120
     kworker/1:1-98    [001] d... 103285.103072: sched_switch: prev_comm=kworker/1:1 prev_pid=98 prev_prio=120 prev_state=S ==> next_comm=gnome-shell next_pid=2772 next_prio=120
          <idle>-0     [003] d... 103285.103928: sched_switch: prev_comm=swapper/3 prev_pid=0 prev_prio=120 prev_state=R ==> next_comm=gnome-terminal next_pid=3404 next_prio=120
  gnome-terminal-3404  [003] d... 103285.103969: sched_switch: prev_comm=gnome-terminal prev_pid=3404 prev_prio=120 prev_state=S ==> next_comm=swapper/3 next_pid=0 next_prio=120
          <idle>-0     [005] d... 103285.104170: sched_switch: prev_comm=swapper/5 prev_pid=0 prev_prio=120 prev_state=R ==> next_comm=apcupsd next_pid=2503 next_prio=120
         apcupsd-2503  [005] d... 103285.104183: sched_switch: prev_comm=apcupsd prev_pid=2503 prev_prio=120 prev_state=D ==> next_comm=swapper/5 next_pid=0 next_prio=120
     gnome-shell-2772  [001] d... 103285.105315: sched_switch: prev_comm=gnome-shell prev_pid=2772 prev_prio=120 prev_state=S ==> next_comm=swapper/1 next_pid=0 next_prio=120
          <idle>-0     [000] d... 103285.105324: sched_switch: prev_comm=swapper/0 prev_pid=0 prev_prio=120 prev_state=R ==> next_comm=Xorg next_pid=1344 next_prio=120
            Xorg-1344  [000] d... 103285.105373: sched_switch: prev_comm=Xorg prev_pid=1344 prev_prio=120 prev_state=S ==> next_comm=swapper/0 next_pid=0 next_prio=120
          <idle>-0     [001] d... 103285.105377: sched_switch: prev_comm=swapper/1 prev_pid=0 prev_prio=120 prev_state=R ==> next_comm=gnome-shell next_pid=2772 next_prio=120
     gnome-shell-2772  [001] d... 103285.105407: sched_switch: prev_comm=gnome-shell prev_pid=2772 prev_prio=120 prev_state=S ==> next_comm=swapper/1 next_pid=0 next_prio=120
          <idle>-0     [000] d... 103285.105422: sched_switch: prev_comm=swapper/0 prev_pid=0 prev_prio=120 prev_state=R ==> next_comm=Xorg next_pid=1344 next_prio=120
          <idle>-0     [001] d... 103285.105492: sched_switch: prev_comm=swapper/1 prev_pid=0 prev_prio=120 prev_state=R ==> next_comm=gnome-shell next_pid=2772 next_prio=120
            Xorg-1344  [000] d... 103285.105503: sched_switch: prev_comm=Xorg prev_pid=1344 prev_prio=120 prev_state=S ==> next_comm=swapper/0 next_pid=0 next_prio=120
          <idle>-0     [000] d... 103285.105507: sched_switch: prev_comm=swapper/0 prev_pid=0 prev_prio=120 prev_state=R ==> next_comm=Xorg next_pid=1344 next_prio=120
     gnome-shell-2772  [001] d... 103285.105510: sched_switch: prev_comm=gnome-shell prev_pid=2772 prev_prio=120 prev_state=S ==> next_comm=swapper/1 next_pid=0 next_prio=120
            Xorg-1344  [000] d... 103285.105519: sched_switch: prev_comm=Xorg prev_pid=1344 prev_prio=120 prev_state=S ==> next_comm=swapper/0 next_pid=0 next_prio=120
          <idle>-0     [001] d... 103285.105521: sched_switch: prev_comm=swapper/1 prev_pid=0 prev_prio=120 prev_state=R ==> next_comm=gnome-shell next_pid=2772 next_prio=120
     gnome-shell-2772  [001] d... 103285.105557: sched_switch: prev_comm=gnome-shell prev_pid=2772 prev_prio=120 prev_state=S ==> next_comm=swapper/1 next_pid=0 next_prio=120
          <idle>-0     [000] d.h. 103285.106132: irq_handler_entry: irq=48 name=i915
          <idle>-0     [000] d.h. 103285.106152: irq_handler_exit: irq=48 ret=handled
          <idle>-0     [005] d.h. 103285.109460: irq_handler_entry: irq=23 name=ehci_hcd:usb2
          <idle>-0     [005] d.h. 103285.109465: irq_handler_exit: irq=23 ret=handled
          <idle>-0     [005] d.h. 103285.114087: irq_handler_entry: irq=23 name=ehci_hcd:usb2
          <idle>-0     [005] d.h. 103285.114095: irq_handler_exit: irq=23 ret=handled
          <idle>-0     [005] d... 103285.114114: sched_switch: prev_comm=swapper/5 prev_pid=0 prev_prio=120 prev_state=R ==> next_comm=apcupsd next_pid=2503 next_prio=120
         apcupsd-2503  [005] d... 103285.114130: sched_switch: prev_comm=apcupsd prev_pid=2503 prev_prio=120 prev_state=S ==> next_comm=swapper/5 next_pid=0 next_prio=120
          <idle>-0     [005] d.h. 103285.121337: irq_handler_entry: irq=23 name=ehci_hcd:usb2
          <idle>-0     [005] d.h. 103285.121344: irq_handler_exit: irq=23 ret=handled
          <idle>-0     [005] d.h. 103285.121472: irq_handler_entry: irq=23 name=ehci_hcd:usb2
          <idle>-0     [005] d.h. 103285.121478: irq_handler_exit: irq=23 ret=handled
          <idle>-0     [000] d... 103285.122167: sched_switch: prev_comm=swapper/0 prev_pid=0 prev_prio=120 prev_state=R ==> next_comm=java next_pid=358 next_prio=120
            java-358   [000] d... 103285.122189: sched_switch: prev_comm=java prev_pid=358 prev_prio=120 prev_state=S ==> next_comm=swapper/0 next_pid=0 next_prio=120
          <idle>-0     [000] d.h. 103285.122862: irq_handler_entry: irq=48 name=i915
          <idle>-0     [000] dNh. 103285.122884: irq_handler_exit: irq=48 ret=handled
          <idle>-0     [000] d... 103285.122889: sched_switch: prev_comm=swapper/0 prev_pid=0 prev_prio=120 prev_state=R ==> next_comm=Xorg next_pid=1344 next_prio=120
          <idle>-0     [002] d... 103285.122894: sched_switch: prev_comm=swapper/2 prev_pid=0 prev_prio=120 prev_state=R ==> next_comm=kworker/u16:0 next_pid=30835 next_prio=120
   kworker/u16:0-30835 [002] d... 103285.122909: sched_switch: prev_comm=kworker/u16:0 prev_pid=30835 prev_prio=120 prev_state=S ==> next_comm=swapper/2 next_pid=0 next_prio=120
            Xorg-1344  [000] d... 103285.122940: sched_switch: prev_comm=Xorg prev_pid=1344 prev_prio=120 prev_state=S ==> next_comm=swapper/0 next_pid=0 next_prio=120
          <idle>-0     [001] d... 103285.122941: sched_switch: prev_comm=swapper/1 prev_pid=0 prev_prio=120 prev_state=R ==> next_comm=gnome-shell next_pid=2772 next_prio=120
     gnome-shell-2772  [001] d... 103285.123031: sched_switch: prev_comm=gnome-shell prev_pid=2772 prev_prio=120 prev_state=S ==> next_comm=swapper/1 next_pid=0 next_prio=120
          <idle>-0     [001] d... 103285.123039: sched_switch: prev_comm=swapper/1 prev_pid=0 prev_prio=120 prev_state=R ==> next_comm=kworker/1:1 next_pid=98 next_prio=120
     kworker/1:1-98    [001] d... 103285.123046: sched_switch: prev_comm=kworker/1:1 prev_pid=98 prev_prio=120 prev_state=S ==> next_comm=swapper/1 next_pid=0 next_prio=120
          <idle>-0     [005] d... 103285.125259: sched_switch: prev_comm=swapper/5 prev_pid=0 prev_prio=120 prev_state=R ==> next_comm=apcupsd next_pid=2503 next_prio=120
         apcupsd-2503  [005] d... 103285.125291: sched_switch: prev_comm=apcupsd prev_pid=2503 prev_prio=120 prev_state=S ==> next_comm=swapper/5 next_pid=0 next_prio=120
          <idle>-0     [003] d... 103285.131807: sched_switch: prev_comm=swapper/3 prev_pid=0 prev_prio=120 prev_state=R ==> next_comm=Watchdog next_pid=7305 next_prio=120
        Watchdog-7305  [003] d... 103285.131879: sched_switch: prev_comm=Watchdog prev_pid=7305 prev_prio=120 prev_state=S ==> next_comm=swapper/3 next_pid=0 next_prio=120
          <idle>-0     [003] d... 103285.132502: sched_switch: prev_comm=swapper/3 prev_pid=0 prev_prio=120 prev_state=R ==> next_comm=Watchdog next_pid=7305 next_prio=120
        Watchdog-7305  [003] d... 103285.132582: sched_switch: prev_comm=Watchdog prev_pid=7305 prev_prio=120 prev_state=S ==> next_comm=swapper/3 next_pid=0 next_prio=120
          <idle>-0     [000] d... 103285.132587: sched_switch: prev_comm=swapper/0 prev_pid=0 prev_prio=120 prev_state=R ==> next_comm=chrome next_pid=7300 next_prio=120
          <idle>-0     [003] d... 103285.132690: sched_switch: prev_comm=swapper/3 prev_pid=0 prev_prio=120 prev_state=R ==> next_comm=Watchdog next_pid=7305 next_prio=120
          chrome-7300  [000] d... 103285.132716: sched_switch: prev_comm=chrome prev_pid=7300 prev_prio=120 prev_state=S ==> next_comm=swapper/0 next_pid=0 next_prio=120
        Watchdog-7305  [003] d... 103285.132753: sched_switch: prev_comm=Watchdog prev_pid=7305 prev_prio=120 prev_state=S ==> next_comm=swapper/3 next_pid=0 next_prio=120
          <idle>-0     [001] d... 103285.139134: sched_switch: prev_comm=swapper/1 prev_pid=0 prev_prio=120 prev_state=R ==> next_comm=kworker/1:1 next_pid=98 next_prio=120
          <idle>-0     [002] d... 103285.139161: sched_switch: prev_comm=swapper/2 prev_pid=0 prev_prio=120 prev_state=R ==> next_comm=python next_pid=365 next_prio=120
     kworker/1:1-98    [001] d... 103285.139163: sched_switch: prev_comm=kworker/1:1 prev_pid=98 prev_prio=120 prev_state=S ==> next_comm=swapper/1 next_pid=0 next_prio=120
          <idle>-0     [000] d.h. 103285.139528: irq_handler_entry: irq=48 name=i915
          <idle>-0     [000] d.h. 103285.139549: irq_handler_exit: irq=48 ret=handled
          <idle>-0     [001] d... 103285.140130: sched_switch: prev_comm=swapper/1 prev_pid=0 prev_prio=120 prev_state=R ==> next_comm=gnome-shell next_pid=2772 next_prio=120
          <idle>-0     [003] d... 103285.140383: sched_switch: prev_comm=swapper/3 prev_pid=0 prev_prio=120 prev_state=R ==> next_comm=rcuos/1 next_pid=9 next_prio=120
     gnome-shell-2772  [001] d... 103285.140407: sched_switch: prev_comm=gnome-shell prev_pid=2772 prev_prio=120 prev_state=R ==> next_comm=rcu_sched next_pid=7 next_prio=120
       rcu_sched-7     [001] d... 103285.140416: sched_switch: prev_comm=rcu_sched prev_pid=7 prev_prio=120 prev_state=S ==> next_comm=gnome-shell next_pid=2772 next_prio=120
         rcuos/1-9     [003] d... 103285.140420: sched_switch: prev_comm=rcuos/1 prev_pid=9 prev_prio=120 prev_state=S ==> next_comm=swapper/3 next_pid=0 next_prio=120
     gnome-shell-2772  [001] d... 103285.143065: sched_switch: prev_comm=gnome-shell prev_pid=2772 prev_prio=120 prev_state=R ==> next_comm=rcu_sched next_pid=7 next_prio=120
       rcu_sched-7     [001] d... 103285.143074: sched_switch: prev_comm=rcu_sched prev_pid=7 prev_prio=120 prev_state=S ==> next_comm=gnome-shell next_pid=2772 next_prio=120
          <idle>-0     [005] d... 103285.145363: sched_switch: prev_comm=swapper/5 prev_pid=0 prev_prio=120 prev_state=R ==> next_comm=apcupsd next_pid=2503 next_prio=120
         apcupsd-2503  [005] d... 103285.145400: sched_switch: prev_comm=apcupsd prev_pid=2503 prev_prio=120 prev_state=S ==> next_comm=swapper/5 next_pid=0 next_prio=120
          python-365   [002] d... 103285.145693: sched_switch: prev_comm=python prev_pid=365 prev_prio=120 prev_state=S ==> next_comm=kworker/2:2 next_pid=2241 next_prio=120
     kworker/2:2-2241  [002] d... 103285.145718: sched_switch: prev_comm=kworker/2:2 prev_pid=2241 prev_prio=120 prev_state=S ==> next_comm=swapper/2 next_pid=0 next_prio=120
          <idle>-0     [004] d... 103285.146451: sched_switch: prev_comm=swapper/4 prev_pid=0 prev_prio=120 prev_state=R ==> next_comm=iptraf next_pid=9704 next_prio=120
          iptraf-9704  [004] d... 103285.146573: sched_switch: prev_comm=iptraf prev_pid=9704 prev_prio=120 prev_state=S ==> next_comm=swapper/4 next_pid=0 next_prio=120
     gnome-shell-2772  [001] d... 103285.147063: sched_switch: prev_comm=gnome-shell prev_pid=2772 prev_prio=120 prev_state=R ==> next_comm=rcu_sched next_pid=7 next_prio=120
       rcu_sched-7     [001] d... 103285.147075: sched_switch: prev_comm=rcu_sched prev_pid=7 prev_prio=120 prev_state=S ==> next_comm=gnome-shell next_pid=2772 next_prio=120
          <idle>-0     [003] d... 103285.147107: sched_switch: prev_comm=swapper/3 prev_pid=0 prev_prio=120 prev_state=R ==> next_comm=rcuos/1 next_pid=9 next_prio=120
     gnome-shell-2772  [001] d... 103285.147128: sched_switch: prev_comm=gnome-shell prev_pid=2772 prev_prio=120 prev_state=R ==> next_comm=rcu_sched next_pid=7 next_prio=120
       rcu_sched-7     [001] d... 103285.147133: sched_switch: prev_comm=rcu_sched prev_pid=7 prev_prio=120 prev_state=S ==> next_comm=gnome-shell next_pid=2772 next_prio=120
         rcuos/1-9     [003] d... 103285.147141: sched_switch: prev_comm=rcuos/1 prev_pid=9 prev_prio=120 prev_state=S ==> next_comm=swapper/3 next_pid=0 next_prio=120
     gnome-shell-2772  [001] d... 103285.151068: sched_switch: prev_comm=gnome-shell prev_pid=2772 prev_prio=120 prev_state=R ==> next_comm=kworker/1:1 next_pid=98 next_prio=120
     kworker/1:1-98    [001] d... 103285.151097: sched_switch: prev_comm=kworker/1:1 prev_pid=98 prev_prio=120 prev_state=S ==> next_comm=rcu_sched next_pid=7 next_prio=120
       rcu_sched-7     [001] d... 103285.151099: sched_switch: prev_comm=rcu_sched prev_pid=7 prev_prio=120 prev_state=S ==> next_comm=gnome-shell next_pid=2772 next_prio=120
          <idle>-0     [003] d... 103285.151113: sched_switch: prev_comm=swapper/3 prev_pid=0 prev_prio=120 prev_state=R ==> next_comm=rcuos/1 next_pid=9 next_prio=120
         rcuos/1-9     [003] d... 103285.151118: sched_switch: prev_comm=rcuos/1 prev_pid=9 prev_prio=120 prev_state=S ==> next_comm=swapper/3 next_pid=0 next_prio=120
     gnome-shell-2772  [001] d... 103285.152809: sched_switch: prev_comm=gnome-shell prev_pid=2772 prev_prio=120 prev_state=S ==> next_comm=swapper/1 next_pid=0 next_prio=120
          <idle>-0     [000] d... 103285.152818: sched_switch: prev_comm=swapper/0 prev_pid=0 prev_prio=120 prev_state=R ==> next_comm=Xorg next_pid=1344 next_prio=120
            Xorg-1344  [000] d... 103285.152870: sched_switch: prev_comm=Xorg prev_pid=1344 prev_prio=120 prev_state=S ==> next_comm=swapper/0 next_pid=0 next_prio=120
          <idle>-0     [001] d... 103285.152872: sched_switch: prev_comm=swapper/1 prev_pid=0 prev_prio=120 prev_state=R ==> next_comm=gnome-shell next_pid=2772 next_prio=120
          <idle>-0     [000] d.h. 103285.153538: irq_handler_entry: irq=48 name=i915
          <idle>-0     [000] dNh. 103285.153549: irq_handler_exit: irq=48 ret=handled
          <idle>-0     [000] d... 103285.153552: sched_switch: prev_comm=swapper/0 prev_pid=0 prev_prio=120 prev_state=R ==> next_comm=kworker/u16:0 next_pid=30835 next_prio=120
   kworker/u16:0-30835 [000] d... 103285.153560: sched_switch: prev_comm=kworker/u16:0 prev_pid=30835 prev_prio=120 prev_state=S ==> next_comm=swapper/0 next_pid=0 next_prio=120
     gnome-shell-2772  [001] d... 103285.153997: sched_switch: prev_comm=gnome-shell prev_pid=2772 prev_prio=120 prev_state=S ==> next_comm=swapper/1 next_pid=0 next_prio=120
          <idle>-0     [000] d... 103285.154006: sched_switch: prev_comm=swapper/0 prev_pid=0 prev_prio=120 prev_state=R ==> next_comm=Xorg next_pid=1344 next_prio=120
            Xorg-1344  [000] d... 103285.154057: sched_switch: prev_comm=Xorg prev_pid=1344 prev_prio=120 prev_state=S ==> next_comm=swapper/0 next_pid=0 next_prio=120
          <idle>-0     [001] d... 103285.154061: sched_switch: prev_comm=swapper/1 prev_pid=0 prev_prio=120 prev_state=R ==> next_comm=gnome-shell next_pid=2772 next_prio=120
     gnome-shell-2772  [001] d... 103285.154096: sched_switch: prev_comm=gnome-shell prev_pid=2772 prev_prio=120 prev_state=S ==> next_comm=swapper/1 next_pid=0 next_prio=120
          <idle>-0     [000] d... 103285.154109: sched_switch: prev_comm=swapper/0 prev_pid=0 prev_prio=120 prev_state=R ==> next_comm=Xorg next_pid=1344 next_prio=120
          <idle>-0     [001] d... 103285.154185: sched_switch: prev_comm=swapper/1 prev_pid=0 prev_prio=120 prev_state=R ==> next_comm=gnome-shell next_pid=2772 next_prio=120
            Xorg-1344  [000] d... 103285.154192: sched_switch: prev_comm=Xorg prev_pid=1344 prev_prio=120 prev_state=S ==> next_comm=swapper/0 next_pid=0 next_prio=120
     gnome-shell-2772  [001] d... 103285.154204: sched_switch: prev_comm=gnome-shell prev_pid=2772 prev_prio=120 prev_state=S ==> next_comm=swapper/1 next_pid=0 next_prio=120
          <idle>-0     [000] d... 103285.154206: sched_switch: prev_comm=swapper/0 prev_pid=0 prev_prio=120 prev_state=R ==> next_comm=Xorg next_pid=1344 next_prio=120
            Xorg-1344  [000] d... 103285.154223: sched_switch: prev_comm=Xorg prev_pid=1344 prev_prio=120 prev_state=S ==> next_comm=swapper/0 next_pid=0 next_prio=120
          <idle>-0     [001] d... 103285.154234: sched_switch: prev_comm=swapper/1 prev_pid=0 prev_prio=120 prev_state=R ==> next_comm=gnome-shell next_pid=2772 next_prio=120
     gnome-shell-2772  [001] d... 103285.154302: sched_switch: prev_comm=gnome-shell prev_pid=2772 prev_prio=120 prev_state=S ==> next_comm=swapper/1 next_pid=0 next_prio=120
          <idle>-0     [000] d.h. 103285.156199: irq_handler_entry: irq=48 name=i915
          <idle>-0     [000] d.h. 103285.156218: irq_handler_exit: irq=48 ret=handled
          <idle>-0     [005] d... 103285.165500: sched_switch: prev_comm=swapper/5 prev_pid=0 prev_prio=120 prev_state=R ==> next_comm=apcupsd next_pid=2503 next_prio=120
         apcupsd-2503  [005] d... 103285.165525: sched_switch: prev_comm=apcupsd prev_pid=2503 prev_prio=120 prev_state=D ==> next_comm=swapper/5 next_pid=0 next_prio=120
          <idle>-0     [005] d.h. 103285.169486: irq_handler_entry: irq=23 name=ehci_hcd:usb2
          <idle>-0     [005] d.h. 103285.169491: irq_handler_exit: irq=23 ret=handled
          <idle>-0     [000] d... 103285.172311: sched_switch: prev_comm=swapper/0 prev_pid=0 prev_prio=120 prev_state=R ==> next_comm=java next_pid=358 next_prio=120
            java-358   [000] d... 103285.172334: sched_switch: prev_comm=java prev_pid=358 prev_prio=120 prev_state=S ==> next_comm=swapper/0 next_pid=0 next_prio=120
          <idle>-0     [000] d.h. 103285.172926: irq_handler_entry: irq=48 name=i915
          <idle>-0     [000] dNh. 103285.172945: irq_handler_exit: irq=48 ret=handled
          <idle>-0     [000] d... 103285.172951: sched_switch: prev_comm=swapper/0 prev_pid=0 prev_prio=120 prev_state=R ==> next_comm=Xorg next_pid=1344 next_prio=120
          <idle>-0     [001] d... 103285.172959: sched_switch: prev_comm=swapper/1 prev_pid=0 prev_prio=120 prev_state=R ==> next_comm=kworker/u16:0 next_pid=30835 next_prio=120
   kworker/u16:0-30835 [001] d... 103285.172970: sched_switch: prev_comm=kworker/u16:0 prev_pid=30835 prev_prio=120 prev_state=S ==> next_comm=swapper/1 next_pid=0 next_prio=120
          <idle>-0     [001] d... 103285.173001: sched_switch: prev_comm=swapper/1 prev_pid=0 prev_prio=120 prev_state=R ==> next_comm=gnome-shell next_pid=2772 next_prio=120
            Xorg-1344  [000] d... 103285.173002: sched_switch: prev_comm=Xorg prev_pid=1344 prev_prio=120 prev_state=S ==> next_comm=swapper/0 next_pid=0 next_prio=120
     gnome-shell-2772  [001] d... 103285.173091: sched_switch: prev_comm=gnome-shell prev_pid=2772 prev_prio=120 prev_state=S ==> next_comm=swapper/1 next_pid=0 next_prio=120
          <idle>-0     [005] d.h. 103285.174238: irq_handler_entry: irq=23 name=ehci_hcd:usb2
          <idle>-0     [005] d.h. 103285.174246: irq_handler_exit: irq=23 ret=handled
          <idle>-0     [005] d... 103285.174265: sched_switch: prev_comm=swapper/5 prev_pid=0 prev_prio=120 prev_state=R ==> next_comm=apcupsd next_pid=2503 next_prio=120
         apcupsd-2503  [005] d... 103285.174282: sched_switch: prev_comm=apcupsd prev_pid=2503 prev_prio=120 prev_state=S ==> next_comm=swapper/5 next_pid=0 next_prio=120
          <idle>-0     [001] d... 103285.175123: sched_switch: prev_comm=swapper/1 prev_pid=0 prev_prio=120 prev_state=R ==> next_comm=kworker/1:1 next_pid=98 next_prio=120
          <idle>-0     [002] d... 103285.175131: sched_switch: prev_comm=swapper/2 prev_pid=0 prev_prio=120 prev_state=R ==> next_comm=kworker/u16:0 next_pid=30835 next_prio=120
