          compiz-1774  [003] d...   960.866481: sched_switch: prev_comm=compiz prev_pid=1774 prev_prio=120 prev_state=S ==> next_comm=swapper/3 next_pid=0 next_prio=120
          <idle>-0     [003] d...   960.866502: sched_switch: prev_comm=swapper/3 prev_pid=0 prev_prio=120 prev_state=R ==> next_comm=compiz next_pid=1774 next_prio=120
          compiz-1774  [003] d...   960.866543: sched_switch: prev_comm=compiz prev_pid=1774 prev_prio=120 prev_state=S ==> next_comm=swapper/3 next_pid=0 next_prio=120
          <idle>-0     [003] d...   960.866564: sched_switch: prev_comm=swapper/3 prev_pid=0 prev_prio=120 prev_state=R ==> next_comm=compiz next_pid=1774 next_prio=120
          compiz-1774  [003] d...   960.866606: sched_switch: prev_comm=compiz prev_pid=1774 prev_prio=120 prev_state=S ==> next_comm=swapper/3 next_pid=0 next_prio=120
          <idle>-0     [003] d...   960.866627: sched_switch: prev_comm=swapper/3 prev_pid=0 prev_prio=120 prev_state=R ==> next_comm=compiz next_pid=1774 next_prio=120
          compiz-1774  [003] d...   960.866668: sched_switch: prev_comm=compiz prev_pid=1774 prev_prio=120 prev_state=S ==> next_comm=swapper/3 next_pid=0 next_prio=120
          <idle>-0     [003] d...   960.866689: sched_switch: prev_comm=swapper/3 prev_pid=0 prev_prio=120 prev_state=R ==> next_comm=compiz next_pid=1774 next_prio=120
          compiz-1774  [003] d...   960.866730: sched_switch: prev_comm=compiz prev_pid=1774 prev_prio=120 prev_state=S ==> next_comm=swapper/3 next_pid=0 next_prio=120
          <idle>-0     [003] d...   960.866751: sched_switch: prev_comm=swapper/3 prev_pid=0 prev_prio=120 prev_state=R ==> next_comm=compiz next_pid=1774 next_prio=120
          compiz-1774  [003] d...   960.866792: sched_switch: prev_comm=compiz prev_pid=1774 prev_prio=120 prev_state=S ==> next_comm=swapper/3 next_pid=0 next_prio=120
          <idle>-0     [003] d...   960.866812: sched_switch: prev_comm=swapper/3 prev_pid=0 prev_prio=120 prev_state=R ==> next_comm=compiz next_pid=1774 next_prio=120
          compiz-1774  [003] d...   960.866854: sched_switch: prev_comm=compiz prev_pid=1774 prev_prio=120 prev_state=S ==> next_comm=swapper/3 next_pid=0 next_prio=120
          <idle>-0     [003] d...   960.866875: sched_switch: prev_comm=swapper/3 prev_pid=0 prev_prio=120 prev_state=R ==> next_comm=compiz next_pid=1774 next_prio=120
          compiz-1774  [003] d...   960.866917: sched_switch: prev_comm=compiz prev_pid=1774 prev_prio=120 prev_state=S ==> next_comm=swapper/3 next_pid=0 next_prio=120
          <idle>-0     [003] d...   960.866938: sched_switch: prev_comm=swapper/3 prev_pid=0 prev_prio=120 prev_state=R ==> next_comm=compiz next_pid=1774 next_prio=120
          compiz-1774  [003] d...   960.866979: sched_switch: prev_comm=compiz prev_pid=1774 prev_prio=120 prev_state=S ==> next_comm=swapper/3 next_pid=0 next_prio=120
          <idle>-0     [003] d...   960.867000: sched_switch: prev_comm=swapper/3 prev_pid=0 prev_prio=120 prev_state=R ==> next_comm=compiz next_pid=1774 next_prio=120
          compiz-1774  [003] d...   960.867041: sched_switch: prev_comm=compiz prev_pid=1774 prev_prio=120 prev_state=S ==> next_comm=swapper/3 next_pid=0 next_prio=120
          <idle>-0     [003] d...   960.867061: sched_switch: prev_comm=swapper/3 prev_pid=0 prev_prio=120 prev_state=R ==> next_comm=compiz next_pid=1774 next_prio=120
          compiz-1774  [003] d...   960.867106: sched_switch: prev_comm=compiz prev_pid=1774 prev_prio=120 prev_state=S ==> next_comm=swapper/3 next_pid=0 next_prio=120
          <idle>-0     [003] d...   960.867131: sched_switch: prev_comm=swapper/3 prev_pid=0 prev_prio=120 prev_state=R ==> next_comm=compiz next_pid=1774 next_prio=120
          compiz-1774  [003] d...   960.867173: sched_switch: prev_comm=compiz prev_pid=1774 prev_prio=120 prev_state=S ==> next_comm=swapper/3 next_pid=0 next_prio=120
          <idle>-0     [003] d...   960.867194: sched_switch: prev_comm=swapper/3 prev_pid=0 prev_prio=120 prev_state=R ==> next_comm=compiz next_pid=1774 next_prio=120
          compiz-1774  [003] d...   960.867237: sched_switch: prev_comm=compiz prev_pid=1774 prev_prio=120 prev_state=S ==> next_comm=swapper/3 next_pid=0 next_prio=120
          <idle>-0     [003] d...   960.867257: sched_switch: prev_comm=swapper/3 prev_pid=0 prev_prio=120 prev_state=R ==> next_comm=compiz next_pid=1774 next_prio=120
          compiz-1774  [003] d...   960.867299: sched_switch: prev_comm=compiz prev_pid=1774 prev_prio=120 prev_state=S ==> next_comm=swapper/3 next_pid=0 next_prio=120
          <idle>-0     [003] d...   960.867319: sched_switch: prev_comm=swapper/3 prev_pid=0 prev_prio=120 prev_state=R ==> next_comm=compiz next_pid=1774 next_prio=120
          compiz-1774  [003] d...   960.867361: sched_switch: prev_comm=compiz prev_pid=1774 prev_prio=120 prev_state=S ==> next_comm=swapper/3 next_pid=0 next_prio=120
          <idle>-0     [003] d...   960.867382: sched_switch: prev_comm=swapper/3 prev_pid=0 prev_prio=120 prev_state=R ==> next_comm=compiz next_pid=1774 next_prio=120
          compiz-1774  [003] d...   960.867424: sched_switch: prev_comm=compiz prev_pid=1774 prev_prio=120 prev_state=S ==> next_comm=swapper/3 next_pid=0 next_prio=120
          <idle>-0     [003] d...   960.867445: sched_switch: prev_comm=swapper/3 prev_pid=0 prev_prio=120 prev_state=R ==> next_comm=compiz next_pid=1774 next_prio=120
          compiz-1774  [003] d...   960.867488: sched_switch: prev_comm=compiz prev_pid=1774 prev_prio=120 prev_state=S ==> next_comm=swapper/3 next_pid=0 next_prio=120
          <idle>-0     [003] d...   960.867509: sched_switch: prev_comm=swapper/3 prev_pid=0 prev_prio=120 prev_state=R ==> next_comm=compiz next_pid=1774 next_prio=120
          compiz-1774  [003] d...   960.867551: sched_switch: prev_comm=compiz prev_pid=1774 prev_prio=120 prev_state=S ==> next_comm=swapper/3 next_pid=0 next_prio=120
          <idle>-0     [003] d...   960.867572: sched_switch: prev_comm=swapper/3 prev_pid=0 prev_prio=120 prev_state=R ==> next_comm=compiz next_pid=1774 next_prio=120
          compiz-1774  [003] d...   960.867614: sched_switch: prev_comm=compiz prev_pid=1774 prev_prio=120 prev_state=S ==> next_comm=swapper/3 next_pid=0 next_prio=120
          <idle>-0     [003] d...   960.867635: sched_switch: prev_comm=swapper/3 prev_pid=0 prev_prio=120 prev_state=R ==> next_comm=compiz next_pid=1774 next_prio=120
          compiz-1774  [003] d...   960.867676: sched_switch: prev_comm=compiz prev_pid=1774 prev_prio=120 prev_state=S ==> next_comm=swapper/3 next_pid=0 next_prio=120
          <idle>-0     [003] d...   960.867697: sched_switch: prev_comm=swapper/3 prev_pid=0 prev_prio=120 prev_state=R ==> next_comm=compiz next_pid=1774 next_prio=120
          compiz-1774  [003] d...   960.867741: sched_switch: prev_comm=compiz prev_pid=1774 prev_prio=120 prev_state=S ==> next_comm=swapper/3 next_pid=0 next_prio=120
          <idle>-0     [003] d...   960.867761: sched_switch: prev_comm=swapper/3 prev_pid=0 prev_prio=120 prev_state=R ==> next_comm=compiz next_pid=1774 next_prio=120
          compiz-1774  [003] d...   960.867803: sched_switch: prev_comm=compiz prev_pid=1774 prev_prio=120 prev_state=S ==> next_comm=swapper/3 next_pid=0 next_prio=120
          <idle>-0     [003] d...   960.867824: sched_switch: prev_comm=swapper/3 prev_pid=0 prev_prio=120 prev_state=R ==> next_comm=compiz next_pid=1774 next_prio=120
          compiz-1774  [003] d...   960.867866: sched_switch: prev_comm=compiz prev_pid=1774 prev_prio=120 prev_state=S ==> next_comm=swapper/3 next_pid=0 next_prio=120
          <idle>-0     [003] d...   960.867887: sched_switch: prev_comm=swapper/3 prev_pid=0 prev_prio=120 prev_state=R ==> next_comm=compiz next_pid=1774 next_prio=120
          compiz-1774  [003] d...   960.867930: sched_switch: prev_comm=compiz prev_pid=1774 prev_prio=120 prev_state=S ==> next_comm=swapper/3 next_pid=0 next_prio=120
          <idle>-0     [003] d...   960.867951: sched_switch: prev_comm=swapper/3 prev_pid=0 prev_prio=120 prev_state=R ==> next_comm=compiz next_pid=1774 next_prio=120
          compiz-1774  [003] d...   960.867992: sched_switch: prev_comm=compiz prev_pid=1774 prev_prio=120 prev_state=S ==> next_comm=swapper/3 next_pid=0 next_prio=120
          <idle>-0     [003] d...   960.868013: sched_switch: prev_comm=swapper/3 prev_pid=0 prev_prio=120 prev_state=R ==> next_comm=compiz next_pid=1774 next_prio=120
          compiz-1774  [003] d...   960.868061: sched_switch: prev_comm=compiz prev_pid=1774 prev_prio=120 prev_state=S ==> next_comm=swapper/3 next_pid=0 next_prio=120
          <idle>-0     [003] d...   960.868142: sched_switch: prev_comm=swapper/3 prev_pid=0 prev_prio=120 prev_state=R ==> next_comm=compiz next_pid=1774 next_prio=120
          compiz-1774  [003] d...   960.868209: sched_switch: prev_comm=compiz prev_pid=1774 prev_prio=120 prev_state=S ==> next_comm=swapper/3 next_pid=0 next_prio=120
          <idle>-0     [003] d...   960.868230: sched_switch: prev_comm=swapper/3 prev_pid=0 prev_prio=120 prev_state=R ==> next_comm=compiz next_pid=1774 next_prio=120
          compiz-1774  [003] d...   960.868273: sched_switch: prev_comm=compiz prev_pid=1774 prev_prio=120 prev_state=S ==> next_comm=swapper/3 next_pid=0 next_prio=120
          <idle>-0     [003] d...   960.868293: sched_switch: prev_comm=swapper/3 prev_pid=0 prev_prio=120 prev_state=R ==> next_comm=compiz next_pid=1774 next_prio=120
            Xorg-936   [002] d...   960.868447: sched_switch: prev_comm=Xorg prev_pid=936 prev_prio=120 prev_state=S ==> next_comm=swapper/2 next_pid=0 next_prio=120
   test_affinity-2916  [000] d...   960.870080: sched_switch: prev_comm=test_affinity prev_pid=2916 prev_prio=120 prev_state=R ==> next_comm=kworker/0:1 next_pid=72 next_prio=120
     kworker/0:1-72    [000] d...   960.870443: sched_switch: prev_comm=kworker/0:1 prev_pid=72 prev_prio=120 prev_state=S ==> next_comm=test_affinity next_pid=2918 next_prio=120
          <idle>-0     [002] d...   960.874673: sched_switch: prev_comm=swapper/2 prev_pid=0 prev_prio=120 prev_state=R ==> next_comm=cat next_pid=2927 next_prio=120
          <idle>-0     [001] d...   960.874851: sched_switch: prev_comm=swapper/1 prev_pid=0 prev_prio=120 prev_state=R ==> next_comm=head next_pid=2926 next_prio=120
            head-2926  [001] d...   960.874980: sched_switch: prev_comm=head prev_pid=2926 prev_prio=120 prev_state=S ==> next_comm=swapper/1 next_pid=0 next_prio=120
          <idle>-0     [001] d...   960.875011: sched_switch: prev_comm=swapper/1 prev_pid=0 prev_prio=120 prev_state=R ==> next_comm=head next_pid=2926 next_prio=120
            head-2926  [001] d...   960.875059: sched_switch: prev_comm=head prev_pid=2926 prev_prio=120 prev_state=S ==> next_comm=swapper/1 next_pid=0 next_prio=120
          <idle>-0     [001] d...   960.875200: sched_switch: prev_comm=swapper/1 prev_pid=0 prev_prio=120 prev_state=R ==> next_comm=head next_pid=2926 next_prio=120
            head-2926  [001] d...   960.875281: sched_switch: prev_comm=head prev_pid=2926 prev_prio=120 prev_state=S ==> next_comm=swapper/1 next_pid=0 next_prio=120
          <idle>-0     [001] d...   960.875425: sched_switch: prev_comm=swapper/1 prev_pid=0 prev_prio=120 prev_state=R ==> next_comm=head next_pid=2926 next_prio=120
             cat-2927  [002] d...   960.875458: sched_switch: prev_comm=cat prev_pid=2927 prev_prio=120 prev_state=S ==> next_comm=swapper/2 next_pid=0 next_prio=120
            head-2926  [001] d...   960.875483: sched_switch: prev_comm=head prev_pid=2926 prev_prio=120 prev_state=S ==> next_comm=swapper/1 next_pid=0 next_prio=120
   test_affinity-2918  [000] d...   960.878159: sched_switch: prev_comm=test_affinity prev_pid=2918 prev_prio=120 prev_state=R ==> next_comm=test_affinity next_pid=2917 next_prio=120
          <idle>-0     [001] d...   960.882664: sched_switch: prev_comm=swapper/1 prev_pid=0 prev_prio=120 prev_state=R ==> next_comm=X11-NOTIFY next_pid=1293 next_prio=120
      X11-NOTIFY-1293  [001] d...   960.882720: sched_switch: prev_comm=X11-NOTIFY prev_pid=1293 prev_prio=120 prev_state=S ==> next_comm=swapper/1 next_pid=0 next_prio=120
   test_affinity-2917  [000] d...   960.886011: sched_switch: prev_comm=test_affinity prev_pid=2917 prev_prio=120 prev_state=R ==> next_comm=test_affinity next_pid=2915 next_prio=120
          compiz-1774  [003] d...   960.888272: sched_switch: prev_comm=compiz prev_pid=1774 prev_prio=120 prev_state=S ==> next_comm=swapper/3 next_pid=0 next_prio=120
          <idle>-0     [002] d...   960.888372: sched_switch: prev_comm=swapper/2 prev_pid=0 prev_prio=120 prev_state=R ==> next_comm=Xorg next_pid=936 next_prio=120
            Xorg-936   [002] d...   960.888609: sched_switch: prev_comm=Xorg prev_pid=936 prev_prio=120 prev_state=S ==> next_comm=swapper/2 next_pid=0 next_prio=120
          <idle>-0     [003] d...   960.888634: sched_switch: prev_comm=swapper/3 prev_pid=0 prev_prio=120 prev_state=R ==> next_comm=compiz next_pid=1774 next_prio=120
          compiz-1774  [003] d...   960.888786: sched_switch: prev_comm=compiz prev_pid=1774 prev_prio=120 prev_state=R ==> next_comm=compiz next_pid=1845 next_prio=120
          compiz-1845  [003] d...   960.888806: sched_switch: prev_comm=compiz prev_pid=1845 prev_prio=120 prev_state=S ==> next_comm=compiz next_pid=1774 next_prio=120
          compiz-1774  [003] d...   960.888824: sched_switch: prev_comm=compiz prev_pid=1774 prev_prio=120 prev_state=R ==> next_comm=compiz next_pid=1845 next_prio=120
          compiz-1845  [003] d...   960.888842: sched_switch: prev_comm=compiz prev_pid=1845 prev_prio=120 prev_state=S ==> next_comm=compiz next_pid=1774 next_prio=120
          compiz-1774  [003] d...   960.888861: sched_switch: prev_comm=compiz prev_pid=1774 prev_prio=120 prev_state=R ==> next_comm=compiz next_pid=1846 next_prio=120
          compiz-1846  [003] d...   960.888875: sched_switch: prev_comm=compiz prev_pid=1846 prev_prio=120 prev_state=S ==> next_comm=compiz next_pid=1774 next_prio=120
          compiz-1774  [003] d...   960.888893: sched_switch: prev_comm=compiz prev_pid=1774 prev_prio=120 prev_state=R ==> next_comm=compiz next_pid=1846 next_prio=120
          compiz-1846  [003] d...   960.888911: sched_switch: prev_comm=compiz prev_pid=1846 prev_prio=120 prev_state=S ==> next_comm=compiz next_pid=1774 next_prio=120
          <idle>-0     [001] d...   960.888928: sched_switch: prev_comm=swapper/1 prev_pid=0 prev_prio=120 prev_state=R ==> next_comm=compiz next_pid=1843 next_prio=120
          compiz-1774  [003] d...   960.888930: sched_switch: prev_comm=compiz prev_pid=1774 prev_prio=120 prev_state=S ==> next_comm=swapper/3 next_pid=0 next_prio=120
          compiz-1843  [001] d...   960.888977: sched_switch: prev_comm=compiz prev_pid=1843 prev_prio=120 prev_state=S ==> next_comm=swapper/1 next_pid=0 next_prio=120
          <idle>-0     [002] d...   960.888984: sched_switch: prev_comm=swapper/2 prev_pid=0 prev_prio=120 prev_state=R ==> next_comm=compiz next_pid=1844 next_prio=120
          compiz-1844  [002] d...   960.889189: sched_switch: prev_comm=compiz prev_pid=1844 prev_prio=120 prev_state=R ==> next_comm=compiz next_pid=1843 next_prio=120
          <idle>-0     [003] d...   960.889198: sched_switch: prev_comm=swapper/3 prev_pid=0 prev_prio=120 prev_state=R ==> next_comm=compiz next_pid=1845 next_prio=120
          <idle>-0     [001] d...   960.889217: sched_switch: prev_comm=swapper/1 prev_pid=0 prev_prio=120 prev_state=R ==> next_comm=compiz next_pid=1846 next_prio=120
          compiz-1846  [001] d...   960.889245: sched_switch: prev_comm=compiz prev_pid=1846 prev_prio=120 prev_state=S ==> next_comm=swapper/1 next_pid=0 next_prio=120
          compiz-1843  [002] d...   960.889260: sched_switch: prev_comm=compiz prev_pid=1843 prev_prio=120 prev_state=S ==> next_comm=compiz next_pid=1844 next_prio=120
          compiz-1845  [003] d...   960.889262: sched_switch: prev_comm=compiz prev_pid=1845 prev_prio=120 prev_state=S ==> next_comm=swapper/3 next_pid=0 next_prio=120
          compiz-1844  [002] d...   960.889292: sched_switch: prev_comm=compiz prev_pid=1844 prev_prio=120 prev_state=S ==> next_comm=swapper/2 next_pid=0 next_prio=120
          <idle>-0     [003] d...   960.889294: sched_switch: prev_comm=swapper/3 prev_pid=0 prev_prio=120 prev_state=R ==> next_comm=compiz next_pid=1843 next_prio=120
          compiz-1843  [003] d...   960.889425: sched_switch: prev_comm=compiz prev_pid=1843 prev_prio=120 prev_state=S ==> next_comm=swapper/3 next_pid=0 next_prio=120
          <idle>-0     [001] d...   960.889439: sched_switch: prev_comm=swapper/1 prev_pid=0 prev_prio=120 prev_state=R ==> next_comm=compiz next_pid=1845 next_prio=120
          compiz-1845  [001] d...   960.889508: sched_switch: prev_comm=compiz prev_pid=1845 prev_prio=120 prev_state=S ==> next_comm=swapper/1 next_pid=0 next_prio=120
          <idle>-0     [002] d...   960.889582: sched_switch: prev_comm=swapper/2 prev_pid=0 prev_prio=120 prev_state=R ==> next_comm=compiz next_pid=1846 next_prio=120
          <idle>-0     [003] d...   960.889668: sched_switch: prev_comm=swapper/3 prev_pid=0 prev_prio=120 prev_state=R ==> next_comm=compiz next_pid=1844 next_prio=120
          compiz-1846  [002] d...   960.889681: sched_switch: prev_comm=compiz prev_pid=1846 prev_prio=120 prev_state=S ==> next_comm=compiz next_pid=1845 next_prio=120
          compiz-1844  [003] d...   960.889685: sched_switch: prev_comm=compiz prev_pid=1844 prev_prio=120 prev_state=S ==> next_comm=swapper/3 next_pid=0 next_prio=120
          <idle>-0     [001] d...   960.889693: sched_switch: prev_comm=swapper/1 prev_pid=0 prev_prio=120 prev_state=R ==> next_comm=compiz next_pid=1843 next_prio=120
          compiz-1845  [002] d...   960.889714: sched_switch: prev_comm=compiz prev_pid=1845 prev_prio=120 prev_state=S ==> next_comm=swapper/2 next_pid=0 next_prio=120
          compiz-1843  [001] d...   960.889784: sched_switch: prev_comm=compiz prev_pid=1843 prev_prio=120 prev_state=S ==> next_comm=swapper/1 next_pid=0 next_prio=120
          <idle>-0     [003] d...   960.889822: sched_switch: prev_comm=swapper/3 prev_pid=0 prev_prio=120 prev_state=R ==> next_comm=compiz next_pid=1774 next_prio=120
          <idle>-0     [001] d...   960.889980: sched_switch: prev_comm=swapper/1 prev_pid=0 prev_prio=120 prev_state=R ==> next_comm=compiz next_pid=1843 next_prio=120
          compiz-1843  [001] d...   960.890003: sched_switch: prev_comm=compiz prev_pid=1843 prev_prio=120 prev_state=S ==> next_comm=swapper/1 next_pid=0 next_prio=120
          <idle>-0     [001] d...   960.890022: sched_switch: prev_comm=swapper/1 prev_pid=0 prev_prio=120 prev_state=R ==> next_comm=compiz next_pid=1843 next_prio=120
          compiz-1843  [001] d...   960.890049: sched_switch: prev_comm=compiz prev_pid=1843 prev_prio=120 prev_state=S ==> next_comm=swapper/1 next_pid=0 next_prio=120
          <idle>-0     [001] d...   960.890062: sched_switch: prev_comm=swapper/1 prev_pid=0 prev_prio=120 prev_state=R ==> next_comm=compiz next_pid=1845 next_prio=120
          compiz-1845  [001] d...   960.890097: sched_switch: prev_comm=compiz prev_pid=1845 prev_prio=120 prev_state=S ==> next_comm=swapper/1 next_pid=0 next_prio=120
          compiz-1774  [003] d...   960.890101: sched_switch: prev_comm=compiz prev_pid=1774 prev_prio=120 prev_state=S ==> next_comm=swapper/3 next_pid=0 next_prio=120
          <idle>-0     [002] d...   960.890146: sched_switch: prev_comm=swapper/2 prev_pid=0 prev_prio=120 prev_state=R ==> next_comm=compiz next_pid=1846 next_prio=120
          compiz-1846  [002] d...   960.890175: sched_switch: prev_comm=compiz prev_pid=1846 prev_prio=120 prev_state=S ==> next_comm=compiz next_pid=1844 next_prio=120
          <idle>-0     [001] d...   960.890267: sched_switch: prev_comm=swapper/1 prev_pid=0 prev_prio=120 prev_state=R ==> next_comm=compiz next_pid=1843 next_prio=120
          compiz-1844  [002] d...   960.890281: sched_switch: prev_comm=compiz prev_pid=1844 prev_prio=120 prev_state=R ==> next_comm=compiz next_pid=1846 next_prio=120
          <idle>-0     [003] d...   960.890309: sched_switch: prev_comm=swapper/3 prev_pid=0 prev_prio=120 prev_state=R ==> next_comm=compiz next_pid=1845 next_prio=120
   test_affinity-2915  [000] d...   960.894346: sched_switch: prev_comm=test_affinity prev_pid=2915 prev_prio=120 prev_state=R ==> next_comm=test_affinity next_pid=2916 next_prio=120
          compiz-1843  [001] d...   960.899741: sched_switch: prev_comm=compiz prev_pid=1843 prev_prio=120 prev_state=S ==> next_comm=swapper/1 next_pid=0 next_prio=120
          compiz-1845  [003] d...   960.899764: sched_switch: prev_comm=compiz prev_pid=1845 prev_prio=120 prev_state=S ==> next_comm=swapper/3 next_pid=0 next_prio=120
          compiz-1846  [002] d...   960.899764: sched_switch: prev_comm=compiz prev_pid=1846 prev_prio=120 prev_state=S ==> next_comm=compiz next_pid=1844 next_prio=120
          compiz-1844  [002] d...   960.899809: sched_switch: prev_comm=compiz prev_pid=1844 prev_prio=120 prev_state=S ==> next_comm=swapper/2 next_pid=0 next_prio=120
          <idle>-0     [001] d...   960.899836: sched_switch: prev_comm=swapper/1 prev_pid=0 prev_prio=120 prev_state=R ==> next_comm=compiz next_pid=1843 next_prio=120
          compiz-1843  [001] d...   960.899907: sched_switch: prev_comm=compiz prev_pid=1843 prev_prio=120 prev_state=S ==> next_comm=swapper/1 next_pid=0 next_prio=120
          <idle>-0     [002] d...   960.900021: sched_switch: prev_comm=swapper/2 prev_pid=0 prev_prio=120 prev_state=R ==> next_comm=compiz next_pid=1846 next_prio=120
          compiz-1846  [002] d...   960.900086: sched_switch: prev_comm=compiz prev_pid=1846 prev_prio=120 prev_state=S ==> next_comm=swapper/2 next_pid=0 next_prio=120
          <idle>-0     [003] d...   960.900112: sched_switch: prev_comm=swapper/3 prev_pid=0 prev_prio=120 prev_state=R ==> next_comm=compiz next_pid=1845 next_prio=120
          compiz-1845  [003] d...   960.900203: sched_switch: prev_comm=compiz prev_pid=1845 prev_prio=120 prev_state=S ==> next_comm=swapper/3 next_pid=0 next_prio=120
          <idle>-0     [002] d...   960.900208: sched_switch: prev_comm=swapper/2 prev_pid=0 prev_prio=120 prev_state=R ==> next_comm=compiz next_pid=1844 next_prio=120
          compiz-1844  [002] d...   960.900227: sched_switch: prev_comm=compiz prev_pid=1844 prev_prio=120 prev_state=S ==> next_comm=compiz next_pid=1846 next_prio=120
          compiz-1846  [002] d...   960.900246: sched_switch: prev_comm=compiz prev_pid=1846 prev_prio=120 prev_state=S ==> next_comm=swapper/2 next_pid=0 next_prio=120
          <idle>-0     [001] d...   960.900256: sched_switch: prev_comm=swapper/1 prev_pid=0 prev_prio=120 prev_state=R ==> next_comm=compiz next_pid=1843 next_prio=120
          compiz-1843  [001] d...   960.900332: sched_switch: prev_comm=compiz prev_pid=1843 prev_prio=120 prev_state=S ==> next_comm=swapper/1 next_pid=0 next_prio=120
          <idle>-0     [003] d...   960.900385: sched_switch: prev_comm=swapper/3 prev_pid=0 prev_prio=120 prev_state=R ==> next_comm=compiz next_pid=1774 next_prio=120
          compiz-1774  [003] d...   960.900531: sched_switch: prev_comm=compiz prev_pid=1774 prev_prio=120 prev_state=S ==> next_comm=swapper/3 next_pid=0 next_prio=120
          <idle>-0     [002] d...   960.900595: sched_switch: prev_comm=swapper/2 prev_pid=0 prev_prio=120 prev_state=R ==> next_comm=Xorg next_pid=936 next_prio=120
          <idle>-0     [003] d...   960.900908: sched_switch: prev_comm=swapper/3 prev_pid=0 prev_prio=120 prev_state=R ==> next_comm=compiz next_pid=1774 next_prio=120
            Xorg-936   [002] d...   960.900934: sched_switch: prev_comm=Xorg prev_pid=936 prev_prio=120 prev_state=S ==> next_comm=swapper/2 next_pid=0 next_prio=120
          <idle>-0     [002] d...   960.900954: sched_switch: prev_comm=swapper/2 prev_pid=0 prev_prio=120 prev_state=R ==> next_comm=Xorg next_pid=936 next_prio=120
          compiz-1774  [003] d...   960.900992: sched_switch: prev_comm=compiz prev_pid=1774 prev_prio=120 prev_state=S ==> next_comm=swapper/3 next_pid=0 next_prio=120
          <idle>-0     [003] d...   960.901194: sched_switch: prev_comm=swapper/3 prev_pid=0 prev_prio=120 prev_state=R ==> next_comm=compiz next_pid=1774 next_prio=120
            Xorg-936   [002] d...   960.901218: sched_switch: prev_comm=Xorg prev_pid=936 prev_prio=120 prev_state=S ==> next_comm=swapper/2 next_pid=0 next_prio=120
          <idle>-0     [002] d...   960.901238: sched_switch: prev_comm=swapper/2 prev_pid=0 prev_prio=120 prev_state=R ==> next_comm=Xorg next_pid=936 next_prio=120
          compiz-1774  [003] d...   960.901245: sched_switch: prev_comm=compiz prev_pid=1774 prev_prio=120 prev_state=S ==> next_comm=swapper/3 next_pid=0 next_prio=120
          <idle>-0     [003] d...   960.901374: sched_switch: prev_comm=swapper/3 prev_pid=0 prev_prio=120 prev_state=R ==> next_comm=compiz next_pid=1774 next_prio=120
          compiz-1774  [003] d...   960.901476: sched_switch: prev_comm=compiz prev_pid=1774 prev_prio=120 prev_state=S ==> next_comm=swapper/3 next_pid=0 next_prio=120
          <idle>-0     [003] d...   960.901584: sched_switch: prev_comm=swapper/3 prev_pid=0 prev_prio=120 prev_state=R ==> next_comm=compiz next_pid=1774 next_prio=120
            Xorg-936   [002] d...   960.901611: sched_switch: prev_comm=Xorg prev_pid=936 prev_prio=120 prev_state=S ==> next_comm=swapper/2 next_pid=0 next_prio=120
          <idle>-0     [002] d...   960.901631: sched_switch: prev_comm=swapper/2 prev_pid=0 prev_prio=120 prev_state=R ==> next_comm=Xorg next_pid=936 next_prio=120
          compiz-1774  [003] d...   960.901667: sched_switch: prev_comm=compiz prev_pid=1774 prev_prio=120 prev_state=S ==> next_comm=swapper/3 next_pid=0 next_prio=120
          <idle>-0     [003] d...   960.901852: sched_switch: prev_comm=swapper/3 prev_pid=0 prev_prio=120 prev_state=R ==> next_comm=compiz next_pid=1774 next_prio=120
            Xorg-936   [002] d...   960.901877: sched_switch: prev_comm=Xorg prev_pid=936 prev_prio=120 prev_state=S ==> next_comm=swapper/2 next_pid=0 next_prio=120
          <idle>-0     [002] d...   960.901897: sched_switch: prev_comm=swapper/2 prev_pid=0 prev_prio=120 prev_state=R ==> next_comm=Xorg next_pid=936 next_prio=120
          compiz-1774  [003] d...   960.901904: sched_switch: prev_comm=compiz prev_pid=1774 prev_prio=120 prev_state=S ==> next_comm=swapper/3 next_pid=0 next_prio=120
   test_affinity-2916  [000] d...   960.902063: sched_switch: prev_comm=test_affinity prev_pid=2916 prev_prio=120 prev_state=R ==> next_comm=test_affinity next_pid=2918 next_prio=120
          <idle>-0     [003] d...   960.902134: sched_switch: prev_comm=swapper/3 prev_pid=0 prev_prio=120 prev_state=R ==> next_comm=compiz next_pid=1774 next_prio=120
          compiz-1774  [003] d...   960.902252: sched_switch: prev_comm=compiz prev_pid=1774 prev_prio=120 prev_state=S ==> next_comm=swapper/3 next_pid=0 next_prio=120
          <idle>-0     [003] d...   960.902306: sched_switch: prev_comm=swapper/3 prev_pid=0 prev_prio=120 prev_state=R ==> next_comm=compiz next_pid=1774 next_prio=120
          compiz-1774  [003] d...   960.902370: sched_switch: prev_comm=compiz prev_pid=1774 prev_prio=120 prev_state=S ==> next_comm=swapper/3 next_pid=0 next_prio=120
          <idle>-0     [003] d...   960.902544: sched_switch: prev_comm=swapper/3 prev_pid=0 prev_prio=120 prev_state=R ==> next_comm=compiz next_pid=1774 next_prio=120
          compiz-1774  [003] d...   960.902585: sched_switch: prev_comm=compiz prev_pid=1774 prev_prio=120 prev_state=S ==> next_comm=swapper/3 next_pid=0 next_prio=120
          <idle>-0     [003] d...   960.902702: sched_switch: prev_comm=swapper/3 prev_pid=0 prev_prio=120 prev_state=R ==> next_comm=compiz next_pid=1774 next_prio=120
          compiz-1774  [003] d...   960.902805: sched_switch: prev_comm=compiz prev_pid=1774 prev_prio=120 prev_state=S ==> next_comm=swapper/3 next_pid=0 next_prio=120
          <idle>-0     [003] d...   960.902918: sched_switch: prev_comm=swapper/3 prev_pid=0 prev_prio=120 prev_state=R ==> next_comm=compiz next_pid=1774 next_prio=120
          compiz-1774  [003] d...   960.902985: sched_switch: prev_comm=compiz prev_pid=1774 prev_prio=120 prev_state=S ==> next_comm=swapper/3 next_pid=0 next_prio=120
          <idle>-0     [003] d...   960.903155: sched_switch: prev_comm=swapper/3 prev_pid=0 prev_prio=120 prev_state=R ==> next_comm=compiz next_pid=1774 next_prio=120
            Xorg-936   [002] d...   960.903184: sched_switch: prev_comm=Xorg prev_pid=936 prev_prio=120 prev_state=S ==> next_comm=swapper/2 next_pid=0 next_prio=120
          <idle>-0     [002] d...   960.903206: sched_switch: prev_comm=swapper/2 prev_pid=0 prev_prio=120 prev_state=R ==> next_comm=Xorg next_pid=936 next_prio=120
          compiz-1774  [003] d...   960.903216: sched_switch: prev_comm=compiz prev_pid=1774 prev_prio=120 prev_state=S ==> next_comm=swapper/3 next_pid=0 next_prio=120
          <idle>-0     [003] d...   960.903350: sched_switch: prev_comm=swapper/3 prev_pid=0 prev_prio=120 prev_state=R ==> next_comm=compiz next_pid=1774 next_prio=120
          compiz-1774  [003] d...   960.903435: sched_switch: prev_comm=compiz prev_pid=1774 prev_prio=120 prev_state=S ==> next_comm=swapper/3 next_pid=0 next_prio=120
          <idle>-0     [003] d...   960.903586: sched_switch: prev_comm=swapper/3 prev_pid=0 prev_prio=120 prev_state=R ==> next_comm=compiz next_pid=1774 next_prio=120
          compiz-1774  [003] d...   960.903700: sched_switch: prev_comm=compiz prev_pid=1774 prev_prio=120 prev_state=S ==> next_comm=swapper/3 next_pid=0 next_prio=120
          <idle>-0     [003] d...   960.903807: sched_switch: prev_comm=swapper/3 prev_pid=0 prev_prio=120 prev_state=R ==> next_comm=compiz next_pid=1774 next_prio=120
          compiz-1774  [003] d...   960.903874: sched_switch: prev_comm=compiz prev_pid=1774 prev_prio=120 prev_state=S ==> next_comm=swapper/3 next_pid=0 next_prio=120
          <idle>-0     [003] d...   960.904059: sched_switch: prev_comm=swapper/3 prev_pid=0 prev_prio=120 prev_state=R ==> next_comm=compiz next_pid=1774 next_prio=120
            Xorg-936   [002] d...   960.904068: sched_switch: prev_comm=Xorg prev_pid=936 prev_prio=120 prev_state=S ==> next_comm=swapper/2 next_pid=0 next_prio=120
          compiz-1774  [003] d...   960.904107: sched_switch: prev_comm=compiz prev_pid=1774 prev_prio=120 prev_state=S ==> next_comm=swapper/3 next_pid=0 next_prio=120
          <idle>-0     [002] d...   960.904190: sched_switch: prev_comm=swapper/2 prev_pid=0 prev_prio=120 prev_state=R ==> next_comm=Xorg next_pid=936 next_prio=120
          <idle>-0     [003] d...   960.904343: sched_switch: prev_comm=swapper/3 prev_pid=0 prev_prio=120 prev_state=R ==> next_comm=compiz next_pid=1774 next_prio=120
          compiz-1774  [003] d...   960.904406: sched_switch: prev_comm=compiz prev_pid=1774 prev_prio=120 prev_state=S ==> next_comm=swapper/3 next_pid=0 next_prio=120
          <idle>-0     [003] d...   960.904427: sched_switch: prev_comm=swapper/3 prev_pid=0 prev_prio=120 prev_state=R ==> next_comm=compiz next_pid=1774 next_prio=120
          compiz-1774  [003] d...   960.904554: sched_switch: prev_comm=compiz prev_pid=1774 prev_prio=120 prev_state=S ==> next_comm=swapper/3 next_pid=0 next_prio=120
          <idle>-0     [003] d...   960.904665: sched_switch: prev_comm=swapper/3 prev_pid=0 prev_prio=120 prev_state=R ==> next_comm=compiz next_pid=1774 next_prio=120
          compiz-1774  [003] d...   960.904732: sched_switch: prev_comm=compiz prev_pid=1774 prev_prio=120 prev_state=S ==> next_comm=swapper/3 next_pid=0 next_prio=120
          <idle>-0     [003] d...   960.905059: sched_switch: prev_comm=swapper/3 prev_pid=0 prev_prio=120 prev_state=R ==> next_comm=compiz next_pid=1774 next_prio=120
            Xorg-936   [002] d...   960.905083: sched_switch: prev_comm=Xorg prev_pid=936 prev_prio=120 prev_state=S ==> next_comm=swapper/2 next_pid=0 next_prio=120
          <idle>-0     [002] d...   960.905108: sched_switch: prev_comm=swapper/2 prev_pid=0 prev_prio=120 prev_state=R ==> next_comm=Xorg next_pid=936 next_prio=120
          compiz-1774  [003] d...   960.905111: sched_switch: prev_comm=compiz prev_pid=1774 prev_prio=120 prev_state=S ==> next_comm=swapper/3 next_pid=0 next_prio=120
          <idle>-0     [003] d...   960.905251: sched_switch: prev_comm=swapper/3 prev_pid=0 prev_prio=120 prev_state=R ==> next_comm=compiz next_pid=1774 next_prio=120
          compiz-1774  [003] d...   960.905353: sched_switch: prev_comm=compiz prev_pid=1774 prev_prio=120 prev_state=S ==> next_comm=swapper/3 next_pid=0 next_prio=120
          <idle>-0     [003] d...   960.905457: sched_switch: prev_comm=swapper/3 prev_pid=0 prev_prio=120 prev_state=R ==> next_comm=compiz next_pid=1774 next_prio=120
            Xorg-936   [002] d...   960.905481: sched_switch: prev_comm=Xorg prev_pid=936 prev_prio=120 prev_state=S ==> next_comm=swapper/2 next_pid=0 next_prio=120
          <idle>-0     [002] d...   960.905500: sched_switch: prev_comm=swapper/2 prev_pid=0 prev_prio=120 prev_state=R ==> next_comm=Xorg next_pid=936 next_prio=120
          compiz-1774  [003] d...   960.905535: sched_switch: prev_comm=compiz prev_pid=1774 prev_prio=120 prev_state=S ==> next_comm=swapper/3 next_pid=0 next_prio=120
          <idle>-0     [003] d...   960.905708: sched_switch: prev_comm=swapper/3 prev_pid=0 prev_prio=120 prev_state=R ==> next_comm=compiz next_pid=1774 next_prio=120
            Xorg-936   [002] d...   960.905732: sched_switch: prev_comm=Xorg prev_pid=936 prev_prio=120 prev_state=S ==> next_comm=swapper/2 next_pid=0 next_prio=120
          <idle>-0     [002] d...   960.905751: sched_switch: prev_comm=swapper/2 prev_pid=0 prev_prio=120 prev_state=R ==> next_comm=Xorg next_pid=936 next_prio=120
          compiz-1774  [003] d...   960.905758: sched_switch: prev_comm=compiz prev_pid=1774 prev_prio=120 prev_state=S ==> next_comm=swapper/3 next_pid=0 next_prio=120
          <idle>-0     [003] d...   960.905983: sched_switch: prev_comm=swapper/3 prev_pid=0 prev_prio=120 prev_state=R ==> next_comm=compiz next_pid=1774 next_prio=120
          compiz-1774  [003] d...   960.906201: sched_switch: prev_comm=compiz prev_pid=1774 prev_prio=120 prev_state=S ==> next_comm=swapper/3 next_pid=0 next_prio=120
          <idle>-0     [003] d...   960.906412: sched_switch: prev_comm=swapper/3 prev_pid=0 prev_prio=120 prev_state=R ==> next_comm=compiz next_pid=1774 next_prio=120
          compiz-1774  [003] d...   960.906449: sched_switch: prev_comm=compiz prev_pid=1774 prev_prio=120 prev_state=S ==> next_comm=swapper/3 next_pid=0 next_prio=120
          <idle>-0     [003] d...   960.906578: sched_switch: prev_comm=swapper/3 prev_pid=0 prev_prio=120 prev_state=R ==> next_comm=compiz next_pid=1774 next_prio=120
          compiz-1774  [003] d...   960.906633: sched_switch: prev_comm=compiz prev_pid=1774 prev_prio=120 prev_state=S ==> next_comm=swapper/3 next_pid=0 next_prio=120
          <idle>-0     [003] d...   960.906777: sched_switch: prev_comm=swapper/3 prev_pid=0 prev_prio=120 prev_state=R ==> next_comm=compiz next_pid=1774 next_prio=120
            Xorg-936   [002] d...   960.906801: sched_switch: prev_comm=Xorg prev_pid=936 prev_prio=120 prev_state=S ==> next_comm=swapper/2 next_pid=0 next_prio=120
          compiz-1774  [003] d...   960.906857: sched_switch: prev_comm=compiz prev_pid=1774 prev_prio=120 prev_state=S ==> next_comm=swapper/3 next_pid=0 next_prio=120
          <idle>-0     [002] d...   960.906871: sched_switch: prev_comm=swapper/2 prev_pid=0 prev_prio=120 prev_state=R ==> next_comm=Xorg next_pid=936 next_prio=120
          <idle>-0     [003] d...   960.907082: sched_switch: prev_comm=swapper/3 prev_pid=0 prev_prio=120 prev_state=R ==> next_comm=compiz next_pid=1774 next_prio=120
            Xorg-936   [002] d...   960.907106: sched_switch: prev_comm=Xorg prev_pid=936 prev_prio=120 prev_state=S ==> next_comm=swapper/2 next_pid=0 next_prio=120
          <idle>-0     [002] d...   960.907125: sched_switch: prev_comm=swapper/2 prev_pid=0 prev_prio=120 prev_state=R ==> next_comm=Xorg next_pid=936 next_prio=120
          compiz-1774  [003] d...   960.907132: sched_switch: prev_comm=compiz prev_pid=1774 prev_prio=120 prev_state=S ==> next_comm=swapper/3 next_pid=0 next_prio=120
          <idle>-0     [003] d...   960.907255: sched_switch: prev_comm=swapper/3 prev_pid=0 prev_prio=120 prev_state=R ==> next_comm=compiz next_pid=1774 next_prio=120
          compiz-1774  [003] d...   960.907351: sched_switch: prev_comm=compiz prev_pid=1774 prev_prio=120 prev_state=S ==> next_comm=swapper/3 next_pid=0 next_prio=120
          <idle>-0     [003] d...   960.907455: sched_switch: prev_comm=swapper/3 prev_pid=0 prev_prio=120 prev_state=R ==> next_comm=compiz next_pid=1774 next_prio=120
          compiz-1774  [003] d...   960.907520: sched_switch: prev_comm=compiz prev_pid=1774 prev_prio=120 prev_state=S ==> next_comm=swapper/3 next_pid=0 next_prio=120
          <idle>-0     [003] d...   960.907682: sched_switch: prev_comm=swapper/3 prev_pid=0 prev_prio=120 prev_state=R ==> next_comm=compiz next_pid=1774 next_prio=120
            Xorg-936   [002] d...   960.907706: sched_switch: prev_comm=Xorg prev_pid=936 prev_prio=120 prev_state=S ==> next_comm=swapper/2 next_pid=0 next_prio=120
          <idle>-0     [002] d...   960.907725: sched_switch: prev_comm=swapper/2 prev_pid=0 prev_prio=120 prev_state=R ==> next_comm=Xorg next_pid=936 next_prio=120
          compiz-1774  [003] d...   960.907732: sched_switch: prev_comm=compiz prev_pid=1774 prev_prio=120 prev_state=S ==> next_comm=swapper/3 next_pid=0 next_prio=120
          <idle>-0     [001] d...   960.907860: sched_switch: prev_comm=swapper/1 prev_pid=0 prev_prio=120 prev_state=R ==> next_comm=X11-NOTIFY next_pid=1293 next_prio=120
      X11-NOTIFY-1293  [001] d...   960.907905: sched_switch: prev_comm=X11-NOTIFY prev_pid=1293 prev_prio=120 prev_state=S ==> next_comm=swapper/1 next_pid=0 next_prio=120
          <idle>-0     [003] d...   960.907945: sched_switch: prev_comm=swapper/3 prev_pid=0 prev_prio=120 prev_state=R ==> next_comm=compiz next_pid=1774 next_prio=120
          compiz-1774  [003] d...   960.908170: sched_switch: prev_comm=compiz prev_pid=1774 prev_prio=120 prev_state=S ==> next_comm=swapper/3 next_pid=0 next_prio=120
            Xorg-936   [002] d...   960.908177: sched_switch: prev_comm=Xorg prev_pid=936 prev_prio=120 prev_state=S ==> next_comm=swapper/2 next_pid=0 next_prio=120
   test_affinity-2918  [000] d...   960.910002: sched_switch: prev_comm=test_affinity prev_pid=2918 prev_prio=120 prev_state=R ==> next_comm=test_affinity next_pid=2917 next_prio=120
   test_affinity-2917  [000] d...   960.915623: sched_switch: prev_comm=test_affinity prev_pid=2917 prev_prio=120 prev_state=R ==> next_comm=test_affinity next_pid=2915 next_prio=120
   test_affinity-2915  [000] d...   960.922058: sched_switch: prev_comm=test_affinity prev_pid=2915 prev_prio=120 prev_state=R ==> next_comm=test_affinity next_pid=2916 next_prio=120
   test_affinity-2916  [000] d...   960.931282: sched_switch: prev_comm=test_affinity prev_pid=2916 prev_prio=120 prev_state=R ==> next_comm=test_affinity next_pid=2917 next_prio=120
          <idle>-0     [001] d...   960.933157: sched_switch: prev_comm=swapper/1 prev_pid=0 prev_prio=120 prev_state=R ==> next_comm=X11-NOTIFY next_pid=1293 next_prio=120
      X11-NOTIFY-1293  [001] d...   960.933210: sched_switch: prev_comm=X11-NOTIFY prev_pid=1293 prev_prio=120 prev_state=S ==> next_comm=swapper/1 next_pid=0 next_prio=120
   test_affinity-2917  [000] d...   960.938014: sched_switch: prev_comm=test_affinity prev_pid=2917 prev_prio=120 prev_state=R ==> next_comm=test_affinity next_pid=2918 next_prio=120
   test_affinity-2918  [000] d...   960.942746: sched_switch: prev_comm=test_affinity prev_pid=2918 prev_prio=120 prev_state=R ==> next_comm=test_affinity next_pid=2915 next_prio=120
   test_affinity-2915  [000] d...   960.950035: sched_switch: prev_comm=test_affinity prev_pid=2915 prev_prio=120 prev_state=R ==> next_comm=test_affinity next_pid=2918 next_prio=120
   test_affinity-2918  [000] d...   960.958033: sched_switch: prev_comm=test_affinity prev_pid=2918 prev_prio=120 prev_state=R ==> next_comm=test_affinity next_pid=2916 next_prio=120
          <idle>-0     [001] d...   960.958382: sched_switch: prev_comm=swapper/1 prev_pid=0 prev_prio=120 prev_state=R ==> next_comm=X11-NOTIFY next_pid=1293 next_prio=120
      X11-NOTIFY-1293  [001] d...   960.958432: sched_switch: prev_comm=X11-NOTIFY prev_pid=1293 prev_prio=120 prev_state=S ==> next_comm=swapper/1 next_pid=0 next_prio=120
   test_affinity-2916  [000] d...   960.962853: sched_switch: prev_comm=test_affinity prev_pid=2916 prev_prio=120 prev_state=R ==> next_comm=test_affinity next_pid=2917 next_prio=120
   test_affinity-2917  [000] d...   960.970048: sched_switch: prev_comm=test_affinity prev_pid=2917 prev_prio=120 prev_state=R ==> next_comm=test_affinity next_pid=2915 next_prio=120
   test_affinity-2915  [000] d...   960.974075: sched_switch: prev_comm=test_affinity prev_pid=2915 prev_prio=120 prev_state=R ==> next_comm=watchdog/0 next_pid=18 next_prio=0
      watchdog/0-18    [000] d...   960.974091: sched_switch: prev_comm=watchdog/0 prev_pid=18 prev_prio=0 prev_state=S ==> next_comm=test_affinity next_pid=2916 next_prio=120
          <idle>-0     [002] d...   960.974148: sched_switch: prev_comm=swapper/2 prev_pid=0 prev_prio=120 prev_state=R ==> next_comm=cat next_pid=2927 next_prio=120
          <idle>-0     [001] d...   960.974362: sched_switch: prev_comm=swapper/1 prev_pid=0 prev_prio=120 prev_state=R ==> next_comm=head next_pid=2926 next_prio=120
            head-2926  [001] d...   960.974535: sched_switch: prev_comm=head prev_pid=2926 prev_prio=120 prev_state=S ==> next_comm=swapper/1 next_pid=0 next_prio=120
          <idle>-0     [001] d...   960.974590: sched_switch: prev_comm=swapper/1 prev_pid=0 prev_prio=120 prev_state=R ==> next_comm=head next_pid=2926 next_prio=120
            head-2926  [001] d...   960.974630: sched_switch: prev_comm=head prev_pid=2926 prev_prio=120 prev_state=S ==> next_comm=swapper/1 next_pid=0 next_prio=120
          <idle>-0     [001] d...   960.974679: sched_switch: prev_comm=swapper/1 prev_pid=0 prev_prio=120 prev_state=R ==> next_comm=head next_pid=2926 next_prio=120
            head-2926  [001] d...   960.974741: sched_switch: prev_comm=head prev_pid=2926 prev_prio=120 prev_state=S ==> next_comm=swapper/1 next_pid=0 next_prio=120
          <idle>-0     [001] d...   960.974792: sched_switch: prev_comm=swapper/1 prev_pid=0 prev_prio=120 prev_state=R ==> next_comm=head next_pid=2926 next_prio=120
             cat-2927  [002] d...   960.974797: sched_switch: prev_comm=cat prev_pid=2927 prev_prio=120 prev_state=S ==> next_comm=swapper/2 next_pid=0 next_prio=120
            head-2926  [001] d...   960.974829: sched_switch: prev_comm=head prev_pid=2926 prev_prio=120 prev_state=S ==> next_comm=swapper/1 next_pid=0 next_prio=120
   test_affinity-2916  [000] d...   960.979084: sched_switch: prev_comm=test_affinity prev_pid=2916 prev_prio=120 prev_state=R ==> next_comm=test_affinity next_pid=2918 next_prio=120
          <idle>-0     [001] d...   960.983605: sched_switch: prev_comm=swapper/1 prev_pid=0 prev_prio=120 prev_state=R ==> next_comm=X11-NOTIFY next_pid=1293 next_prio=120
      X11-NOTIFY-1293  [001] d...   960.983662: sched_switch: prev_comm=X11-NOTIFY prev_pid=1293 prev_prio=120 prev_state=S ==> next_comm=swapper/1 next_pid=0 next_prio=120
   test_affinity-2918  [000] d...   960.986818: sched_switch: prev_comm=test_affinity prev_pid=2918 prev_prio=120 prev_state=R ==> next_comm=test_affinity next_pid=2915 next_prio=120
          <idle>-0     [001] d...   960.990868: sched_switch: prev_comm=swapper/1 prev_pid=0 prev_prio=120 prev_state=R ==> next_comm=watchdog/1 next_pid=19 next_prio=0
      watchdog/1-19    [001] d...   960.990928: sched_switch: prev_comm=watchdog/1 prev_pid=19 prev_prio=0 prev_state=S ==> next_comm=swapper/1 next_pid=0 next_prio=120
   test_affinity-2915  [000] d...   960.994089: sched_switch: prev_comm=test_affinity prev_pid=2915 prev_prio=120 prev_state=R ==> next_comm=test_affinity next_pid=2917 next_prio=120
   test_affinity-2917  [000] d...   961.002060: sched_switch: prev_comm=test_affinity prev_pid=2917 prev_prio=120 prev_state=R ==> next_comm=test_affinity next_pid=2916 next_prio=120
          <idle>-0     [002] d...   961.002135: sched_switch: prev_comm=swapper/2 prev_pid=0 prev_prio=120 prev_state=R ==> next_comm=watchdog/2 next_pid=24 next_prio=0
      watchdog/2-24    [002] d...   961.002155: sched_switch: prev_comm=watchdog/2 prev_pid=24 prev_prio=0 prev_state=S ==> next_comm=swapper/2 next_pid=0 next_prio=120
          <idle>-0     [001] d...   961.009826: sched_switch: prev_comm=swapper/1 prev_pid=0 prev_prio=120 prev_state=R ==> next_comm=X11-NOTIFY next_pid=1293 next_prio=120
      X11-NOTIFY-1293  [001] d...   961.009901: sched_switch: prev_comm=X11-NOTIFY prev_pid=1293 prev_prio=120 prev_state=S ==> next_comm=swapper/1 next_pid=0 next_prio=120
   test_affinity-2916  [000] d...   961.010056: sched_switch: prev_comm=test_affinity prev_pid=2916 prev_prio=120 prev_state=R ==> next_comm=test_affinity next_pid=2915 next_prio=120
          <idle>-0     [003] d...   961.014123: sched_switch: prev_comm=swapper/3 prev_pid=0 prev_prio=120 prev_state=R ==> next_comm=watchdog/3 next_pid=29 next_prio=0
      watchdog/3-29    [003] d...   961.014143: sched_switch: prev_comm=watchdog/3 prev_pid=29 prev_prio=0 prev_state=S ==> next_comm=swapper/3 next_pid=0 next_prio=120
   test_affinity-2915  [000] d...   961.018063: sched_switch: prev_comm=test_affinity prev_pid=2915 prev_prio=120 prev_state=R ==> next_comm=test_affinity next_pid=2918 next_prio=120
   test_affinity-2918  [000] d...   961.027407: sched_switch: prev_comm=test_affinity prev_pid=2918 prev_prio=120 prev_state=R ==> next_comm=test_affinity next_pid=2917 next_prio=120
   test_affinity-2917  [000] d...   961.034075: sched_switch: prev_comm=test_affinity prev_pid=2917 prev_prio=120 prev_state=R ==> next_comm=test_affinity next_pid=2916 next_prio=120
          <idle>-0     [001] d...   961.035049: sched_switch: prev_comm=swapper/1 prev_pid=0 prev_prio=120 prev_state=R ==> next_comm=X11-NOTIFY next_pid=1293 next_prio=120
      X11-NOTIFY-1293  [001] d...   961.035094: sched_switch: prev_comm=X11-NOTIFY prev_pid=1293 prev_prio=120 prev_state=S ==> next_comm=swapper/1 next_pid=0 next_prio=120
   test_affinity-2916  [000] d...   961.043070: sched_switch: prev_comm=test_affinity prev_pid=2916 prev_prio=120 prev_state=R ==> next_comm=test_affinity next_pid=2917 next_prio=120
   test_affinity-2917  [000] d...   961.050090: sched_switch: prev_comm=test_affinity prev_pid=2917 prev_prio=120 prev_state=R ==> next_comm=test_affinity next_pid=2915 next_prio=120
   test_affinity-2915  [000] d...   961.059331: sched_switch: prev_comm=test_affinity prev_pid=2915 prev_prio=120 prev_state=R ==> next_comm=test_affinity next_pid=2918 next_prio=120
          <idle>-0     [001] d...   961.060273: sched_switch: prev_comm=swapper/1 prev_pid=0 prev_prio=120 prev_state=R ==> next_comm=X11-NOTIFY next_pid=1293 next_prio=120
      X11-NOTIFY-1293  [001] d...   961.060323: sched_switch: prev_comm=X11-NOTIFY prev_pid=1293 prev_prio=120 prev_state=S ==> next_comm=swapper/1 next_pid=0 next_prio=120
   test_affinity-2918  [000] d...   961.067201: sched_switch: prev_comm=test_affinity prev_pid=2918 prev_prio=120 prev_state=R ==> next_comm=test_affinity next_pid=2916 next_prio=120
   test_affinity-2916  [000] d...   961.074164: sched_switch: prev_comm=test_affinity prev_pid=2916 prev_prio=120 prev_state=R ==> next_comm=test_affinity next_pid=2917 next_prio=120
          <idle>-0     [002] d...   961.074291: sched_switch: prev_comm=swapper/2 prev_pid=0 prev_prio=120 prev_state=R ==> next_comm=cat next_pid=2927 next_prio=120
             cat-2927  [002] d...   961.074546: sched_switch: prev_comm=cat prev_pid=2927 prev_prio=120 prev_state=S ==> next_comm=swapper/2 next_pid=0 next_prio=120
          <idle>-0     [001] d...   961.074567: sched_switch: prev_comm=swapper/1 prev_pid=0 prev_prio=120 prev_state=R ==> next_comm=head next_pid=2926 next_prio=120
            head-2926  [001] d...   961.074748: sched_switch: prev_comm=head prev_pid=2926 prev_prio=120 prev_state=S ==> next_comm=swapper/1 next_pid=0 next_prio=120
          <idle>-0     [002] d...   961.074841: sched_switch: prev_comm=swapper/2 prev_pid=0 prev_prio=120 prev_state=R ==> next_comm=jbd2/sda1-8 next_pid=156 next_prio=120
     jbd2/sda1-8-156   [002] d...   961.074965: sched_switch: prev_comm=jbd2/sda1-8 prev_pid=156 prev_prio=120 prev_state=D ==> next_comm=swapper/2 next_pid=0 next_prio=120
          <idle>-0     [002] d...   961.075427: sched_switch: prev_comm=swapper/2 prev_pid=0 prev_prio=120 prev_state=R ==> next_comm=jbd2/sda1-8 next_pid=156 next_prio=120
     jbd2/sda1-8-156   [002] d...   961.075508: sched_switch: prev_comm=jbd2/sda1-8 prev_pid=156 prev_prio=120 prev_state=D ==> next_comm=swapper/2 next_pid=0 next_prio=120
   test_affinity-2917  [000] d...   961.079023: sched_switch: prev_comm=test_affinity prev_pid=2917 prev_prio=120 prev_state=R ==> next_comm=test_affinity next_pid=2915 next_prio=120
          <idle>-0     [003] d...   961.085213: sched_switch: prev_comm=swapper/3 prev_pid=0 prev_prio=120 prev_state=R ==> next_comm=kworker/u9:1 next_pid=155 next_prio=100
    kworker/u9:1-155   [003] d...   961.085242: sched_switch: prev_comm=kworker/u9:1 prev_pid=155 prev_prio=100 prev_state=S ==> next_comm=swapper/3 next_pid=0 next_prio=120
