             cat-2773  [001] d...   728.749460: sched_switch: prev_comm=cat prev_pid=2773 prev_prio=120 prev_state=R ==> next_comm=head next_pid=2772 next_prio=120
            head-2772  [001] d...   728.749475: sched_switch: prev_comm=head prev_pid=2772 prev_prio=120 prev_state=S ==> next_comm=cat next_pid=2773 next_prio=120
             cat-2773  [001] d...   728.749503: sched_switch: prev_comm=cat prev_pid=2773 prev_prio=120 prev_state=R ==> next_comm=head next_pid=2772 next_prio=120
            head-2772  [001] d...   728.749518: sched_switch: prev_comm=head prev_pid=2772 prev_prio=120 prev_state=S ==> next_comm=cat next_pid=2773 next_prio=120
             cat-2773  [001] d...   728.749546: sched_switch: prev_comm=cat prev_pid=2773 prev_prio=120 prev_state=R ==> next_comm=head next_pid=2772 next_prio=120
            head-2772  [001] d...   728.749561: sched_switch: prev_comm=head prev_pid=2772 prev_prio=120 prev_state=S ==> next_comm=cat next_pid=2773 next_prio=120
             cat-2773  [001] d...   728.749589: sched_switch: prev_comm=cat prev_pid=2773 prev_prio=120 prev_state=R ==> next_comm=head next_pid=2772 next_prio=120
            head-2772  [001] d...   728.749604: sched_switch: prev_comm=head prev_pid=2772 prev_prio=120 prev_state=S ==> next_comm=cat next_pid=2773 next_prio=120
             cat-2773  [001] d...   728.749633: sched_switch: prev_comm=cat prev_pid=2773 prev_prio=120 prev_state=R ==> next_comm=head next_pid=2772 next_prio=120
            head-2772  [001] d...   728.749648: sched_switch: prev_comm=head prev_pid=2772 prev_prio=120 prev_state=S ==> next_comm=cat next_pid=2773 next_prio=120
             cat-2773  [001] d...   728.749676: sched_switch: prev_comm=cat prev_pid=2773 prev_prio=120 prev_state=R ==> next_comm=head next_pid=2772 next_prio=120
            head-2772  [001] d...   728.749691: sched_switch: prev_comm=head prev_pid=2772 prev_prio=120 prev_state=S ==> next_comm=cat next_pid=2773 next_prio=120
             cat-2773  [001] d...   728.749719: sched_switch: prev_comm=cat prev_pid=2773 prev_prio=120 prev_state=R ==> next_comm=head next_pid=2772 next_prio=120
            head-2772  [001] d...   728.749734: sched_switch: prev_comm=head prev_pid=2772 prev_prio=120 prev_state=S ==> next_comm=cat next_pid=2773 next_prio=120
             cat-2773  [001] d...   728.749763: sched_switch: prev_comm=cat prev_pid=2773 prev_prio=120 prev_state=R ==> next_comm=head next_pid=2772 next_prio=120
            head-2772  [001] d...   728.749778: sched_switch: prev_comm=head prev_pid=2772 prev_prio=120 prev_state=S ==> next_comm=cat next_pid=2773 next_prio=120
             cat-2773  [001] d...   728.749806: sched_switch: prev_comm=cat prev_pid=2773 prev_prio=120 prev_state=R ==> next_comm=head next_pid=2772 next_prio=120
            head-2772  [001] d...   728.749821: sched_switch: prev_comm=head prev_pid=2772 prev_prio=120 prev_state=S ==> next_comm=cat next_pid=2773 next_prio=120
             cat-2773  [001] d...   728.749849: sched_switch: prev_comm=cat prev_pid=2773 prev_prio=120 prev_state=R ==> next_comm=head next_pid=2772 next_prio=120
            head-2772  [001] d...   728.749864: sched_switch: prev_comm=head prev_pid=2772 prev_prio=120 prev_state=S ==> next_comm=cat next_pid=2773 next_prio=120
             cat-2773  [001] d...   728.749893: sched_switch: prev_comm=cat prev_pid=2773 prev_prio=120 prev_state=R ==> next_comm=head next_pid=2772 next_prio=120
            head-2772  [001] d...   728.749929: sched_switch: prev_comm=head prev_pid=2772 prev_prio=120 prev_state=S ==> next_comm=cat next_pid=2773 next_prio=120
             cat-2773  [001] d...   728.749959: sched_switch: prev_comm=cat prev_pid=2773 prev_prio=120 prev_state=R ==> next_comm=head next_pid=2772 next_prio=120
            head-2772  [001] d...   728.749974: sched_switch: prev_comm=head prev_pid=2772 prev_prio=120 prev_state=S ==> next_comm=cat next_pid=2773 next_prio=120
             cat-2773  [001] d...   728.750006: sched_switch: prev_comm=cat prev_pid=2773 prev_prio=120 prev_state=R ==> next_comm=head next_pid=2772 next_prio=120
            head-2772  [001] d...   728.750021: sched_switch: prev_comm=head prev_pid=2772 prev_prio=120 prev_state=S ==> next_comm=cat next_pid=2773 next_prio=120
             cat-2773  [001] d...   728.750050: sched_switch: prev_comm=cat prev_pid=2773 prev_prio=120 prev_state=R ==> next_comm=head next_pid=2772 next_prio=120
            head-2772  [001] d...   728.750065: sched_switch: prev_comm=head prev_pid=2772 prev_prio=120 prev_state=S ==> next_comm=cat next_pid=2773 next_prio=120
             cat-2773  [001] d...   728.750093: sched_switch: prev_comm=cat prev_pid=2773 prev_prio=120 prev_state=R ==> next_comm=head next_pid=2772 next_prio=120
            head-2772  [001] d...   728.750108: sched_switch: prev_comm=head prev_pid=2772 prev_prio=120 prev_state=S ==> next_comm=cat next_pid=2773 next_prio=120
             cat-2773  [001] d...   728.750137: sched_switch: prev_comm=cat prev_pid=2773 prev_prio=120 prev_state=R ==> next_comm=head next_pid=2772 next_prio=120
            head-2772  [001] d...   728.750151: sched_switch: prev_comm=head prev_pid=2772 prev_prio=120 prev_state=S ==> next_comm=cat next_pid=2773 next_prio=120
             cat-2773  [001] d...   728.750180: sched_switch: prev_comm=cat prev_pid=2773 prev_prio=120 prev_state=R ==> next_comm=head next_pid=2772 next_prio=120
            head-2772  [001] d...   728.750195: sched_switch: prev_comm=head prev_pid=2772 prev_prio=120 prev_state=S ==> next_comm=cat next_pid=2773 next_prio=120
             cat-2773  [001] d...   728.750223: sched_switch: prev_comm=cat prev_pid=2773 prev_prio=120 prev_state=R ==> next_comm=head next_pid=2772 next_prio=120
            head-2772  [001] d...   728.750238: sched_switch: prev_comm=head prev_pid=2772 prev_prio=120 prev_state=S ==> next_comm=cat next_pid=2773 next_prio=120
             cat-2773  [001] d...   728.750267: sched_switch: prev_comm=cat prev_pid=2773 prev_prio=120 prev_state=R ==> next_comm=head next_pid=2772 next_prio=120
            head-2772  [001] d...   728.750282: sched_switch: prev_comm=head prev_pid=2772 prev_prio=120 prev_state=S ==> next_comm=cat next_pid=2773 next_prio=120
             cat-2773  [001] d...   728.750310: sched_switch: prev_comm=cat prev_pid=2773 prev_prio=120 prev_state=R ==> next_comm=head next_pid=2772 next_prio=120
            head-2772  [001] d...   728.750325: sched_switch: prev_comm=head prev_pid=2772 prev_prio=120 prev_state=S ==> next_comm=cat next_pid=2773 next_prio=120
             cat-2773  [001] d...   728.750354: sched_switch: prev_comm=cat prev_pid=2773 prev_prio=120 prev_state=R ==> next_comm=head next_pid=2772 next_prio=120
            head-2772  [001] d...   728.750369: sched_switch: prev_comm=head prev_pid=2772 prev_prio=120 prev_state=S ==> next_comm=cat next_pid=2773 next_prio=120
             cat-2773  [001] d...   728.750397: sched_switch: prev_comm=cat prev_pid=2773 prev_prio=120 prev_state=R ==> next_comm=head next_pid=2772 next_prio=120
            head-2772  [001] d...   728.750412: sched_switch: prev_comm=head prev_pid=2772 prev_prio=120 prev_state=S ==> next_comm=cat next_pid=2773 next_prio=120
             cat-2773  [001] d...   728.750441: sched_switch: prev_comm=cat prev_pid=2773 prev_prio=120 prev_state=R ==> next_comm=head next_pid=2772 next_prio=120
            head-2772  [001] d...   728.750456: sched_switch: prev_comm=head prev_pid=2772 prev_prio=120 prev_state=S ==> next_comm=cat next_pid=2773 next_prio=120
             cat-2773  [001] d...   728.750484: sched_switch: prev_comm=cat prev_pid=2773 prev_prio=120 prev_state=R ==> next_comm=head next_pid=2772 next_prio=120
            head-2772  [001] d...   728.750510: sched_switch: prev_comm=head prev_pid=2772 prev_prio=120 prev_state=S ==> next_comm=cat next_pid=2773 next_prio=120
             cat-2773  [001] d...   728.750540: sched_switch: prev_comm=cat prev_pid=2773 prev_prio=120 prev_state=R ==> next_comm=head next_pid=2772 next_prio=120
            head-2772  [001] d...   728.750555: sched_switch: prev_comm=head prev_pid=2772 prev_prio=120 prev_state=S ==> next_comm=cat next_pid=2773 next_prio=120
             cat-2773  [001] d...   728.750583: sched_switch: prev_comm=cat prev_pid=2773 prev_prio=120 prev_state=R ==> next_comm=head next_pid=2772 next_prio=120
            head-2772  [001] d...   728.750599: sched_switch: prev_comm=head prev_pid=2772 prev_prio=120 prev_state=S ==> next_comm=cat next_pid=2773 next_prio=120
             cat-2773  [001] d...   728.750627: sched_switch: prev_comm=cat prev_pid=2773 prev_prio=120 prev_state=R ==> next_comm=head next_pid=2772 next_prio=120
            head-2772  [001] d...   728.750642: sched_switch: prev_comm=head prev_pid=2772 prev_prio=120 prev_state=S ==> next_comm=cat next_pid=2773 next_prio=120
             cat-2773  [001] d...   728.750670: sched_switch: prev_comm=cat prev_pid=2773 prev_prio=120 prev_state=R ==> next_comm=head next_pid=2772 next_prio=120
            head-2772  [001] d...   728.750685: sched_switch: prev_comm=head prev_pid=2772 prev_prio=120 prev_state=S ==> next_comm=cat next_pid=2773 next_prio=120
             cat-2773  [001] d...   728.750714: sched_switch: prev_comm=cat prev_pid=2773 prev_prio=120 prev_state=R ==> next_comm=head next_pid=2772 next_prio=120
            head-2772  [001] d...   728.750729: sched_switch: prev_comm=head prev_pid=2772 prev_prio=120 prev_state=S ==> next_comm=cat next_pid=2773 next_prio=120
             cat-2773  [001] d...   728.750757: sched_switch: prev_comm=cat prev_pid=2773 prev_prio=120 prev_state=R ==> next_comm=head next_pid=2772 next_prio=120
            head-2772  [001] d...   728.750772: sched_switch: prev_comm=head prev_pid=2772 prev_prio=120 prev_state=S ==> next_comm=cat next_pid=2773 next_prio=120
             cat-2773  [001] d...   728.750800: sched_switch: prev_comm=cat prev_pid=2773 prev_prio=120 prev_state=R ==> next_comm=head next_pid=2772 next_prio=120
            head-2772  [001] d...   728.750816: sched_switch: prev_comm=head prev_pid=2772 prev_prio=120 prev_state=S ==> next_comm=cat next_pid=2773 next_prio=120
             cat-2773  [001] d...   728.750844: sched_switch: prev_comm=cat prev_pid=2773 prev_prio=120 prev_state=R ==> next_comm=head next_pid=2772 next_prio=120
            head-2772  [001] d...   728.750859: sched_switch: prev_comm=head prev_pid=2772 prev_prio=120 prev_state=S ==> next_comm=cat next_pid=2773 next_prio=120
             cat-2773  [001] d...   728.750887: sched_switch: prev_comm=cat prev_pid=2773 prev_prio=120 prev_state=R ==> next_comm=head next_pid=2772 next_prio=120
            head-2772  [001] d...   728.750902: sched_switch: prev_comm=head prev_pid=2772 prev_prio=120 prev_state=S ==> next_comm=cat next_pid=2773 next_prio=120
             cat-2773  [001] d...   728.750930: sched_switch: prev_comm=cat prev_pid=2773 prev_prio=120 prev_state=R ==> next_comm=head next_pid=2772 next_prio=120
            head-2772  [001] d...   728.750946: sched_switch: prev_comm=head prev_pid=2772 prev_prio=120 prev_state=S ==> next_comm=cat next_pid=2773 next_prio=120
             cat-2773  [001] d...   728.750974: sched_switch: prev_comm=cat prev_pid=2773 prev_prio=120 prev_state=R ==> next_comm=head next_pid=2772 next_prio=120
            head-2772  [001] d...   728.750989: sched_switch: prev_comm=head prev_pid=2772 prev_prio=120 prev_state=S ==> next_comm=cat next_pid=2773 next_prio=120
             cat-2773  [001] d...   728.751017: sched_switch: prev_comm=cat prev_pid=2773 prev_prio=120 prev_state=R ==> next_comm=head next_pid=2772 next_prio=120
            head-2772  [001] d...   728.751043: sched_switch: prev_comm=head prev_pid=2772 prev_prio=120 prev_state=S ==> next_comm=cat next_pid=2773 next_prio=120
             cat-2773  [001] d...   728.751073: sched_switch: prev_comm=cat prev_pid=2773 prev_prio=120 prev_state=R ==> next_comm=head next_pid=2772 next_prio=120
            head-2772  [001] d...   728.751088: sched_switch: prev_comm=head prev_pid=2772 prev_prio=120 prev_state=S ==> next_comm=cat next_pid=2773 next_prio=120
             cat-2773  [001] d...   728.751117: sched_switch: prev_comm=cat prev_pid=2773 prev_prio=120 prev_state=R ==> next_comm=head next_pid=2772 next_prio=120
            head-2772  [001] d...   728.751132: sched_switch: prev_comm=head prev_pid=2772 prev_prio=120 prev_state=S ==> next_comm=cat next_pid=2773 next_prio=120
             cat-2773  [001] d...   728.751160: sched_switch: prev_comm=cat prev_pid=2773 prev_prio=120 prev_state=R ==> next_comm=head next_pid=2772 next_prio=120
            head-2772  [001] d...   728.751175: sched_switch: prev_comm=head prev_pid=2772 prev_prio=120 prev_state=S ==> next_comm=cat next_pid=2773 next_prio=120
             cat-2773  [001] d...   728.751203: sched_switch: prev_comm=cat prev_pid=2773 prev_prio=120 prev_state=R ==> next_comm=head next_pid=2772 next_prio=120
            head-2772  [001] d...   728.751218: sched_switch: prev_comm=head prev_pid=2772 prev_prio=120 prev_state=S ==> next_comm=cat next_pid=2773 next_prio=120
             cat-2773  [001] d...   728.751247: sched_switch: prev_comm=cat prev_pid=2773 prev_prio=120 prev_state=R ==> next_comm=head next_pid=2772 next_prio=120
            head-2772  [001] d...   728.751262: sched_switch: prev_comm=head prev_pid=2772 prev_prio=120 prev_state=S ==> next_comm=cat next_pid=2773 next_prio=120
             cat-2773  [001] d...   728.751290: sched_switch: prev_comm=cat prev_pid=2773 prev_prio=120 prev_state=R ==> next_comm=head next_pid=2772 next_prio=120
            head-2772  [001] d...   728.751305: sched_switch: prev_comm=head prev_pid=2772 prev_prio=120 prev_state=S ==> next_comm=cat next_pid=2773 next_prio=120
             cat-2773  [001] d...   728.751337: sched_switch: prev_comm=cat prev_pid=2773 prev_prio=120 prev_state=R ==> next_comm=head next_pid=2772 next_prio=120
            head-2772  [001] d...   728.751353: sched_switch: prev_comm=head prev_pid=2772 prev_prio=120 prev_state=S ==> next_comm=cat next_pid=2773 next_prio=120
             cat-2773  [001] d...   728.751381: sched_switch: prev_comm=cat prev_pid=2773 prev_prio=120 prev_state=R ==> next_comm=head next_pid=2772 next_prio=120
            head-2772  [001] d...   728.751396: sched_switch: prev_comm=head prev_pid=2772 prev_prio=120 prev_state=S ==> next_comm=cat next_pid=2773 next_prio=120
             cat-2773  [001] d...   728.751424: sched_switch: prev_comm=cat prev_pid=2773 prev_prio=120 prev_state=R ==> next_comm=head next_pid=2772 next_prio=120
            head-2772  [001] d...   728.751439: sched_switch: prev_comm=head prev_pid=2772 prev_prio=120 prev_state=S ==> next_comm=cat next_pid=2773 next_prio=120
             cat-2773  [001] d...   728.751468: sched_switch: prev_comm=cat prev_pid=2773 prev_prio=120 prev_state=R ==> next_comm=head next_pid=2772 next_prio=120
            head-2772  [001] d...   728.751528: sched_switch: prev_comm=head prev_pid=2772 prev_prio=120 prev_state=S ==> next_comm=cat next_pid=2773 next_prio=120
   test_affinity-2763  [000] d...   728.751785: sched_switch: prev_comm=test_affinity prev_pid=2763 prev_prio=120 prev_state=R ==> next_comm=rcu_sched next_pid=13 next_prio=120
       rcu_sched-13    [000] d...   728.751980: sched_switch: prev_comm=rcu_sched prev_pid=13 prev_prio=120 prev_state=S ==> next_comm=test_affinity next_pid=2763 next_prio=120
   test_affinity-2764  [003] d...   728.752024: sched_switch: prev_comm=test_affinity prev_pid=2764 prev_prio=120 prev_state=R ==> next_comm=rcuos/2 next_pid=16 next_prio=120
   test_affinity-2765  [002] d...   728.752026: sched_switch: prev_comm=test_affinity prev_pid=2765 prev_prio=120 prev_state=R ==> next_comm=rcuos/3 next_pid=17 next_prio=120
             cat-2773  [001] d...   728.752024: sched_switch: prev_comm=cat prev_pid=2773 prev_prio=120 prev_state=R ==> next_comm=head next_pid=2772 next_prio=120
         rcuos/2-16    [003] d...   728.752035: sched_switch: prev_comm=rcuos/2 prev_pid=16 prev_prio=120 prev_state=S ==> next_comm=test_affinity next_pid=2764 next_prio=120
         rcuos/3-17    [002] d...   728.752039: sched_switch: prev_comm=rcuos/3 prev_pid=17 prev_prio=120 prev_state=S ==> next_comm=test_affinity next_pid=2765 next_prio=120
            head-2772  [001] d...   728.752060: sched_switch: prev_comm=head prev_pid=2772 prev_prio=120 prev_state=S ==> next_comm=cat next_pid=2773 next_prio=120
             cat-2773  [001] d...   728.752095: sched_switch: prev_comm=cat prev_pid=2773 prev_prio=120 prev_state=R ==> next_comm=head next_pid=2772 next_prio=120
            head-2772  [001] d...   728.752111: sched_switch: prev_comm=head prev_pid=2772 prev_prio=120 prev_state=S ==> next_comm=cat next_pid=2773 next_prio=120
             cat-2773  [001] d...   728.752139: sched_switch: prev_comm=cat prev_pid=2773 prev_prio=120 prev_state=R ==> next_comm=head next_pid=2772 next_prio=120
            head-2772  [001] d...   728.752154: sched_switch: prev_comm=head prev_pid=2772 prev_prio=120 prev_state=S ==> next_comm=cat next_pid=2773 next_prio=120
             cat-2773  [001] d...   728.752182: sched_switch: prev_comm=cat prev_pid=2773 prev_prio=120 prev_state=R ==> next_comm=head next_pid=2772 next_prio=120
            head-2772  [001] d...   728.752196: sched_switch: prev_comm=head prev_pid=2772 prev_prio=120 prev_state=S ==> next_comm=cat next_pid=2773 next_prio=120
             cat-2773  [001] d...   728.752224: sched_switch: prev_comm=cat prev_pid=2773 prev_prio=120 prev_state=R ==> next_comm=head next_pid=2772 next_prio=120
            head-2772  [001] d...   728.752239: sched_switch: prev_comm=head prev_pid=2772 prev_prio=120 prev_state=S ==> next_comm=cat next_pid=2773 next_prio=120
             cat-2773  [001] d...   728.752267: sched_switch: prev_comm=cat prev_pid=2773 prev_prio=120 prev_state=R ==> next_comm=head next_pid=2772 next_prio=120
            head-2772  [001] d...   728.752282: sched_switch: prev_comm=head prev_pid=2772 prev_prio=120 prev_state=S ==> next_comm=cat next_pid=2773 next_prio=120
             cat-2773  [001] d...   728.752310: sched_switch: prev_comm=cat prev_pid=2773 prev_prio=120 prev_state=R ==> next_comm=head next_pid=2772 next_prio=120
            head-2772  [001] d...   728.752325: sched_switch: prev_comm=head prev_pid=2772 prev_prio=120 prev_state=S ==> next_comm=cat next_pid=2773 next_prio=120
             cat-2773  [001] d...   728.752352: sched_switch: prev_comm=cat prev_pid=2773 prev_prio=120 prev_state=R ==> next_comm=head next_pid=2772 next_prio=120
            head-2772  [001] d...   728.752367: sched_switch: prev_comm=head prev_pid=2772 prev_prio=120 prev_state=S ==> next_comm=cat next_pid=2773 next_prio=120
             cat-2773  [001] d...   728.752395: sched_switch: prev_comm=cat prev_pid=2773 prev_prio=120 prev_state=R ==> next_comm=head next_pid=2772 next_prio=120
            head-2772  [001] d...   728.752410: sched_switch: prev_comm=head prev_pid=2772 prev_prio=120 prev_state=S ==> next_comm=cat next_pid=2773 next_prio=120
             cat-2773  [001] d...   728.752437: sched_switch: prev_comm=cat prev_pid=2773 prev_prio=120 prev_state=R ==> next_comm=head next_pid=2772 next_prio=120
            head-2772  [001] d...   728.752452: sched_switch: prev_comm=head prev_pid=2772 prev_prio=120 prev_state=S ==> next_comm=cat next_pid=2773 next_prio=120
             cat-2773  [001] d...   728.752480: sched_switch: prev_comm=cat prev_pid=2773 prev_prio=120 prev_state=R ==> next_comm=head next_pid=2772 next_prio=120
            head-2772  [001] d...   728.752495: sched_switch: prev_comm=head prev_pid=2772 prev_prio=120 prev_state=S ==> next_comm=cat next_pid=2773 next_prio=120
             cat-2773  [001] d...   728.752523: sched_switch: prev_comm=cat prev_pid=2773 prev_prio=120 prev_state=R ==> next_comm=head next_pid=2772 next_prio=120
            head-2772  [001] d...   728.752549: sched_switch: prev_comm=head prev_pid=2772 prev_prio=120 prev_state=S ==> next_comm=test_affinity next_pid=2766 next_prio=120
   test_affinity-2763  [000] d...   728.756015: sched_switch: prev_comm=test_affinity prev_pid=2763 prev_prio=120 prev_state=R ==> next_comm=rcu_sched next_pid=13 next_prio=120
       rcu_sched-13    [000] d...   728.756078: sched_switch: prev_comm=rcu_sched prev_pid=13 prev_prio=120 prev_state=S ==> next_comm=test_affinity next_pid=2763 next_prio=120
   test_affinity-2764  [003] d...   728.756134: sched_switch: prev_comm=test_affinity prev_pid=2764 prev_prio=120 prev_state=R ==> next_comm=rcuos/1 next_pid=15 next_prio=120
         rcuos/1-15    [003] d...   728.756149: sched_switch: prev_comm=rcuos/1 prev_pid=15 prev_prio=120 prev_state=S ==> next_comm=test_affinity next_pid=2764 next_prio=120
   test_affinity-2763  [000] d...   728.760105: sched_switch: prev_comm=test_affinity prev_pid=2763 prev_prio=120 prev_state=R ==> next_comm=rcu_sched next_pid=13 next_prio=120
       rcu_sched-13    [000] d...   728.760120: sched_switch: prev_comm=rcu_sched prev_pid=13 prev_prio=120 prev_state=S ==> next_comm=test_affinity next_pid=2763 next_prio=120
   test_affinity-2763  [000] d...   728.764142: sched_switch: prev_comm=test_affinity prev_pid=2763 prev_prio=120 prev_state=R ==> next_comm=rcu_sched next_pid=13 next_prio=120
   test_affinity-2765  [002] d...   728.764153: sched_switch: prev_comm=test_affinity prev_pid=2765 prev_prio=120 prev_state=R ==> next_comm=cat next_pid=2773 next_prio=120
       rcu_sched-13    [000] d...   728.764198: sched_switch: prev_comm=rcu_sched prev_pid=13 prev_prio=120 prev_state=S ==> next_comm=test_affinity next_pid=2763 next_prio=120
   test_affinity-2764  [003] d...   728.764245: sched_switch: prev_comm=test_affinity prev_pid=2764 prev_prio=120 prev_state=R ==> next_comm=rcuos/2 next_pid=16 next_prio=120
         rcuos/2-16    [003] d...   728.764273: sched_switch: prev_comm=rcuos/2 prev_pid=16 prev_prio=120 prev_state=S ==> next_comm=test_affinity next_pid=2764 next_prio=120
   test_affinity-2766  [001] d...   728.764261: sched_switch: prev_comm=test_affinity prev_pid=2766 prev_prio=120 prev_state=R ==> next_comm=head next_pid=2772 next_prio=120
            head-2772  [001] d...   728.764291: sched_switch: prev_comm=head prev_pid=2772 prev_prio=120 prev_state=S ==> next_comm=test_affinity next_pid=2766 next_prio=120
             cat-2773  [002] d...   728.764316: sched_switch: prev_comm=cat prev_pid=2773 prev_prio=120 prev_state=S ==> next_comm=test_affinity next_pid=2765 next_prio=120
   test_affinity-2764  [003] d...   728.767334: sched_switch: prev_comm=test_affinity prev_pid=2764 prev_prio=120 prev_state=R ==> next_comm=X11-NOTIFY next_pid=1293 next_prio=120
      X11-NOTIFY-1293  [003] d...   728.767371: sched_switch: prev_comm=X11-NOTIFY prev_pid=1293 prev_prio=120 prev_state=S ==> next_comm=test_affinity next_pid=2764 next_prio=120
   test_affinity-2763  [000] d...   728.768625: sched_switch: prev_comm=test_affinity prev_pid=2763 prev_prio=120 prev_state=R ==> next_comm=rcu_sched next_pid=13 next_prio=120
       rcu_sched-13    [000] d...   728.768674: sched_switch: prev_comm=rcu_sched prev_pid=13 prev_prio=120 prev_state=S ==> next_comm=test_affinity next_pid=2763 next_prio=120
   test_affinity-2764  [003] d...   728.768720: sched_switch: prev_comm=test_affinity prev_pid=2764 prev_prio=120 prev_state=R ==> next_comm=rcuos/1 next_pid=15 next_prio=120
         rcuos/1-15    [003] d...   728.768774: sched_switch: prev_comm=rcuos/1 prev_pid=15 prev_prio=120 prev_state=S ==> next_comm=test_affinity next_pid=2764 next_prio=120
   test_affinity-2765  [002] d...   728.768785: sched_switch: prev_comm=test_affinity prev_pid=2765 prev_prio=120 prev_state=R ==> next_comm=rcuos/3 next_pid=17 next_prio=120
   test_affinity-2763  [000] d...   728.768856: sched_switch: prev_comm=test_affinity prev_pid=2763 prev_prio=120 prev_state=R ==> next_comm=rcu_sched next_pid=13 next_prio=120
       rcu_sched-13    [000] d...   728.768868: sched_switch: prev_comm=rcu_sched prev_pid=13 prev_prio=120 prev_state=S ==> next_comm=test_affinity next_pid=2763 next_prio=120
         rcuos/3-17    [002] d...   728.768871: sched_switch: prev_comm=rcuos/3 prev_pid=17 prev_prio=120 prev_state=S ==> next_comm=test_affinity next_pid=2765 next_prio=120
   test_affinity-2763  [000] d...   728.771539: sched_switch: prev_comm=test_affinity prev_pid=2763 prev_prio=120 prev_state=R ==> next_comm=rcu_sched next_pid=13 next_prio=120
       rcu_sched-13    [000] d...   728.771663: sched_switch: prev_comm=rcu_sched prev_pid=13 prev_prio=120 prev_state=S ==> next_comm=test_affinity next_pid=2763 next_prio=120
   test_affinity-2765  [002] d...   728.771734: sched_switch: prev_comm=test_affinity prev_pid=2765 prev_prio=120 prev_state=R ==> next_comm=rcuos/3 next_pid=17 next_prio=120
         rcuos/3-17    [002] d...   728.771750: sched_switch: prev_comm=rcuos/3 prev_pid=17 prev_prio=120 prev_state=S ==> next_comm=test_affinity next_pid=2765 next_prio=120
   test_affinity-2763  [000] d...   728.791707: sched_switch: prev_comm=test_affinity prev_pid=2763 prev_prio=120 prev_state=R ==> next_comm=watchdog/0 next_pid=18 next_prio=0
      watchdog/0-18    [000] d...   728.791727: sched_switch: prev_comm=watchdog/0 prev_pid=18 prev_prio=0 prev_state=S ==> next_comm=test_affinity next_pid=2763 next_prio=120
   test_affinity-2764  [003] d...   728.792650: sched_switch: prev_comm=test_affinity prev_pid=2764 prev_prio=120 prev_state=R ==> next_comm=X11-NOTIFY next_pid=1293 next_prio=120
      X11-NOTIFY-1293  [003] d...   728.792676: sched_switch: prev_comm=X11-NOTIFY prev_pid=1293 prev_prio=120 prev_state=S ==> next_comm=test_affinity next_pid=2764 next_prio=120
   test_affinity-2766  [001] d...   728.808103: sched_switch: prev_comm=test_affinity prev_pid=2766 prev_prio=120 prev_state=R ==> next_comm=watchdog/1 next_pid=19 next_prio=0
      watchdog/1-19    [001] d...   728.808118: sched_switch: prev_comm=watchdog/1 prev_pid=19 prev_prio=0 prev_state=S ==> next_comm=test_affinity next_pid=2766 next_prio=120
   test_affinity-2764  [003] d...   728.817810: sched_switch: prev_comm=test_affinity prev_pid=2764 prev_prio=120 prev_state=R ==> next_comm=X11-NOTIFY next_pid=1293 next_prio=120
      X11-NOTIFY-1293  [003] d...   728.817848: sched_switch: prev_comm=X11-NOTIFY prev_pid=1293 prev_prio=120 prev_state=S ==> next_comm=test_affinity next_pid=2764 next_prio=120
   test_affinity-2765  [002] d...   728.820768: sched_switch: prev_comm=test_affinity prev_pid=2765 prev_prio=120 prev_state=R ==> next_comm=watchdog/2 next_pid=24 next_prio=0
      watchdog/2-24    [002] d...   728.820786: sched_switch: prev_comm=watchdog/2 prev_pid=24 prev_prio=0 prev_state=S ==> next_comm=test_affinity next_pid=2765 next_prio=120
   test_affinity-2765  [002] d...   728.821852: sched_switch: prev_comm=test_affinity prev_pid=2765 prev_prio=120 prev_state=R ==> next_comm=vminfo next_pid=1027 next_prio=120
   test_affinity-2764  [003] d...   728.821852: sched_switch: prev_comm=test_affinity prev_pid=2764 prev_prio=120 prev_state=R ==> next_comm=rcuos/2 next_pid=16 next_prio=120
   test_affinity-2763  [000] d...   728.821889: sched_switch: prev_comm=test_affinity prev_pid=2763 prev_prio=120 prev_state=R ==> next_comm=rcu_sched next_pid=13 next_prio=120
         rcuos/2-16    [003] d...   728.821903: sched_switch: prev_comm=rcuos/2 prev_pid=16 prev_prio=120 prev_state=S ==> next_comm=test_affinity next_pid=2764 next_prio=120
       rcu_sched-13    [000] d...   728.821905: sched_switch: prev_comm=rcu_sched prev_pid=13 prev_prio=120 prev_state=S ==> next_comm=test_affinity next_pid=2763 next_prio=120
   test_affinity-2766  [001] d...   728.822648: sched_switch: prev_comm=test_affinity prev_pid=2766 prev_prio=120 prev_state=R ==> next_comm=dbus-daemon next_pid=397 next_prio=120
          vminfo-1027  [002] d...   728.822685: sched_switch: prev_comm=vminfo prev_pid=1027 prev_prio=120 prev_state=S ==> next_comm=test_affinity next_pid=2765 next_prio=120
   test_affinity-2764  [003] d...   728.822818: sched_switch: prev_comm=test_affinity prev_pid=2764 prev_prio=120 prev_state=R ==> next_comm=rcuos/1 next_pid=15 next_prio=120
         rcuos/1-15    [003] d...   728.822828: sched_switch: prev_comm=rcuos/1 prev_pid=15 prev_prio=120 prev_state=S ==> next_comm=test_affinity next_pid=2764 next_prio=120
     dbus-daemon-397   [001] d...   728.823124: sched_switch: prev_comm=dbus-daemon prev_pid=397 prev_prio=120 prev_state=S ==> next_comm=vminfo next_pid=1027 next_prio=120
          vminfo-1027  [001] d...   728.823329: sched_switch: prev_comm=vminfo prev_pid=1027 prev_prio=120 prev_state=S ==> next_comm=test_affinity next_pid=2766 next_prio=120
   test_affinity-2766  [001] d...   728.823773: sched_switch: prev_comm=test_affinity prev_pid=2766 prev_prio=120 prev_state=R ==> next_comm=vminfo next_pid=1027 next_prio=120
   test_affinity-2763  [000] d...   728.823783: sched_switch: prev_comm=test_affinity prev_pid=2763 prev_prio=120 prev_state=R ==> next_comm=rcu_sched next_pid=13 next_prio=120
       rcu_sched-13    [000] d...   728.823795: sched_switch: prev_comm=rcu_sched prev_pid=13 prev_prio=120 prev_state=S ==> next_comm=test_affinity next_pid=2763 next_prio=120
          vminfo-1027  [001] d...   728.823838: sched_switch: prev_comm=vminfo prev_pid=1027 prev_prio=120 prev_state=S ==> next_comm=test_affinity next_pid=2766 next_prio=120
   test_affinity-2766  [001] d...   728.823942: sched_switch: prev_comm=test_affinity prev_pid=2766 prev_prio=120 prev_state=R ==> next_comm=vminfo next_pid=1027 next_prio=120
          vminfo-1027  [001] d...   728.824006: sched_switch: prev_comm=vminfo prev_pid=1027 prev_prio=120 prev_state=S ==> next_comm=test_affinity next_pid=2766 next_prio=120
   test_affinity-2763  [000] d...   728.827720: sched_switch: prev_comm=test_affinity prev_pid=2763 prev_prio=120 prev_state=R ==> next_comm=rcu_sched next_pid=13 next_prio=120
       rcu_sched-13    [000] d...   728.827775: sched_switch: prev_comm=rcu_sched prev_pid=13 prev_prio=120 prev_state=S ==> next_comm=test_affinity next_pid=2763 next_prio=120
   test_affinity-2764  [003] d...   728.827818: sched_switch: prev_comm=test_affinity prev_pid=2764 prev_prio=120 prev_state=R ==> next_comm=rcuos/2 next_pid=16 next_prio=120
         rcuos/2-16    [003] d...   728.827835: sched_switch: prev_comm=rcuos/2 prev_pid=16 prev_prio=120 prev_state=S ==> next_comm=test_affinity next_pid=2764 next_prio=120
   test_affinity-2763  [000] d...   728.832356: sched_switch: prev_comm=test_affinity prev_pid=2763 prev_prio=120 prev_state=R ==> next_comm=rcu_sched next_pid=13 next_prio=120
       rcu_sched-13    [000] d...   728.832371: sched_switch: prev_comm=rcu_sched prev_pid=13 prev_prio=120 prev_state=S ==> next_comm=test_affinity next_pid=2763 next_prio=120
   test_affinity-2764  [003] d...   728.832393: sched_switch: prev_comm=test_affinity prev_pid=2764 prev_prio=120 prev_state=R ==> next_comm=watchdog/3 next_pid=29 next_prio=0
      watchdog/3-29    [003] d...   728.832411: sched_switch: prev_comm=watchdog/3 prev_pid=29 prev_prio=0 prev_state=S ==> next_comm=test_affinity next_pid=2764 next_prio=120
   test_affinity-2763  [000] d...   728.835585: sched_switch: prev_comm=test_affinity prev_pid=2763 prev_prio=120 prev_state=R ==> next_comm=rcu_sched next_pid=13 next_prio=120
       rcu_sched-13    [000] d...   728.835637: sched_switch: prev_comm=rcu_sched prev_pid=13 prev_prio=120 prev_state=S ==> next_comm=test_affinity next_pid=2763 next_prio=120
   test_affinity-2764  [003] d...   728.835680: sched_switch: prev_comm=test_affinity prev_pid=2764 prev_prio=120 prev_state=R ==> next_comm=rcuos/1 next_pid=15 next_prio=120
   test_affinity-2763  [000] d...   728.835762: sched_switch: prev_comm=test_affinity prev_pid=2763 prev_prio=120 prev_state=R ==> next_comm=rcu_sched next_pid=13 next_prio=120
         rcuos/1-15    [003] d...   728.835778: sched_switch: prev_comm=rcuos/1 prev_pid=15 prev_prio=120 prev_state=S ==> next_comm=test_affinity next_pid=2764 next_prio=120
       rcu_sched-13    [000] d...   728.835781: sched_switch: prev_comm=rcu_sched prev_pid=13 prev_prio=120 prev_state=S ==> next_comm=test_affinity next_pid=2763 next_prio=120
   test_affinity-2763  [000] d...   728.840052: sched_switch: prev_comm=test_affinity prev_pid=2763 prev_prio=120 prev_state=R ==> next_comm=rcu_sched next_pid=13 next_prio=120
       rcu_sched-13    [000] d...   728.840106: sched_switch: prev_comm=rcu_sched prev_pid=13 prev_prio=120 prev_state=S ==> next_comm=test_affinity next_pid=2763 next_prio=120
   test_affinity-2764  [003] d...   728.840192: sched_switch: prev_comm=test_affinity prev_pid=2764 prev_prio=120 prev_state=R ==> next_comm=rcuos/1 next_pid=15 next_prio=120
         rcuos/1-15    [003] d...   728.840208: sched_switch: prev_comm=rcuos/1 prev_pid=15 prev_prio=120 prev_state=S ==> next_comm=test_affinity next_pid=2764 next_prio=120
   test_affinity-2764  [003] d...   728.843988: sched_switch: prev_comm=test_affinity prev_pid=2764 prev_prio=120 prev_state=R ==> next_comm=X11-NOTIFY next_pid=1293 next_prio=120
      X11-NOTIFY-1293  [003] d...   728.844056: sched_switch: prev_comm=X11-NOTIFY prev_pid=1293 prev_prio=120 prev_state=S ==> next_comm=test_affinity next_pid=2764 next_prio=120
   test_affinity-2765  [002] d...   728.864560: sched_switch: prev_comm=test_affinity prev_pid=2765 prev_prio=120 prev_state=R ==> next_comm=cat next_pid=2773 next_prio=120
             cat-2773  [002] d...   728.864781: sched_switch: prev_comm=cat prev_pid=2773 prev_prio=120 prev_state=S ==> next_comm=head next_pid=2772 next_prio=120
            head-2772  [002] d...   728.864881: sched_switch: prev_comm=head prev_pid=2772 prev_prio=120 prev_state=S ==> next_comm=test_affinity next_pid=2765 next_prio=120
   test_affinity-2764  [003] d...   728.869368: sched_switch: prev_comm=test_affinity prev_pid=2764 prev_prio=120 prev_state=R ==> next_comm=X11-NOTIFY next_pid=1293 next_prio=120
      X11-NOTIFY-1293  [003] d...   728.869405: sched_switch: prev_comm=X11-NOTIFY prev_pid=1293 prev_prio=120 prev_state=S ==> next_comm=test_affinity next_pid=2764 next_prio=120
   test_affinity-2764  [003] d...   728.894709: sched_switch: prev_comm=test_affinity prev_pid=2764 prev_prio=120 prev_state=R ==> next_comm=X11-NOTIFY next_pid=1293 next_prio=120
      X11-NOTIFY-1293  [003] d...   728.894744: sched_switch: prev_comm=X11-NOTIFY prev_pid=1293 prev_prio=120 prev_state=S ==> next_comm=test_affinity next_pid=2764 next_prio=120
   test_affinity-2764  [003] d...   728.920224: sched_switch: prev_comm=test_affinity prev_pid=2764 prev_prio=120 prev_state=R ==> next_comm=X11-NOTIFY next_pid=1293 next_prio=120
      X11-NOTIFY-1293  [003] d...   728.920257: sched_switch: prev_comm=X11-NOTIFY prev_pid=1293 prev_prio=120 prev_state=S ==> next_comm=test_affinity next_pid=2764 next_prio=120
   test_affinity-2764  [003] d...   728.938862: sched_switch: prev_comm=test_affinity prev_pid=2764 prev_prio=120 prev_state=R ==> next_comm=automount next_pid=1033 next_prio=120
       automount-1033  [003] d...   728.938891: sched_switch: prev_comm=automount prev_pid=1033 prev_prio=120 prev_state=S ==> next_comm=test_affinity next_pid=2764 next_prio=120
   test_affinity-2764  [003] d...   728.945567: sched_switch: prev_comm=test_affinity prev_pid=2764 prev_prio=120 prev_state=R ==> next_comm=X11-NOTIFY next_pid=1293 next_prio=120
      X11-NOTIFY-1293  [003] d...   728.945604: sched_switch: prev_comm=X11-NOTIFY prev_pid=1293 prev_prio=120 prev_state=S ==> next_comm=test_affinity next_pid=2764 next_prio=120
   test_affinity-2765  [002] d...   728.964795: sched_switch: prev_comm=test_affinity prev_pid=2765 prev_prio=120 prev_state=R ==> next_comm=cat next_pid=2773 next_prio=120
             cat-2773  [002] d...   728.964877: sched_switch: prev_comm=cat prev_pid=2773 prev_prio=120 prev_state=S ==> next_comm=head next_pid=2772 next_prio=120
            head-2772  [002] d...   728.964903: sched_switch: prev_comm=head prev_pid=2772 prev_prio=120 prev_state=S ==> next_comm=test_affinity next_pid=2765 next_prio=120
   test_affinity-2764  [003] d...   728.971329: sched_switch: prev_comm=test_affinity prev_pid=2764 prev_prio=120 prev_state=R ==> next_comm=X11-NOTIFY next_pid=1293 next_prio=120
      X11-NOTIFY-1293  [003] d...   728.971508: sched_switch: prev_comm=X11-NOTIFY prev_pid=1293 prev_prio=120 prev_state=S ==> next_comm=test_affinity next_pid=2764 next_prio=120
   test_affinity-2764  [003] d...   728.996625: sched_switch: prev_comm=test_affinity prev_pid=2764 prev_prio=120 prev_state=R ==> next_comm=X11-NOTIFY next_pid=1293 next_prio=120
      X11-NOTIFY-1293  [003] d...   728.996659: sched_switch: prev_comm=X11-NOTIFY prev_pid=1293 prev_prio=120 prev_state=S ==> next_comm=test_affinity next_pid=2764 next_prio=120
   test_affinity-2766  [001] d...   729.001209: sched_switch: prev_comm=test_affinity prev_pid=2766 prev_prio=120 prev_state=R ==> next_comm=compiz next_pid=1774 next_prio=120
          compiz-1774  [001] d...   729.001673: sched_switch: prev_comm=compiz prev_pid=1774 prev_prio=120 prev_state=S ==> next_comm=test_affinity next_pid=2766 next_prio=120
   test_affinity-2766  [001] d...   729.020958: sched_switch: prev_comm=test_affinity prev_pid=2766 prev_prio=120 prev_state=R ==> next_comm=gnome-terminal next_pid=2123 next_prio=120
  gnome-terminal-2123  [001] d...   729.021833: sched_switch: prev_comm=gnome-terminal prev_pid=2123 prev_prio=120 prev_state=S ==> next_comm=Xorg next_pid=936 next_prio=120
   test_affinity-2764  [003] d...   729.021840: sched_switch: prev_comm=test_affinity prev_pid=2764 prev_prio=120 prev_state=R ==> next_comm=X11-NOTIFY next_pid=1293 next_prio=120
      X11-NOTIFY-1293  [003] d...   729.021880: sched_switch: prev_comm=X11-NOTIFY prev_pid=1293 prev_prio=120 prev_state=S ==> next_comm=test_affinity next_pid=2764 next_prio=120
            Xorg-936   [001] d...   729.022555: sched_switch: prev_comm=Xorg prev_pid=936 prev_prio=120 prev_state=S ==> next_comm=gnome-terminal next_pid=2123 next_prio=120
  gnome-terminal-2123  [001] d...   729.022639: sched_switch: prev_comm=gnome-terminal prev_pid=2123 prev_prio=120 prev_state=S ==> next_comm=compiz next_pid=1774 next_prio=120
          compiz-1774  [001] d...   729.022889: sched_switch: prev_comm=compiz prev_pid=1774 prev_prio=120 prev_state=S ==> next_comm=test_affinity next_pid=2766 next_prio=120
   test_affinity-2766  [001] d...   729.024014: sched_switch: prev_comm=test_affinity prev_pid=2766 prev_prio=120 prev_state=R ==> next_comm=compiz next_pid=1774 next_prio=120
          compiz-1774  [001] d...   729.024166: sched_switch: prev_comm=compiz prev_pid=1774 prev_prio=120 prev_state=S ==> next_comm=Xorg next_pid=936 next_prio=120
            Xorg-936   [001] d...   729.024418: sched_switch: prev_comm=Xorg prev_pid=936 prev_prio=120 prev_state=S ==> next_comm=compiz next_pid=1774 next_prio=120
          compiz-1774  [001] d...   729.024747: sched_switch: prev_comm=compiz prev_pid=1774 prev_prio=120 prev_state=S ==> next_comm=Xorg next_pid=936 next_prio=120
            Xorg-936   [001] d...   729.024942: sched_switch: prev_comm=Xorg prev_pid=936 prev_prio=120 prev_state=S ==> next_comm=compiz next_pid=1774 next_prio=120
          compiz-1774  [001] d...   729.025019: sched_switch: prev_comm=compiz prev_pid=1774 prev_prio=120 prev_state=S ==> next_comm=Xorg next_pid=936 next_prio=120
            Xorg-936   [001] d...   729.029397: sched_switch: prev_comm=Xorg prev_pid=936 prev_prio=120 prev_state=S ==> next_comm=compiz next_pid=1774 next_prio=120
          compiz-1774  [001] d...   729.029503: sched_switch: prev_comm=compiz prev_pid=1774 prev_prio=120 prev_state=S ==> next_comm=Xorg next_pid=936 next_prio=120
            Xorg-936   [001] d...   729.029609: sched_switch: prev_comm=Xorg prev_pid=936 prev_prio=120 prev_state=R ==> next_comm=compiz next_pid=1774 next_prio=120
          compiz-1774  [001] d...   729.029643: sched_switch: prev_comm=compiz prev_pid=1774 prev_prio=120 prev_state=S ==> next_comm=Xorg next_pid=936 next_prio=120
            Xorg-936   [001] d...   729.029657: sched_switch: prev_comm=Xorg prev_pid=936 prev_prio=120 prev_state=R ==> next_comm=compiz next_pid=1774 next_prio=120
          compiz-1774  [001] d...   729.029685: sched_switch: prev_comm=compiz prev_pid=1774 prev_prio=120 prev_state=S ==> next_comm=Xorg next_pid=936 next_prio=120
            Xorg-936   [001] d...   729.029701: sched_switch: prev_comm=Xorg prev_pid=936 prev_prio=120 prev_state=R ==> next_comm=compiz next_pid=1774 next_prio=120
          compiz-1774  [001] d...   729.029728: sched_switch: prev_comm=compiz prev_pid=1774 prev_prio=120 prev_state=S ==> next_comm=Xorg next_pid=936 next_prio=120
            Xorg-936   [001] d...   729.029742: sched_switch: prev_comm=Xorg prev_pid=936 prev_prio=120 prev_state=R ==> next_comm=compiz next_pid=1774 next_prio=120
          compiz-1774  [001] d...   729.029770: sched_switch: prev_comm=compiz prev_pid=1774 prev_prio=120 prev_state=S ==> next_comm=Xorg next_pid=936 next_prio=120
            Xorg-936   [001] d...   729.029784: sched_switch: prev_comm=Xorg prev_pid=936 prev_prio=120 prev_state=R ==> next_comm=compiz next_pid=1774 next_prio=120
          compiz-1774  [001] d...   729.029812: sched_switch: prev_comm=compiz prev_pid=1774 prev_prio=120 prev_state=S ==> next_comm=Xorg next_pid=936 next_prio=120
            Xorg-936   [001] d...   729.029826: sched_switch: prev_comm=Xorg prev_pid=936 prev_prio=120 prev_state=R ==> next_comm=compiz next_pid=1774 next_prio=120
          compiz-1774  [001] d...   729.029853: sched_switch: prev_comm=compiz prev_pid=1774 prev_prio=120 prev_state=S ==> next_comm=Xorg next_pid=936 next_prio=120
            Xorg-936   [001] d...   729.029867: sched_switch: prev_comm=Xorg prev_pid=936 prev_prio=120 prev_state=R ==> next_comm=compiz next_pid=1774 next_prio=120
          compiz-1774  [001] d...   729.029894: sched_switch: prev_comm=compiz prev_pid=1774 prev_prio=120 prev_state=S ==> next_comm=Xorg next_pid=936 next_prio=120
            Xorg-936   [001] d...   729.029909: sched_switch: prev_comm=Xorg prev_pid=936 prev_prio=120 prev_state=R ==> next_comm=compiz next_pid=1774 next_prio=120
          compiz-1774  [001] d...   729.029936: sched_switch: prev_comm=compiz prev_pid=1774 prev_prio=120 prev_state=S ==> next_comm=Xorg next_pid=936 next_prio=120
            Xorg-936   [001] d...   729.029950: sched_switch: prev_comm=Xorg prev_pid=936 prev_prio=120 prev_state=R ==> next_comm=compiz next_pid=1774 next_prio=120
          compiz-1774  [001] d...   729.029978: sched_switch: prev_comm=compiz prev_pid=1774 prev_prio=120 prev_state=S ==> next_comm=Xorg next_pid=936 next_prio=120
            Xorg-936   [001] d...   729.029992: sched_switch: prev_comm=Xorg prev_pid=936 prev_prio=120 prev_state=R ==> next_comm=compiz next_pid=1774 next_prio=120
          compiz-1774  [001] d...   729.030020: sched_switch: prev_comm=compiz prev_pid=1774 prev_prio=120 prev_state=S ==> next_comm=Xorg next_pid=936 next_prio=120
            Xorg-936   [001] d...   729.030034: sched_switch: prev_comm=Xorg prev_pid=936 prev_prio=120 prev_state=R ==> next_comm=compiz next_pid=1774 next_prio=120
          compiz-1774  [001] d...   729.030062: sched_switch: prev_comm=compiz prev_pid=1774 prev_prio=120 prev_state=S ==> next_comm=Xorg next_pid=936 next_prio=120
            Xorg-936   [001] d...   729.030076: sched_switch: prev_comm=Xorg prev_pid=936 prev_prio=120 prev_state=R ==> next_comm=compiz next_pid=1774 next_prio=120
          compiz-1774  [001] d...   729.030103: sched_switch: prev_comm=compiz prev_pid=1774 prev_prio=120 prev_state=S ==> next_comm=Xorg next_pid=936 next_prio=120
            Xorg-936   [001] d...   729.030118: sched_switch: prev_comm=Xorg prev_pid=936 prev_prio=120 prev_state=R ==> next_comm=compiz next_pid=1774 next_prio=120
          compiz-1774  [001] d...   729.030145: sched_switch: prev_comm=compiz prev_pid=1774 prev_prio=120 prev_state=S ==> next_comm=Xorg next_pid=936 next_prio=120
            Xorg-936   [001] d...   729.030159: sched_switch: prev_comm=Xorg prev_pid=936 prev_prio=120 prev_state=R ==> next_comm=compiz next_pid=1774 next_prio=120
          compiz-1774  [001] d...   729.030187: sched_switch: prev_comm=compiz prev_pid=1774 prev_prio=120 prev_state=S ==> next_comm=Xorg next_pid=936 next_prio=120
            Xorg-936   [001] d...   729.030201: sched_switch: prev_comm=Xorg prev_pid=936 prev_prio=120 prev_state=R ==> next_comm=compiz next_pid=1774 next_prio=120
          compiz-1774  [001] d...   729.030229: sched_switch: prev_comm=compiz prev_pid=1774 prev_prio=120 prev_state=S ==> next_comm=Xorg next_pid=936 next_prio=120
            Xorg-936   [001] d...   729.030245: sched_switch: prev_comm=Xorg prev_pid=936 prev_prio=120 prev_state=R ==> next_comm=compiz next_pid=1774 next_prio=120
          compiz-1774  [001] d...   729.030272: sched_switch: prev_comm=compiz prev_pid=1774 prev_prio=120 prev_state=S ==> next_comm=Xorg next_pid=936 next_prio=120
            Xorg-936   [001] d...   729.030286: sched_switch: prev_comm=Xorg prev_pid=936 prev_prio=120 prev_state=R ==> next_comm=compiz next_pid=1774 next_prio=120
          compiz-1774  [001] d...   729.030314: sched_switch: prev_comm=compiz prev_pid=1774 prev_prio=120 prev_state=S ==> next_comm=Xorg next_pid=936 next_prio=120
            Xorg-936   [001] d...   729.030328: sched_switch: prev_comm=Xorg prev_pid=936 prev_prio=120 prev_state=R ==> next_comm=compiz next_pid=1774 next_prio=120
          compiz-1774  [001] d...   729.030355: sched_switch: prev_comm=compiz prev_pid=1774 prev_prio=120 prev_state=S ==> next_comm=Xorg next_pid=936 next_prio=120
            Xorg-936   [001] d...   729.030369: sched_switch: prev_comm=Xorg prev_pid=936 prev_prio=120 prev_state=R ==> next_comm=compiz next_pid=1774 next_prio=120
          compiz-1774  [001] d...   729.030397: sched_switch: prev_comm=compiz prev_pid=1774 prev_prio=120 prev_state=S ==> next_comm=Xorg next_pid=936 next_prio=120
            Xorg-936   [001] d...   729.030411: sched_switch: prev_comm=Xorg prev_pid=936 prev_prio=120 prev_state=R ==> next_comm=compiz next_pid=1774 next_prio=120
          compiz-1774  [001] d...   729.030438: sched_switch: prev_comm=compiz prev_pid=1774 prev_prio=120 prev_state=S ==> next_comm=Xorg next_pid=936 next_prio=120
            Xorg-936   [001] d...   729.030453: sched_switch: prev_comm=Xorg prev_pid=936 prev_prio=120 prev_state=R ==> next_comm=compiz next_pid=1774 next_prio=120
          compiz-1774  [001] d...   729.030480: sched_switch: prev_comm=compiz prev_pid=1774 prev_prio=120 prev_state=S ==> next_comm=Xorg next_pid=936 next_prio=120
            Xorg-936   [001] d...   729.030494: sched_switch: prev_comm=Xorg prev_pid=936 prev_prio=120 prev_state=R ==> next_comm=compiz next_pid=1774 next_prio=120
          compiz-1774  [001] d...   729.030522: sched_switch: prev_comm=compiz prev_pid=1774 prev_prio=120 prev_state=S ==> next_comm=Xorg next_pid=936 next_prio=120
            Xorg-936   [001] d...   729.030536: sched_switch: prev_comm=Xorg prev_pid=936 prev_prio=120 prev_state=R ==> next_comm=compiz next_pid=1774 next_prio=120
          compiz-1774  [001] d...   729.030563: sched_switch: prev_comm=compiz prev_pid=1774 prev_prio=120 prev_state=S ==> next_comm=Xorg next_pid=936 next_prio=120
            Xorg-936   [001] d...   729.030577: sched_switch: prev_comm=Xorg prev_pid=936 prev_prio=120 prev_state=R ==> next_comm=compiz next_pid=1774 next_prio=120
          compiz-1774  [001] d...   729.030605: sched_switch: prev_comm=compiz prev_pid=1774 prev_prio=120 prev_state=S ==> next_comm=Xorg next_pid=936 next_prio=120
            Xorg-936   [001] d...   729.030620: sched_switch: prev_comm=Xorg prev_pid=936 prev_prio=120 prev_state=R ==> next_comm=compiz next_pid=1774 next_prio=120
          compiz-1774  [001] d...   729.030660: sched_switch: prev_comm=compiz prev_pid=1774 prev_prio=120 prev_state=S ==> next_comm=Xorg next_pid=936 next_prio=120
            Xorg-936   [001] d...   729.030676: sched_switch: prev_comm=Xorg prev_pid=936 prev_prio=120 prev_state=R ==> next_comm=compiz next_pid=1774 next_prio=120
          compiz-1774  [001] d...   729.030704: sched_switch: prev_comm=compiz prev_pid=1774 prev_prio=120 prev_state=S ==> next_comm=Xorg next_pid=936 next_prio=120
            Xorg-936   [001] d...   729.030719: sched_switch: prev_comm=Xorg prev_pid=936 prev_prio=120 prev_state=R ==> next_comm=compiz next_pid=1774 next_prio=120
          compiz-1774  [001] d...   729.030746: sched_switch: prev_comm=compiz prev_pid=1774 prev_prio=120 prev_state=S ==> next_comm=Xorg next_pid=936 next_prio=120
            Xorg-936   [001] d...   729.030761: sched_switch: prev_comm=Xorg prev_pid=936 prev_prio=120 prev_state=R ==> next_comm=compiz next_pid=1774 next_prio=120
          compiz-1774  [001] d...   729.030789: sched_switch: prev_comm=compiz prev_pid=1774 prev_prio=120 prev_state=S ==> next_comm=Xorg next_pid=936 next_prio=120
            Xorg-936   [001] d...   729.030803: sched_switch: prev_comm=Xorg prev_pid=936 prev_prio=120 prev_state=R ==> next_comm=compiz next_pid=1774 next_prio=120
          compiz-1774  [001] d...   729.030831: sched_switch: prev_comm=compiz prev_pid=1774 prev_prio=120 prev_state=S ==> next_comm=Xorg next_pid=936 next_prio=120
            Xorg-936   [001] d...   729.030846: sched_switch: prev_comm=Xorg prev_pid=936 prev_prio=120 prev_state=R ==> next_comm=compiz next_pid=1774 next_prio=120
          compiz-1774  [001] d...   729.030874: sched_switch: prev_comm=compiz prev_pid=1774 prev_prio=120 prev_state=S ==> next_comm=Xorg next_pid=936 next_prio=120
            Xorg-936   [001] d...   729.030889: sched_switch: prev_comm=Xorg prev_pid=936 prev_prio=120 prev_state=R ==> next_comm=compiz next_pid=1774 next_prio=120
