          <idle>-0     [002] d...   734.237217: sched_switch: prev_comm=swapper/2 prev_pid=0 prev_prio=120 prev_state=R ==> next_comm=compiz next_pid=1774 next_prio=120
          compiz-1774  [002] d...   734.237279: sched_switch: prev_comm=compiz prev_pid=1774 prev_prio=120 prev_state=S ==> next_comm=swapper/2 next_pid=0 next_prio=120
          <idle>-0     [002] d...   734.237435: sched_switch: prev_comm=swapper/2 prev_pid=0 prev_prio=120 prev_state=R ==> next_comm=compiz next_pid=1774 next_prio=120
            Xorg-936   [003] d...   734.237453: sched_switch: prev_comm=Xorg prev_pid=936 prev_prio=120 prev_state=S ==> next_comm=swapper/3 next_pid=0 next_prio=120
          <idle>-0     [003] d...   734.237501: sched_switch: prev_comm=swapper/3 prev_pid=0 prev_prio=120 prev_state=R ==> next_comm=Xorg next_pid=936 next_prio=120
          compiz-1774  [002] d...   734.237521: sched_switch: prev_comm=compiz prev_pid=1774 prev_prio=120 prev_state=S ==> next_comm=swapper/2 next_pid=0 next_prio=120
          <idle>-0     [002] d...   734.237732: sched_switch: prev_comm=swapper/2 prev_pid=0 prev_prio=120 prev_state=R ==> next_comm=compiz next_pid=1774 next_prio=120
            Xorg-936   [003] d...   734.237748: sched_switch: prev_comm=Xorg prev_pid=936 prev_prio=120 prev_state=S ==> next_comm=swapper/3 next_pid=0 next_prio=120
          compiz-1774  [002] d...   734.237783: sched_switch: prev_comm=compiz prev_pid=1774 prev_prio=120 prev_state=S ==> next_comm=swapper/2 next_pid=0 next_prio=120
          <idle>-0     [003] d...   734.237796: sched_switch: prev_comm=swapper/3 prev_pid=0 prev_prio=120 prev_state=R ==> next_comm=Xorg next_pid=936 next_prio=120
          <idle>-0     [002] d...   734.237942: sched_switch: prev_comm=swapper/2 prev_pid=0 prev_prio=120 prev_state=R ==> next_comm=compiz next_pid=1774 next_prio=120
          compiz-1774  [002] d...   734.238004: sched_switch: prev_comm=compiz prev_pid=1774 prev_prio=120 prev_state=S ==> next_comm=swapper/2 next_pid=0 next_prio=120
          <idle>-0     [002] d...   734.238159: sched_switch: prev_comm=swapper/2 prev_pid=0 prev_prio=120 prev_state=R ==> next_comm=compiz next_pid=1774 next_prio=120
            Xorg-936   [003] d...   734.238176: sched_switch: prev_comm=Xorg prev_pid=936 prev_prio=120 prev_state=S ==> next_comm=swapper/3 next_pid=0 next_prio=120
          <idle>-0     [003] d...   734.238222: sched_switch: prev_comm=swapper/3 prev_pid=0 prev_prio=120 prev_state=R ==> next_comm=Xorg next_pid=936 next_prio=120
          compiz-1774  [002] d...   734.238244: sched_switch: prev_comm=compiz prev_pid=1774 prev_prio=120 prev_state=S ==> next_comm=swapper/2 next_pid=0 next_prio=120
          <idle>-0     [002] d...   734.238448: sched_switch: prev_comm=swapper/2 prev_pid=0 prev_prio=120 prev_state=R ==> next_comm=compiz next_pid=1774 next_prio=120
            Xorg-936   [003] d...   734.238466: sched_switch: prev_comm=Xorg prev_pid=936 prev_prio=120 prev_state=S ==> next_comm=swapper/3 next_pid=0 next_prio=120
          compiz-1774  [002] d...   734.238499: sched_switch: prev_comm=compiz prev_pid=1774 prev_prio=120 prev_state=S ==> next_comm=swapper/2 next_pid=0 next_prio=120
          <idle>-0     [003] d...   734.238514: sched_switch: prev_comm=swapper/3 prev_pid=0 prev_prio=120 prev_state=R ==> next_comm=Xorg next_pid=936 next_prio=120
          <idle>-0     [002] d...   734.238657: sched_switch: prev_comm=swapper/2 prev_pid=0 prev_prio=120 prev_state=R ==> next_comm=compiz next_pid=1774 next_prio=120
          compiz-1774  [002] d...   734.238724: sched_switch: prev_comm=compiz prev_pid=1774 prev_prio=120 prev_state=S ==> next_comm=swapper/2 next_pid=0 next_prio=120
          <idle>-0     [002] d...   734.238878: sched_switch: prev_comm=swapper/2 prev_pid=0 prev_prio=120 prev_state=R ==> next_comm=compiz next_pid=1774 next_prio=120
          compiz-1774  [002] d...   734.238951: sched_switch: prev_comm=compiz prev_pid=1774 prev_prio=120 prev_state=S ==> next_comm=swapper/2 next_pid=0 next_prio=120
          <idle>-0     [002] d...   734.239099: sched_switch: prev_comm=swapper/2 prev_pid=0 prev_prio=120 prev_state=R ==> next_comm=compiz next_pid=1774 next_prio=120
            Xorg-936   [003] d...   734.239278: sched_switch: prev_comm=Xorg prev_pid=936 prev_prio=120 prev_state=S ==> next_comm=swapper/3 next_pid=0 next_prio=120
          compiz-1774  [002] d...   734.239516: sched_switch: prev_comm=compiz prev_pid=1774 prev_prio=120 prev_state=S ==> next_comm=swapper/2 next_pid=0 next_prio=120
   test_affinity-2781  [000] d...   734.239907: sched_switch: prev_comm=test_affinity prev_pid=2781 prev_prio=120 prev_state=R ==> next_comm=kworker/0:1 next_pid=72 next_prio=120
     kworker/0:1-72    [000] d...   734.240353: sched_switch: prev_comm=kworker/0:1 prev_pid=72 prev_prio=120 prev_state=S ==> next_comm=rcu_sched next_pid=13 next_prio=120
       rcu_sched-13    [000] d...   734.240367: sched_switch: prev_comm=rcu_sched prev_pid=13 prev_prio=120 prev_state=S ==> next_comm=test_affinity next_pid=2783 next_prio=120
          <idle>-0     [002] d...   734.240663: sched_switch: prev_comm=swapper/2 prev_pid=0 prev_prio=120 prev_state=R ==> next_comm=compiz next_pid=1774 next_prio=120
          compiz-1774  [002] d...   734.240856: sched_switch: prev_comm=compiz prev_pid=1774 prev_prio=120 prev_state=S ==> next_comm=swapper/2 next_pid=0 next_prio=120
          <idle>-0     [003] d...   734.240924: sched_switch: prev_comm=swapper/3 prev_pid=0 prev_prio=120 prev_state=R ==> next_comm=Xorg next_pid=936 next_prio=120
          <idle>-0     [002] d...   734.241165: sched_switch: prev_comm=swapper/2 prev_pid=0 prev_prio=120 prev_state=R ==> next_comm=compiz next_pid=1774 next_prio=120
            Xorg-936   [003] d...   734.241187: sched_switch: prev_comm=Xorg prev_pid=936 prev_prio=120 prev_state=S ==> next_comm=swapper/3 next_pid=0 next_prio=120
          compiz-1774  [002] d...   734.241569: sched_switch: prev_comm=compiz prev_pid=1774 prev_prio=120 prev_state=S ==> next_comm=rsyslogd next_pid=494 next_prio=120
          <idle>-0     [003] d...   734.241574: sched_switch: prev_comm=swapper/3 prev_pid=0 prev_prio=120 prev_state=R ==> next_comm=Xorg next_pid=936 next_prio=120
        rsyslogd-494   [002] d...   734.241666: sched_switch: prev_comm=rsyslogd prev_pid=494 prev_prio=120 prev_state=S ==> next_comm=rs:main Q:Reg next_pid=493 next_prio=120
            Xorg-936   [003] d...   734.241729: sched_switch: prev_comm=Xorg prev_pid=936 prev_prio=120 prev_state=S ==> next_comm=compiz next_pid=1774 next_prio=120
          compiz-1774  [003] d...   734.241791: sched_switch: prev_comm=compiz prev_pid=1774 prev_prio=120 prev_state=R ==> next_comm=Xorg next_pid=936 next_prio=120
   rs:main Q:Reg-493   [002] d...   734.241863: sched_switch: prev_comm=rs:main Q:Reg prev_pid=493 prev_prio=120 prev_state=S ==> next_comm=gmain next_pid=911 next_prio=120
           gmain-911   [002] d...   734.242041: sched_switch: prev_comm=gmain prev_pid=911 prev_prio=120 prev_state=S ==> next_comm=swapper/2 next_pid=0 next_prio=120
          <idle>-0     [002] d...   734.242399: sched_switch: prev_comm=swapper/2 prev_pid=0 prev_prio=120 prev_state=R ==> next_comm=rsyslogd next_pid=494 next_prio=120
        rsyslogd-494   [002] d...   734.242488: sched_switch: prev_comm=rsyslogd prev_pid=494 prev_prio=120 prev_state=S ==> next_comm=rs:main Q:Reg next_pid=493 next_prio=120
   rs:main Q:Reg-493   [002] d...   734.242663: sched_switch: prev_comm=rs:main Q:Reg prev_pid=493 prev_prio=120 prev_state=S ==> next_comm=swapper/2 next_pid=0 next_prio=120
          <idle>-0     [002] d...   734.242729: sched_switch: prev_comm=swapper/2 prev_pid=0 prev_prio=120 prev_state=R ==> next_comm=sudo next_pid=2791 next_prio=120
            sudo-2789  [001] d...   734.242829: sched_switch: prev_comm=sudo prev_pid=2789 prev_prio=120 prev_state=S ==> next_comm=swapper/1 next_pid=0 next_prio=120
             cat-2791  [002] d...   734.243666: sched_switch: prev_comm=sudo prev_pid=2791 prev_prio=120 prev_state=R ==> next_comm=migration/2 next_pid=25 next_prio=0
     migration/2-25    [002] d...   734.243755: sched_switch: prev_comm=migration/2 prev_pid=25 prev_prio=0 prev_state=S ==> next_comm=swapper/2 next_pid=0 next_prio=120
          <idle>-0     [001] d...   734.243813: sched_switch: prev_comm=swapper/1 prev_pid=0 prev_prio=120 prev_state=R ==> next_comm=sudo next_pid=2791 next_prio=120
   test_affinity-2783  [000] d...   734.243883: sched_switch: prev_comm=test_affinity prev_pid=2783 prev_prio=120 prev_state=R ==> next_comm=rcu_sched next_pid=13 next_prio=120
          <idle>-0     [002] d...   734.243886: sched_switch: prev_comm=swapper/2 prev_pid=0 prev_prio=120 prev_state=R ==> next_comm=compiz next_pid=1774 next_prio=120
          compiz-1774  [002] d...   734.243976: sched_switch: prev_comm=compiz prev_pid=1774 prev_prio=120 prev_state=R ==> next_comm=rcuos/1 next_pid=15 next_prio=120
       rcu_sched-13    [000] d...   734.244006: sched_switch: prev_comm=rcu_sched prev_pid=13 prev_prio=120 prev_state=S ==> next_comm=test_affinity next_pid=2784 next_prio=120
             cat-2791  [001] d...   734.244009: sched_switch: prev_comm=sudo prev_pid=2791 prev_prio=120 prev_state=R ==> next_comm=rcuos/3 next_pid=17 next_prio=120
         rcuos/1-15    [002] d...   734.244033: sched_switch: prev_comm=rcuos/1 prev_pid=15 prev_prio=120 prev_state=S ==> next_comm=compiz next_pid=1774 next_prio=120
         rcuos/3-17    [001] d...   734.244053: sched_switch: prev_comm=rcuos/3 prev_pid=17 prev_prio=120 prev_state=S ==> next_comm=sudo next_pid=2791 next_prio=120
          compiz-1774  [002] d...   734.244412: sched_switch: prev_comm=compiz prev_pid=1774 prev_prio=120 prev_state=S ==> next_comm=gnome-terminal next_pid=2123 next_prio=120
  gnome-terminal-2123  [002] d...   734.244639: sched_switch: prev_comm=gnome-terminal prev_pid=2123 prev_prio=120 prev_state=S ==> next_comm=swapper/2 next_pid=0 next_prio=120
            Xorg-936   [003] d...   734.246395: sched_switch: prev_comm=Xorg prev_pid=936 prev_prio=120 prev_state=S ==> next_comm=compiz next_pid=1774 next_prio=120
          compiz-1774  [003] d...   734.246620: sched_switch: prev_comm=compiz prev_pid=1774 prev_prio=120 prev_state=S ==> next_comm=swapper/3 next_pid=0 next_prio=120
          <idle>-0     [002] d...   734.247844: sched_switch: prev_comm=swapper/2 prev_pid=0 prev_prio=120 prev_state=R ==> next_comm=Xorg next_pid=936 next_prio=120
   test_affinity-2784  [000] d...   734.247868: sched_switch: prev_comm=test_affinity prev_pid=2784 prev_prio=120 prev_state=R ==> next_comm=rcu_sched next_pid=13 next_prio=120
       rcu_sched-13    [000] d...   734.247930: sched_switch: prev_comm=rcu_sched prev_pid=13 prev_prio=120 prev_state=S ==> next_comm=test_affinity next_pid=2782 next_prio=120
          <idle>-0     [003] d...   734.248020: sched_switch: prev_comm=swapper/3 prev_pid=0 prev_prio=120 prev_state=R ==> next_comm=rcuos/2 next_pid=16 next_prio=120
         rcuos/2-16    [003] d...   734.248063: sched_switch: prev_comm=rcuos/2 prev_pid=16 prev_prio=120 prev_state=S ==> next_comm=compiz next_pid=1774 next_prio=120
          compiz-1774  [003] d...   734.248140: sched_switch: prev_comm=compiz prev_pid=1774 prev_prio=120 prev_state=S ==> next_comm=swapper/3 next_pid=0 next_prio=120
             cat-2791  [001] d...   734.248488: sched_switch: prev_comm=bash prev_pid=2791 prev_prio=120 prev_state=R ==> next_comm=migration/1 next_pid=20 next_prio=0
     migration/1-20    [001] d...   734.248514: sched_switch: prev_comm=migration/1 prev_pid=20 prev_prio=0 prev_state=S ==> next_comm=swapper/1 next_pid=0 next_prio=120
          <idle>-0     [003] d...   734.248878: sched_switch: prev_comm=swapper/3 prev_pid=0 prev_prio=120 prev_state=R ==> next_comm=compiz next_pid=1774 next_prio=120
          <idle>-0     [001] d...   734.248906: sched_switch: prev_comm=swapper/1 prev_pid=0 prev_prio=120 prev_state=R ==> next_comm=X11-NOTIFY next_pid=1293 next_prio=120
          compiz-1774  [003] d...   734.248957: sched_switch: prev_comm=compiz prev_pid=1774 prev_prio=120 prev_state=S ==> next_comm=swapper/3 next_pid=0 next_prio=120
      X11-NOTIFY-1293  [001] d...   734.248957: sched_switch: prev_comm=X11-NOTIFY prev_pid=1293 prev_prio=120 prev_state=S ==> next_comm=swapper/1 next_pid=0 next_prio=120
          <idle>-0     [003] d...   734.249662: sched_switch: prev_comm=swapper/3 prev_pid=0 prev_prio=120 prev_state=R ==> next_comm=compiz next_pid=1774 next_prio=120
          compiz-1774  [003] d...   734.249733: sched_switch: prev_comm=compiz prev_pid=1774 prev_prio=120 prev_state=S ==> next_comm=swapper/3 next_pid=0 next_prio=120
          <idle>-0     [003] d...   734.250396: sched_switch: prev_comm=swapper/3 prev_pid=0 prev_prio=120 prev_state=R ==> next_comm=compiz next_pid=1774 next_prio=120
          compiz-1774  [003] d...   734.250463: sched_switch: prev_comm=compiz prev_pid=1774 prev_prio=120 prev_state=S ==> next_comm=swapper/3 next_pid=0 next_prio=120
          <idle>-0     [003] d...   734.251077: sched_switch: prev_comm=swapper/3 prev_pid=0 prev_prio=120 prev_state=R ==> next_comm=compiz next_pid=1774 next_prio=120
          compiz-1774  [003] d...   734.251151: sched_switch: prev_comm=compiz prev_pid=1774 prev_prio=120 prev_state=S ==> next_comm=swapper/3 next_pid=0 next_prio=120
          <idle>-0     [003] d...   734.251852: sched_switch: prev_comm=swapper/3 prev_pid=0 prev_prio=120 prev_state=R ==> next_comm=compiz next_pid=1774 next_prio=120
   test_affinity-2782  [000] d...   734.251860: sched_switch: prev_comm=test_affinity prev_pid=2782 prev_prio=120 prev_state=R ==> next_comm=rcu_sched next_pid=13 next_prio=120
       rcu_sched-13    [000] d...   734.251873: sched_switch: prev_comm=rcu_sched prev_pid=13 prev_prio=120 prev_state=S ==> next_comm=test_affinity next_pid=2781 next_prio=120
          compiz-1774  [003] d...   734.251921: sched_switch: prev_comm=compiz prev_pid=1774 prev_prio=120 prev_state=S ==> next_comm=swapper/3 next_pid=0 next_prio=120
          <idle>-0     [001] d...   734.251930: sched_switch: prev_comm=swapper/1 prev_pid=0 prev_prio=120 prev_state=R ==> next_comm=bash next_pid=2791 next_prio=120
          <idle>-0     [003] d...   734.252271: sched_switch: prev_comm=swapper/3 prev_pid=0 prev_prio=120 prev_state=R ==> next_comm=gmain next_pid=911 next_prio=120
           gmain-911   [003] d...   734.252473: sched_switch: prev_comm=gmain prev_pid=911 prev_prio=120 prev_state=S ==> next_comm=swapper/3 next_pid=0 next_prio=120
          <idle>-0     [003] d...   734.252737: sched_switch: prev_comm=swapper/3 prev_pid=0 prev_prio=120 prev_state=R ==> next_comm=compiz next_pid=1774 next_prio=120
          compiz-1774  [003] d...   734.252803: sched_switch: prev_comm=compiz prev_pid=1774 prev_prio=120 prev_state=S ==> next_comm=swapper/3 next_pid=0 next_prio=120
          <idle>-0     [003] d...   734.253458: sched_switch: prev_comm=swapper/3 prev_pid=0 prev_prio=120 prev_state=R ==> next_comm=compiz next_pid=1774 next_prio=120
          compiz-1774  [003] d...   734.253521: sched_switch: prev_comm=compiz prev_pid=1774 prev_prio=120 prev_state=S ==> next_comm=swapper/3 next_pid=0 next_prio=120
          <idle>-0     [003] d...   734.254017: sched_switch: prev_comm=swapper/3 prev_pid=0 prev_prio=120 prev_state=R ==> next_comm=compiz next_pid=1774 next_prio=120
          compiz-1774  [003] d...   734.254083: sched_switch: prev_comm=compiz prev_pid=1774 prev_prio=120 prev_state=S ==> next_comm=swapper/3 next_pid=0 next_prio=120
          <idle>-0     [003] d...   734.254453: sched_switch: prev_comm=swapper/3 prev_pid=0 prev_prio=120 prev_state=R ==> next_comm=head next_pid=2790 next_prio=120
            head-2790  [003] d...   734.254563: sched_switch: prev_comm=head prev_pid=2790 prev_prio=120 prev_state=S ==> next_comm=swapper/3 next_pid=0 next_prio=120
          <idle>-0     [003] d...   734.254687: sched_switch: prev_comm=swapper/3 prev_pid=0 prev_prio=120 prev_state=R ==> next_comm=head next_pid=2790 next_prio=120
            Xorg-936   [002] d...   734.254688: sched_switch: prev_comm=Xorg prev_pid=936 prev_prio=120 prev_state=S ==> next_comm=compiz next_pid=1774 next_prio=120
            head-2790  [003] d...   734.254729: sched_switch: prev_comm=head prev_pid=2790 prev_prio=120 prev_state=S ==> next_comm=swapper/3 next_pid=0 next_prio=120
             cat-2791  [001] d...   734.254735: sched_switch: prev_comm=cat prev_pid=2791 prev_prio=120 prev_state=R ==> next_comm=head next_pid=2790 next_prio=120
          <idle>-0     [003] d...   734.254741: sched_switch: prev_comm=swapper/3 prev_pid=0 prev_prio=120 prev_state=R ==> next_comm=Xorg next_pid=936 next_prio=120
          compiz-1774  [002] d...   734.254775: sched_switch: prev_comm=compiz prev_pid=1774 prev_prio=120 prev_state=S ==> next_comm=swapper/2 next_pid=0 next_prio=120
            head-2790  [001] d...   734.254796: sched_switch: prev_comm=head prev_pid=2790 prev_prio=120 prev_state=S ==> next_comm=cat next_pid=2791 next_prio=120
             cat-2791  [001] d...   734.254911: sched_switch: prev_comm=cat prev_pid=2791 prev_prio=120 prev_state=R ==> next_comm=head next_pid=2790 next_prio=120
          <idle>-0     [002] d...   734.254925: sched_switch: prev_comm=swapper/2 prev_pid=0 prev_prio=120 prev_state=R ==> next_comm=compiz next_pid=1774 next_prio=120
            head-2790  [001] d...   734.254965: sched_switch: prev_comm=head prev_pid=2790 prev_prio=120 prev_state=S ==> next_comm=cat next_pid=2791 next_prio=120
          compiz-1774  [002] d...   734.255004: sched_switch: prev_comm=compiz prev_pid=1774 prev_prio=120 prev_state=S ==> next_comm=swapper/2 next_pid=0 next_prio=120
          <idle>-0     [002] d...   734.255192: sched_switch: prev_comm=swapper/2 prev_pid=0 prev_prio=120 prev_state=R ==> next_comm=head next_pid=2790 next_prio=120
            head-2790  [002] d...   734.255282: sched_switch: prev_comm=head prev_pid=2790 prev_prio=120 prev_state=S ==> next_comm=swapper/2 next_pid=0 next_prio=120
            Xorg-936   [003] d...   734.255397: sched_switch: prev_comm=Xorg prev_pid=936 prev_prio=120 prev_state=S ==> next_comm=compiz next_pid=1774 next_prio=120
          <idle>-0     [002] d...   734.255420: sched_switch: prev_comm=swapper/2 prev_pid=0 prev_prio=120 prev_state=R ==> next_comm=head next_pid=2790 next_prio=120
          compiz-1774  [003] d...   734.255454: sched_switch: prev_comm=compiz prev_pid=1774 prev_prio=120 prev_state=S ==> next_comm=Xorg next_pid=936 next_prio=120
            head-2790  [002] d...   734.255507: sched_switch: prev_comm=head prev_pid=2790 prev_prio=120 prev_state=S ==> next_comm=swapper/2 next_pid=0 next_prio=120
             cat-2791  [001] d...   734.255532: sched_switch: prev_comm=cat prev_pid=2791 prev_prio=120 prev_state=R ==> next_comm=head next_pid=2790 next_prio=120
          <idle>-0     [002] d...   734.255573: sched_switch: prev_comm=swapper/2 prev_pid=0 prev_prio=120 prev_state=R ==> next_comm=compiz next_pid=1774 next_prio=120
            head-2790  [001] d...   734.255584: sched_switch: prev_comm=head prev_pid=2790 prev_prio=120 prev_state=S ==> next_comm=cat next_pid=2791 next_prio=120
          compiz-1774  [002] d...   734.255653: sched_switch: prev_comm=compiz prev_pid=1774 prev_prio=120 prev_state=S ==> next_comm=swapper/2 next_pid=0 next_prio=120
   test_affinity-2781  [000] d...   734.256670: sched_switch: prev_comm=test_affinity prev_pid=2781 prev_prio=120 prev_state=R ==> next_comm=rcu_sched next_pid=13 next_prio=120
             cat-2791  [001] d...   734.256731: sched_switch: prev_comm=cat prev_pid=2791 prev_prio=120 prev_state=R ==> next_comm=rcuos/3 next_pid=17 next_prio=120
       rcu_sched-13    [000] d...   734.256736: sched_switch: prev_comm=rcu_sched prev_pid=13 prev_prio=120 prev_state=S ==> next_comm=test_affinity next_pid=2783 next_prio=120
         rcuos/3-17    [001] d...   734.256760: sched_switch: prev_comm=rcuos/3 prev_pid=17 prev_prio=120 prev_state=S ==> next_comm=cat next_pid=2791 next_prio=120
          <idle>-0     [002] d...   734.256802: sched_switch: prev_comm=swapper/2 prev_pid=0 prev_prio=120 prev_state=R ==> next_comm=rcuos/1 next_pid=15 next_prio=120
         rcuos/1-15    [002] d...   734.256855: sched_switch: prev_comm=rcuos/1 prev_pid=15 prev_prio=120 prev_state=S ==> next_comm=head next_pid=2790 next_prio=120
             cat-2791  [001] d...   734.256925: sched_switch: prev_comm=cat prev_pid=2791 prev_prio=120 prev_state=R ==> next_comm=head next_pid=2790 next_prio=120
            head-2790  [002] d...   734.256932: sched_switch: prev_comm=head prev_pid=2790 prev_prio=120 prev_state=S ==> next_comm=compiz next_pid=1774 next_prio=120
            Xorg-936   [003] d...   734.256956: sched_switch: prev_comm=Xorg prev_pid=936 prev_prio=120 prev_state=S ==> next_comm=swapper/3 next_pid=0 next_prio=120
            head-2790  [001] d...   734.256962: sched_switch: prev_comm=head prev_pid=2790 prev_prio=120 prev_state=S ==> next_comm=cat next_pid=2791 next_prio=120
          compiz-1774  [002] d...   734.257091: sched_switch: prev_comm=compiz prev_pid=1774 prev_prio=120 prev_state=S ==> next_comm=Xorg next_pid=936 next_prio=120
          <idle>-0     [003] d...   734.257132: sched_switch: prev_comm=swapper/3 prev_pid=0 prev_prio=120 prev_state=R ==> next_comm=head next_pid=2790 next_prio=120
            head-2790  [003] d...   734.257197: sched_switch: prev_comm=head prev_pid=2790 prev_prio=120 prev_state=S ==> next_comm=swapper/3 next_pid=0 next_prio=120
          <idle>-0     [003] d...   734.257247: sched_switch: prev_comm=swapper/3 prev_pid=0 prev_prio=120 prev_state=R ==> next_comm=head next_pid=2790 next_prio=120
            head-2790  [003] d...   734.257301: sched_switch: prev_comm=head prev_pid=2790 prev_prio=120 prev_state=S ==> next_comm=swapper/3 next_pid=0 next_prio=120
             cat-2791  [001] d...   734.257342: sched_switch: prev_comm=cat prev_pid=2791 prev_prio=120 prev_state=S ==> next_comm=swapper/1 next_pid=0 next_prio=120
          <idle>-0     [003] d...   734.257390: sched_switch: prev_comm=swapper/3 prev_pid=0 prev_prio=120 prev_state=R ==> next_comm=head next_pid=2790 next_prio=120
            head-2790  [003] d...   734.257456: sched_switch: prev_comm=head prev_pid=2790 prev_prio=120 prev_state=S ==> next_comm=swapper/3 next_pid=0 next_prio=120
            Xorg-936   [002] d...   734.257482: sched_switch: prev_comm=Xorg prev_pid=936 prev_prio=120 prev_state=S ==> next_comm=compiz next_pid=1774 next_prio=120
          compiz-1774  [002] d...   734.257597: sched_switch: prev_comm=compiz prev_pid=1774 prev_prio=120 prev_state=S ==> next_comm=swapper/2 next_pid=0 next_prio=120
          <idle>-0     [003] d...   734.257612: sched_switch: prev_comm=swapper/3 prev_pid=0 prev_prio=120 prev_state=R ==> next_comm=Xorg next_pid=936 next_prio=120
          <idle>-0     [002] d...   734.257794: sched_switch: prev_comm=swapper/2 prev_pid=0 prev_prio=120 prev_state=R ==> next_comm=compiz next_pid=1774 next_prio=120
          compiz-1774  [002] d...   734.257855: sched_switch: prev_comm=compiz prev_pid=1774 prev_prio=120 prev_state=S ==> next_comm=swapper/2 next_pid=0 next_prio=120
          <idle>-0     [002] d...   734.258095: sched_switch: prev_comm=swapper/2 prev_pid=0 prev_prio=120 prev_state=R ==> next_comm=compiz next_pid=1774 next_prio=120
            Xorg-936   [003] d...   734.258127: sched_switch: prev_comm=Xorg prev_pid=936 prev_prio=120 prev_state=S ==> next_comm=swapper/3 next_pid=0 next_prio=120
          compiz-1774  [002] d...   734.258166: sched_switch: prev_comm=compiz prev_pid=1774 prev_prio=120 prev_state=S ==> next_comm=swapper/2 next_pid=0 next_prio=120
          <idle>-0     [003] d...   734.258179: sched_switch: prev_comm=swapper/3 prev_pid=0 prev_prio=120 prev_state=R ==> next_comm=Xorg next_pid=936 next_prio=120
          <idle>-0     [002] d...   734.258337: sched_switch: prev_comm=swapper/2 prev_pid=0 prev_prio=120 prev_state=R ==> next_comm=compiz next_pid=1774 next_prio=120
            Xorg-936   [003] d...   734.258409: sched_switch: prev_comm=Xorg prev_pid=936 prev_prio=120 prev_state=S ==> next_comm=swapper/3 next_pid=0 next_prio=120
          <idle>-0     [003] d...   734.258569: sched_switch: prev_comm=swapper/3 prev_pid=0 prev_prio=120 prev_state=R ==> next_comm=Xorg next_pid=936 next_prio=120
          compiz-1774  [002] d...   734.258700: sched_switch: prev_comm=compiz prev_pid=1774 prev_prio=120 prev_state=S ==> next_comm=swapper/2 next_pid=0 next_prio=120
          <idle>-0     [002] d...   734.258771: sched_switch: prev_comm=swapper/2 prev_pid=0 prev_prio=120 prev_state=R ==> next_comm=compiz next_pid=1774 next_prio=120
            Xorg-936   [003] d...   734.258809: sched_switch: prev_comm=Xorg prev_pid=936 prev_prio=120 prev_state=S ==> next_comm=swapper/3 next_pid=0 next_prio=120
          <idle>-0     [003] d...   734.259000: sched_switch: prev_comm=swapper/3 prev_pid=0 prev_prio=120 prev_state=R ==> next_comm=Xorg next_pid=936 next_prio=120
          compiz-1774  [002] d...   734.259074: sched_switch: prev_comm=compiz prev_pid=1774 prev_prio=120 prev_state=S ==> next_comm=swapper/2 next_pid=0 next_prio=120
          <idle>-0     [002] d...   734.259161: sched_switch: prev_comm=swapper/2 prev_pid=0 prev_prio=120 prev_state=R ==> next_comm=compiz next_pid=1774 next_prio=120
            Xorg-936   [003] d...   734.259170: sched_switch: prev_comm=Xorg prev_pid=936 prev_prio=120 prev_state=S ==> next_comm=swapper/3 next_pid=0 next_prio=120
          compiz-1774  [002] d...   734.259349: sched_switch: prev_comm=compiz prev_pid=1774 prev_prio=120 prev_state=S ==> next_comm=swapper/2 next_pid=0 next_prio=120
          <idle>-0     [003] d...   734.259363: sched_switch: prev_comm=swapper/3 prev_pid=0 prev_prio=120 prev_state=R ==> next_comm=Xorg next_pid=936 next_prio=120
          <idle>-0     [002] d...   734.259525: sched_switch: prev_comm=swapper/2 prev_pid=0 prev_prio=120 prev_state=R ==> next_comm=compiz next_pid=1774 next_prio=120
            Xorg-936   [003] d...   734.259547: sched_switch: prev_comm=Xorg prev_pid=936 prev_prio=120 prev_state=S ==> next_comm=swapper/3 next_pid=0 next_prio=120
          compiz-1774  [002] d...   734.259593: sched_switch: prev_comm=compiz prev_pid=1774 prev_prio=120 prev_state=S ==> next_comm=swapper/2 next_pid=0 next_prio=120
          <idle>-0     [003] d...   734.259599: sched_switch: prev_comm=swapper/3 prev_pid=0 prev_prio=120 prev_state=R ==> next_comm=Xorg next_pid=936 next_prio=120
          <idle>-0     [002] d...   734.259757: sched_switch: prev_comm=swapper/2 prev_pid=0 prev_prio=120 prev_state=R ==> next_comm=compiz next_pid=1774 next_prio=120
            Xorg-936   [003] d...   734.259759: sched_switch: prev_comm=Xorg prev_pid=936 prev_prio=120 prev_state=S ==> next_comm=swapper/3 next_pid=0 next_prio=120
   test_affinity-2783  [000] d...   734.259858: sched_switch: prev_comm=test_affinity prev_pid=2783 prev_prio=120 prev_state=R ==> next_comm=rcu_sched next_pid=13 next_prio=120
       rcu_sched-13    [000] d...   734.259871: sched_switch: prev_comm=rcu_sched prev_pid=13 prev_prio=120 prev_state=S ==> next_comm=test_affinity next_pid=2784 next_prio=120
   test_affinity-2784  [000] d...   734.264012: sched_switch: prev_comm=test_affinity prev_pid=2784 prev_prio=120 prev_state=R ==> next_comm=rcu_sched next_pid=13 next_prio=120
       rcu_sched-13    [000] d...   734.264061: sched_switch: prev_comm=rcu_sched prev_pid=13 prev_prio=120 prev_state=S ==> next_comm=test_affinity next_pid=2782 next_prio=120
          <idle>-0     [003] d...   734.264149: sched_switch: prev_comm=swapper/3 prev_pid=0 prev_prio=120 prev_state=R ==> next_comm=rcuos/2 next_pid=16 next_prio=120
         rcuos/2-16    [003] d...   734.264182: sched_switch: prev_comm=rcuos/2 prev_pid=16 prev_prio=120 prev_state=S ==> next_comm=swapper/3 next_pid=0 next_prio=120
   test_affinity-2782  [000] d...   734.267902: sched_switch: prev_comm=test_affinity prev_pid=2782 prev_prio=120 prev_state=R ==> next_comm=rcu_sched next_pid=13 next_prio=120
       rcu_sched-13    [000] d...   734.267917: sched_switch: prev_comm=rcu_sched prev_pid=13 prev_prio=120 prev_state=S ==> next_comm=test_affinity next_pid=2783 next_prio=120
   test_affinity-2783  [000] d...   734.272689: sched_switch: prev_comm=test_affinity prev_pid=2783 prev_prio=120 prev_state=R ==> next_comm=rcu_sched next_pid=13 next_prio=120
       rcu_sched-13    [000] d...   734.272738: sched_switch: prev_comm=rcu_sched prev_pid=13 prev_prio=120 prev_state=S ==> next_comm=test_affinity next_pid=2781 next_prio=120
          <idle>-0     [003] d...   734.272826: sched_switch: prev_comm=swapper/3 prev_pid=0 prev_prio=120 prev_state=R ==> next_comm=rcuos/1 next_pid=15 next_prio=120
         rcuos/1-15    [003] d...   734.272904: sched_switch: prev_comm=rcuos/1 prev_pid=15 prev_prio=120 prev_state=S ==> next_comm=swapper/3 next_pid=0 next_prio=120
          <idle>-0     [001] d...   734.272942: sched_switch: prev_comm=swapper/1 prev_pid=0 prev_prio=120 prev_state=R ==> next_comm=rcuos/3 next_pid=17 next_prio=120
         rcuos/3-17    [001] d...   734.272961: sched_switch: prev_comm=rcuos/3 prev_pid=17 prev_prio=120 prev_state=S ==> next_comm=swapper/1 next_pid=0 next_prio=120
          <idle>-0     [001] d...   734.274160: sched_switch: prev_comm=swapper/1 prev_pid=0 prev_prio=120 prev_state=R ==> next_comm=X11-NOTIFY next_pid=1293 next_prio=120
      X11-NOTIFY-1293  [001] d...   734.274207: sched_switch: prev_comm=X11-NOTIFY prev_pid=1293 prev_prio=120 prev_state=S ==> next_comm=swapper/1 next_pid=0 next_prio=120
   test_affinity-2781  [000] d...   734.275880: sched_switch: prev_comm=test_affinity prev_pid=2781 prev_prio=120 prev_state=R ==> next_comm=rcu_sched next_pid=13 next_prio=120
       rcu_sched-13    [000] d...   734.275937: sched_switch: prev_comm=rcu_sched prev_pid=13 prev_prio=120 prev_state=S ==> next_comm=test_affinity next_pid=2784 next_prio=120
          <idle>-0     [003] d...   734.276062: sched_switch: prev_comm=swapper/3 prev_pid=0 prev_prio=120 prev_state=R ==> next_comm=rcuos/2 next_pid=16 next_prio=120
         rcuos/2-16    [003] d...   734.276092: sched_switch: prev_comm=rcuos/2 prev_pid=16 prev_prio=120 prev_state=S ==> next_comm=swapper/3 next_pid=0 next_prio=120
          compiz-1774  [002] d...   734.278723: sched_switch: prev_comm=compiz prev_pid=1774 prev_prio=120 prev_state=S ==> next_comm=swapper/2 next_pid=0 next_prio=120
          <idle>-0     [003] d...   734.278822: sched_switch: prev_comm=swapper/3 prev_pid=0 prev_prio=120 prev_state=R ==> next_comm=Xorg next_pid=936 next_prio=120
            Xorg-936   [003] d...   734.279125: sched_switch: prev_comm=Xorg prev_pid=936 prev_prio=120 prev_state=S ==> next_comm=swapper/3 next_pid=0 next_prio=120
          <idle>-0     [002] d...   734.279138: sched_switch: prev_comm=swapper/2 prev_pid=0 prev_prio=120 prev_state=R ==> next_comm=compiz next_pid=1774 next_prio=120
          compiz-1774  [002] d...   734.279299: sched_switch: prev_comm=compiz prev_pid=1774 prev_prio=120 prev_state=R ==> next_comm=compiz next_pid=1846 next_prio=120
          compiz-1846  [002] d...   734.279320: sched_switch: prev_comm=compiz prev_pid=1846 prev_prio=120 prev_state=S ==> next_comm=compiz next_pid=1774 next_prio=120
          <idle>-0     [003] d...   734.279333: sched_switch: prev_comm=swapper/3 prev_pid=0 prev_prio=120 prev_state=R ==> next_comm=compiz next_pid=1845 next_prio=120
          compiz-1774  [002] d...   734.279339: sched_switch: prev_comm=compiz prev_pid=1774 prev_prio=120 prev_state=R ==> next_comm=compiz next_pid=1846 next_prio=120
          <idle>-0     [001] d...   734.279351: sched_switch: prev_comm=swapper/1 prev_pid=0 prev_prio=120 prev_state=R ==> next_comm=compiz next_pid=1844 next_prio=120
          compiz-1846  [002] d...   734.279358: sched_switch: prev_comm=compiz prev_pid=1846 prev_prio=120 prev_state=S ==> next_comm=compiz next_pid=1774 next_prio=120
          compiz-1845  [003] d...   734.279359: sched_switch: prev_comm=compiz prev_pid=1845 prev_prio=120 prev_state=S ==> next_comm=compiz next_pid=1843 next_prio=120
          compiz-1774  [002] d...   734.279377: sched_switch: prev_comm=compiz prev_pid=1774 prev_prio=120 prev_state=S ==> next_comm=swapper/2 next_pid=0 next_prio=120
          compiz-1843  [003] d...   734.279387: sched_switch: prev_comm=compiz prev_pid=1843 prev_prio=120 prev_state=S ==> next_comm=swapper/3 next_pid=0 next_prio=120
          <idle>-0     [003] d...   734.279456: sched_switch: prev_comm=swapper/3 prev_pid=0 prev_prio=120 prev_state=R ==> next_comm=compiz next_pid=1845 next_prio=120
          <idle>-0     [002] d...   734.279490: sched_switch: prev_comm=swapper/2 prev_pid=0 prev_prio=120 prev_state=R ==> next_comm=compiz next_pid=1846 next_prio=120
   test_affinity-2784  [000] d...   734.280166: sched_switch: prev_comm=test_affinity prev_pid=2784 prev_prio=120 prev_state=R ==> next_comm=rcu_sched next_pid=13 next_prio=120
       rcu_sched-13    [000] d...   734.280183: sched_switch: prev_comm=rcu_sched prev_pid=13 prev_prio=120 prev_state=S ==> next_comm=test_affinity next_pid=2782 next_prio=120
          compiz-1844  [001] d...   734.284238: sched_switch: prev_comm=compiz prev_pid=1844 prev_prio=120 prev_state=R ==> next_comm=rcuos/3 next_pid=17 next_prio=120
         rcuos/3-17    [001] d...   734.284260: sched_switch: prev_comm=rcuos/3 prev_pid=17 prev_prio=120 prev_state=S ==> next_comm=compiz next_pid=1843 next_prio=120
   test_affinity-2782  [000] d...   734.288232: sched_switch: prev_comm=test_affinity prev_pid=2782 prev_prio=120 prev_state=R ==> next_comm=test_affinity next_pid=2781 next_prio=120
          compiz-1843  [001] d...   734.293278: sched_switch: prev_comm=compiz prev_pid=1843 prev_prio=120 prev_state=S ==> next_comm=compiz next_pid=1844 next_prio=120
          compiz-1846  [002] d...   734.293299: sched_switch: prev_comm=compiz prev_pid=1846 prev_prio=120 prev_state=S ==> next_comm=swapper/2 next_pid=0 next_prio=120
          compiz-1845  [003] d...   734.293343: sched_switch: prev_comm=compiz prev_pid=1845 prev_prio=120 prev_state=S ==> next_comm=swapper/3 next_pid=0 next_prio=120
          compiz-1844  [001] d...   734.293479: sched_switch: prev_comm=compiz prev_pid=1844 prev_prio=120 prev_state=S ==> next_comm=swapper/1 next_pid=0 next_prio=120
          <idle>-0     [002] d...   734.293512: sched_switch: prev_comm=swapper/2 prev_pid=0 prev_prio=120 prev_state=R ==> next_comm=compiz next_pid=1846 next_prio=120
          <idle>-0     [003] d...   734.293522: sched_switch: prev_comm=swapper/3 prev_pid=0 prev_prio=120 prev_state=R ==> next_comm=compiz next_pid=1845 next_prio=120
          compiz-1846  [002] d...   734.293540: sched_switch: prev_comm=compiz prev_pid=1846 prev_prio=120 prev_state=S ==> next_comm=swapper/2 next_pid=0 next_prio=120
          compiz-1845  [003] d...   734.293540: sched_switch: prev_comm=compiz prev_pid=1845 prev_prio=120 prev_state=S ==> next_comm=compiz next_pid=1843 next_prio=120
          compiz-1843  [003] d...   734.293629: sched_switch: prev_comm=compiz prev_pid=1843 prev_prio=120 prev_state=S ==> next_comm=swapper/3 next_pid=0 next_prio=120
          <idle>-0     [002] d...   734.293662: sched_switch: prev_comm=swapper/2 prev_pid=0 prev_prio=120 prev_state=R ==> next_comm=compiz next_pid=1774 next_prio=120
          <idle>-0     [003] d...   734.293905: sched_switch: prev_comm=swapper/3 prev_pid=0 prev_prio=120 prev_state=R ==> next_comm=compiz next_pid=1843 next_prio=120
          <idle>-0     [001] d...   734.293934: sched_switch: prev_comm=swapper/1 prev_pid=0 prev_prio=120 prev_state=R ==> next_comm=compiz next_pid=1844 next_prio=120
          compiz-1843  [003] d...   734.293949: sched_switch: prev_comm=compiz prev_pid=1843 prev_prio=120 prev_state=R ==> next_comm=compiz next_pid=1845 next_prio=120
          compiz-1844  [001] d...   734.293967: sched_switch: prev_comm=compiz prev_pid=1844 prev_prio=120 prev_state=S ==> next_comm=swapper/1 next_pid=0 next_prio=120
          compiz-1774  [002] d...   734.293973: sched_switch: prev_comm=compiz prev_pid=1774 prev_prio=120 prev_state=S ==> next_comm=compiz next_pid=1846 next_prio=120
          compiz-1845  [003] d...   734.293985: sched_switch: prev_comm=compiz prev_pid=1845 prev_prio=120 prev_state=S ==> next_comm=compiz next_pid=1843 next_prio=120
          compiz-1846  [002] d...   734.294004: sched_switch: prev_comm=compiz prev_pid=1846 prev_prio=120 prev_state=S ==> next_comm=swapper/2 next_pid=0 next_prio=120
          <idle>-0     [002] d...   734.294016: sched_switch: prev_comm=swapper/2 prev_pid=0 prev_prio=120 prev_state=R ==> next_comm=compiz next_pid=1845 next_prio=120
          <idle>-0     [001] d...   734.294018: sched_switch: prev_comm=swapper/1 prev_pid=0 prev_prio=120 prev_state=R ==> next_comm=compiz next_pid=1844 next_prio=120
   test_affinity-2781  [000] d...   734.296819: sched_switch: prev_comm=test_affinity prev_pid=2781 prev_prio=120 prev_state=R ==> next_comm=test_affinity next_pid=2783 next_prio=120
          compiz-1845  [002] d...   734.296826: sched_switch: prev_comm=compiz prev_pid=1845 prev_prio=120 prev_state=S ==> next_comm=compiz next_pid=1846 next_prio=120
          compiz-1846  [002] d...   734.296843: sched_switch: prev_comm=compiz prev_pid=1846 prev_prio=120 prev_state=S ==> next_comm=swapper/2 next_pid=0 next_prio=120
          <idle>-0     [002] d...   734.296904: sched_switch: prev_comm=swapper/2 prev_pid=0 prev_prio=120 prev_state=R ==> next_comm=compiz next_pid=1845 next_prio=120
          compiz-1844  [001] d...   734.299377: sched_switch: prev_comm=compiz prev_pid=1844 prev_prio=120 prev_state=R ==> next_comm=X11-NOTIFY next_pid=1293 next_prio=120
      X11-NOTIFY-1293  [001] d...   734.299423: sched_switch: prev_comm=X11-NOTIFY prev_pid=1293 prev_prio=120 prev_state=S ==> next_comm=compiz next_pid=1846 next_prio=120
          compiz-1846  [001] d...   734.301330: sched_switch: prev_comm=compiz prev_pid=1846 prev_prio=120 prev_state=S ==> next_comm=compiz next_pid=1844 next_prio=120
          compiz-1845  [002] d...   734.301353: sched_switch: prev_comm=compiz prev_pid=1845 prev_prio=120 prev_state=S ==> next_comm=swapper/2 next_pid=0 next_prio=120
          compiz-1843  [003] d...   734.301369: sched_switch: prev_comm=compiz prev_pid=1843 prev_prio=120 prev_state=S ==> next_comm=swapper/3 next_pid=0 next_prio=120
          compiz-1844  [001] d...   734.301461: sched_switch: prev_comm=compiz prev_pid=1844 prev_prio=120 prev_state=S ==> next_comm=swapper/1 next_pid=0 next_prio=120
          <idle>-0     [002] d...   734.301473: sched_switch: prev_comm=swapper/2 prev_pid=0 prev_prio=120 prev_state=R ==> next_comm=compiz next_pid=1846 next_prio=120
          compiz-1846  [002] d...   734.301496: sched_switch: prev_comm=compiz prev_pid=1846 prev_prio=120 prev_state=S ==> next_comm=swapper/2 next_pid=0 next_prio=120
          <idle>-0     [003] d...   734.301554: sched_switch: prev_comm=swapper/3 prev_pid=0 prev_prio=120 prev_state=R ==> next_comm=compiz next_pid=1845 next_prio=120
          compiz-1845  [003] d...   734.301573: sched_switch: prev_comm=compiz prev_pid=1845 prev_prio=120 prev_state=S ==> next_comm=compiz next_pid=1843 next_prio=120
          compiz-1843  [003] d...   734.301645: sched_switch: prev_comm=compiz prev_pid=1843 prev_prio=120 prev_state=S ==> next_comm=swapper/3 next_pid=0 next_prio=120
          <idle>-0     [002] d...   734.301670: sched_switch: prev_comm=swapper/2 prev_pid=0 prev_prio=120 prev_state=R ==> next_comm=compiz next_pid=1774 next_prio=120
          compiz-1774  [002] d...   734.301827: sched_switch: prev_comm=compiz prev_pid=1774 prev_prio=120 prev_state=S ==> next_comm=swapper/2 next_pid=0 next_prio=120
          <idle>-0     [003] d...   734.301935: sched_switch: prev_comm=swapper/3 prev_pid=0 prev_prio=120 prev_state=R ==> next_comm=Xorg next_pid=936 next_prio=120
          <idle>-0     [002] d...   734.302246: sched_switch: prev_comm=swapper/2 prev_pid=0 prev_prio=120 prev_state=R ==> next_comm=compiz next_pid=1774 next_prio=120
            Xorg-936   [003] d...   734.302274: sched_switch: prev_comm=Xorg prev_pid=936 prev_prio=120 prev_state=S ==> next_comm=swapper/3 next_pid=0 next_prio=120
          <idle>-0     [003] d...   734.302325: sched_switch: prev_comm=swapper/3 prev_pid=0 prev_prio=120 prev_state=R ==> next_comm=Xorg next_pid=936 next_prio=120
          compiz-1774  [002] d...   734.302335: sched_switch: prev_comm=compiz prev_pid=1774 prev_prio=120 prev_state=S ==> next_comm=swapper/2 next_pid=0 next_prio=120
          <idle>-0     [002] d...   734.302573: sched_switch: prev_comm=swapper/2 prev_pid=0 prev_prio=120 prev_state=R ==> next_comm=compiz next_pid=1774 next_prio=120
            Xorg-936   [003] d...   734.302599: sched_switch: prev_comm=Xorg prev_pid=936 prev_prio=120 prev_state=S ==> next_comm=swapper/3 next_pid=0 next_prio=120
          <idle>-0     [003] d...   734.302621: sched_switch: prev_comm=swapper/3 prev_pid=0 prev_prio=120 prev_state=R ==> next_comm=Xorg next_pid=936 next_prio=120
          compiz-1774  [002] d...   734.302628: sched_switch: prev_comm=compiz prev_pid=1774 prev_prio=120 prev_state=S ==> next_comm=swapper/2 next_pid=0 next_prio=120
          <idle>-0     [002] d...   734.302757: sched_switch: prev_comm=swapper/2 prev_pid=0 prev_prio=120 prev_state=R ==> next_comm=compiz next_pid=1774 next_prio=120
          compiz-1774  [002] d...   734.302866: sched_switch: prev_comm=compiz prev_pid=1774 prev_prio=120 prev_state=S ==> next_comm=swapper/2 next_pid=0 next_prio=120
          <idle>-0     [002] d...   734.302973: sched_switch: prev_comm=swapper/2 prev_pid=0 prev_prio=120 prev_state=R ==> next_comm=compiz next_pid=1774 next_prio=120
          compiz-1774  [002] d...   734.303044: sched_switch: prev_comm=compiz prev_pid=1774 prev_prio=120 prev_state=S ==> next_comm=swapper/2 next_pid=0 next_prio=120
          <idle>-0     [002] d...   734.303214: sched_switch: prev_comm=swapper/2 prev_pid=0 prev_prio=120 prev_state=R ==> next_comm=compiz next_pid=1774 next_prio=120
          compiz-1774  [002] d...   734.303255: sched_switch: prev_comm=compiz prev_pid=1774 prev_prio=120 prev_state=S ==> next_comm=swapper/2 next_pid=0 next_prio=120
          <idle>-0     [002] d...   734.303373: sched_switch: prev_comm=swapper/2 prev_pid=0 prev_prio=120 prev_state=R ==> next_comm=compiz next_pid=1774 next_prio=120
          compiz-1774  [002] d...   734.303480: sched_switch: prev_comm=compiz prev_pid=1774 prev_prio=120 prev_state=S ==> next_comm=swapper/2 next_pid=0 next_prio=120
          <idle>-0     [002] d...   734.303591: sched_switch: prev_comm=swapper/2 prev_pid=0 prev_prio=120 prev_state=R ==> next_comm=compiz next_pid=1774 next_prio=120
          compiz-1774  [002] d...   734.303659: sched_switch: prev_comm=compiz prev_pid=1774 prev_prio=120 prev_state=S ==> next_comm=swapper/2 next_pid=0 next_prio=120
          <idle>-0     [002] d...   734.303839: sched_switch: prev_comm=swapper/2 prev_pid=0 prev_prio=120 prev_state=R ==> next_comm=compiz next_pid=1774 next_prio=120
          compiz-1774  [002] d...   734.303878: sched_switch: prev_comm=compiz prev_pid=1774 prev_prio=120 prev_state=S ==> next_comm=swapper/2 next_pid=0 next_prio=120
   test_affinity-2783  [000] d...   734.303890: sched_switch: prev_comm=test_affinity prev_pid=2783 prev_prio=120 prev_state=R ==> next_comm=test_affinity next_pid=2784 next_prio=120
          <idle>-0     [002] d...   734.304086: sched_switch: prev_comm=swapper/2 prev_pid=0 prev_prio=120 prev_state=R ==> next_comm=compiz next_pid=1774 next_prio=120
          compiz-1774  [002] d...   734.304199: sched_switch: prev_comm=compiz prev_pid=1774 prev_prio=120 prev_state=S ==> next_comm=swapper/2 next_pid=0 next_prio=120
          <idle>-0     [002] d...   734.304307: sched_switch: prev_comm=swapper/2 prev_pid=0 prev_prio=120 prev_state=R ==> next_comm=compiz next_pid=1774 next_prio=120
          compiz-1774  [002] d...   734.304376: sched_switch: prev_comm=compiz prev_pid=1774 prev_prio=120 prev_state=S ==> next_comm=swapper/2 next_pid=0 next_prio=120
          <idle>-0     [002] d...   734.304571: sched_switch: prev_comm=swapper/2 prev_pid=0 prev_prio=120 prev_state=R ==> next_comm=compiz next_pid=1774 next_prio=120
          compiz-1774  [002] d...   734.304617: sched_switch: prev_comm=compiz prev_pid=1774 prev_prio=120 prev_state=S ==> next_comm=swapper/2 next_pid=0 next_prio=120
          <idle>-0     [002] d...   734.304732: sched_switch: prev_comm=swapper/2 prev_pid=0 prev_prio=120 prev_state=R ==> next_comm=compiz next_pid=1774 next_prio=120
          compiz-1774  [002] d...   734.304873: sched_switch: prev_comm=compiz prev_pid=1774 prev_prio=120 prev_state=S ==> next_comm=swapper/2 next_pid=0 next_prio=120
          <idle>-0     [002] d...   734.305014: sched_switch: prev_comm=swapper/2 prev_pid=0 prev_prio=120 prev_state=R ==> next_comm=compiz next_pid=1774 next_prio=120
            Xorg-936   [003] d...   734.305017: sched_switch: prev_comm=Xorg prev_pid=936 prev_prio=120 prev_state=S ==> next_comm=swapper/3 next_pid=0 next_prio=120
          <idle>-0     [003] d...   734.305146: sched_switch: prev_comm=swapper/3 prev_pid=0 prev_prio=120 prev_state=R ==> next_comm=Xorg next_pid=936 next_prio=120
          compiz-1774  [002] d...   734.305189: sched_switch: prev_comm=compiz prev_pid=1774 prev_prio=120 prev_state=S ==> next_comm=swapper/2 next_pid=0 next_prio=120
            Xorg-936   [003] d...   734.305463: sched_switch: prev_comm=Xorg prev_pid=936 prev_prio=120 prev_state=S ==> next_comm=swapper/3 next_pid=0 next_prio=120
          <idle>-0     [002] d...   734.305487: sched_switch: prev_comm=swapper/2 prev_pid=0 prev_prio=120 prev_state=R ==> next_comm=compiz next_pid=1774 next_prio=120
          compiz-1774  [002] d...   734.305575: sched_switch: prev_comm=compiz prev_pid=1774 prev_prio=120 prev_state=S ==> next_comm=swapper/2 next_pid=0 next_prio=120
          <idle>-0     [003] d...   734.305628: sched_switch: prev_comm=swapper/3 prev_pid=0 prev_prio=120 prev_state=R ==> next_comm=Xorg next_pid=936 next_prio=120
          <idle>-0     [002] d...   734.305829: sched_switch: prev_comm=swapper/2 prev_pid=0 prev_prio=120 prev_state=R ==> next_comm=compiz next_pid=1774 next_prio=120
          compiz-1774  [002] d...   734.305893: sched_switch: prev_comm=compiz prev_pid=1774 prev_prio=120 prev_state=S ==> next_comm=swapper/2 next_pid=0 next_prio=120
          <idle>-0     [002] d...   734.306018: sched_switch: prev_comm=swapper/2 prev_pid=0 prev_prio=120 prev_state=R ==> next_comm=compiz next_pid=1774 next_prio=120
          compiz-1774  [002] d...   734.306089: sched_switch: prev_comm=compiz prev_pid=1774 prev_prio=120 prev_state=S ==> next_comm=swapper/2 next_pid=0 next_prio=120
          <idle>-0     [002] d...   734.306339: sched_switch: prev_comm=swapper/2 prev_pid=0 prev_prio=120 prev_state=R ==> next_comm=compiz next_pid=1774 next_prio=120
          compiz-1774  [002] d...   734.306342: sched_switch: prev_comm=compiz prev_pid=1774 prev_prio=120 prev_state=S ==> next_comm=swapper/2 next_pid=0 next_prio=120
          <idle>-0     [002] d...   734.306467: sched_switch: prev_comm=swapper/2 prev_pid=0 prev_prio=120 prev_state=R ==> next_comm=compiz next_pid=1774 next_prio=120
          compiz-1774  [002] d...   734.306539: sched_switch: prev_comm=compiz prev_pid=1774 prev_prio=120 prev_state=S ==> next_comm=swapper/2 next_pid=0 next_prio=120
          <idle>-0     [002] d...   734.306657: sched_switch: prev_comm=swapper/2 prev_pid=0 prev_prio=120 prev_state=R ==> next_comm=compiz next_pid=1774 next_prio=120
          compiz-1774  [002] d...   734.306725: sched_switch: prev_comm=compiz prev_pid=1774 prev_prio=120 prev_state=S ==> next_comm=swapper/2 next_pid=0 next_prio=120
          <idle>-0     [002] d...   734.306993: sched_switch: prev_comm=swapper/2 prev_pid=0 prev_prio=120 prev_state=R ==> next_comm=compiz next_pid=1774 next_prio=120
          compiz-1774  [002] d...   734.307032: sched_switch: prev_comm=compiz prev_pid=1774 prev_prio=120 prev_state=S ==> next_comm=swapper/2 next_pid=0 next_prio=120
          <idle>-0     [002] d...   734.307189: sched_switch: prev_comm=swapper/2 prev_pid=0 prev_prio=120 prev_state=R ==> next_comm=compiz next_pid=1774 next_prio=120
          compiz-1774  [002] d...   734.307250: sched_switch: prev_comm=compiz prev_pid=1774 prev_prio=120 prev_state=S ==> next_comm=swapper/2 next_pid=0 next_prio=120
          <idle>-0     [002] d...   734.307409: sched_switch: prev_comm=swapper/2 prev_pid=0 prev_prio=120 prev_state=R ==> next_comm=compiz next_pid=1774 next_prio=120
            Xorg-936   [003] d...   734.307442: sched_switch: prev_comm=Xorg prev_pid=936 prev_prio=120 prev_state=S ==> next_comm=swapper/3 next_pid=0 next_prio=120
          <idle>-0     [003] d...   734.307478: sched_switch: prev_comm=swapper/3 prev_pid=0 prev_prio=120 prev_state=R ==> next_comm=Xorg next_pid=936 next_prio=120
          compiz-1774  [002] d...   734.307510: sched_switch: prev_comm=compiz prev_pid=1774 prev_prio=120 prev_state=S ==> next_comm=swapper/2 next_pid=0 next_prio=120
          <idle>-0     [002] d...   734.307844: sched_switch: prev_comm=swapper/2 prev_pid=0 prev_prio=120 prev_state=R ==> next_comm=compiz next_pid=1774 next_prio=120
          compiz-1774  [002] d...   734.307900: sched_switch: prev_comm=compiz prev_pid=1774 prev_prio=120 prev_state=S ==> next_comm=swapper/2 next_pid=0 next_prio=120
          <idle>-0     [002] d...   734.308201: sched_switch: prev_comm=swapper/2 prev_pid=0 prev_prio=120 prev_state=R ==> next_comm=compiz next_pid=1774 next_prio=120
