       rcu_sched-13    [000] d...   729.384273: sched_switch: prev_comm=rcu_sched prev_pid=13 prev_prio=120 prev_state=S ==> next_comm=test_affinity next_pid=2763 next_prio=120
         rcuos/3-17    [002] d...   729.384277: sched_switch: prev_comm=rcuos/3 prev_pid=17 prev_prio=120 prev_state=S ==> next_comm=test_affinity next_pid=2765 next_prio=120
   test_affinity-2763  [000] d...   729.388047: sched_switch: prev_comm=test_affinity prev_pid=2763 prev_prio=120 prev_state=R ==> next_comm=rcu_sched next_pid=13 next_prio=120
       rcu_sched-13    [000] d...   729.388099: sched_switch: prev_comm=rcu_sched prev_pid=13 prev_prio=120 prev_state=S ==> next_comm=test_affinity next_pid=2763 next_prio=120
   test_affinity-2765  [002] d...   729.388143: sched_switch: prev_comm=test_affinity prev_pid=2765 prev_prio=120 prev_state=R ==> next_comm=rcuos/3 next_pid=17 next_prio=120
         rcuos/3-17    [002] d...   729.388159: sched_switch: prev_comm=rcuos/3 prev_pid=17 prev_prio=120 prev_state=S ==> next_comm=test_affinity next_pid=2765 next_prio=120
   test_affinity-2764  [003] d...   729.400663: sched_switch: prev_comm=test_affinity prev_pid=2764 prev_prio=120 prev_state=R ==> next_comm=X11-NOTIFY next_pid=1293 next_prio=120
      X11-NOTIFY-1293  [003] d...   729.400697: sched_switch: prev_comm=X11-NOTIFY prev_pid=1293 prev_prio=120 prev_state=S ==> next_comm=test_affinity next_pid=2764 next_prio=120
   test_affinity-2766  [001] d...   729.402751: sched_switch: prev_comm=test_affinity prev_pid=2766 prev_prio=120 prev_state=R ==> next_comm=compiz next_pid=1774 next_prio=120
          compiz-1774  [001] d...   729.403018: sched_switch: prev_comm=compiz prev_pid=1774 prev_prio=120 prev_state=S ==> next_comm=test_affinity next_pid=2766 next_prio=120
   test_affinity-2764  [003] d...   729.425967: sched_switch: prev_comm=test_affinity prev_pid=2764 prev_prio=120 prev_state=R ==> next_comm=X11-NOTIFY next_pid=1293 next_prio=120
      X11-NOTIFY-1293  [003] d...   729.426003: sched_switch: prev_comm=X11-NOTIFY prev_pid=1293 prev_prio=120 prev_state=S ==> next_comm=test_affinity next_pid=2764 next_prio=120
   test_affinity-2764  [003] d...   729.439409: sched_switch: prev_comm=test_affinity prev_pid=2764 prev_prio=120 prev_state=R ==> next_comm=automount next_pid=1033 next_prio=120
       automount-1033  [003] d...   729.439441: sched_switch: prev_comm=automount prev_pid=1033 prev_prio=120 prev_state=S ==> next_comm=test_affinity next_pid=2764 next_prio=120
   test_affinity-2764  [003] d...   729.451330: sched_switch: prev_comm=test_affinity prev_pid=2764 prev_prio=120 prev_state=R ==> next_comm=X11-NOTIFY next_pid=1293 next_prio=120
      X11-NOTIFY-1293  [003] d...   729.451368: sched_switch: prev_comm=X11-NOTIFY prev_pid=1293 prev_prio=120 prev_state=S ==> next_comm=test_affinity next_pid=2764 next_prio=120
   test_affinity-2765  [002] d...   729.472311: sched_switch: prev_comm=test_affinity prev_pid=2765 prev_prio=120 prev_state=R ==> next_comm=cat next_pid=2773 next_prio=120
   test_affinity-2764  [003] d...   729.472749: sched_switch: prev_comm=test_affinity prev_pid=2764 prev_prio=120 prev_state=R ==> next_comm=rcuos/2 next_pid=16 next_prio=120
   test_affinity-2763  [000] d...   729.472783: sched_switch: prev_comm=test_affinity prev_pid=2763 prev_prio=120 prev_state=R ==> next_comm=rcu_sched next_pid=13 next_prio=120
             cat-2773  [002] d...   729.472793: sched_switch: prev_comm=cat prev_pid=2773 prev_prio=120 prev_state=x ==> next_comm=test_affinity next_pid=2765 next_prio=120
       rcu_sched-13    [000] d...   729.472797: sched_switch: prev_comm=rcu_sched prev_pid=13 prev_prio=120 prev_state=S ==> next_comm=sudo next_pid=2771 next_prio=120
         rcuos/2-16    [003] d...   729.472808: sched_switch: prev_comm=rcuos/2 prev_pid=16 prev_prio=120 prev_state=S ==> next_comm=test_affinity next_pid=2764 next_prio=120
   test_affinity-2764  [003] d...   729.472971: sched_switch: prev_comm=test_affinity prev_pid=2764 prev_prio=120 prev_state=R ==> next_comm=rcuos/0 next_pid=14 next_prio=120
         rcuos/0-14    [003] d...   729.472982: sched_switch: prev_comm=rcuos/0 prev_pid=14 prev_prio=120 prev_state=S ==> next_comm=test_affinity next_pid=2764 next_prio=120
   test_affinity-2766  [001] d...   729.473116: sched_switch: prev_comm=test_affinity prev_pid=2766 prev_prio=120 prev_state=R ==> next_comm=rsyslogd next_pid=494 next_prio=120
        rsyslogd-494   [001] d...   729.473195: sched_switch: prev_comm=rsyslogd prev_pid=494 prev_prio=120 prev_state=S ==> next_comm=rs:main Q:Reg next_pid=493 next_prio=120
   test_affinity-2764  [003] d...   729.473333: sched_switch: prev_comm=test_affinity prev_pid=2764 prev_prio=120 prev_state=R ==> next_comm=gmain next_pid=911 next_prio=120
   rs:main Q:Reg-493   [001] d...   729.473377: sched_switch: prev_comm=rs:main Q:Reg prev_pid=493 prev_prio=120 prev_state=S ==> next_comm=test_affinity next_pid=2766 next_prio=120
           gmain-911   [003] d...   729.473479: sched_switch: prev_comm=gmain prev_pid=911 prev_prio=120 prev_state=S ==> next_comm=test_affinity next_pid=2764 next_prio=120
            sudo-2771  [000] d...   729.474059: sched_switch: prev_comm=sudo prev_pid=2771 prev_prio=120 prev_state=x ==> next_comm=test_affinity next_pid=2763 next_prio=120
   test_affinity-2765  [002] d...   729.474099: sched_switch: prev_comm=test_affinity prev_pid=2765 prev_prio=120 prev_state=R ==> next_comm=test_linux.sh next_pid=2748 next_prio=120
   test_linux.sh-2748  [002] d...   729.474497: sched_switch: prev_comm=test_linux.sh prev_pid=2748 prev_prio=120 prev_state=S ==> next_comm=test_affinity next_pid=2765 next_prio=120
   test_affinity-2764  [003] d...   729.477420: sched_switch: prev_comm=test_affinity prev_pid=2764 prev_prio=120 prev_state=R ==> next_comm=X11-NOTIFY next_pid=1293 next_prio=120
   test_affinity-2763  [000] d...   729.477424: sched_switch: prev_comm=test_affinity prev_pid=2763 prev_prio=120 prev_state=R ==> next_comm=rcu_sched next_pid=13 next_prio=120
       rcu_sched-13    [000] d...   729.477449: sched_switch: prev_comm=rcu_sched prev_pid=13 prev_prio=120 prev_state=S ==> next_comm=test_affinity next_pid=2763 next_prio=120
      X11-NOTIFY-1293  [003] d...   729.477479: sched_switch: prev_comm=X11-NOTIFY prev_pid=1293 prev_prio=120 prev_state=S ==> next_comm=test_affinity next_pid=2764 next_prio=120
   test_affinity-2763  [000] d...   729.480224: sched_switch: prev_comm=test_affinity prev_pid=2763 prev_prio=120 prev_state=R ==> next_comm=rcu_sched next_pid=13 next_prio=120
       rcu_sched-13    [000] d...   729.480272: sched_switch: prev_comm=rcu_sched prev_pid=13 prev_prio=120 prev_state=S ==> next_comm=test_affinity next_pid=2763 next_prio=120
   test_affinity-2764  [003] d...   729.480307: sched_switch: prev_comm=test_affinity prev_pid=2764 prev_prio=120 prev_state=R ==> next_comm=rcuos/2 next_pid=16 next_prio=120
         rcuos/2-16    [003] d...   729.480347: sched_switch: prev_comm=rcuos/2 prev_pid=16 prev_prio=120 prev_state=S ==> next_comm=test_affinity next_pid=2764 next_prio=120
   test_affinity-2765  [002] d...   729.480366: sched_switch: prev_comm=test_affinity prev_pid=2765 prev_prio=120 prev_state=R ==> next_comm=rcuos/3 next_pid=17 next_prio=120
         rcuos/3-17    [002] d...   729.480379: sched_switch: prev_comm=rcuos/3 prev_pid=17 prev_prio=120 prev_state=S ==> next_comm=test_affinity next_pid=2765 next_prio=120
   test_affinity-2764  [003] d...   729.483575: sched_switch: prev_comm=test_affinity prev_pid=2764 prev_prio=120 prev_state=R ==> next_comm=gmain next_pid=911 next_prio=120
           gmain-911   [003] d...   729.483726: sched_switch: prev_comm=gmain prev_pid=911 prev_prio=120 prev_state=S ==> next_comm=test_affinity next_pid=2764 next_prio=120
   test_affinity-2764  [003] d...   729.484198: sched_switch: prev_comm=test_affinity prev_pid=2764 prev_prio=120 prev_state=R ==> next_comm=kworker/3:1 next_pid=46 next_prio=120
   test_affinity-2763  [000] d...   729.484207: sched_switch: prev_comm=test_affinity prev_pid=2763 prev_prio=120 prev_state=R ==> next_comm=rcu_sched next_pid=13 next_prio=120
     kworker/3:1-46    [003] d...   729.484212: sched_switch: prev_comm=kworker/3:1 prev_pid=46 prev_prio=120 prev_state=S ==> next_comm=test_affinity next_pid=2764 next_prio=120
       rcu_sched-13    [000] d...   729.484253: sched_switch: prev_comm=rcu_sched prev_pid=13 prev_prio=120 prev_state=S ==> next_comm=test_affinity next_pid=2763 next_prio=120
   test_affinity-2764  [003] d...   729.484293: sched_switch: prev_comm=test_affinity prev_pid=2764 prev_prio=120 prev_state=R ==> next_comm=rcuos/0 next_pid=14 next_prio=120
         rcuos/0-14    [003] d...   729.484309: sched_switch: prev_comm=rcuos/0 prev_pid=14 prev_prio=120 prev_state=S ==> next_comm=test_affinity next_pid=2764 next_prio=120
   test_affinity-2763  [000] d...   729.488190: sched_switch: prev_comm=test_affinity prev_pid=2763 prev_prio=120 prev_state=R ==> next_comm=rcu_sched next_pid=13 next_prio=120
       rcu_sched-13    [000] d...   729.488283: sched_switch: prev_comm=rcu_sched prev_pid=13 prev_prio=120 prev_state=S ==> next_comm=test_affinity next_pid=2763 next_prio=120
   test_affinity-2765  [002] d...   729.488291: sched_switch: prev_comm=test_affinity prev_pid=2765 prev_prio=120 prev_state=R ==> next_comm=rcuos/3 next_pid=17 next_prio=120
         rcuos/3-17    [002] d...   729.488310: sched_switch: prev_comm=rcuos/3 prev_pid=17 prev_prio=120 prev_state=S ==> next_comm=test_linux.sh next_pid=2774 next_prio=120
   test_affinity-2764  [003] d...   729.488323: sched_switch: prev_comm=test_affinity prev_pid=2764 prev_prio=120 prev_state=R ==> next_comm=rcuos/2 next_pid=16 next_prio=120
         rcuos/2-16    [003] d...   729.488340: sched_switch: prev_comm=rcuos/2 prev_pid=16 prev_prio=120 prev_state=S ==> next_comm=test_affinity next_pid=2764 next_prio=120
            sudo-2774  [002] d...   729.488782: sched_switch: prev_comm=test_linux.sh prev_pid=2774 prev_prio=120 prev_state=R ==> next_comm=migration/2 next_pid=25 next_prio=0
     migration/2-25    [002] d...   729.488801: sched_switch: prev_comm=migration/2 prev_pid=25 prev_prio=0 prev_state=S ==> next_comm=test_affinity next_pid=2765 next_prio=120
   test_affinity-2763  [000] d...   729.493249: sched_switch: prev_comm=test_affinity prev_pid=2763 prev_prio=120 prev_state=R ==> next_comm=rcu_sched next_pid=13 next_prio=120
       rcu_sched-13    [000] d...   729.493301: sched_switch: prev_comm=rcu_sched prev_pid=13 prev_prio=120 prev_state=S ==> next_comm=test_affinity next_pid=2763 next_prio=120
   test_affinity-2764  [003] d...   729.493342: sched_switch: prev_comm=test_affinity prev_pid=2764 prev_prio=120 prev_state=R ==> next_comm=rcuos/0 next_pid=14 next_prio=120
         rcuos/0-14    [003] d...   729.493362: sched_switch: prev_comm=rcuos/0 prev_pid=14 prev_prio=120 prev_state=S ==> next_comm=test_linux.sh next_pid=2774 next_prio=120
   test_affinity-2763  [000] d...   729.496088: sched_switch: prev_comm=test_affinity prev_pid=2763 prev_prio=120 prev_state=R ==> next_comm=rcu_sched next_pid=13 next_prio=120
       rcu_sched-13    [000] d...   729.496099: sched_switch: prev_comm=rcu_sched prev_pid=13 prev_prio=120 prev_state=S ==> next_comm=test_affinity next_pid=2763 next_prio=120
   test_affinity-2765  [002] d...   729.496121: sched_switch: prev_comm=test_affinity prev_pid=2765 prev_prio=120 prev_state=R ==> next_comm=kworker/2:0 next_pid=27 next_prio=120
     kworker/2:0-27    [002] d...   729.496134: sched_switch: prev_comm=kworker/2:0 prev_pid=27 prev_prio=120 prev_state=S ==> next_comm=test_affinity next_pid=2765 next_prio=120
   test_affinity-2763  [000] d...   729.500146: sched_switch: prev_comm=test_affinity prev_pid=2763 prev_prio=120 prev_state=R ==> next_comm=rcu_sched next_pid=13 next_prio=120
       rcu_sched-13    [000] d...   729.500191: sched_switch: prev_comm=rcu_sched prev_pid=13 prev_prio=120 prev_state=S ==> next_comm=test_affinity next_pid=2763 next_prio=120
   test_affinity-2765  [002] d...   729.500230: sched_switch: prev_comm=test_affinity prev_pid=2765 prev_prio=120 prev_state=R ==> next_comm=rcuos/3 next_pid=17 next_prio=120
   test_affinity-2763  [000] d...   729.500289: sched_switch: prev_comm=test_affinity prev_pid=2763 prev_prio=120 prev_state=R ==> next_comm=rcu_sched next_pid=13 next_prio=120
       rcu_sched-13    [000] d...   729.500300: sched_switch: prev_comm=rcu_sched prev_pid=13 prev_prio=120 prev_state=S ==> next_comm=test_affinity next_pid=2763 next_prio=120
         rcuos/3-17    [002] d...   729.500307: sched_switch: prev_comm=rcuos/3 prev_pid=17 prev_prio=120 prev_state=S ==> next_comm=test_affinity next_pid=2765 next_prio=120
            sudo-2774  [003] d...   729.502602: sched_switch: prev_comm=sudo prev_pid=2774 prev_prio=120 prev_state=R ==> next_comm=X11-NOTIFY next_pid=1293 next_prio=120
      X11-NOTIFY-1293  [003] d...   729.502634: sched_switch: prev_comm=X11-NOTIFY prev_pid=1293 prev_prio=120 prev_state=S ==> next_comm=test_affinity next_pid=2764 next_prio=120
   test_affinity-2763  [000] d...   729.504586: sched_switch: prev_comm=test_affinity prev_pid=2763 prev_prio=120 prev_state=R ==> next_comm=rcu_sched next_pid=13 next_prio=120
       rcu_sched-13    [000] d...   729.504599: sched_switch: prev_comm=rcu_sched prev_pid=13 prev_prio=120 prev_state=S ==> next_comm=test_affinity next_pid=2763 next_prio=120
   test_affinity-2763  [000] d...   729.508706: sched_switch: prev_comm=test_affinity prev_pid=2763 prev_prio=120 prev_state=R ==> next_comm=rcu_sched next_pid=13 next_prio=120
   test_affinity-2766  [001] d...   729.508710: sched_switch: prev_comm=test_affinity prev_pid=2766 prev_prio=120 prev_state=R ==> next_comm=kworker/1:1 next_pid=68 next_prio=120
     kworker/1:1-68    [001] d...   729.508726: sched_switch: prev_comm=kworker/1:1 prev_pid=68 prev_prio=120 prev_state=S ==> next_comm=test_affinity next_pid=2766 next_prio=120
       rcu_sched-13    [000] d...   729.508759: sched_switch: prev_comm=rcu_sched prev_pid=13 prev_prio=120 prev_state=S ==> next_comm=test_affinity next_pid=2763 next_prio=120
   test_affinity-2765  [002] d...   729.508802: sched_switch: prev_comm=test_affinity prev_pid=2765 prev_prio=120 prev_state=R ==> next_comm=rcuos/3 next_pid=17 next_prio=120
   test_affinity-2764  [003] d...   729.508893: sched_switch: prev_comm=test_affinity prev_pid=2764 prev_prio=120 prev_state=R ==> next_comm=rcuos/2 next_pid=16 next_prio=120
         rcuos/2-16    [003] d...   729.508907: sched_switch: prev_comm=rcuos/2 prev_pid=16 prev_prio=120 prev_state=S ==> next_comm=sudo next_pid=2774 next_prio=120
   test_affinity-2763  [000] d...   729.508935: sched_switch: prev_comm=test_affinity prev_pid=2763 prev_prio=120 prev_state=R ==> next_comm=rcu_sched next_pid=13 next_prio=120
       rcu_sched-13    [000] d...   729.508948: sched_switch: prev_comm=rcu_sched prev_pid=13 prev_prio=120 prev_state=S ==> next_comm=test_affinity next_pid=2763 next_prio=120
         rcuos/3-17    [002] d...   729.508951: sched_switch: prev_comm=rcuos/3 prev_pid=17 prev_prio=120 prev_state=S ==> next_comm=test_affinity next_pid=2765 next_prio=120
   test_affinity-2766  [001] d...   729.510148: sched_switch: prev_comm=test_affinity prev_pid=2766 prev_prio=120 prev_state=R ==> next_comm=rsyslogd next_pid=494 next_prio=120
        rsyslogd-494   [001] d...   729.510217: sched_switch: prev_comm=rsyslogd prev_pid=494 prev_prio=120 prev_state=S ==> next_comm=rs:main Q:Reg next_pid=493 next_prio=120
            sudo-2774  [003] d...   729.510334: sched_switch: prev_comm=sudo prev_pid=2774 prev_prio=120 prev_state=R ==> next_comm=gmain next_pid=911 next_prio=120
   rs:main Q:Reg-493   [001] d...   729.510386: sched_switch: prev_comm=rs:main Q:Reg prev_pid=493 prev_prio=120 prev_state=S ==> next_comm=test_affinity next_pid=2766 next_prio=120
           gmain-911   [003] d...   729.510488: sched_switch: prev_comm=gmain prev_pid=911 prev_prio=120 prev_state=S ==> next_comm=sudo next_pid=2774 next_prio=120
   test_affinity-2766  [001] d...   729.511228: sched_switch: prev_comm=test_affinity prev_pid=2766 prev_prio=120 prev_state=R ==> next_comm=rsyslogd next_pid=494 next_prio=120
        rsyslogd-494   [001] d...   729.511279: sched_switch: prev_comm=rsyslogd prev_pid=494 prev_prio=120 prev_state=S ==> next_comm=rs:main Q:Reg next_pid=493 next_prio=120
   rs:main Q:Reg-493   [001] d...   729.511379: sched_switch: prev_comm=rs:main Q:Reg prev_pid=493 prev_prio=120 prev_state=S ==> next_comm=test_affinity next_pid=2766 next_prio=120
            sudo-2774  [003] d...   729.511669: sched_switch: prev_comm=sudo prev_pid=2774 prev_prio=120 prev_state=S ==> next_comm=test_affinity next_pid=2764 next_prio=120
   test_affinity-2763  [000] d...   729.513092: sched_switch: prev_comm=test_affinity prev_pid=2763 prev_prio=120 prev_state=R ==> next_comm=rcu_sched next_pid=13 next_prio=120
       rcu_sched-13    [000] d...   729.513180: sched_switch: prev_comm=rcu_sched prev_pid=13 prev_prio=120 prev_state=S ==> next_comm=test_affinity next_pid=2763 next_prio=120
   test_affinity-2765  [002] d...   729.513188: sched_switch: prev_comm=test_affinity prev_pid=2765 prev_prio=120 prev_state=R ==> next_comm=rcuos/3 next_pid=17 next_prio=120
   test_affinity-2764  [003] d...   729.513222: sched_switch: prev_comm=test_affinity prev_pid=2764 prev_prio=120 prev_state=R ==> next_comm=rcuos/2 next_pid=16 next_prio=120
         rcuos/2-16    [003] d...   729.513237: sched_switch: prev_comm=rcuos/2 prev_pid=16 prev_prio=120 prev_state=S ==> next_comm=test_affinity next_pid=2764 next_prio=120
   test_affinity-2763  [000] d...   729.513272: sched_switch: prev_comm=test_affinity prev_pid=2763 prev_prio=120 prev_state=R ==> next_comm=rcu_sched next_pid=13 next_prio=120
       rcu_sched-13    [000] d...   729.513285: sched_switch: prev_comm=rcu_sched prev_pid=13 prev_prio=120 prev_state=S ==> next_comm=test_affinity next_pid=2763 next_prio=120
         rcuos/3-17    [002] d...   729.513288: sched_switch: prev_comm=rcuos/3 prev_pid=17 prev_prio=120 prev_state=S ==> next_comm=test_affinity next_pid=2765 next_prio=120
   test_affinity-2763  [000] d...   729.516122: sched_switch: prev_comm=test_affinity prev_pid=2763 prev_prio=120 prev_state=R ==> next_comm=rcu_sched next_pid=13 next_prio=120
       rcu_sched-13    [000] d...   729.516208: sched_switch: prev_comm=rcu_sched prev_pid=13 prev_prio=120 prev_state=S ==> next_comm=sudo next_pid=2775 next_prio=120
   test_affinity-2765  [002] d...   729.516217: sched_switch: prev_comm=test_affinity prev_pid=2765 prev_prio=120 prev_state=R ==> next_comm=rcuos/3 next_pid=17 next_prio=120
         rcuos/3-17    [002] d...   729.516243: sched_switch: prev_comm=rcuos/3 prev_pid=17 prev_prio=120 prev_state=S ==> next_comm=test_affinity next_pid=2765 next_prio=120
   test_affinity-2764  [003] d...   729.516250: sched_switch: prev_comm=test_affinity prev_pid=2764 prev_prio=120 prev_state=R ==> next_comm=rcuos/2 next_pid=16 next_prio=120
            bash-2775  [000] d...   729.516314: sched_switch: prev_comm=sudo prev_pid=2775 prev_prio=120 prev_state=R ==> next_comm=rcu_sched next_pid=13 next_prio=120
         rcuos/2-16    [003] d...   729.516343: sched_switch: prev_comm=rcuos/2 prev_pid=16 prev_prio=120 prev_state=S ==> next_comm=test_affinity next_pid=2764 next_prio=120
       rcu_sched-13    [000] d...   729.516344: sched_switch: prev_comm=rcu_sched prev_pid=13 prev_prio=120 prev_state=S ==> next_comm=sudo next_pid=2775 next_prio=120
   test_affinity-2764  [003] d...   729.516798: sched_switch: prev_comm=test_affinity prev_pid=2764 prev_prio=120 prev_state=R ==> next_comm=rcuos/0 next_pid=14 next_prio=120
         rcuos/0-14    [003] d...   729.516811: sched_switch: prev_comm=rcuos/0 prev_pid=14 prev_prio=120 prev_state=S ==> next_comm=test_affinity next_pid=2764 next_prio=120
            bash-2775  [000] d...   729.517092: sched_switch: prev_comm=sudo prev_pid=2775 prev_prio=120 prev_state=R ==> next_comm=migration/0 next_pid=7 next_prio=0
     migration/0-7     [000] d...   729.517109: sched_switch: prev_comm=migration/0 prev_pid=7 prev_prio=0 prev_state=S ==> next_comm=test_affinity next_pid=2763 next_prio=120
   test_affinity-2763  [000] d...   729.520160: sched_switch: prev_comm=test_affinity prev_pid=2763 prev_prio=120 prev_state=R ==> next_comm=kworker/0:1 next_pid=72 next_prio=120
     kworker/0:1-72    [000] d...   729.520176: sched_switch: prev_comm=kworker/0:1 prev_pid=72 prev_prio=120 prev_state=S ==> next_comm=rcu_sched next_pid=13 next_prio=120
       rcu_sched-13    [000] d...   729.520229: sched_switch: prev_comm=rcu_sched prev_pid=13 prev_prio=120 prev_state=S ==> next_comm=test_affinity next_pid=2763 next_prio=120
   test_affinity-2764  [003] d...   729.520271: sched_switch: prev_comm=test_affinity prev_pid=2764 prev_prio=120 prev_state=R ==> next_comm=rcuos/2 next_pid=16 next_prio=120
         rcuos/2-16    [003] d...   729.520287: sched_switch: prev_comm=rcuos/2 prev_pid=16 prev_prio=120 prev_state=S ==> next_comm=test_affinity next_pid=2764 next_prio=120
   test_affinity-2764  [003] d...   729.520604: sched_switch: prev_comm=test_affinity prev_pid=2764 prev_prio=120 prev_state=R ==> next_comm=gmain next_pid=911 next_prio=120
           gmain-911   [003] d...   729.520776: sched_switch: prev_comm=gmain prev_pid=911 prev_prio=120 prev_state=S ==> next_comm=test_affinity next_pid=2764 next_prio=120
   test_affinity-2763  [000] d...   729.525042: sched_switch: prev_comm=test_affinity prev_pid=2763 prev_prio=120 prev_state=R ==> next_comm=rcu_sched next_pid=13 next_prio=120
       rcu_sched-13    [000] d...   729.525058: sched_switch: prev_comm=rcu_sched prev_pid=13 prev_prio=120 prev_state=S ==> next_comm=test_affinity next_pid=2763 next_prio=120
   test_affinity-2766  [001] d...   729.525221: sched_switch: prev_comm=test_affinity prev_pid=2766 prev_prio=120 prev_state=R ==> next_comm=sudo next_pid=2775 next_prio=120
   test_affinity-2764  [003] d...   729.525518: sched_switch: prev_comm=test_affinity prev_pid=2764 prev_prio=120 prev_state=R ==> next_comm=rcuos/1 next_pid=15 next_prio=120
         rcuos/1-15    [003] d...   729.525531: sched_switch: prev_comm=rcuos/1 prev_pid=15 prev_prio=120 prev_state=S ==> next_comm=test_affinity next_pid=2764 next_prio=120
   test_affinity-2764  [003] d...   729.527849: sched_switch: prev_comm=test_affinity prev_pid=2764 prev_prio=120 prev_state=R ==> next_comm=X11-NOTIFY next_pid=1293 next_prio=120
      X11-NOTIFY-1293  [003] d...   729.527878: sched_switch: prev_comm=X11-NOTIFY prev_pid=1293 prev_prio=120 prev_state=S ==> next_comm=test_affinity next_pid=2764 next_prio=120
   test_affinity-2763  [000] d...   729.528122: sched_switch: prev_comm=test_affinity prev_pid=2763 prev_prio=120 prev_state=R ==> next_comm=rcu_sched next_pid=13 next_prio=120
       rcu_sched-13    [000] d...   729.528162: sched_switch: prev_comm=rcu_sched prev_pid=13 prev_prio=120 prev_state=S ==> next_comm=test_affinity next_pid=2763 next_prio=120
   test_affinity-2764  [003] d...   729.528199: sched_switch: prev_comm=test_affinity prev_pid=2764 prev_prio=120 prev_state=R ==> next_comm=rcuos/0 next_pid=14 next_prio=120
         rcuos/0-14    [003] d...   729.528224: sched_switch: prev_comm=rcuos/0 prev_pid=14 prev_prio=120 prev_state=S ==> next_comm=test_affinity next_pid=2764 next_prio=120
   test_affinity-2784  [000] d...   734.215860: sched_switch: prev_comm=test_affinity prev_pid=2784 prev_prio=120 prev_state=R ==> next_comm=rcu_sched next_pid=13 next_prio=120
          compiz-1843  [001] d...   734.215908: sched_switch: prev_comm=compiz prev_pid=1843 prev_prio=120 prev_state=R ==> next_comm=compiz next_pid=1844 next_prio=120
          compiz-1844  [001] d...   734.215932: sched_switch: prev_comm=compiz prev_pid=1844 prev_prio=120 prev_state=S ==> next_comm=compiz next_pid=1843 next_prio=120
          compiz-1843  [001] d...   734.215972: sched_switch: prev_comm=compiz prev_pid=1843 prev_prio=120 prev_state=S ==> next_comm=compiz next_pid=1774 next_prio=120
          compiz-1774  [001] d...   734.216000: sched_switch: prev_comm=compiz prev_pid=1774 prev_prio=120 prev_state=S ==> next_comm=swapper/1 next_pid=0 next_prio=120
       rcu_sched-13    [000] d...   734.216013: sched_switch: prev_comm=rcu_sched prev_pid=13 prev_prio=120 prev_state=S ==> next_comm=test_affinity next_pid=2782 next_prio=120
            bash-2788  [002] d...   734.216020: sched_switch: prev_comm=bash prev_pid=2788 prev_prio=120 prev_state=R ==> next_comm=rcuos/1 next_pid=15 next_prio=120
          <idle>-0     [003] d...   734.216056: sched_switch: prev_comm=swapper/3 prev_pid=0 prev_prio=120 prev_state=R ==> next_comm=gmain next_pid=911 next_prio=120
         rcuos/1-15    [002] d...   734.216059: sched_switch: prev_comm=rcuos/1 prev_pid=15 prev_prio=120 prev_state=S ==> next_comm=rcuos/2 next_pid=16 next_prio=120
   test_affinity-2782  [000] d...   734.216214: sched_switch: prev_comm=test_affinity prev_pid=2782 prev_prio=120 prev_state=R ==> next_comm=rcu_sched next_pid=13 next_prio=120
       rcu_sched-13    [000] d...   734.216226: sched_switch: prev_comm=rcu_sched prev_pid=13 prev_prio=120 prev_state=S ==> next_comm=test_affinity next_pid=2782 next_prio=120
         rcuos/2-16    [002] d...   734.216232: sched_switch: prev_comm=rcuos/2 prev_pid=16 prev_prio=120 prev_state=S ==> next_comm=bash next_pid=2788 next_prio=120
           gmain-911   [003] d...   734.216271: sched_switch: prev_comm=gmain prev_pid=911 prev_prio=120 prev_state=S ==> next_comm=compiz next_pid=1846 next_prio=120
          compiz-1846  [003] d...   734.216290: sched_switch: prev_comm=compiz prev_pid=1846 prev_prio=120 prev_state=S ==> next_comm=compiz next_pid=1845 next_prio=120
          compiz-1845  [003] d...   734.216361: sched_switch: prev_comm=compiz prev_pid=1845 prev_prio=120 prev_state=S ==> next_comm=swapper/3 next_pid=0 next_prio=120
          <idle>-0     [001] d...   734.216386: sched_switch: prev_comm=swapper/1 prev_pid=0 prev_prio=120 prev_state=R ==> next_comm=compiz next_pid=1774 next_prio=120
          compiz-1774  [001] d...   734.216499: sched_switch: prev_comm=compiz prev_pid=1774 prev_prio=120 prev_state=R ==> next_comm=compiz next_pid=1844 next_prio=120
            bash-2788  [002] d...   734.216523: sched_switch: prev_comm=bash prev_pid=2788 prev_prio=120 prev_state=x ==> next_comm=swapper/2 next_pid=0 next_prio=120
          <idle>-0     [003] d...   734.216523: sched_switch: prev_comm=swapper/3 prev_pid=0 prev_prio=120 prev_state=R ==> next_comm=sudo next_pid=2787 next_prio=120
          <idle>-0     [002] d...   734.216523: sched_switch: prev_comm=swapper/2 prev_pid=0 prev_prio=120 prev_state=R ==> next_comm=compiz next_pid=1843 next_prio=120
          compiz-1844  [001] d...   734.216569: sched_switch: prev_comm=compiz prev_pid=1844 prev_prio=120 prev_state=S ==> next_comm=compiz next_pid=1774 next_prio=120
          compiz-1843  [002] d...   734.216592: sched_switch: prev_comm=compiz prev_pid=1843 prev_prio=120 prev_state=S ==> next_comm=swapper/2 next_pid=0 next_prio=120
          compiz-1774  [001] d...   734.216633: sched_switch: prev_comm=compiz prev_pid=1774 prev_prio=120 prev_state=S ==> next_comm=swapper/1 next_pid=0 next_prio=120
          <idle>-0     [002] d...   734.216656: sched_switch: prev_comm=swapper/2 prev_pid=0 prev_prio=120 prev_state=R ==> next_comm=compiz next_pid=1844 next_prio=120
          compiz-1844  [002] d...   734.216695: sched_switch: prev_comm=compiz prev_pid=1844 prev_prio=120 prev_state=S ==> next_comm=swapper/2 next_pid=0 next_prio=120
          <idle>-0     [001] d...   734.216701: sched_switch: prev_comm=swapper/1 prev_pid=0 prev_prio=120 prev_state=R ==> next_comm=rcuos/3 next_pid=17 next_prio=120
         rcuos/3-17    [001] d...   734.216716: sched_switch: prev_comm=rcuos/3 prev_pid=17 prev_prio=120 prev_state=S ==> next_comm=swapper/1 next_pid=0 next_prio=120
          <idle>-0     [002] d...   734.216919: sched_switch: prev_comm=swapper/2 prev_pid=0 prev_prio=120 prev_state=R ==> next_comm=rsyslogd next_pid=494 next_prio=120
        rsyslogd-494   [002] d...   734.217031: sched_switch: prev_comm=rsyslogd prev_pid=494 prev_prio=120 prev_state=S ==> next_comm=swapper/2 next_pid=0 next_prio=120
          <idle>-0     [001] d...   734.217084: sched_switch: prev_comm=swapper/1 prev_pid=0 prev_prio=120 prev_state=R ==> next_comm=rs:main Q:Reg next_pid=493 next_prio=120
          <idle>-0     [002] d...   734.217258: sched_switch: prev_comm=swapper/2 prev_pid=0 prev_prio=120 prev_state=R ==> next_comm=gmain next_pid=911 next_prio=120
   rs:main Q:Reg-493   [001] d...   734.217277: sched_switch: prev_comm=rs:main Q:Reg prev_pid=493 prev_prio=120 prev_state=S ==> next_comm=swapper/1 next_pid=0 next_prio=120
           gmain-911   [002] d...   734.217401: sched_switch: prev_comm=gmain prev_pid=911 prev_prio=120 prev_state=S ==> next_comm=swapper/2 next_pid=0 next_prio=120
            sudo-2787  [003] d...   734.218119: sched_switch: prev_comm=sudo prev_pid=2787 prev_prio=120 prev_state=x ==> next_comm=compiz next_pid=1846 next_prio=120
          compiz-1846  [003] d...   734.218153: sched_switch: prev_comm=compiz prev_pid=1846 prev_prio=120 prev_state=S ==> next_comm=compiz next_pid=1845 next_prio=120
          <idle>-0     [002] d...   734.218193: sched_switch: prev_comm=swapper/2 prev_pid=0 prev_prio=120 prev_state=R ==> next_comm=test_linux.sh next_pid=2748 next_prio=120
          compiz-1845  [003] d...   734.218230: sched_switch: prev_comm=compiz prev_pid=1845 prev_prio=120 prev_state=R ==> next_comm=compiz next_pid=1846 next_prio=120
          <idle>-0     [001] d...   734.218271: sched_switch: prev_comm=swapper/1 prev_pid=0 prev_prio=120 prev_state=R ==> next_comm=compiz next_pid=1843 next_prio=120
   test_linux.sh-2748  [002] d...   734.218764: sched_switch: prev_comm=test_linux.sh prev_pid=2748 prev_prio=120 prev_state=S ==> next_comm=compiz next_pid=1844 next_prio=120
   test_affinity-2782  [000] d...   734.219871: sched_switch: prev_comm=test_affinity prev_pid=2782 prev_prio=120 prev_state=R ==> next_comm=rcu_sched next_pid=13 next_prio=120
       rcu_sched-13    [000] d...   734.219933: sched_switch: prev_comm=rcu_sched prev_pid=13 prev_prio=120 prev_state=S ==> next_comm=test_affinity next_pid=2781 next_prio=120
          compiz-1844  [002] d...   734.219977: sched_switch: prev_comm=compiz prev_pid=1844 prev_prio=120 prev_state=R ==> next_comm=rcuos/2 next_pid=16 next_prio=120
         rcuos/2-16    [002] d...   734.220028: sched_switch: prev_comm=rcuos/2 prev_pid=16 prev_prio=120 prev_state=S ==> next_comm=compiz next_pid=1844 next_prio=120
          compiz-1843  [001] d...   734.223660: sched_switch: prev_comm=compiz prev_pid=1843 prev_prio=120 prev_state=R ==> next_comm=X11-NOTIFY next_pid=1293 next_prio=120
      X11-NOTIFY-1293  [001] d...   734.223705: sched_switch: prev_comm=X11-NOTIFY prev_pid=1293 prev_prio=120 prev_state=S ==> next_comm=compiz next_pid=1843 next_prio=120
   test_affinity-2781  [000] d...   734.223894: sched_switch: prev_comm=test_affinity prev_pid=2781 prev_prio=120 prev_state=R ==> next_comm=rcu_sched next_pid=13 next_prio=120
       rcu_sched-13    [000] d...   734.223908: sched_switch: prev_comm=rcu_sched prev_pid=13 prev_prio=120 prev_state=S ==> next_comm=test_affinity next_pid=2783 next_prio=120
          compiz-1843  [001] d...   734.226356: sched_switch: prev_comm=compiz prev_pid=1843 prev_prio=120 prev_state=S ==> next_comm=swapper/1 next_pid=0 next_prio=120
          compiz-1846  [003] d...   734.226366: sched_switch: prev_comm=compiz prev_pid=1846 prev_prio=120 prev_state=S ==> next_comm=compiz next_pid=1845 next_prio=120
          compiz-1844  [002] d...   734.226367: sched_switch: prev_comm=compiz prev_pid=1844 prev_prio=120 prev_state=S ==> next_comm=test_linux.sh next_pid=2790 next_prio=120
          <idle>-0     [001] d...   734.226388: sched_switch: prev_comm=swapper/1 prev_pid=0 prev_prio=120 prev_state=R ==> next_comm=compiz next_pid=1846 next_prio=120
          compiz-1846  [001] d...   734.226415: sched_switch: prev_comm=compiz prev_pid=1846 prev_prio=120 prev_state=S ==> next_comm=swapper/1 next_pid=0 next_prio=120
          compiz-1845  [003] d...   734.226427: sched_switch: prev_comm=compiz prev_pid=1845 prev_prio=120 prev_state=S ==> next_comm=test_linux.sh next_pid=2789 next_prio=120
            sudo-2789  [003] d...   734.227151: sched_switch: prev_comm=test_linux.sh prev_pid=2789 prev_prio=120 prev_state=R ==> next_comm=migration/3 next_pid=30 next_prio=0
     migration/3-30    [003] d...   734.227264: sched_switch: prev_comm=migration/3 prev_pid=30 prev_prio=0 prev_state=S ==> next_comm=swapper/3 next_pid=0 next_prio=120
          <idle>-0     [001] d...   734.227307: sched_switch: prev_comm=swapper/1 prev_pid=0 prev_prio=120 prev_state=R ==> next_comm=test_linux.sh next_pid=2789 next_prio=120
          <idle>-0     [003] d...   734.227666: sched_switch: prev_comm=swapper/3 prev_pid=0 prev_prio=120 prev_state=R ==> next_comm=gmain next_pid=911 next_prio=120
   test_affinity-2783  [000] d...   734.227820: sched_switch: prev_comm=test_affinity prev_pid=2783 prev_prio=120 prev_state=R ==> next_comm=rcu_sched next_pid=13 next_prio=120
       rcu_sched-13    [000] d...   734.227874: sched_switch: prev_comm=rcu_sched prev_pid=13 prev_prio=120 prev_state=S ==> next_comm=test_affinity next_pid=2784 next_prio=120
            sudo-2789  [001] d...   734.227905: sched_switch: prev_comm=sudo prev_pid=2789 prev_prio=120 prev_state=R ==> next_comm=rcuos/3 next_pid=17 next_prio=120
         rcuos/3-17    [001] d...   734.227940: sched_switch: prev_comm=rcuos/3 prev_pid=17 prev_prio=120 prev_state=S ==> next_comm=sudo next_pid=2789 next_prio=120
           gmain-911   [003] d...   734.228012: sched_switch: prev_comm=gmain prev_pid=911 prev_prio=120 prev_state=S ==> next_comm=compiz next_pid=1844 next_prio=120
          compiz-1844  [003] d...   734.228056: sched_switch: prev_comm=compiz prev_pid=1844 prev_prio=120 prev_state=S ==> next_comm=compiz next_pid=1843 next_prio=120
          compiz-1843  [003] d...   734.228114: sched_switch: prev_comm=compiz prev_pid=1843 prev_prio=120 prev_state=S ==> next_comm=compiz next_pid=1844 next_prio=120
          compiz-1844  [003] d...   734.228129: sched_switch: prev_comm=compiz prev_pid=1844 prev_prio=120 prev_state=S ==> next_comm=compiz next_pid=1845 next_prio=120
          compiz-1845  [003] d...   734.228154: sched_switch: prev_comm=compiz prev_pid=1845 prev_prio=120 prev_state=S ==> next_comm=compiz next_pid=1774 next_prio=120
          compiz-1774  [003] d...   734.228185: sched_switch: prev_comm=compiz prev_pid=1774 prev_prio=120 prev_state=S ==> next_comm=compiz next_pid=1846 next_prio=120
          compiz-1846  [003] d...   734.228206: sched_switch: prev_comm=compiz prev_pid=1846 prev_prio=120 prev_state=R ==> next_comm=compiz next_pid=1774 next_prio=120
          compiz-1774  [003] d...   734.228220: sched_switch: prev_comm=compiz prev_pid=1774 prev_prio=120 prev_state=S ==> next_comm=compiz next_pid=1846 next_prio=120
          compiz-1846  [003] d...   734.228239: sched_switch: prev_comm=compiz prev_pid=1846 prev_prio=120 prev_state=R ==> next_comm=compiz next_pid=1774 next_prio=120
            head-2790  [002] d...   734.228300: sched_switch: prev_comm=head prev_pid=2790 prev_prio=120 prev_state=R ==> next_comm=rcuos/1 next_pid=15 next_prio=120
          compiz-1774  [003] d...   734.228311: sched_switch: prev_comm=compiz prev_pid=1774 prev_prio=120 prev_state=R ==> next_comm=Xorg next_pid=936 next_prio=120
         rcuos/1-15    [002] d...   734.228332: sched_switch: prev_comm=rcuos/1 prev_pid=15 prev_prio=120 prev_state=S ==> next_comm=head next_pid=2790 next_prio=120
            Xorg-936   [003] d...   734.228594: sched_switch: prev_comm=Xorg prev_pid=936 prev_prio=120 prev_state=S ==> next_comm=compiz next_pid=1774 next_prio=120
          compiz-1774  [003] d...   734.228612: sched_switch: prev_comm=compiz prev_pid=1774 prev_prio=120 prev_state=R ==> next_comm=Xorg next_pid=936 next_prio=120
            Xorg-936   [003] d...   734.228732: sched_switch: prev_comm=Xorg prev_pid=936 prev_prio=120 prev_state=S ==> next_comm=compiz next_pid=1774 next_prio=120
          compiz-1774  [003] d...   734.228749: sched_switch: prev_comm=compiz prev_pid=1774 prev_prio=120 prev_state=R ==> next_comm=Xorg next_pid=936 next_prio=120
            Xorg-936   [003] d...   734.228868: sched_switch: prev_comm=Xorg prev_pid=936 prev_prio=120 prev_state=S ==> next_comm=compiz next_pid=1774 next_prio=120
          compiz-1774  [003] d...   734.228884: sched_switch: prev_comm=compiz prev_pid=1774 prev_prio=120 prev_state=R ==> next_comm=Xorg next_pid=936 next_prio=120
            Xorg-936   [003] d...   734.229005: sched_switch: prev_comm=Xorg prev_pid=936 prev_prio=120 prev_state=S ==> next_comm=compiz next_pid=1774 next_prio=120
          compiz-1774  [003] d...   734.229022: sched_switch: prev_comm=compiz prev_pid=1774 prev_prio=120 prev_state=R ==> next_comm=Xorg next_pid=936 next_prio=120
            Xorg-936   [003] d...   734.229141: sched_switch: prev_comm=Xorg prev_pid=936 prev_prio=120 prev_state=S ==> next_comm=compiz next_pid=1774 next_prio=120
          compiz-1774  [003] d...   734.229158: sched_switch: prev_comm=compiz prev_pid=1774 prev_prio=120 prev_state=R ==> next_comm=Xorg next_pid=936 next_prio=120
            Xorg-936   [003] d...   734.229278: sched_switch: prev_comm=Xorg prev_pid=936 prev_prio=120 prev_state=S ==> next_comm=compiz next_pid=1774 next_prio=120
          compiz-1774  [003] d...   734.229295: sched_switch: prev_comm=compiz prev_pid=1774 prev_prio=120 prev_state=R ==> next_comm=Xorg next_pid=936 next_prio=120
            Xorg-936   [003] d...   734.229561: sched_switch: prev_comm=Xorg prev_pid=936 prev_prio=120 prev_state=S ==> next_comm=compiz next_pid=1774 next_prio=120
          compiz-1774  [003] d...   734.229603: sched_switch: prev_comm=compiz prev_pid=1774 prev_prio=120 prev_state=R ==> next_comm=Xorg next_pid=936 next_prio=120
            Xorg-936   [003] d...   734.229749: sched_switch: prev_comm=Xorg prev_pid=936 prev_prio=120 prev_state=S ==> next_comm=compiz next_pid=1774 next_prio=120
          compiz-1774  [003] d...   734.229787: sched_switch: prev_comm=compiz prev_pid=1774 prev_prio=120 prev_state=R ==> next_comm=Xorg next_pid=936 next_prio=120
            Xorg-936   [003] d...   734.229914: sched_switch: prev_comm=Xorg prev_pid=936 prev_prio=120 prev_state=S ==> next_comm=compiz next_pid=1774 next_prio=120
          compiz-1774  [003] d...   734.229930: sched_switch: prev_comm=compiz prev_pid=1774 prev_prio=120 prev_state=R ==> next_comm=Xorg next_pid=936 next_prio=120
            head-2790  [002] d...   734.230021: sched_switch: prev_comm=head prev_pid=2790 prev_prio=120 prev_state=S ==> next_comm=compiz next_pid=1846 next_prio=120
            Xorg-936   [003] d...   734.230051: sched_switch: prev_comm=Xorg prev_pid=936 prev_prio=120 prev_state=S ==> next_comm=compiz next_pid=1774 next_prio=120
          compiz-1846  [002] d...   734.230060: sched_switch: prev_comm=compiz prev_pid=1846 prev_prio=120 prev_state=S ==> next_comm=swapper/2 next_pid=0 next_prio=120
          <idle>-0     [002] d...   734.230071: sched_switch: prev_comm=swapper/2 prev_pid=0 prev_prio=120 prev_state=R ==> next_comm=Xorg next_pid=936 next_prio=120
          compiz-1774  [003] d...   734.230106: sched_switch: prev_comm=compiz prev_pid=1774 prev_prio=120 prev_state=S ==> next_comm=swapper/3 next_pid=0 next_prio=120
          <idle>-0     [003] d...   734.230263: sched_switch: prev_comm=swapper/3 prev_pid=0 prev_prio=120 prev_state=R ==> next_comm=compiz next_pid=1774 next_prio=120
          compiz-1774  [003] d...   734.230368: sched_switch: prev_comm=compiz prev_pid=1774 prev_prio=120 prev_state=S ==> next_comm=swapper/3 next_pid=0 next_prio=120
          <idle>-0     [003] d...   734.230475: sched_switch: prev_comm=swapper/3 prev_pid=0 prev_prio=120 prev_state=R ==> next_comm=compiz next_pid=1774 next_prio=120
          compiz-1774  [003] d...   734.230540: sched_switch: prev_comm=compiz prev_pid=1774 prev_prio=120 prev_state=S ==> next_comm=swapper/3 next_pid=0 next_prio=120
          <idle>-0     [003] d...   734.230704: sched_switch: prev_comm=swapper/3 prev_pid=0 prev_prio=120 prev_state=R ==> next_comm=compiz next_pid=1774 next_prio=120
          compiz-1774  [003] d...   734.230740: sched_switch: prev_comm=compiz prev_pid=1774 prev_prio=120 prev_state=S ==> next_comm=swapper/3 next_pid=0 next_prio=120
          <idle>-0     [003] d...   734.230852: sched_switch: prev_comm=swapper/3 prev_pid=0 prev_prio=120 prev_state=R ==> next_comm=compiz next_pid=1774 next_prio=120
          compiz-1774  [003] d...   734.231008: sched_switch: prev_comm=compiz prev_pid=1774 prev_prio=120 prev_state=S ==> next_comm=swapper/3 next_pid=0 next_prio=120
          <idle>-0     [003] d...   734.231082: sched_switch: prev_comm=swapper/3 prev_pid=0 prev_prio=120 prev_state=R ==> next_comm=compiz next_pid=1774 next_prio=120
          compiz-1774  [003] d...   734.231169: sched_switch: prev_comm=compiz prev_pid=1774 prev_prio=120 prev_state=S ==> next_comm=swapper/3 next_pid=0 next_prio=120
          <idle>-0     [003] d...   734.231387: sched_switch: prev_comm=swapper/3 prev_pid=0 prev_prio=120 prev_state=R ==> next_comm=compiz next_pid=1774 next_prio=120
            Xorg-936   [002] d...   734.231430: sched_switch: prev_comm=Xorg prev_pid=936 prev_prio=120 prev_state=S ==> next_comm=swapper/2 next_pid=0 next_prio=120
          compiz-1774  [003] d...   734.231476: sched_switch: prev_comm=compiz prev_pid=1774 prev_prio=120 prev_state=S ==> next_comm=swapper/3 next_pid=0 next_prio=120
          <idle>-0     [002] d...   734.231505: sched_switch: prev_comm=swapper/2 prev_pid=0 prev_prio=120 prev_state=R ==> next_comm=Xorg next_pid=936 next_prio=120
          <idle>-0     [003] d...   734.231677: sched_switch: prev_comm=swapper/3 prev_pid=0 prev_prio=120 prev_state=R ==> next_comm=compiz next_pid=1774 next_prio=120
   test_affinity-2784  [000] d...   734.231842: sched_switch: prev_comm=test_affinity prev_pid=2784 prev_prio=120 prev_state=R ==> next_comm=rcu_sched next_pid=13 next_prio=120
       rcu_sched-13    [000] d...   734.231858: sched_switch: prev_comm=rcu_sched prev_pid=13 prev_prio=120 prev_state=S ==> next_comm=test_affinity next_pid=2782 next_prio=120
          compiz-1774  [003] d...   734.231905: sched_switch: prev_comm=compiz prev_pid=1774 prev_prio=120 prev_state=S ==> next_comm=swapper/3 next_pid=0 next_prio=120
          <idle>-0     [003] d...   734.232055: sched_switch: prev_comm=swapper/3 prev_pid=0 prev_prio=120 prev_state=R ==> next_comm=compiz next_pid=1774 next_prio=120
          compiz-1774  [003] d...   734.232132: sched_switch: prev_comm=compiz prev_pid=1774 prev_prio=120 prev_state=S ==> next_comm=swapper/3 next_pid=0 next_prio=120
          <idle>-0     [003] d...   734.232410: sched_switch: prev_comm=swapper/3 prev_pid=0 prev_prio=120 prev_state=R ==> next_comm=compiz next_pid=1774 next_prio=120
          compiz-1774  [003] d...   734.232457: sched_switch: prev_comm=compiz prev_pid=1774 prev_prio=120 prev_state=S ==> next_comm=swapper/3 next_pid=0 next_prio=120
          <idle>-0     [003] d...   734.232790: sched_switch: prev_comm=swapper/3 prev_pid=0 prev_prio=120 prev_state=R ==> next_comm=compiz next_pid=1774 next_prio=120
          compiz-1774  [003] d...   734.232853: sched_switch: prev_comm=compiz prev_pid=1774 prev_prio=120 prev_state=S ==> next_comm=swapper/3 next_pid=0 next_prio=120
          <idle>-0     [003] d...   734.233082: sched_switch: prev_comm=swapper/3 prev_pid=0 prev_prio=120 prev_state=R ==> next_comm=compiz next_pid=1774 next_prio=120
          compiz-1774  [003] d...   734.233166: sched_switch: prev_comm=compiz prev_pid=1774 prev_prio=120 prev_state=S ==> next_comm=swapper/3 next_pid=0 next_prio=120
          <idle>-0     [003] d...   734.233475: sched_switch: prev_comm=swapper/3 prev_pid=0 prev_prio=120 prev_state=R ==> next_comm=compiz next_pid=1774 next_prio=120
          compiz-1774  [003] d...   734.233519: sched_switch: prev_comm=compiz prev_pid=1774 prev_prio=120 prev_state=S ==> next_comm=swapper/3 next_pid=0 next_prio=120
          <idle>-0     [003] d...   734.233741: sched_switch: prev_comm=swapper/3 prev_pid=0 prev_prio=120 prev_state=R ==> next_comm=compiz next_pid=1774 next_prio=120
          compiz-1774  [003] d...   734.233816: sched_switch: prev_comm=compiz prev_pid=1774 prev_prio=120 prev_state=S ==> next_comm=swapper/3 next_pid=0 next_prio=120
          <idle>-0     [003] d...   734.234083: sched_switch: prev_comm=swapper/3 prev_pid=0 prev_prio=120 prev_state=R ==> next_comm=compiz next_pid=1774 next_prio=120
          compiz-1774  [003] d...   734.234199: sched_switch: prev_comm=compiz prev_pid=1774 prev_prio=120 prev_state=S ==> next_comm=swapper/3 next_pid=0 next_prio=120
          <idle>-0     [003] d...   734.234398: sched_switch: prev_comm=swapper/3 prev_pid=0 prev_prio=120 prev_state=R ==> next_comm=compiz next_pid=1774 next_prio=120
          compiz-1774  [003] d...   734.234479: sched_switch: prev_comm=compiz prev_pid=1774 prev_prio=120 prev_state=S ==> next_comm=swapper/3 next_pid=0 next_prio=120
          <idle>-0     [003] d...   734.234734: sched_switch: prev_comm=swapper/3 prev_pid=0 prev_prio=120 prev_state=R ==> next_comm=compiz next_pid=1774 next_prio=120
          compiz-1774  [003] d...   734.234790: sched_switch: prev_comm=compiz prev_pid=1774 prev_prio=120 prev_state=S ==> next_comm=swapper/3 next_pid=0 next_prio=120
          <idle>-0     [003] d...   734.234981: sched_switch: prev_comm=swapper/3 prev_pid=0 prev_prio=120 prev_state=R ==> next_comm=compiz next_pid=1774 next_prio=120
          compiz-1774  [003] d...   734.235067: sched_switch: prev_comm=compiz prev_pid=1774 prev_prio=120 prev_state=S ==> next_comm=swapper/3 next_pid=0 next_prio=120
          <idle>-0     [003] d...   734.235331: sched_switch: prev_comm=swapper/3 prev_pid=0 prev_prio=120 prev_state=R ==> next_comm=compiz next_pid=1774 next_prio=120
          compiz-1774  [003] d...   734.235402: sched_switch: prev_comm=compiz prev_pid=1774 prev_prio=120 prev_state=S ==> next_comm=swapper/3 next_pid=0 next_prio=120
          <idle>-0     [003] d...   734.235429: sched_switch: prev_comm=swapper/3 prev_pid=0 prev_prio=120 prev_state=R ==> next_comm=compiz next_pid=1774 next_prio=120
          compiz-1774  [003] d...   734.235495: sched_switch: prev_comm=compiz prev_pid=1774 prev_prio=120 prev_state=S ==> next_comm=swapper/3 next_pid=0 next_prio=120
          <idle>-0     [003] d...   734.235573: sched_switch: prev_comm=swapper/3 prev_pid=0 prev_prio=120 prev_state=R ==> next_comm=compiz next_pid=1774 next_prio=120
          compiz-1774  [003] d...   734.235654: sched_switch: prev_comm=compiz prev_pid=1774 prev_prio=120 prev_state=S ==> next_comm=swapper/3 next_pid=0 next_prio=120
   test_affinity-2782  [000] d...   734.236039: sched_switch: prev_comm=test_affinity prev_pid=2782 prev_prio=120 prev_state=R ==> next_comm=rcu_sched next_pid=13 next_prio=120
       rcu_sched-13    [000] d...   734.236086: sched_switch: prev_comm=rcu_sched prev_pid=13 prev_prio=120 prev_state=S ==> next_comm=test_affinity next_pid=2781 next_prio=120
          <idle>-0     [003] d...   734.236139: sched_switch: prev_comm=swapper/3 prev_pid=0 prev_prio=120 prev_state=R ==> next_comm=rcuos/2 next_pid=16 next_prio=120
         rcuos/2-16    [003] d...   734.236165: sched_switch: prev_comm=rcuos/2 prev_pid=16 prev_prio=120 prev_state=S ==> next_comm=swapper/3 next_pid=0 next_prio=120
            Xorg-936   [002] d...   734.236179: sched_switch: prev_comm=Xorg prev_pid=936 prev_prio=120 prev_state=S ==> next_comm=compiz next_pid=1774 next_prio=120
          compiz-1774  [002] d...   734.236261: sched_switch: prev_comm=compiz prev_pid=1774 prev_prio=120 prev_state=S ==> next_comm=swapper/2 next_pid=0 next_prio=120
          <idle>-0     [003] d...   734.236281: sched_switch: prev_comm=swapper/3 prev_pid=0 prev_prio=120 prev_state=R ==> next_comm=Xorg next_pid=936 next_prio=120
          <idle>-0     [002] d...   734.236434: sched_switch: prev_comm=swapper/2 prev_pid=0 prev_prio=120 prev_state=R ==> next_comm=compiz next_pid=1774 next_prio=120
          compiz-1774  [002] d...   734.236494: sched_switch: prev_comm=compiz prev_pid=1774 prev_prio=120 prev_state=S ==> next_comm=swapper/2 next_pid=0 next_prio=120
          <idle>-0     [002] d...   734.236515: sched_switch: prev_comm=swapper/2 prev_pid=0 prev_prio=120 prev_state=R ==> next_comm=compiz next_pid=1774 next_prio=120
          compiz-1774  [002] d...   734.236572: sched_switch: prev_comm=compiz prev_pid=1774 prev_prio=120 prev_state=S ==> next_comm=swapper/2 next_pid=0 next_prio=120
          <idle>-0     [002] d...   734.236622: sched_switch: prev_comm=swapper/2 prev_pid=0 prev_prio=120 prev_state=R ==> next_comm=compiz next_pid=1774 next_prio=120
          compiz-1774  [002] d...   734.236687: sched_switch: prev_comm=compiz prev_pid=1774 prev_prio=120 prev_state=S ==> next_comm=swapper/2 next_pid=0 next_prio=120
          <idle>-0     [002] d...   734.236751: sched_switch: prev_comm=swapper/2 prev_pid=0 prev_prio=120 prev_state=R ==> next_comm=compiz next_pid=1774 next_prio=120
            Xorg-936   [003] d...   734.237021: sched_switch: prev_comm=Xorg prev_pid=936 prev_prio=120 prev_state=S ==> next_comm=swapper/3 next_pid=0 next_prio=120
          compiz-1774  [002] d...   734.237055: sched_switch: prev_comm=compiz prev_pid=1774 prev_prio=120 prev_state=S ==> next_comm=swapper/2 next_pid=0 next_prio=120
          <idle>-0     [003] d...   734.237070: sched_switch: prev_comm=swapper/3 prev_pid=0 prev_prio=120 prev_state=R ==> next_comm=Xorg next_pid=936 next_prio=120
