            bash-2924  [001] d...   960.650536: sched_switch: prev_comm=bash prev_pid=2924 prev_prio=120 prev_state=x ==> next_comm=sudo next_pid=2923 next_prio=120
            sudo-2923  [001] d...   960.650724: sched_switch: prev_comm=sudo prev_pid=2923 prev_prio=120 prev_state=R ==> next_comm=rsyslogd next_pid=494 next_prio=120
        rsyslogd-494   [001] d...   960.650793: sched_switch: prev_comm=rsyslogd prev_pid=494 prev_prio=120 prev_state=S ==> next_comm=rs:main Q:Reg next_pid=493 next_prio=120
   rs:main Q:Reg-493   [001] d...   960.650927: sched_switch: prev_comm=rs:main Q:Reg prev_pid=493 prev_prio=120 prev_state=S ==> next_comm=sudo next_pid=2923 next_prio=120
            sudo-2923  [001] d...   960.651842: sched_switch: prev_comm=sudo prev_pid=2923 prev_prio=120 prev_state=x ==> next_comm=test_linux.sh next_pid=2878 next_prio=120
   test_linux.sh-2878  [001] d...   960.652380: sched_switch: prev_comm=test_linux.sh prev_pid=2878 prev_prio=120 prev_state=S ==> next_comm=test_linux.sh next_pid=2926 next_prio=120
            head-2926  [001] d...   960.652820: sched_switch: prev_comm=test_linux.sh prev_pid=2926 prev_prio=120 prev_state=R ==> next_comm=gmain next_pid=911 next_prio=120
           gmain-911   [001] d...   960.652995: sched_switch: prev_comm=gmain prev_pid=911 prev_prio=120 prev_state=S ==> next_comm=test_linux.sh next_pid=2926 next_prio=120
   test_affinity-2918  [000] d...   960.654058: sched_switch: prev_comm=test_affinity prev_pid=2918 prev_prio=120 prev_state=R ==> next_comm=rcu_sched next_pid=13 next_prio=120
       rcu_sched-13    [000] d...   960.654072: sched_switch: prev_comm=rcu_sched prev_pid=13 prev_prio=120 prev_state=S ==> next_comm=test_affinity next_pid=2915 next_prio=120
          compiz-1845  [003] d...   960.654585: sched_switch: prev_comm=compiz prev_pid=1845 prev_prio=120 prev_state=R ==> next_comm=X11-NOTIFY next_pid=1293 next_prio=120
      X11-NOTIFY-1293  [003] d...   960.654628: sched_switch: prev_comm=X11-NOTIFY prev_pid=1293 prev_prio=120 prev_state=S ==> next_comm=compiz next_pid=1843 next_prio=120
            head-2926  [001] d...   960.655509: sched_switch: prev_comm=head prev_pid=2926 prev_prio=120 prev_state=S ==> next_comm=test_linux.sh next_pid=2925 next_prio=120
          compiz-1843  [003] d...   960.655661: sched_switch: prev_comm=compiz prev_pid=1843 prev_prio=120 prev_state=S ==> next_comm=compiz next_pid=1846 next_prio=120
          compiz-1844  [002] d...   960.655687: sched_switch: prev_comm=compiz prev_pid=1844 prev_prio=120 prev_state=S ==> next_comm=swapper/2 next_pid=0 next_prio=120
          compiz-1846  [003] d...   960.655756: sched_switch: prev_comm=compiz prev_pid=1846 prev_prio=120 prev_state=S ==> next_comm=compiz next_pid=1845 next_prio=120
          compiz-1845  [003] d...   960.655861: sched_switch: prev_comm=compiz prev_pid=1845 prev_prio=120 prev_state=S ==> next_comm=compiz next_pid=1846 next_prio=120
          compiz-1846  [003] d...   960.655887: sched_switch: prev_comm=compiz prev_pid=1846 prev_prio=120 prev_state=S ==> next_comm=swapper/3 next_pid=0 next_prio=120
          <idle>-0     [002] d...   960.655939: sched_switch: prev_comm=swapper/2 prev_pid=0 prev_prio=120 prev_state=R ==> next_comm=compiz next_pid=1843 next_prio=120
          compiz-1843  [002] d...   960.656029: sched_switch: prev_comm=compiz prev_pid=1843 prev_prio=120 prev_state=S ==> next_comm=compiz next_pid=1844 next_prio=120
          compiz-1844  [002] d...   960.656046: sched_switch: prev_comm=compiz prev_pid=1844 prev_prio=120 prev_state=S ==> next_comm=swapper/2 next_pid=0 next_prio=120
          <idle>-0     [003] d...   960.656057: sched_switch: prev_comm=swapper/3 prev_pid=0 prev_prio=120 prev_state=R ==> next_comm=compiz next_pid=1774 next_prio=120
            sudo-2925  [001] d...   960.656155: sched_switch: prev_comm=test_linux.sh prev_pid=2925 prev_prio=120 prev_state=R ==> next_comm=migration/1 next_pid=20 next_prio=0
     migration/1-20    [001] d...   960.656206: sched_switch: prev_comm=migration/1 prev_pid=20 prev_prio=0 prev_state=S ==> next_comm=swapper/1 next_pid=0 next_prio=120
          <idle>-0     [001] d...   960.656229: sched_switch: prev_comm=swapper/1 prev_pid=0 prev_prio=120 prev_state=R ==> next_comm=compiz next_pid=1846 next_prio=120
          compiz-1774  [003] d...   960.656248: sched_switch: prev_comm=compiz prev_pid=1774 prev_prio=120 prev_state=S ==> next_comm=compiz next_pid=1845 next_prio=120
          compiz-1846  [001] d...   960.656255: sched_switch: prev_comm=compiz prev_pid=1846 prev_prio=120 prev_state=S ==> next_comm=swapper/1 next_pid=0 next_prio=120
          compiz-1845  [003] d...   960.656277: sched_switch: prev_comm=compiz prev_pid=1845 prev_prio=120 prev_state=S ==> next_comm=swapper/3 next_pid=0 next_prio=120
          <idle>-0     [002] d...   960.656304: sched_switch: prev_comm=swapper/2 prev_pid=0 prev_prio=120 prev_state=R ==> next_comm=test_linux.sh next_pid=2925 next_prio=120
          <idle>-0     [001] d...   960.656625: sched_switch: prev_comm=swapper/1 prev_pid=0 prev_prio=120 prev_state=R ==> next_comm=rcuos/2 next_pid=16 next_prio=120
         rcuos/2-16    [001] d...   960.656642: sched_switch: prev_comm=rcuos/2 prev_pid=16 prev_prio=120 prev_state=S ==> next_comm=swapper/1 next_pid=0 next_prio=120
   test_affinity-2915  [000] d...   960.657953: sched_switch: prev_comm=test_affinity prev_pid=2915 prev_prio=120 prev_state=R ==> next_comm=rcu_sched next_pid=13 next_prio=120
       rcu_sched-13    [000] d...   960.657994: sched_switch: prev_comm=rcu_sched prev_pid=13 prev_prio=120 prev_state=S ==> next_comm=test_affinity next_pid=2916 next_prio=120
          <idle>-0     [001] d...   960.658028: sched_switch: prev_comm=swapper/1 prev_pid=0 prev_prio=120 prev_state=R ==> next_comm=rcuos/3 next_pid=17 next_prio=120
         rcuos/3-17    [001] d...   960.658063: sched_switch: prev_comm=rcuos/3 prev_pid=17 prev_prio=120 prev_state=S ==> next_comm=compiz next_pid=1844 next_prio=120
          compiz-1844  [001] d...   960.658094: sched_switch: prev_comm=compiz prev_pid=1844 prev_prio=120 prev_state=S ==> next_comm=compiz next_pid=1843 next_prio=120
          <idle>-0     [003] d...   960.658259: sched_switch: prev_comm=swapper/3 prev_pid=0 prev_prio=120 prev_state=R ==> next_comm=compiz next_pid=1845 next_prio=120
   test_affinity-2916  [000] d...   960.662032: sched_switch: prev_comm=test_affinity prev_pid=2916 prev_prio=120 prev_state=R ==> next_comm=rcu_sched next_pid=13 next_prio=120
       rcu_sched-13    [000] d...   960.662047: sched_switch: prev_comm=rcu_sched prev_pid=13 prev_prio=120 prev_state=S ==> next_comm=test_affinity next_pid=2917 next_prio=120
   test_affinity-2917  [000] d...   960.665957: sched_switch: prev_comm=test_affinity prev_pid=2917 prev_prio=120 prev_state=R ==> next_comm=rcu_sched next_pid=13 next_prio=120
          compiz-1845  [003] d...   960.665984: sched_switch: prev_comm=compiz prev_pid=1845 prev_prio=120 prev_state=R ==> next_comm=kworker/3:1 next_pid=46 next_prio=120
     kworker/3:1-46    [003] d...   960.666003: sched_switch: prev_comm=kworker/3:1 prev_pid=46 prev_prio=120 prev_state=S ==> next_comm=compiz next_pid=1845 next_prio=120
       rcu_sched-13    [000] d...   960.666094: sched_switch: prev_comm=rcu_sched prev_pid=13 prev_prio=120 prev_state=S ==> next_comm=test_affinity next_pid=2918 next_prio=120
          compiz-1843  [001] d...   960.666102: sched_switch: prev_comm=compiz prev_pid=1843 prev_prio=120 prev_state=R ==> next_comm=rcuos/2 next_pid=16 next_prio=120
         rcuos/2-16    [001] d...   960.666119: sched_switch: prev_comm=rcuos/2 prev_pid=16 prev_prio=120 prev_state=S ==> next_comm=compiz next_pid=1846 next_prio=120
          compiz-1845  [003] d...   960.666135: sched_switch: prev_comm=compiz prev_pid=1845 prev_prio=120 prev_state=R ==> next_comm=rcuos/1 next_pid=15 next_prio=120
         rcuos/1-15    [003] d...   960.666184: sched_switch: prev_comm=rcuos/1 prev_pid=15 prev_prio=120 prev_state=S ==> next_comm=compiz next_pid=1845 next_prio=120
          compiz-1846  [001] d...   960.666794: sched_switch: prev_comm=compiz prev_pid=1846 prev_prio=120 prev_state=R ==> next_comm=rsyslogd next_pid=494 next_prio=120
        rsyslogd-494   [001] d...   960.666870: sched_switch: prev_comm=rsyslogd prev_pid=494 prev_prio=120 prev_state=S ==> next_comm=rs:main Q:Reg next_pid=493 next_prio=120
   rs:main Q:Reg-493   [001] d...   960.667001: sched_switch: prev_comm=rs:main Q:Reg prev_pid=493 prev_prio=120 prev_state=S ==> next_comm=gmain next_pid=911 next_prio=120
           gmain-911   [001] d...   960.667136: sched_switch: prev_comm=gmain prev_pid=911 prev_prio=120 prev_state=S ==> next_comm=compiz next_pid=1844 next_prio=120
          compiz-1844  [001] d...   960.667635: sched_switch: prev_comm=compiz prev_pid=1844 prev_prio=120 prev_state=R ==> next_comm=rsyslogd next_pid=494 next_prio=120
        rsyslogd-494   [001] d...   960.667684: sched_switch: prev_comm=rsyslogd prev_pid=494 prev_prio=120 prev_state=S ==> next_comm=rs:main Q:Reg next_pid=493 next_prio=120
   rs:main Q:Reg-493   [001] d...   960.667782: sched_switch: prev_comm=rs:main Q:Reg prev_pid=493 prev_prio=120 prev_state=S ==> next_comm=compiz next_pid=1844 next_prio=120
            sudo-2925  [002] d...   960.668087: sched_switch: prev_comm=sudo prev_pid=2925 prev_prio=120 prev_state=S ==> next_comm=sudo next_pid=2927 next_prio=120
          compiz-1844  [001] d...   960.668845: sched_switch: prev_comm=compiz prev_pid=1844 prev_prio=120 prev_state=S ==> next_comm=compiz next_pid=1846 next_prio=120
          compiz-1846  [001] d...   960.668884: sched_switch: prev_comm=compiz prev_pid=1846 prev_prio=120 prev_state=S ==> next_comm=swapper/1 next_pid=0 next_prio=120
          compiz-1845  [003] d...   960.668898: sched_switch: prev_comm=compiz prev_pid=1845 prev_prio=120 prev_state=S ==> next_comm=compiz next_pid=1843 next_prio=120
          compiz-1843  [003] d...   960.669012: sched_switch: prev_comm=compiz prev_pid=1843 prev_prio=120 prev_state=R ==> next_comm=compiz next_pid=1845 next_prio=120
          compiz-1845  [003] d...   960.669031: sched_switch: prev_comm=compiz prev_pid=1845 prev_prio=120 prev_state=S ==> next_comm=compiz next_pid=1846 next_prio=120
          compiz-1846  [003] d...   960.669046: sched_switch: prev_comm=compiz prev_pid=1846 prev_prio=120 prev_state=S ==> next_comm=compiz next_pid=1843 next_prio=120
          <idle>-0     [001] d...   960.669066: sched_switch: prev_comm=swapper/1 prev_pid=0 prev_prio=120 prev_state=R ==> next_comm=compiz next_pid=1844 next_prio=120
          compiz-1843  [003] d...   960.669073: sched_switch: prev_comm=compiz prev_pid=1843 prev_prio=120 prev_state=R ==> next_comm=compiz next_pid=1774 next_prio=120
          compiz-1774  [003] d...   960.669089: sched_switch: prev_comm=compiz prev_pid=1774 prev_prio=120 prev_state=S ==> next_comm=compiz next_pid=1843 next_prio=120
          compiz-1844  [001] d...   960.669093: sched_switch: prev_comm=compiz prev_pid=1844 prev_prio=120 prev_state=S ==> next_comm=swapper/1 next_pid=0 next_prio=120
          compiz-1843  [003] d...   960.669109: sched_switch: prev_comm=compiz prev_pid=1843 prev_prio=120 prev_state=R ==> next_comm=compiz next_pid=1774 next_prio=120
          compiz-1774  [003] d...   960.669231: sched_switch: prev_comm=compiz prev_pid=1774 prev_prio=120 prev_state=S ==> next_comm=compiz next_pid=1843 next_prio=120
          <idle>-0     [001] d...   960.669248: sched_switch: prev_comm=swapper/1 prev_pid=0 prev_prio=120 prev_state=R ==> next_comm=Xorg next_pid=936 next_prio=120
          compiz-1843  [003] d...   960.669256: sched_switch: prev_comm=compiz prev_pid=1843 prev_prio=120 prev_state=S ==> next_comm=swapper/3 next_pid=0 next_prio=120
            Xorg-936   [001] d...   960.669583: sched_switch: prev_comm=Xorg prev_pid=936 prev_prio=120 prev_state=S ==> next_comm=swapper/1 next_pid=0 next_prio=120
          <idle>-0     [003] d...   960.669635: sched_switch: prev_comm=swapper/3 prev_pid=0 prev_prio=120 prev_state=R ==> next_comm=compiz next_pid=1774 next_prio=120
          <idle>-0     [001] d...   960.669710: sched_switch: prev_comm=swapper/1 prev_pid=0 prev_prio=120 prev_state=R ==> next_comm=Xorg next_pid=936 next_prio=120
          compiz-1774  [003] d...   960.669751: sched_switch: prev_comm=compiz prev_pid=1774 prev_prio=120 prev_state=S ==> next_comm=swapper/3 next_pid=0 next_prio=120
   test_affinity-2918  [000] d...   960.669921: sched_switch: prev_comm=test_affinity prev_pid=2918 prev_prio=120 prev_state=R ==> next_comm=rcu_sched next_pid=13 next_prio=120
       rcu_sched-13    [000] d...   960.669934: sched_switch: prev_comm=rcu_sched prev_pid=13 prev_prio=120 prev_state=S ==> next_comm=test_affinity next_pid=2915 next_prio=120
          <idle>-0     [003] d...   960.670069: sched_switch: prev_comm=swapper/3 prev_pid=0 prev_prio=120 prev_state=R ==> next_comm=compiz next_pid=1774 next_prio=120
          compiz-1774  [003] d...   960.670111: sched_switch: prev_comm=compiz prev_pid=1774 prev_prio=120 prev_state=S ==> next_comm=swapper/3 next_pid=0 next_prio=120
          <idle>-0     [003] d...   960.670217: sched_switch: prev_comm=swapper/3 prev_pid=0 prev_prio=120 prev_state=R ==> next_comm=compiz next_pid=1774 next_prio=120
          compiz-1774  [003] d...   960.670332: sched_switch: prev_comm=compiz prev_pid=1774 prev_prio=120 prev_state=S ==> next_comm=swapper/3 next_pid=0 next_prio=120
          <idle>-0     [003] d...   960.670383: sched_switch: prev_comm=swapper/3 prev_pid=0 prev_prio=120 prev_state=R ==> next_comm=compiz next_pid=1774 next_prio=120
          compiz-1774  [003] d...   960.670454: sched_switch: prev_comm=compiz prev_pid=1774 prev_prio=120 prev_state=S ==> next_comm=swapper/3 next_pid=0 next_prio=120
          <idle>-0     [003] d...   960.670648: sched_switch: prev_comm=swapper/3 prev_pid=0 prev_prio=120 prev_state=R ==> next_comm=compiz next_pid=1774 next_prio=120
            Xorg-936   [001] d...   960.670655: sched_switch: prev_comm=Xorg prev_pid=936 prev_prio=120 prev_state=S ==> next_comm=swapper/1 next_pid=0 next_prio=120
          <idle>-0     [001] d...   960.670676: sched_switch: prev_comm=swapper/1 prev_pid=0 prev_prio=120 prev_state=R ==> next_comm=Xorg next_pid=936 next_prio=120
          compiz-1774  [003] d...   960.670711: sched_switch: prev_comm=compiz prev_pid=1774 prev_prio=120 prev_state=S ==> next_comm=swapper/3 next_pid=0 next_prio=120
          <idle>-0     [003] d...   960.670834: sched_switch: prev_comm=swapper/3 prev_pid=0 prev_prio=120 prev_state=R ==> next_comm=compiz next_pid=1774 next_prio=120
          compiz-1774  [003] d...   960.670942: sched_switch: prev_comm=compiz prev_pid=1774 prev_prio=120 prev_state=S ==> next_comm=swapper/3 next_pid=0 next_prio=120
          <idle>-0     [003] d...   960.671044: sched_switch: prev_comm=swapper/3 prev_pid=0 prev_prio=120 prev_state=R ==> next_comm=compiz next_pid=1774 next_prio=120
          compiz-1774  [003] d...   960.671110: sched_switch: prev_comm=compiz prev_pid=1774 prev_prio=120 prev_state=S ==> next_comm=swapper/3 next_pid=0 next_prio=120
          <idle>-0     [003] d...   960.671272: sched_switch: prev_comm=swapper/3 prev_pid=0 prev_prio=120 prev_state=R ==> next_comm=compiz next_pid=1774 next_prio=120
          compiz-1774  [003] d...   960.671308: sched_switch: prev_comm=compiz prev_pid=1774 prev_prio=120 prev_state=S ==> next_comm=swapper/3 next_pid=0 next_prio=120
          <idle>-0     [003] d...   960.671420: sched_switch: prev_comm=swapper/3 prev_pid=0 prev_prio=120 prev_state=R ==> next_comm=compiz next_pid=1774 next_prio=120
          compiz-1774  [003] d...   960.671525: sched_switch: prev_comm=compiz prev_pid=1774 prev_prio=120 prev_state=S ==> next_comm=swapper/3 next_pid=0 next_prio=120
          <idle>-0     [003] d...   960.671627: sched_switch: prev_comm=swapper/3 prev_pid=0 prev_prio=120 prev_state=R ==> next_comm=compiz next_pid=1774 next_prio=120
          compiz-1774  [003] d...   960.671691: sched_switch: prev_comm=compiz prev_pid=1774 prev_prio=120 prev_state=S ==> next_comm=swapper/3 next_pid=0 next_prio=120
          <idle>-0     [003] d...   960.671853: sched_switch: prev_comm=swapper/3 prev_pid=0 prev_prio=120 prev_state=R ==> next_comm=compiz next_pid=1774 next_prio=120
          compiz-1774  [003] d...   960.671890: sched_switch: prev_comm=compiz prev_pid=1774 prev_prio=120 prev_state=S ==> next_comm=swapper/3 next_pid=0 next_prio=120
          <idle>-0     [003] d...   960.672000: sched_switch: prev_comm=swapper/3 prev_pid=0 prev_prio=120 prev_state=R ==> next_comm=compiz next_pid=1774 next_prio=120
          compiz-1774  [003] d...   960.672104: sched_switch: prev_comm=compiz prev_pid=1774 prev_prio=120 prev_state=S ==> next_comm=swapper/3 next_pid=0 next_prio=120
          <idle>-0     [003] d...   960.672208: sched_switch: prev_comm=swapper/3 prev_pid=0 prev_prio=120 prev_state=R ==> next_comm=compiz next_pid=1774 next_prio=120
          compiz-1774  [003] d...   960.672273: sched_switch: prev_comm=compiz prev_pid=1774 prev_prio=120 prev_state=S ==> next_comm=swapper/3 next_pid=0 next_prio=120
          <idle>-0     [003] d...   960.672436: sched_switch: prev_comm=swapper/3 prev_pid=0 prev_prio=120 prev_state=R ==> next_comm=compiz next_pid=1774 next_prio=120
             cat-2927  [002] d...   960.672440: sched_switch: prev_comm=bash prev_pid=2927 prev_prio=120 prev_state=R ==> next_comm=migration/2 next_pid=25 next_prio=0
     migration/2-25    [002] d...   960.672460: sched_switch: prev_comm=migration/2 prev_pid=25 prev_prio=0 prev_state=S ==> next_comm=swapper/2 next_pid=0 next_prio=120
          compiz-1774  [003] d...   960.672472: sched_switch: prev_comm=compiz prev_pid=1774 prev_prio=120 prev_state=S ==> next_comm=swapper/3 next_pid=0 next_prio=120
          <idle>-0     [003] d...   960.672584: sched_switch: prev_comm=swapper/3 prev_pid=0 prev_prio=120 prev_state=R ==> next_comm=compiz next_pid=1774 next_prio=120
          compiz-1774  [003] d...   960.672684: sched_switch: prev_comm=compiz prev_pid=1774 prev_prio=120 prev_state=S ==> next_comm=swapper/3 next_pid=0 next_prio=120
          <idle>-0     [003] d...   960.672789: sched_switch: prev_comm=swapper/3 prev_pid=0 prev_prio=120 prev_state=R ==> next_comm=compiz next_pid=1774 next_prio=120
            Xorg-936   [001] d...   960.672791: sched_switch: prev_comm=Xorg prev_pid=936 prev_prio=120 prev_state=S ==> next_comm=bash next_pid=2927 next_prio=120
          compiz-1774  [003] d...   960.672903: sched_switch: prev_comm=compiz prev_pid=1774 prev_prio=120 prev_state=S ==> next_comm=swapper/3 next_pid=0 next_prio=120
          <idle>-0     [002] d...   960.672945: sched_switch: prev_comm=swapper/2 prev_pid=0 prev_prio=120 prev_state=R ==> next_comm=Xorg next_pid=936 next_prio=120
          <idle>-0     [003] d...   960.673205: sched_switch: prev_comm=swapper/3 prev_pid=0 prev_prio=120 prev_state=R ==> next_comm=compiz next_pid=1774 next_prio=120
          compiz-1774  [003] d...   960.673240: sched_switch: prev_comm=compiz prev_pid=1774 prev_prio=120 prev_state=S ==> next_comm=swapper/3 next_pid=0 next_prio=120
          <idle>-0     [003] d...   960.673354: sched_switch: prev_comm=swapper/3 prev_pid=0 prev_prio=120 prev_state=R ==> next_comm=compiz next_pid=1774 next_prio=120
          compiz-1774  [003] d...   960.673424: sched_switch: prev_comm=compiz prev_pid=1774 prev_prio=120 prev_state=S ==> next_comm=swapper/3 next_pid=0 next_prio=120
          <idle>-0     [003] d...   960.673581: sched_switch: prev_comm=swapper/3 prev_pid=0 prev_prio=120 prev_state=R ==> next_comm=compiz next_pid=1774 next_prio=120
          compiz-1774  [003] d...   960.673686: sched_switch: prev_comm=compiz prev_pid=1774 prev_prio=120 prev_state=S ==> next_comm=swapper/3 next_pid=0 next_prio=120
   test_affinity-2915  [000] d...   960.673803: sched_switch: prev_comm=test_affinity prev_pid=2915 prev_prio=120 prev_state=R ==> next_comm=rcu_sched next_pid=13 next_prio=120
          <idle>-0     [003] d...   960.673831: sched_switch: prev_comm=swapper/3 prev_pid=0 prev_prio=120 prev_state=R ==> next_comm=compiz next_pid=1774 next_prio=120
       rcu_sched-13    [000] d...   960.673846: sched_switch: prev_comm=rcu_sched prev_pid=13 prev_prio=120 prev_state=S ==> next_comm=test_affinity next_pid=2916 next_prio=120
             cat-2927  [001] d...   960.673856: sched_switch: prev_comm=cat prev_pid=2927 prev_prio=120 prev_state=R ==> next_comm=rcuos/3 next_pid=17 next_prio=120
         rcuos/3-17    [001] d...   960.673887: sched_switch: prev_comm=rcuos/3 prev_pid=17 prev_prio=120 prev_state=S ==> next_comm=cat next_pid=2927 next_prio=120
          compiz-1774  [003] d...   960.673929: sched_switch: prev_comm=compiz prev_pid=1774 prev_prio=120 prev_state=S ==> next_comm=swapper/3 next_pid=0 next_prio=120
          <idle>-0     [003] d...   960.674102: sched_switch: prev_comm=swapper/3 prev_pid=0 prev_prio=120 prev_state=R ==> next_comm=compiz next_pid=1774 next_prio=120
          compiz-1774  [003] d...   960.674139: sched_switch: prev_comm=compiz prev_pid=1774 prev_prio=120 prev_state=S ==> next_comm=swapper/3 next_pid=0 next_prio=120
          <idle>-0     [003] d...   960.674251: sched_switch: prev_comm=swapper/3 prev_pid=0 prev_prio=120 prev_state=R ==> next_comm=compiz next_pid=1774 next_prio=120
          compiz-1774  [003] d...   960.674355: sched_switch: prev_comm=compiz prev_pid=1774 prev_prio=120 prev_state=S ==> next_comm=swapper/3 next_pid=0 next_prio=120
          <idle>-0     [003] d...   960.674458: sched_switch: prev_comm=swapper/3 prev_pid=0 prev_prio=120 prev_state=R ==> next_comm=compiz next_pid=1774 next_prio=120
          compiz-1774  [003] d...   960.674522: sched_switch: prev_comm=compiz prev_pid=1774 prev_prio=120 prev_state=S ==> next_comm=swapper/3 next_pid=0 next_prio=120
          <idle>-0     [003] d...   960.674685: sched_switch: prev_comm=swapper/3 prev_pid=0 prev_prio=120 prev_state=R ==> next_comm=compiz next_pid=1774 next_prio=120
          compiz-1774  [003] d...   960.674725: sched_switch: prev_comm=compiz prev_pid=1774 prev_prio=120 prev_state=S ==> next_comm=swapper/3 next_pid=0 next_prio=120
          <idle>-0     [003] d...   960.674837: sched_switch: prev_comm=swapper/3 prev_pid=0 prev_prio=120 prev_state=R ==> next_comm=compiz next_pid=1774 next_prio=120
             cat-2927  [001] d...   960.674887: sched_switch: prev_comm=cat prev_pid=2927 prev_prio=120 prev_state=S ==> next_comm=head next_pid=2926 next_prio=120
          compiz-1774  [003] d...   960.674939: sched_switch: prev_comm=compiz prev_pid=1774 prev_prio=120 prev_state=S ==> next_comm=swapper/3 next_pid=0 next_prio=120
          <idle>-0     [003] d...   960.675103: sched_switch: prev_comm=swapper/3 prev_pid=0 prev_prio=120 prev_state=R ==> next_comm=compiz next_pid=1774 next_prio=120
            head-2926  [001] d...   960.675142: sched_switch: prev_comm=head prev_pid=2926 prev_prio=120 prev_state=S ==> next_comm=swapper/1 next_pid=0 next_prio=120
          compiz-1774  [003] d...   960.675168: sched_switch: prev_comm=compiz prev_pid=1774 prev_prio=120 prev_state=S ==> next_comm=swapper/3 next_pid=0 next_prio=120
          <idle>-0     [003] d...   960.675338: sched_switch: prev_comm=swapper/3 prev_pid=0 prev_prio=120 prev_state=R ==> next_comm=compiz next_pid=1774 next_prio=120
            Xorg-936   [002] d...   960.675356: sched_switch: prev_comm=Xorg prev_pid=936 prev_prio=120 prev_state=S ==> next_comm=swapper/2 next_pid=0 next_prio=120
          <idle>-0     [002] d...   960.675377: sched_switch: prev_comm=swapper/2 prev_pid=0 prev_prio=120 prev_state=R ==> next_comm=Xorg next_pid=936 next_prio=120
          compiz-1774  [003] d...   960.675384: sched_switch: prev_comm=compiz prev_pid=1774 prev_prio=120 prev_state=S ==> next_comm=swapper/3 next_pid=0 next_prio=120
          <idle>-0     [003] d...   960.675508: sched_switch: prev_comm=swapper/3 prev_pid=0 prev_prio=120 prev_state=R ==> next_comm=compiz next_pid=1774 next_prio=120
          compiz-1774  [003] d...   960.675610: sched_switch: prev_comm=compiz prev_pid=1774 prev_prio=120 prev_state=S ==> next_comm=swapper/3 next_pid=0 next_prio=120
          <idle>-0     [003] d...   960.675713: sched_switch: prev_comm=swapper/3 prev_pid=0 prev_prio=120 prev_state=R ==> next_comm=compiz next_pid=1774 next_prio=120
            Xorg-936   [002] d...   960.675909: sched_switch: prev_comm=Xorg prev_pid=936 prev_prio=120 prev_state=S ==> next_comm=swapper/2 next_pid=0 next_prio=120
          compiz-1774  [003] d...   960.675913: sched_switch: prev_comm=compiz prev_pid=1774 prev_prio=120 prev_state=S ==> next_comm=swapper/3 next_pid=0 next_prio=120
          <idle>-0     [001] d...   960.677338: sched_switch: prev_comm=swapper/1 prev_pid=0 prev_prio=120 prev_state=R ==> next_comm=gmain next_pid=911 next_prio=120
           gmain-911   [001] d...   960.677626: sched_switch: prev_comm=gmain prev_pid=911 prev_prio=120 prev_state=S ==> next_comm=swapper/1 next_pid=0 next_prio=120
   test_affinity-2916  [000] d...   960.677921: sched_switch: prev_comm=test_affinity prev_pid=2916 prev_prio=120 prev_state=R ==> next_comm=rcu_sched next_pid=13 next_prio=120
       rcu_sched-13    [000] d...   960.677940: sched_switch: prev_comm=rcu_sched prev_pid=13 prev_prio=120 prev_state=S ==> next_comm=test_affinity next_pid=2917 next_prio=120
          <idle>-0     [003] d...   960.679833: sched_switch: prev_comm=swapper/3 prev_pid=0 prev_prio=120 prev_state=R ==> next_comm=X11-NOTIFY next_pid=1293 next_prio=120
      X11-NOTIFY-1293  [003] d...   960.679899: sched_switch: prev_comm=X11-NOTIFY prev_pid=1293 prev_prio=120 prev_state=S ==> next_comm=swapper/3 next_pid=0 next_prio=120
   test_affinity-2917  [000] d...   960.681951: sched_switch: prev_comm=test_affinity prev_pid=2917 prev_prio=120 prev_state=R ==> next_comm=rcu_sched next_pid=13 next_prio=120
       rcu_sched-13    [000] d...   960.682070: sched_switch: prev_comm=rcu_sched prev_pid=13 prev_prio=120 prev_state=S ==> next_comm=test_affinity next_pid=2918 next_prio=120
          <idle>-0     [003] d...   960.682180: sched_switch: prev_comm=swapper/3 prev_pid=0 prev_prio=120 prev_state=R ==> next_comm=rcuos/1 next_pid=15 next_prio=120
         rcuos/1-15    [003] d...   960.682262: sched_switch: prev_comm=rcuos/1 prev_pid=15 prev_prio=120 prev_state=S ==> next_comm=swapper/3 next_pid=0 next_prio=120
          <idle>-0     [001] d...   960.682364: sched_switch: prev_comm=swapper/1 prev_pid=0 prev_prio=120 prev_state=R ==> next_comm=rcuos/2 next_pid=16 next_prio=120
         rcuos/2-16    [001] d...   960.682424: sched_switch: prev_comm=rcuos/2 prev_pid=16 prev_prio=120 prev_state=S ==> next_comm=swapper/1 next_pid=0 next_prio=120
   test_affinity-2918  [000] d...   960.685905: sched_switch: prev_comm=test_affinity prev_pid=2918 prev_prio=120 prev_state=R ==> next_comm=rcu_sched next_pid=13 next_prio=120
       rcu_sched-13    [000] d...   960.685984: sched_switch: prev_comm=rcu_sched prev_pid=13 prev_prio=120 prev_state=S ==> next_comm=test_affinity next_pid=2915 next_prio=120
          <idle>-0     [001] d...   960.686264: sched_switch: prev_comm=swapper/1 prev_pid=0 prev_prio=120 prev_state=R ==> next_comm=rcuos/3 next_pid=17 next_prio=120
         rcuos/3-17    [001] d...   960.686327: sched_switch: prev_comm=rcuos/3 prev_pid=17 prev_prio=120 prev_state=S ==> next_comm=swapper/1 next_pid=0 next_prio=120
   test_affinity-2915  [000] d...   960.690698: sched_switch: prev_comm=test_affinity prev_pid=2915 prev_prio=120 prev_state=R ==> next_comm=rcu_sched next_pid=13 next_prio=120
       rcu_sched-13    [000] d...   960.690827: sched_switch: prev_comm=rcu_sched prev_pid=13 prev_prio=120 prev_state=S ==> next_comm=test_affinity next_pid=2916 next_prio=120
          <idle>-0     [003] d...   960.690916: sched_switch: prev_comm=swapper/3 prev_pid=0 prev_prio=120 prev_state=R ==> next_comm=rcuos/1 next_pid=15 next_prio=120
         rcuos/1-15    [003] d...   960.690961: sched_switch: prev_comm=rcuos/1 prev_pid=15 prev_prio=120 prev_state=S ==> next_comm=swapper/3 next_pid=0 next_prio=120
          <idle>-0     [001] d...   960.690980: sched_switch: prev_comm=swapper/1 prev_pid=0 prev_prio=120 prev_state=R ==> next_comm=rcuos/2 next_pid=16 next_prio=120
         rcuos/2-16    [001] d...   960.691027: sched_switch: prev_comm=rcuos/2 prev_pid=16 prev_prio=120 prev_state=S ==> next_comm=swapper/1 next_pid=0 next_prio=120
   test_affinity-2916  [000] d...   960.693987: sched_switch: prev_comm=test_affinity prev_pid=2916 prev_prio=120 prev_state=R ==> next_comm=rcu_sched next_pid=13 next_prio=120
       rcu_sched-13    [000] d...   960.694011: sched_switch: prev_comm=rcu_sched prev_pid=13 prev_prio=120 prev_state=S ==> next_comm=test_affinity next_pid=2917 next_prio=120
   test_affinity-2917  [000] d...   960.697926: sched_switch: prev_comm=test_affinity prev_pid=2917 prev_prio=120 prev_state=R ==> next_comm=rcu_sched next_pid=13 next_prio=120
       rcu_sched-13    [000] d...   960.698009: sched_switch: prev_comm=rcu_sched prev_pid=13 prev_prio=120 prev_state=S ==> next_comm=test_affinity next_pid=2918 next_prio=120
          <idle>-0     [001] d...   960.698103: sched_switch: prev_comm=swapper/1 prev_pid=0 prev_prio=120 prev_state=R ==> next_comm=rcuos/3 next_pid=17 next_prio=120
         rcuos/3-17    [001] d...   960.698147: sched_switch: prev_comm=rcuos/3 prev_pid=17 prev_prio=120 prev_state=S ==> next_comm=swapper/1 next_pid=0 next_prio=120
   test_affinity-2918  [000] d...   960.701911: sched_switch: prev_comm=test_affinity prev_pid=2918 prev_prio=120 prev_state=R ==> next_comm=kworker/0:1 next_pid=72 next_prio=120
     kworker/0:1-72    [000] d...   960.701934: sched_switch: prev_comm=kworker/0:1 prev_pid=72 prev_prio=120 prev_state=S ==> next_comm=rcu_sched next_pid=13 next_prio=120
       rcu_sched-13    [000] d...   960.702008: sched_switch: prev_comm=rcu_sched prev_pid=13 prev_prio=120 prev_state=S ==> next_comm=test_affinity next_pid=2916 next_prio=120
          <idle>-0     [003] d...   960.702090: sched_switch: prev_comm=swapper/3 prev_pid=0 prev_prio=120 prev_state=R ==> next_comm=rcuos/1 next_pid=15 next_prio=120
   test_affinity-2916  [000] d...   960.702190: sched_switch: prev_comm=test_affinity prev_pid=2916 prev_prio=120 prev_state=R ==> next_comm=rcu_sched next_pid=13 next_prio=120
       rcu_sched-13    [000] d...   960.702201: sched_switch: prev_comm=rcu_sched prev_pid=13 prev_prio=120 prev_state=S ==> next_comm=test_affinity next_pid=2916 next_prio=120
         rcuos/1-15    [003] d...   960.702228: sched_switch: prev_comm=rcuos/1 prev_pid=15 prev_prio=120 prev_state=S ==> next_comm=swapper/3 next_pid=0 next_prio=120
          <idle>-0     [003] d...   960.705149: sched_switch: prev_comm=swapper/3 prev_pid=0 prev_prio=120 prev_state=R ==> next_comm=X11-NOTIFY next_pid=1293 next_prio=120
      X11-NOTIFY-1293  [003] d...   960.705228: sched_switch: prev_comm=X11-NOTIFY prev_pid=1293 prev_prio=120 prev_state=S ==> next_comm=swapper/3 next_pid=0 next_prio=120
   test_affinity-2916  [000] d...   960.705898: sched_switch: prev_comm=test_affinity prev_pid=2916 prev_prio=120 prev_state=R ==> next_comm=rcu_sched next_pid=13 next_prio=120
       rcu_sched-13    [000] d...   960.705975: sched_switch: prev_comm=rcu_sched prev_pid=13 prev_prio=120 prev_state=S ==> next_comm=test_affinity next_pid=2915 next_prio=120
          <idle>-0     [003] d...   960.706098: sched_switch: prev_comm=swapper/3 prev_pid=0 prev_prio=120 prev_state=R ==> next_comm=rcuos/1 next_pid=15 next_prio=120
         rcuos/1-15    [003] d...   960.706137: sched_switch: prev_comm=rcuos/1 prev_pid=15 prev_prio=120 prev_state=S ==> next_comm=swapper/3 next_pid=0 next_prio=120
   test_affinity-2915  [000] d...   960.710686: sched_switch: prev_comm=test_affinity prev_pid=2915 prev_prio=120 prev_state=R ==> next_comm=test_affinity next_pid=2917 next_prio=120
   test_affinity-2917  [000] d...   960.717854: sched_switch: prev_comm=test_affinity prev_pid=2917 prev_prio=120 prev_state=R ==> next_comm=test_affinity next_pid=2918 next_prio=120
   test_affinity-2918  [000] d...   960.726284: sched_switch: prev_comm=test_affinity prev_pid=2918 prev_prio=120 prev_state=R ==> next_comm=test_affinity next_pid=2916 next_prio=120
          <idle>-0     [003] d...   960.730392: sched_switch: prev_comm=swapper/3 prev_pid=0 prev_prio=120 prev_state=R ==> next_comm=X11-NOTIFY next_pid=1293 next_prio=120
      X11-NOTIFY-1293  [003] d...   960.730443: sched_switch: prev_comm=X11-NOTIFY prev_pid=1293 prev_prio=120 prev_state=S ==> next_comm=swapper/3 next_pid=0 next_prio=120
   test_affinity-2916  [000] d...   960.733854: sched_switch: prev_comm=test_affinity prev_pid=2916 prev_prio=120 prev_state=R ==> next_comm=test_affinity next_pid=2915 next_prio=120
   test_affinity-2915  [000] d...   960.741849: sched_switch: prev_comm=test_affinity prev_pid=2915 prev_prio=120 prev_state=R ==> next_comm=test_affinity next_pid=2917 next_prio=120
   test_affinity-2917  [000] d...   960.747467: sched_switch: prev_comm=test_affinity prev_pid=2917 prev_prio=120 prev_state=R ==> next_comm=test_affinity next_pid=2918 next_prio=120
   test_affinity-2918  [000] d...   960.753867: sched_switch: prev_comm=test_affinity prev_pid=2918 prev_prio=120 prev_state=R ==> next_comm=test_affinity next_pid=2916 next_prio=120
          <idle>-0     [003] d...   960.755632: sched_switch: prev_comm=swapper/3 prev_pid=0 prev_prio=120 prev_state=R ==> next_comm=X11-NOTIFY next_pid=1293 next_prio=120
      X11-NOTIFY-1293  [003] d...   960.755686: sched_switch: prev_comm=X11-NOTIFY prev_pid=1293 prev_prio=120 prev_state=S ==> next_comm=swapper/3 next_pid=0 next_prio=120
   test_affinity-2916  [000] d...   960.762669: sched_switch: prev_comm=test_affinity prev_pid=2916 prev_prio=120 prev_state=R ==> next_comm=test_affinity next_pid=2915 next_prio=120
   test_affinity-2915  [000] d...   960.769869: sched_switch: prev_comm=test_affinity prev_pid=2915 prev_prio=120 prev_state=R ==> next_comm=test_affinity next_pid=2917 next_prio=120
   test_affinity-2917  [000] d...   960.774669: sched_switch: prev_comm=test_affinity prev_pid=2917 prev_prio=120 prev_state=R ==> next_comm=test_affinity next_pid=2918 next_prio=120
          <idle>-0     [003] d...   960.774812: sched_switch: prev_comm=swapper/3 prev_pid=0 prev_prio=120 prev_state=R ==> next_comm=kworker/u8:2 next_pid=2747 next_prio=120
    kworker/u8:2-2747  [003] d...   960.774845: sched_switch: prev_comm=kworker/u8:2 prev_pid=2747 prev_prio=120 prev_state=S ==> next_comm=swapper/3 next_pid=0 next_prio=120
          <idle>-0     [001] d...   960.775004: sched_switch: prev_comm=swapper/1 prev_pid=0 prev_prio=120 prev_state=R ==> next_comm=kworker/1:1 next_pid=68 next_prio=120
     kworker/1:1-68    [001] d...   960.775033: sched_switch: prev_comm=kworker/1:1 prev_pid=68 prev_prio=120 prev_state=S ==> next_comm=swapper/1 next_pid=0 next_prio=120
          <idle>-0     [002] d...   960.775037: sched_switch: prev_comm=swapper/2 prev_pid=0 prev_prio=120 prev_state=R ==> next_comm=cat next_pid=2927 next_prio=120
          <idle>-0     [001] d...   960.775233: sched_switch: prev_comm=swapper/1 prev_pid=0 prev_prio=120 prev_state=R ==> next_comm=head next_pid=2926 next_prio=120
            head-2926  [001] d...   960.775364: sched_switch: prev_comm=head prev_pid=2926 prev_prio=120 prev_state=S ==> next_comm=swapper/1 next_pid=0 next_prio=120
          <idle>-0     [001] d...   960.775394: sched_switch: prev_comm=swapper/1 prev_pid=0 prev_prio=120 prev_state=R ==> next_comm=head next_pid=2926 next_prio=120
            head-2926  [001] d...   960.775454: sched_switch: prev_comm=head prev_pid=2926 prev_prio=120 prev_state=S ==> next_comm=swapper/1 next_pid=0 next_prio=120
             cat-2927  [002] d...   960.775462: sched_switch: prev_comm=cat prev_pid=2927 prev_prio=120 prev_state=S ==> next_comm=swapper/2 next_pid=0 next_prio=120
          <idle>-0     [003] d...   960.781633: sched_switch: prev_comm=swapper/3 prev_pid=0 prev_prio=120 prev_state=R ==> next_comm=X11-NOTIFY next_pid=1293 next_prio=120
      X11-NOTIFY-1293  [003] d...   960.781772: sched_switch: prev_comm=X11-NOTIFY prev_pid=1293 prev_prio=120 prev_state=S ==> next_comm=swapper/3 next_pid=0 next_prio=120
   test_affinity-2918  [000] d...   960.781877: sched_switch: prev_comm=test_affinity prev_pid=2918 prev_prio=120 prev_state=R ==> next_comm=test_affinity next_pid=2917 next_prio=120
          <idle>-0     [003] d...   960.783308: sched_switch: prev_comm=swapper/3 prev_pid=0 prev_prio=120 prev_state=R ==> next_comm=compiz next_pid=1774 next_prio=120
          compiz-1774  [003] d...   960.783495: sched_switch: prev_comm=compiz prev_pid=1774 prev_prio=120 prev_state=S ==> next_comm=swapper/3 next_pid=0 next_prio=120
   test_affinity-2917  [000] d...   960.789907: sched_switch: prev_comm=test_affinity prev_pid=2917 prev_prio=120 prev_state=R ==> next_comm=test_affinity next_pid=2916 next_prio=120
   test_affinity-2916  [000] d...   960.797906: sched_switch: prev_comm=test_affinity prev_pid=2916 prev_prio=120 prev_state=R ==> next_comm=test_affinity next_pid=2915 next_prio=120
   test_affinity-2915  [000] d...   960.805896: sched_switch: prev_comm=test_affinity prev_pid=2915 prev_prio=120 prev_state=R ==> next_comm=test_affinity next_pid=2918 next_prio=120
          <idle>-0     [003] d...   960.806958: sched_switch: prev_comm=swapper/3 prev_pid=0 prev_prio=120 prev_state=R ==> next_comm=X11-NOTIFY next_pid=1293 next_prio=120
      X11-NOTIFY-1293  [003] d...   960.807010: sched_switch: prev_comm=X11-NOTIFY prev_pid=1293 prev_prio=120 prev_state=S ==> next_comm=swapper/3 next_pid=0 next_prio=120
   test_affinity-2918  [000] d...   960.810643: sched_switch: prev_comm=test_affinity prev_pid=2918 prev_prio=120 prev_state=R ==> next_comm=test_affinity next_pid=2917 next_prio=120
          <idle>-0     [003] d...   960.813469: sched_switch: prev_comm=swapper/3 prev_pid=0 prev_prio=120 prev_state=R ==> next_comm=automount next_pid=1033 next_prio=120
       automount-1033  [003] d...   960.813499: sched_switch: prev_comm=automount prev_pid=1033 prev_prio=120 prev_state=S ==> next_comm=swapper/3 next_pid=0 next_prio=120
   test_affinity-2917  [000] d...   960.817902: sched_switch: prev_comm=test_affinity prev_pid=2917 prev_prio=120 prev_state=R ==> next_comm=test_affinity next_pid=2916 next_prio=120
   test_affinity-2916  [000] d...   960.826855: sched_switch: prev_comm=test_affinity prev_pid=2916 prev_prio=120 prev_state=R ==> next_comm=test_affinity next_pid=2915 next_prio=120
          <idle>-0     [003] d...   960.832174: sched_switch: prev_comm=swapper/3 prev_pid=0 prev_prio=120 prev_state=R ==> next_comm=X11-NOTIFY next_pid=1293 next_prio=120
      X11-NOTIFY-1293  [003] d...   960.832220: sched_switch: prev_comm=X11-NOTIFY prev_pid=1293 prev_prio=120 prev_state=S ==> next_comm=swapper/3 next_pid=0 next_prio=120
   test_affinity-2915  [000] d...   960.833896: sched_switch: prev_comm=test_affinity prev_pid=2915 prev_prio=120 prev_state=R ==> next_comm=test_affinity next_pid=2918 next_prio=120
   test_affinity-2918  [000] d...   960.845945: sched_switch: prev_comm=test_affinity prev_pid=2918 prev_prio=120 prev_state=R ==> next_comm=test_affinity next_pid=2917 next_prio=120
   test_affinity-2917  [000] d...   960.853927: sched_switch: prev_comm=test_affinity prev_pid=2917 prev_prio=120 prev_state=R ==> next_comm=test_affinity next_pid=2915 next_prio=120
          <idle>-0     [003] d...   960.857362: sched_switch: prev_comm=swapper/3 prev_pid=0 prev_prio=120 prev_state=R ==> next_comm=X11-NOTIFY next_pid=1293 next_prio=120
      X11-NOTIFY-1293  [003] d...   960.857396: sched_switch: prev_comm=X11-NOTIFY prev_pid=1293 prev_prio=120 prev_state=S ==> next_comm=swapper/3 next_pid=0 next_prio=120
          <idle>-0     [003] d...   960.859837: sched_switch: prev_comm=swapper/3 prev_pid=0 prev_prio=120 prev_state=R ==> next_comm=gnome-terminal next_pid=2123 next_prio=120
  gnome-terminal-2123  [003] d...   960.860491: sched_switch: prev_comm=gnome-terminal prev_pid=2123 prev_prio=120 prev_state=S ==> next_comm=swapper/3 next_pid=0 next_prio=120
          <idle>-0     [002] d...   960.860561: sched_switch: prev_comm=swapper/2 prev_pid=0 prev_prio=120 prev_state=R ==> next_comm=Xorg next_pid=936 next_prio=120
          <idle>-0     [003] d...   960.861126: sched_switch: prev_comm=swapper/3 prev_pid=0 prev_prio=120 prev_state=R ==> next_comm=compiz next_pid=1774 next_prio=120
          <idle>-0     [001] d...   960.861151: sched_switch: prev_comm=swapper/1 prev_pid=0 prev_prio=120 prev_state=R ==> next_comm=gnome-terminal next_pid=2123 next_prio=120
            Xorg-936   [002] d...   960.861173: sched_switch: prev_comm=Xorg prev_pid=936 prev_prio=120 prev_state=S ==> next_comm=swapper/2 next_pid=0 next_prio=120
  gnome-terminal-2123  [001] d...   960.861281: sched_switch: prev_comm=gnome-terminal prev_pid=2123 prev_prio=120 prev_state=S ==> next_comm=swapper/1 next_pid=0 next_prio=120
          compiz-1774  [003] d...   960.861469: sched_switch: prev_comm=compiz prev_pid=1774 prev_prio=120 prev_state=S ==> next_comm=swapper/3 next_pid=0 next_prio=120
   test_affinity-2915  [000] d...   960.861938: sched_switch: prev_comm=test_affinity prev_pid=2915 prev_prio=120 prev_state=R ==> next_comm=test_affinity next_pid=2916 next_prio=120
          <idle>-0     [003] d...   960.862596: sched_switch: prev_comm=swapper/3 prev_pid=0 prev_prio=120 prev_state=R ==> next_comm=compiz next_pid=1774 next_prio=120
          compiz-1774  [003] d...   960.862762: sched_switch: prev_comm=compiz prev_pid=1774 prev_prio=120 prev_state=S ==> next_comm=swapper/3 next_pid=0 next_prio=120
          <idle>-0     [002] d...   960.862844: sched_switch: prev_comm=swapper/2 prev_pid=0 prev_prio=120 prev_state=R ==> next_comm=Xorg next_pid=936 next_prio=120
            Xorg-936   [002] d...   960.863076: sched_switch: prev_comm=Xorg prev_pid=936 prev_prio=120 prev_state=S ==> next_comm=swapper/2 next_pid=0 next_prio=120
          <idle>-0     [003] d...   960.863127: sched_switch: prev_comm=swapper/3 prev_pid=0 prev_prio=120 prev_state=R ==> next_comm=compiz next_pid=1774 next_prio=120
          compiz-1774  [003] d...   960.863464: sched_switch: prev_comm=compiz prev_pid=1774 prev_prio=120 prev_state=S ==> next_comm=swapper/3 next_pid=0 next_prio=120
          <idle>-0     [002] d...   960.863495: sched_switch: prev_comm=swapper/2 prev_pid=0 prev_prio=120 prev_state=R ==> next_comm=Xorg next_pid=936 next_prio=120
            Xorg-936   [002] d...   960.863680: sched_switch: prev_comm=Xorg prev_pid=936 prev_prio=120 prev_state=S ==> next_comm=swapper/2 next_pid=0 next_prio=120
          <idle>-0     [003] d...   960.863726: sched_switch: prev_comm=swapper/3 prev_pid=0 prev_prio=120 prev_state=R ==> next_comm=compiz next_pid=1774 next_prio=120
          compiz-1774  [003] d...   960.864196: sched_switch: prev_comm=compiz prev_pid=1774 prev_prio=120 prev_state=S ==> next_comm=swapper/3 next_pid=0 next_prio=120
          <idle>-0     [002] d...   960.864229: sched_switch: prev_comm=swapper/2 prev_pid=0 prev_prio=120 prev_state=R ==> next_comm=Xorg next_pid=936 next_prio=120
          <idle>-0     [003] d...   960.864457: sched_switch: prev_comm=swapper/3 prev_pid=0 prev_prio=120 prev_state=R ==> next_comm=compiz next_pid=1774 next_prio=120
          compiz-1774  [003] d...   960.864578: sched_switch: prev_comm=compiz prev_pid=1774 prev_prio=120 prev_state=S ==> next_comm=swapper/3 next_pid=0 next_prio=120
          <idle>-0     [003] d...   960.864606: sched_switch: prev_comm=swapper/3 prev_pid=0 prev_prio=120 prev_state=R ==> next_comm=compiz next_pid=1774 next_prio=120
          compiz-1774  [003] d...   960.864669: sched_switch: prev_comm=compiz prev_pid=1774 prev_prio=120 prev_state=S ==> next_comm=swapper/3 next_pid=0 next_prio=120
          <idle>-0     [003] d...   960.864698: sched_switch: prev_comm=swapper/3 prev_pid=0 prev_prio=120 prev_state=R ==> next_comm=compiz next_pid=1774 next_prio=120
          compiz-1774  [003] d...   960.864761: sched_switch: prev_comm=compiz prev_pid=1774 prev_prio=120 prev_state=S ==> next_comm=swapper/3 next_pid=0 next_prio=120
          <idle>-0     [003] d...   960.864790: sched_switch: prev_comm=swapper/3 prev_pid=0 prev_prio=120 prev_state=R ==> next_comm=compiz next_pid=1774 next_prio=120
          compiz-1774  [003] d...   960.864848: sched_switch: prev_comm=compiz prev_pid=1774 prev_prio=120 prev_state=S ==> next_comm=swapper/3 next_pid=0 next_prio=120
          <idle>-0     [003] d...   960.864922: sched_switch: prev_comm=swapper/3 prev_pid=0 prev_prio=120 prev_state=R ==> next_comm=compiz next_pid=1774 next_prio=120
          compiz-1774  [003] d...   960.864998: sched_switch: prev_comm=compiz prev_pid=1774 prev_prio=120 prev_state=S ==> next_comm=swapper/3 next_pid=0 next_prio=120
          <idle>-0     [003] d...   960.865027: sched_switch: prev_comm=swapper/3 prev_pid=0 prev_prio=120 prev_state=R ==> next_comm=compiz next_pid=1774 next_prio=120
          compiz-1774  [003] d...   960.865085: sched_switch: prev_comm=compiz prev_pid=1774 prev_prio=120 prev_state=S ==> next_comm=swapper/3 next_pid=0 next_prio=120
          <idle>-0     [003] d...   960.865114: sched_switch: prev_comm=swapper/3 prev_pid=0 prev_prio=120 prev_state=R ==> next_comm=compiz next_pid=1774 next_prio=120
          compiz-1774  [003] d...   960.865171: sched_switch: prev_comm=compiz prev_pid=1774 prev_prio=120 prev_state=S ==> next_comm=swapper/3 next_pid=0 next_prio=120
          <idle>-0     [003] d...   960.865200: sched_switch: prev_comm=swapper/3 prev_pid=0 prev_prio=120 prev_state=R ==> next_comm=compiz next_pid=1774 next_prio=120
          compiz-1774  [003] d...   960.865258: sched_switch: prev_comm=compiz prev_pid=1774 prev_prio=120 prev_state=S ==> next_comm=swapper/3 next_pid=0 next_prio=120
          <idle>-0     [003] d...   960.865289: sched_switch: prev_comm=swapper/3 prev_pid=0 prev_prio=120 prev_state=R ==> next_comm=compiz next_pid=1774 next_prio=120
          compiz-1774  [003] d...   960.865370: sched_switch: prev_comm=compiz prev_pid=1774 prev_prio=120 prev_state=S ==> next_comm=swapper/3 next_pid=0 next_prio=120
          <idle>-0     [003] d...   960.865398: sched_switch: prev_comm=swapper/3 prev_pid=0 prev_prio=120 prev_state=R ==> next_comm=compiz next_pid=1774 next_prio=120
          compiz-1774  [003] d...   960.865455: sched_switch: prev_comm=compiz prev_pid=1774 prev_prio=120 prev_state=S ==> next_comm=swapper/3 next_pid=0 next_prio=120
          <idle>-0     [003] d...   960.865483: sched_switch: prev_comm=swapper/3 prev_pid=0 prev_prio=120 prev_state=R ==> next_comm=compiz next_pid=1774 next_prio=120
          compiz-1774  [003] d...   960.865540: sched_switch: prev_comm=compiz prev_pid=1774 prev_prio=120 prev_state=S ==> next_comm=swapper/3 next_pid=0 next_prio=120
          <idle>-0     [003] d...   960.865569: sched_switch: prev_comm=swapper/3 prev_pid=0 prev_prio=120 prev_state=R ==> next_comm=compiz next_pid=1774 next_prio=120
          compiz-1774  [003] d...   960.865628: sched_switch: prev_comm=compiz prev_pid=1774 prev_prio=120 prev_state=S ==> next_comm=swapper/3 next_pid=0 next_prio=120
          <idle>-0     [003] d...   960.865656: sched_switch: prev_comm=swapper/3 prev_pid=0 prev_prio=120 prev_state=R ==> next_comm=compiz next_pid=1774 next_prio=120
          compiz-1774  [003] d...   960.865714: sched_switch: prev_comm=compiz prev_pid=1774 prev_prio=120 prev_state=S ==> next_comm=swapper/3 next_pid=0 next_prio=120
          <idle>-0     [003] d...   960.865742: sched_switch: prev_comm=swapper/3 prev_pid=0 prev_prio=120 prev_state=R ==> next_comm=compiz next_pid=1774 next_prio=120
          compiz-1774  [003] d...   960.865798: sched_switch: prev_comm=compiz prev_pid=1774 prev_prio=120 prev_state=S ==> next_comm=swapper/3 next_pid=0 next_prio=120
          <idle>-0     [003] d...   960.865875: sched_switch: prev_comm=swapper/3 prev_pid=0 prev_prio=120 prev_state=R ==> next_comm=compiz next_pid=1774 next_prio=120
          compiz-1774  [003] d...   960.866027: sched_switch: prev_comm=compiz prev_pid=1774 prev_prio=120 prev_state=S ==> next_comm=swapper/3 next_pid=0 next_prio=120
            Xorg-936   [002] d...   960.866029: sched_switch: prev_comm=Xorg prev_pid=936 prev_prio=120 prev_state=R ==> next_comm=kworker/2:0 next_pid=27 next_prio=120
     kworker/2:0-27    [002] d...   960.866054: sched_switch: prev_comm=kworker/2:0 prev_pid=27 prev_prio=120 prev_state=S ==> next_comm=Xorg next_pid=936 next_prio=120
          <idle>-0     [003] d...   960.866217: sched_switch: prev_comm=swapper/3 prev_pid=0 prev_prio=120 prev_state=R ==> next_comm=compiz next_pid=1774 next_prio=120
          compiz-1774  [003] d...   960.866292: sched_switch: prev_comm=compiz prev_pid=1774 prev_prio=120 prev_state=S ==> next_comm=swapper/3 next_pid=0 next_prio=120
          <idle>-0     [003] d...   960.866314: sched_switch: prev_comm=swapper/3 prev_pid=0 prev_prio=120 prev_state=R ==> next_comm=compiz next_pid=1774 next_prio=120
          compiz-1774  [003] d...   960.866356: sched_switch: prev_comm=compiz prev_pid=1774 prev_prio=120 prev_state=S ==> next_comm=swapper/3 next_pid=0 next_prio=120
          <idle>-0     [003] d...   960.866377: sched_switch: prev_comm=swapper/3 prev_pid=0 prev_prio=120 prev_state=R ==> next_comm=compiz next_pid=1774 next_prio=120
          compiz-1774  [003] d...   960.866419: sched_switch: prev_comm=compiz prev_pid=1774 prev_prio=120 prev_state=S ==> next_comm=swapper/3 next_pid=0 next_prio=120
          <idle>-0     [003] d...   960.866439: sched_switch: prev_comm=swapper/3 prev_pid=0 prev_prio=120 prev_state=R ==> next_comm=compiz next_pid=1774 next_prio=120
