          compiz-1774  [002] d...   734.308263: sched_switch: prev_comm=compiz prev_pid=1774 prev_prio=120 prev_state=S ==> next_comm=swapper/2 next_pid=0 next_prio=120
          <idle>-0     [002] d...   734.308487: sched_switch: prev_comm=swapper/2 prev_pid=0 prev_prio=120 prev_state=R ==> next_comm=compiz next_pid=1774 next_prio=120
            Xorg-936   [003] d...   734.308506: sched_switch: prev_comm=Xorg prev_pid=936 prev_prio=120 prev_state=S ==> next_comm=swapper/3 next_pid=0 next_prio=120
          <idle>-0     [003] d...   734.308582: sched_switch: prev_comm=swapper/3 prev_pid=0 prev_prio=120 prev_state=R ==> next_comm=Xorg next_pid=936 next_prio=120
          compiz-1774  [002] d...   734.308595: sched_switch: prev_comm=compiz prev_pid=1774 prev_prio=120 prev_state=S ==> next_comm=swapper/2 next_pid=0 next_prio=120
          <idle>-0     [002] d...   734.308919: sched_switch: prev_comm=swapper/2 prev_pid=0 prev_prio=120 prev_state=R ==> next_comm=compiz next_pid=1774 next_prio=120
            Xorg-936   [003] d...   734.308921: sched_switch: prev_comm=Xorg prev_pid=936 prev_prio=120 prev_state=S ==> next_comm=swapper/3 next_pid=0 next_prio=120
          compiz-1774  [002] d...   734.308970: sched_switch: prev_comm=compiz prev_pid=1774 prev_prio=120 prev_state=S ==> next_comm=swapper/2 next_pid=0 next_prio=120
          <idle>-0     [003] d...   734.308999: sched_switch: prev_comm=swapper/3 prev_pid=0 prev_prio=120 prev_state=R ==> next_comm=Xorg next_pid=936 next_prio=120
          <idle>-0     [002] d...   734.309194: sched_switch: prev_comm=swapper/2 prev_pid=0 prev_prio=120 prev_state=R ==> next_comm=compiz next_pid=1774 next_prio=120
          compiz-1774  [002] d...   734.309342: sched_switch: prev_comm=compiz prev_pid=1774 prev_prio=120 prev_state=S ==> next_comm=swapper/2 next_pid=0 next_prio=120
          <idle>-0     [002] d...   734.309509: sched_switch: prev_comm=swapper/2 prev_pid=0 prev_prio=120 prev_state=R ==> next_comm=compiz next_pid=1774 next_prio=120
            Xorg-936   [003] d...   734.309541: sched_switch: prev_comm=Xorg prev_pid=936 prev_prio=120 prev_state=S ==> next_comm=swapper/3 next_pid=0 next_prio=120
          <idle>-0     [003] d...   734.309571: sched_switch: prev_comm=swapper/3 prev_pid=0 prev_prio=120 prev_state=R ==> next_comm=Xorg next_pid=936 next_prio=120
          compiz-1774  [002] d...   734.309625: sched_switch: prev_comm=compiz prev_pid=1774 prev_prio=120 prev_state=S ==> next_comm=swapper/2 next_pid=0 next_prio=120
          <idle>-0     [002] d...   734.309851: sched_switch: prev_comm=swapper/2 prev_pid=0 prev_prio=120 prev_state=R ==> next_comm=compiz next_pid=1774 next_prio=120
            Xorg-936   [003] d...   734.309882: sched_switch: prev_comm=Xorg prev_pid=936 prev_prio=120 prev_state=S ==> next_comm=swapper/3 next_pid=0 next_prio=120
          <idle>-0     [003] d...   734.309912: sched_switch: prev_comm=swapper/3 prev_pid=0 prev_prio=120 prev_state=R ==> next_comm=Xorg next_pid=936 next_prio=120
          compiz-1774  [002] d...   734.309921: sched_switch: prev_comm=compiz prev_pid=1774 prev_prio=120 prev_state=S ==> next_comm=swapper/2 next_pid=0 next_prio=120
          <idle>-0     [002] d...   734.310172: sched_switch: prev_comm=swapper/2 prev_pid=0 prev_prio=120 prev_state=R ==> next_comm=compiz next_pid=1774 next_prio=120
          compiz-1774  [002] d...   734.310234: sched_switch: prev_comm=compiz prev_pid=1774 prev_prio=120 prev_state=S ==> next_comm=swapper/2 next_pid=0 next_prio=120
            Xorg-936   [003] d...   734.310444: sched_switch: prev_comm=Xorg prev_pid=936 prev_prio=120 prev_state=S ==> next_comm=swapper/3 next_pid=0 next_prio=120
          <idle>-0     [002] d...   734.310452: sched_switch: prev_comm=swapper/2 prev_pid=0 prev_prio=120 prev_state=R ==> next_comm=compiz next_pid=1774 next_prio=120
          compiz-1774  [002] d...   734.310563: sched_switch: prev_comm=compiz prev_pid=1774 prev_prio=120 prev_state=S ==> next_comm=swapper/2 next_pid=0 next_prio=120
          <idle>-0     [003] d...   734.310608: sched_switch: prev_comm=swapper/3 prev_pid=0 prev_prio=120 prev_state=R ==> next_comm=Xorg next_pid=936 next_prio=120
            Xorg-936   [003] d...   734.310875: sched_switch: prev_comm=Xorg prev_pid=936 prev_prio=120 prev_state=S ==> next_comm=swapper/3 next_pid=0 next_prio=120
          <idle>-0     [002] d...   734.310902: sched_switch: prev_comm=swapper/2 prev_pid=0 prev_prio=120 prev_state=R ==> next_comm=compiz next_pid=1774 next_prio=120
          compiz-1774  [002] d...   734.310984: sched_switch: prev_comm=compiz prev_pid=1774 prev_prio=120 prev_state=S ==> next_comm=swapper/2 next_pid=0 next_prio=120
          <idle>-0     [003] d...   734.311052: sched_switch: prev_comm=swapper/3 prev_pid=0 prev_prio=120 prev_state=R ==> next_comm=Xorg next_pid=936 next_prio=120
          <idle>-0     [002] d...   734.311202: sched_switch: prev_comm=swapper/2 prev_pid=0 prev_prio=120 prev_state=R ==> next_comm=compiz next_pid=1774 next_prio=120
          compiz-1774  [002] d...   734.311308: sched_switch: prev_comm=compiz prev_pid=1774 prev_prio=120 prev_state=S ==> next_comm=swapper/2 next_pid=0 next_prio=120
          <idle>-0     [002] d...   734.311415: sched_switch: prev_comm=swapper/2 prev_pid=0 prev_prio=120 prev_state=R ==> next_comm=compiz next_pid=1774 next_prio=120
            Xorg-936   [003] d...   734.311621: sched_switch: prev_comm=Xorg prev_pid=936 prev_prio=120 prev_state=S ==> next_comm=swapper/3 next_pid=0 next_prio=120
          compiz-1774  [002] d...   734.311622: sched_switch: prev_comm=compiz prev_pid=1774 prev_prio=120 prev_state=S ==> next_comm=swapper/2 next_pid=0 next_prio=120
   test_affinity-2784  [000] d...   734.311894: sched_switch: prev_comm=test_affinity prev_pid=2784 prev_prio=120 prev_state=R ==> next_comm=test_affinity next_pid=2782 next_prio=120
   test_affinity-2782  [000] d...   734.316662: sched_switch: prev_comm=test_affinity prev_pid=2782 prev_prio=120 prev_state=R ==> next_comm=test_affinity next_pid=2783 next_prio=120
   test_affinity-2783  [000] d...   734.324527: sched_switch: prev_comm=test_affinity prev_pid=2783 prev_prio=120 prev_state=R ==> next_comm=test_affinity next_pid=2781 next_prio=120
          <idle>-0     [001] d...   734.324621: sched_switch: prev_comm=swapper/1 prev_pid=0 prev_prio=120 prev_state=R ==> next_comm=X11-NOTIFY next_pid=1293 next_prio=120
      X11-NOTIFY-1293  [001] d...   734.324668: sched_switch: prev_comm=X11-NOTIFY prev_pid=1293 prev_prio=120 prev_state=S ==> next_comm=swapper/1 next_pid=0 next_prio=120
   test_affinity-2781  [000] d...   734.331932: sched_switch: prev_comm=test_affinity prev_pid=2781 prev_prio=120 prev_state=R ==> next_comm=test_affinity next_pid=2784 next_prio=120
   test_affinity-2784  [000] d...   734.339868: sched_switch: prev_comm=test_affinity prev_pid=2784 prev_prio=120 prev_state=R ==> next_comm=test_affinity next_pid=2782 next_prio=120
   test_affinity-2782  [000] d...   734.344751: sched_switch: prev_comm=test_affinity prev_pid=2782 prev_prio=120 prev_state=R ==> next_comm=test_affinity next_pid=2783 next_prio=120
          <idle>-0     [001] d...   734.349854: sched_switch: prev_comm=swapper/1 prev_pid=0 prev_prio=120 prev_state=R ==> next_comm=X11-NOTIFY next_pid=1293 next_prio=120
      X11-NOTIFY-1293  [001] d...   734.349907: sched_switch: prev_comm=X11-NOTIFY prev_pid=1293 prev_prio=120 prev_state=S ==> next_comm=swapper/1 next_pid=0 next_prio=120
   test_affinity-2783  [000] d...   734.352717: sched_switch: prev_comm=test_affinity prev_pid=2783 prev_prio=120 prev_state=R ==> next_comm=test_affinity next_pid=2782 next_prio=120
          <idle>-0     [001] d...   734.356702: sched_switch: prev_comm=swapper/1 prev_pid=0 prev_prio=120 prev_state=R ==> next_comm=cat next_pid=2791 next_prio=120
          <idle>-0     [003] d...   734.357216: sched_switch: prev_comm=swapper/3 prev_pid=0 prev_prio=120 prev_state=R ==> next_comm=head next_pid=2790 next_prio=120
            head-2790  [003] d...   734.357299: sched_switch: prev_comm=head prev_pid=2790 prev_prio=120 prev_state=S ==> next_comm=swapper/3 next_pid=0 next_prio=120
          <idle>-0     [003] d...   734.357565: sched_switch: prev_comm=swapper/3 prev_pid=0 prev_prio=120 prev_state=R ==> next_comm=head next_pid=2790 next_prio=120
            head-2790  [003] d...   734.357627: sched_switch: prev_comm=head prev_pid=2790 prev_prio=120 prev_state=S ==> next_comm=swapper/3 next_pid=0 next_prio=120
          <idle>-0     [003] d...   734.357676: sched_switch: prev_comm=swapper/3 prev_pid=0 prev_prio=120 prev_state=R ==> next_comm=head next_pid=2790 next_prio=120
            head-2790  [003] d...   734.357716: sched_switch: prev_comm=head prev_pid=2790 prev_prio=120 prev_state=S ==> next_comm=swapper/3 next_pid=0 next_prio=120
          <idle>-0     [003] d...   734.357736: sched_switch: prev_comm=swapper/3 prev_pid=0 prev_prio=120 prev_state=R ==> next_comm=head next_pid=2790 next_prio=120
            head-2790  [003] d...   734.357769: sched_switch: prev_comm=head prev_pid=2790 prev_prio=120 prev_state=S ==> next_comm=swapper/3 next_pid=0 next_prio=120
          <idle>-0     [003] d...   734.357868: sched_switch: prev_comm=swapper/3 prev_pid=0 prev_prio=120 prev_state=R ==> next_comm=head next_pid=2790 next_prio=120
            head-2790  [003] d...   734.357928: sched_switch: prev_comm=head prev_pid=2790 prev_prio=120 prev_state=S ==> next_comm=swapper/3 next_pid=0 next_prio=120
          <idle>-0     [003] d...   734.357977: sched_switch: prev_comm=swapper/3 prev_pid=0 prev_prio=120 prev_state=R ==> next_comm=head next_pid=2790 next_prio=120
            head-2790  [003] d...   734.358015: sched_switch: prev_comm=head prev_pid=2790 prev_prio=120 prev_state=S ==> next_comm=swapper/3 next_pid=0 next_prio=120
          <idle>-0     [003] d...   734.358036: sched_switch: prev_comm=swapper/3 prev_pid=0 prev_prio=120 prev_state=R ==> next_comm=head next_pid=2790 next_prio=120
             cat-2791  [001] d...   734.358047: sched_switch: prev_comm=cat prev_pid=2791 prev_prio=120 prev_state=S ==> next_comm=swapper/1 next_pid=0 next_prio=120
            head-2790  [003] d...   734.358073: sched_switch: prev_comm=head prev_pid=2790 prev_prio=120 prev_state=S ==> next_comm=swapper/3 next_pid=0 next_prio=120
   test_affinity-2782  [000] d...   734.359926: sched_switch: prev_comm=test_affinity prev_pid=2782 prev_prio=120 prev_state=R ==> next_comm=test_affinity next_pid=2781 next_prio=120
   test_affinity-2781  [000] d...   734.364649: sched_switch: prev_comm=test_affinity prev_pid=2781 prev_prio=120 prev_state=R ==> next_comm=test_affinity next_pid=2784 next_prio=120
   test_affinity-2784  [000] d...   734.372773: sched_switch: prev_comm=test_affinity prev_pid=2784 prev_prio=120 prev_state=R ==> next_comm=test_affinity next_pid=2781 next_prio=120
          <idle>-0     [001] d...   734.375119: sched_switch: prev_comm=swapper/1 prev_pid=0 prev_prio=120 prev_state=R ==> next_comm=X11-NOTIFY next_pid=1293 next_prio=120
      X11-NOTIFY-1293  [001] d...   734.375171: sched_switch: prev_comm=X11-NOTIFY prev_pid=1293 prev_prio=120 prev_state=S ==> next_comm=swapper/1 next_pid=0 next_prio=120
   test_affinity-2781  [000] d...   734.379912: sched_switch: prev_comm=test_affinity prev_pid=2781 prev_prio=120 prev_state=R ==> next_comm=test_affinity next_pid=2782 next_prio=120
   test_affinity-2782  [000] d...   734.387927: sched_switch: prev_comm=test_affinity prev_pid=2782 prev_prio=120 prev_state=R ==> next_comm=test_affinity next_pid=2783 next_prio=120
   test_affinity-2783  [000] d...   734.392717: sched_switch: prev_comm=test_affinity prev_pid=2783 prev_prio=120 prev_state=R ==> next_comm=test_affinity next_pid=2784 next_prio=120
   test_affinity-2784  [000] d...   734.399919: sched_switch: prev_comm=test_affinity prev_pid=2784 prev_prio=120 prev_state=R ==> next_comm=test_affinity next_pid=2781 next_prio=120
          <idle>-0     [001] d...   734.400364: sched_switch: prev_comm=swapper/1 prev_pid=0 prev_prio=120 prev_state=R ==> next_comm=X11-NOTIFY next_pid=1293 next_prio=120
      X11-NOTIFY-1293  [001] d...   734.400411: sched_switch: prev_comm=X11-NOTIFY prev_pid=1293 prev_prio=120 prev_state=S ==> next_comm=swapper/1 next_pid=0 next_prio=120
   test_affinity-2781  [000] d...   734.409068: sched_switch: prev_comm=test_affinity prev_pid=2781 prev_prio=120 prev_state=R ==> next_comm=test_affinity next_pid=2783 next_prio=120
   test_affinity-2783  [000] d...   734.415929: sched_switch: prev_comm=test_affinity prev_pid=2783 prev_prio=120 prev_state=R ==> next_comm=test_affinity next_pid=2782 next_prio=120
   test_affinity-2782  [000] d...   734.424841: sched_switch: prev_comm=test_affinity prev_pid=2782 prev_prio=120 prev_state=R ==> next_comm=test_affinity next_pid=2784 next_prio=120
          <idle>-0     [001] d...   734.425595: sched_switch: prev_comm=swapper/1 prev_pid=0 prev_prio=120 prev_state=R ==> next_comm=X11-NOTIFY next_pid=1293 next_prio=120
      X11-NOTIFY-1293  [001] d...   734.425626: sched_switch: prev_comm=X11-NOTIFY prev_pid=1293 prev_prio=120 prev_state=S ==> next_comm=swapper/1 next_pid=0 next_prio=120
   test_affinity-2784  [000] d...   734.432667: sched_switch: prev_comm=test_affinity prev_pid=2784 prev_prio=120 prev_state=R ==> next_comm=test_affinity next_pid=2783 next_prio=120
          <idle>-0     [002] d...   734.438154: sched_switch: prev_comm=swapper/2 prev_pid=0 prev_prio=120 prev_state=R ==> next_comm=gnome-terminal next_pid=2123 next_prio=120
  gnome-terminal-2123  [002] d...   734.438839: sched_switch: prev_comm=gnome-terminal prev_pid=2123 prev_prio=120 prev_state=S ==> next_comm=swapper/2 next_pid=0 next_prio=120
          <idle>-0     [003] d...   734.438897: sched_switch: prev_comm=swapper/3 prev_pid=0 prev_prio=120 prev_state=R ==> next_comm=Xorg next_pid=936 next_prio=120
          <idle>-0     [002] d...   734.439455: sched_switch: prev_comm=swapper/2 prev_pid=0 prev_prio=120 prev_state=R ==> next_comm=compiz next_pid=1774 next_prio=120
          <idle>-0     [001] d...   734.439527: sched_switch: prev_comm=swapper/1 prev_pid=0 prev_prio=120 prev_state=R ==> next_comm=gnome-terminal next_pid=2123 next_prio=120
            Xorg-936   [003] d...   734.439529: sched_switch: prev_comm=Xorg prev_pid=936 prev_prio=120 prev_state=S ==> next_comm=swapper/3 next_pid=0 next_prio=120
  gnome-terminal-2123  [001] d...   734.439633: sched_switch: prev_comm=gnome-terminal prev_pid=2123 prev_prio=120 prev_state=S ==> next_comm=swapper/1 next_pid=0 next_prio=120
          compiz-1774  [002] d...   734.439746: sched_switch: prev_comm=compiz prev_pid=1774 prev_prio=120 prev_state=S ==> next_comm=swapper/2 next_pid=0 next_prio=120
   test_affinity-2783  [000] d...   734.439944: sched_switch: prev_comm=test_affinity prev_pid=2783 prev_prio=120 prev_state=R ==> next_comm=test_affinity next_pid=2781 next_prio=120
          <idle>-0     [002] d...   734.440891: sched_switch: prev_comm=swapper/2 prev_pid=0 prev_prio=120 prev_state=R ==> next_comm=compiz next_pid=1774 next_prio=120
          compiz-1774  [002] d...   734.441058: sched_switch: prev_comm=compiz prev_pid=1774 prev_prio=120 prev_state=S ==> next_comm=swapper/2 next_pid=0 next_prio=120
          <idle>-0     [003] d...   734.441114: sched_switch: prev_comm=swapper/3 prev_pid=0 prev_prio=120 prev_state=R ==> next_comm=Xorg next_pid=936 next_prio=120
            Xorg-936   [003] d...   734.441373: sched_switch: prev_comm=Xorg prev_pid=936 prev_prio=120 prev_state=S ==> next_comm=swapper/3 next_pid=0 next_prio=120
          <idle>-0     [002] d...   734.441383: sched_switch: prev_comm=swapper/2 prev_pid=0 prev_prio=120 prev_state=R ==> next_comm=compiz next_pid=1774 next_prio=120
          compiz-1774  [002] d...   734.441738: sched_switch: prev_comm=compiz prev_pid=1774 prev_prio=120 prev_state=S ==> next_comm=swapper/2 next_pid=0 next_prio=120
          <idle>-0     [003] d...   734.441794: sched_switch: prev_comm=swapper/3 prev_pid=0 prev_prio=120 prev_state=R ==> next_comm=Xorg next_pid=936 next_prio=120
          <idle>-0     [002] d...   734.441966: sched_switch: prev_comm=swapper/2 prev_pid=0 prev_prio=120 prev_state=R ==> next_comm=compiz next_pid=1774 next_prio=120
            Xorg-936   [003] d...   734.441990: sched_switch: prev_comm=Xorg prev_pid=936 prev_prio=120 prev_state=S ==> next_comm=swapper/3 next_pid=0 next_prio=120
          compiz-1774  [002] d...   734.442032: sched_switch: prev_comm=compiz prev_pid=1774 prev_prio=120 prev_state=S ==> next_comm=swapper/2 next_pid=0 next_prio=120
          <idle>-0     [003] d...   734.442047: sched_switch: prev_comm=swapper/3 prev_pid=0 prev_prio=120 prev_state=R ==> next_comm=Xorg next_pid=936 next_prio=120
          <idle>-0     [002] d...   734.442220: sched_switch: prev_comm=swapper/2 prev_pid=0 prev_prio=120 prev_state=R ==> next_comm=compiz next_pid=1774 next_prio=120
          compiz-1774  [002] d...   734.442303: sched_switch: prev_comm=compiz prev_pid=1774 prev_prio=120 prev_state=S ==> next_comm=swapper/2 next_pid=0 next_prio=120
          <idle>-0     [002] d...   734.442324: sched_switch: prev_comm=swapper/2 prev_pid=0 prev_prio=120 prev_state=R ==> next_comm=compiz next_pid=1774 next_prio=120
          compiz-1774  [002] d...   734.442367: sched_switch: prev_comm=compiz prev_pid=1774 prev_prio=120 prev_state=S ==> next_comm=swapper/2 next_pid=0 next_prio=120
          <idle>-0     [002] d...   734.442387: sched_switch: prev_comm=swapper/2 prev_pid=0 prev_prio=120 prev_state=R ==> next_comm=compiz next_pid=1774 next_prio=120
          compiz-1774  [002] d...   734.442430: sched_switch: prev_comm=compiz prev_pid=1774 prev_prio=120 prev_state=S ==> next_comm=swapper/2 next_pid=0 next_prio=120
          <idle>-0     [002] d...   734.442450: sched_switch: prev_comm=swapper/2 prev_pid=0 prev_prio=120 prev_state=R ==> next_comm=compiz next_pid=1774 next_prio=120
          compiz-1774  [002] d...   734.442491: sched_switch: prev_comm=compiz prev_pid=1774 prev_prio=120 prev_state=S ==> next_comm=swapper/2 next_pid=0 next_prio=120
          <idle>-0     [002] d...   734.442510: sched_switch: prev_comm=swapper/2 prev_pid=0 prev_prio=120 prev_state=R ==> next_comm=compiz next_pid=1774 next_prio=120
          compiz-1774  [002] d...   734.442550: sched_switch: prev_comm=compiz prev_pid=1774 prev_prio=120 prev_state=S ==> next_comm=swapper/2 next_pid=0 next_prio=120
          <idle>-0     [002] d...   734.442570: sched_switch: prev_comm=swapper/2 prev_pid=0 prev_prio=120 prev_state=R ==> next_comm=compiz next_pid=1774 next_prio=120
          compiz-1774  [002] d...   734.442610: sched_switch: prev_comm=compiz prev_pid=1774 prev_prio=120 prev_state=S ==> next_comm=swapper/2 next_pid=0 next_prio=120
          <idle>-0     [002] d...   734.442630: sched_switch: prev_comm=swapper/2 prev_pid=0 prev_prio=120 prev_state=R ==> next_comm=compiz next_pid=1774 next_prio=120
          compiz-1774  [002] d...   734.442670: sched_switch: prev_comm=compiz prev_pid=1774 prev_prio=120 prev_state=S ==> next_comm=swapper/2 next_pid=0 next_prio=120
          <idle>-0     [002] d...   734.442690: sched_switch: prev_comm=swapper/2 prev_pid=0 prev_prio=120 prev_state=R ==> next_comm=compiz next_pid=1774 next_prio=120
          compiz-1774  [002] d...   734.442730: sched_switch: prev_comm=compiz prev_pid=1774 prev_prio=120 prev_state=S ==> next_comm=swapper/2 next_pid=0 next_prio=120
          <idle>-0     [002] d...   734.442751: sched_switch: prev_comm=swapper/2 prev_pid=0 prev_prio=120 prev_state=R ==> next_comm=compiz next_pid=1774 next_prio=120
          compiz-1774  [002] d...   734.442791: sched_switch: prev_comm=compiz prev_pid=1774 prev_prio=120 prev_state=S ==> next_comm=swapper/2 next_pid=0 next_prio=120
          <idle>-0     [002] d...   734.442811: sched_switch: prev_comm=swapper/2 prev_pid=0 prev_prio=120 prev_state=R ==> next_comm=compiz next_pid=1774 next_prio=120
          compiz-1774  [002] d...   734.442851: sched_switch: prev_comm=compiz prev_pid=1774 prev_prio=120 prev_state=S ==> next_comm=swapper/2 next_pid=0 next_prio=120
          <idle>-0     [002] d...   734.442871: sched_switch: prev_comm=swapper/2 prev_pid=0 prev_prio=120 prev_state=R ==> next_comm=compiz next_pid=1774 next_prio=120
          compiz-1774  [002] d...   734.442911: sched_switch: prev_comm=compiz prev_pid=1774 prev_prio=120 prev_state=S ==> next_comm=swapper/2 next_pid=0 next_prio=120
          <idle>-0     [002] d...   734.442975: sched_switch: prev_comm=swapper/2 prev_pid=0 prev_prio=120 prev_state=R ==> next_comm=compiz next_pid=1774 next_prio=120
          compiz-1774  [002] d...   734.443061: sched_switch: prev_comm=compiz prev_pid=1774 prev_prio=120 prev_state=S ==> next_comm=swapper/2 next_pid=0 next_prio=120
          <idle>-0     [002] d...   734.443084: sched_switch: prev_comm=swapper/2 prev_pid=0 prev_prio=120 prev_state=R ==> next_comm=compiz next_pid=1774 next_prio=120
          compiz-1774  [002] d...   734.443123: sched_switch: prev_comm=compiz prev_pid=1774 prev_prio=120 prev_state=S ==> next_comm=swapper/2 next_pid=0 next_prio=120
          <idle>-0     [002] d...   734.443143: sched_switch: prev_comm=swapper/2 prev_pid=0 prev_prio=120 prev_state=R ==> next_comm=compiz next_pid=1774 next_prio=120
          compiz-1774  [002] d...   734.443182: sched_switch: prev_comm=compiz prev_pid=1774 prev_prio=120 prev_state=S ==> next_comm=swapper/2 next_pid=0 next_prio=120
          <idle>-0     [002] d...   734.443206: sched_switch: prev_comm=swapper/2 prev_pid=0 prev_prio=120 prev_state=R ==> next_comm=compiz next_pid=1774 next_prio=120
          compiz-1774  [002] d...   734.443246: sched_switch: prev_comm=compiz prev_pid=1774 prev_prio=120 prev_state=S ==> next_comm=swapper/2 next_pid=0 next_prio=120
          <idle>-0     [002] d...   734.443266: sched_switch: prev_comm=swapper/2 prev_pid=0 prev_prio=120 prev_state=R ==> next_comm=compiz next_pid=1774 next_prio=120
          compiz-1774  [002] d...   734.443306: sched_switch: prev_comm=compiz prev_pid=1774 prev_prio=120 prev_state=S ==> next_comm=swapper/2 next_pid=0 next_prio=120
          <idle>-0     [002] d...   734.443325: sched_switch: prev_comm=swapper/2 prev_pid=0 prev_prio=120 prev_state=R ==> next_comm=compiz next_pid=1774 next_prio=120
          compiz-1774  [002] d...   734.443364: sched_switch: prev_comm=compiz prev_pid=1774 prev_prio=120 prev_state=S ==> next_comm=swapper/2 next_pid=0 next_prio=120
          <idle>-0     [002] d...   734.443384: sched_switch: prev_comm=swapper/2 prev_pid=0 prev_prio=120 prev_state=R ==> next_comm=compiz next_pid=1774 next_prio=120
          compiz-1774  [002] d...   734.443424: sched_switch: prev_comm=compiz prev_pid=1774 prev_prio=120 prev_state=S ==> next_comm=swapper/2 next_pid=0 next_prio=120
          <idle>-0     [002] d...   734.443444: sched_switch: prev_comm=swapper/2 prev_pid=0 prev_prio=120 prev_state=R ==> next_comm=compiz next_pid=1774 next_prio=120
          compiz-1774  [002] d...   734.443483: sched_switch: prev_comm=compiz prev_pid=1774 prev_prio=120 prev_state=S ==> next_comm=swapper/2 next_pid=0 next_prio=120
          <idle>-0     [002] d...   734.443503: sched_switch: prev_comm=swapper/2 prev_pid=0 prev_prio=120 prev_state=R ==> next_comm=compiz next_pid=1774 next_prio=120
          compiz-1774  [002] d...   734.443544: sched_switch: prev_comm=compiz prev_pid=1774 prev_prio=120 prev_state=S ==> next_comm=swapper/2 next_pid=0 next_prio=120
          <idle>-0     [002] d...   734.443564: sched_switch: prev_comm=swapper/2 prev_pid=0 prev_prio=120 prev_state=R ==> next_comm=compiz next_pid=1774 next_prio=120
          compiz-1774  [002] d...   734.443603: sched_switch: prev_comm=compiz prev_pid=1774 prev_prio=120 prev_state=S ==> next_comm=swapper/2 next_pid=0 next_prio=120
          <idle>-0     [002] d...   734.443622: sched_switch: prev_comm=swapper/2 prev_pid=0 prev_prio=120 prev_state=R ==> next_comm=compiz next_pid=1774 next_prio=120
          compiz-1774  [002] d...   734.443663: sched_switch: prev_comm=compiz prev_pid=1774 prev_prio=120 prev_state=S ==> next_comm=swapper/2 next_pid=0 next_prio=120
          <idle>-0     [002] d...   734.443683: sched_switch: prev_comm=swapper/2 prev_pid=0 prev_prio=120 prev_state=R ==> next_comm=compiz next_pid=1774 next_prio=120
          compiz-1774  [002] d...   734.443722: sched_switch: prev_comm=compiz prev_pid=1774 prev_prio=120 prev_state=S ==> next_comm=swapper/2 next_pid=0 next_prio=120
          <idle>-0     [002] d...   734.443742: sched_switch: prev_comm=swapper/2 prev_pid=0 prev_prio=120 prev_state=R ==> next_comm=compiz next_pid=1774 next_prio=120
          compiz-1774  [002] d...   734.443781: sched_switch: prev_comm=compiz prev_pid=1774 prev_prio=120 prev_state=S ==> next_comm=swapper/2 next_pid=0 next_prio=120
          <idle>-0     [002] d...   734.443801: sched_switch: prev_comm=swapper/2 prev_pid=0 prev_prio=120 prev_state=R ==> next_comm=compiz next_pid=1774 next_prio=120
          compiz-1774  [002] d...   734.443840: sched_switch: prev_comm=compiz prev_pid=1774 prev_prio=120 prev_state=S ==> next_comm=swapper/2 next_pid=0 next_prio=120
          <idle>-0     [002] d...   734.443859: sched_switch: prev_comm=swapper/2 prev_pid=0 prev_prio=120 prev_state=R ==> next_comm=compiz next_pid=1774 next_prio=120
          compiz-1774  [002] d...   734.443899: sched_switch: prev_comm=compiz prev_pid=1774 prev_prio=120 prev_state=S ==> next_comm=swapper/2 next_pid=0 next_prio=120
          <idle>-0     [002] d...   734.444013: sched_switch: prev_comm=swapper/2 prev_pid=0 prev_prio=120 prev_state=R ==> next_comm=compiz next_pid=1774 next_prio=120
          compiz-1774  [002] d...   734.444063: sched_switch: prev_comm=compiz prev_pid=1774 prev_prio=120 prev_state=S ==> next_comm=swapper/2 next_pid=0 next_prio=120
          <idle>-0     [002] d...   734.444086: sched_switch: prev_comm=swapper/2 prev_pid=0 prev_prio=120 prev_state=R ==> next_comm=compiz next_pid=1774 next_prio=120
          compiz-1774  [002] d...   734.444126: sched_switch: prev_comm=compiz prev_pid=1774 prev_prio=120 prev_state=S ==> next_comm=swapper/2 next_pid=0 next_prio=120
          <idle>-0     [002] d...   734.444145: sched_switch: prev_comm=swapper/2 prev_pid=0 prev_prio=120 prev_state=R ==> next_comm=compiz next_pid=1774 next_prio=120
          compiz-1774  [002] d...   734.444178: sched_switch: prev_comm=compiz prev_pid=1774 prev_prio=120 prev_state=S ==> next_comm=swapper/2 next_pid=0 next_prio=120
          <idle>-0     [002] d...   734.444197: sched_switch: prev_comm=swapper/2 prev_pid=0 prev_prio=120 prev_state=R ==> next_comm=compiz next_pid=1774 next_prio=120
          compiz-1774  [002] d...   734.444237: sched_switch: prev_comm=compiz prev_pid=1774 prev_prio=120 prev_state=S ==> next_comm=swapper/2 next_pid=0 next_prio=120
          <idle>-0     [002] d...   734.444257: sched_switch: prev_comm=swapper/2 prev_pid=0 prev_prio=120 prev_state=R ==> next_comm=compiz next_pid=1774 next_prio=120
          compiz-1774  [002] d...   734.444296: sched_switch: prev_comm=compiz prev_pid=1774 prev_prio=120 prev_state=S ==> next_comm=swapper/2 next_pid=0 next_prio=120
          <idle>-0     [002] d...   734.444316: sched_switch: prev_comm=swapper/2 prev_pid=0 prev_prio=120 prev_state=R ==> next_comm=compiz next_pid=1774 next_prio=120
          compiz-1774  [002] d...   734.444355: sched_switch: prev_comm=compiz prev_pid=1774 prev_prio=120 prev_state=S ==> next_comm=swapper/2 next_pid=0 next_prio=120
          <idle>-0     [002] d...   734.444375: sched_switch: prev_comm=swapper/2 prev_pid=0 prev_prio=120 prev_state=R ==> next_comm=compiz next_pid=1774 next_prio=120
          compiz-1774  [002] d...   734.444414: sched_switch: prev_comm=compiz prev_pid=1774 prev_prio=120 prev_state=S ==> next_comm=swapper/2 next_pid=0 next_prio=120
          <idle>-0     [002] d...   734.444434: sched_switch: prev_comm=swapper/2 prev_pid=0 prev_prio=120 prev_state=R ==> next_comm=compiz next_pid=1774 next_prio=120
          compiz-1774  [002] d...   734.444474: sched_switch: prev_comm=compiz prev_pid=1774 prev_prio=120 prev_state=S ==> next_comm=swapper/2 next_pid=0 next_prio=120
          <idle>-0     [002] d...   734.444493: sched_switch: prev_comm=swapper/2 prev_pid=0 prev_prio=120 prev_state=R ==> next_comm=compiz next_pid=1774 next_prio=120
          compiz-1774  [002] d...   734.444533: sched_switch: prev_comm=compiz prev_pid=1774 prev_prio=120 prev_state=S ==> next_comm=swapper/2 next_pid=0 next_prio=120
          <idle>-0     [002] d...   734.444553: sched_switch: prev_comm=swapper/2 prev_pid=0 prev_prio=120 prev_state=R ==> next_comm=compiz next_pid=1774 next_prio=120
          compiz-1774  [002] d...   734.444593: sched_switch: prev_comm=compiz prev_pid=1774 prev_prio=120 prev_state=S ==> next_comm=swapper/2 next_pid=0 next_prio=120
          <idle>-0     [002] d...   734.444612: sched_switch: prev_comm=swapper/2 prev_pid=0 prev_prio=120 prev_state=R ==> next_comm=compiz next_pid=1774 next_prio=120
          compiz-1774  [002] d...   734.444653: sched_switch: prev_comm=compiz prev_pid=1774 prev_prio=120 prev_state=S ==> next_comm=swapper/2 next_pid=0 next_prio=120
          <idle>-0     [002] d...   734.444672: sched_switch: prev_comm=swapper/2 prev_pid=0 prev_prio=120 prev_state=R ==> next_comm=compiz next_pid=1774 next_prio=120
          compiz-1774  [002] d...   734.444713: sched_switch: prev_comm=compiz prev_pid=1774 prev_prio=120 prev_state=S ==> next_comm=swapper/2 next_pid=0 next_prio=120
          <idle>-0     [002] d...   734.444732: sched_switch: prev_comm=swapper/2 prev_pid=0 prev_prio=120 prev_state=R ==> next_comm=compiz next_pid=1774 next_prio=120
          compiz-1774  [002] d...   734.444772: sched_switch: prev_comm=compiz prev_pid=1774 prev_prio=120 prev_state=S ==> next_comm=swapper/2 next_pid=0 next_prio=120
          <idle>-0     [002] d...   734.444791: sched_switch: prev_comm=swapper/2 prev_pid=0 prev_prio=120 prev_state=R ==> next_comm=compiz next_pid=1774 next_prio=120
          compiz-1774  [002] d...   734.444832: sched_switch: prev_comm=compiz prev_pid=1774 prev_prio=120 prev_state=S ==> next_comm=swapper/2 next_pid=0 next_prio=120
          <idle>-0     [002] d...   734.444851: sched_switch: prev_comm=swapper/2 prev_pid=0 prev_prio=120 prev_state=R ==> next_comm=compiz next_pid=1774 next_prio=120
          compiz-1774  [002] d...   734.444892: sched_switch: prev_comm=compiz prev_pid=1774 prev_prio=120 prev_state=S ==> next_comm=swapper/2 next_pid=0 next_prio=120
          <idle>-0     [002] d...   734.444911: sched_switch: prev_comm=swapper/2 prev_pid=0 prev_prio=120 prev_state=R ==> next_comm=compiz next_pid=1774 next_prio=120
          compiz-1774  [002] d...   734.444951: sched_switch: prev_comm=compiz prev_pid=1774 prev_prio=120 prev_state=S ==> next_comm=swapper/2 next_pid=0 next_prio=120
          <idle>-0     [002] d...   734.445006: sched_switch: prev_comm=swapper/2 prev_pid=0 prev_prio=120 prev_state=R ==> next_comm=compiz next_pid=1774 next_prio=120
          compiz-1774  [002] d...   734.445043: sched_switch: prev_comm=compiz prev_pid=1774 prev_prio=120 prev_state=S ==> next_comm=swapper/2 next_pid=0 next_prio=120
          <idle>-0     [002] d...   734.445065: sched_switch: prev_comm=swapper/2 prev_pid=0 prev_prio=120 prev_state=R ==> next_comm=compiz next_pid=1774 next_prio=120
          compiz-1774  [002] d...   734.445107: sched_switch: prev_comm=compiz prev_pid=1774 prev_prio=120 prev_state=S ==> next_comm=swapper/2 next_pid=0 next_prio=120
          <idle>-0     [002] d...   734.445131: sched_switch: prev_comm=swapper/2 prev_pid=0 prev_prio=120 prev_state=R ==> next_comm=compiz next_pid=1774 next_prio=120
          compiz-1774  [002] d...   734.445172: sched_switch: prev_comm=compiz prev_pid=1774 prev_prio=120 prev_state=S ==> next_comm=swapper/2 next_pid=0 next_prio=120
          <idle>-0     [002] d...   734.445191: sched_switch: prev_comm=swapper/2 prev_pid=0 prev_prio=120 prev_state=R ==> next_comm=compiz next_pid=1774 next_prio=120
          compiz-1774  [002] d...   734.445230: sched_switch: prev_comm=compiz prev_pid=1774 prev_prio=120 prev_state=S ==> next_comm=swapper/2 next_pid=0 next_prio=120
          <idle>-0     [002] d...   734.445249: sched_switch: prev_comm=swapper/2 prev_pid=0 prev_prio=120 prev_state=R ==> next_comm=compiz next_pid=1774 next_prio=120
          compiz-1774  [002] d...   734.445289: sched_switch: prev_comm=compiz prev_pid=1774 prev_prio=120 prev_state=S ==> next_comm=swapper/2 next_pid=0 next_prio=120
          <idle>-0     [002] d...   734.445308: sched_switch: prev_comm=swapper/2 prev_pid=0 prev_prio=120 prev_state=R ==> next_comm=compiz next_pid=1774 next_prio=120
          compiz-1774  [002] d...   734.445348: sched_switch: prev_comm=compiz prev_pid=1774 prev_prio=120 prev_state=S ==> next_comm=swapper/2 next_pid=0 next_prio=120
          <idle>-0     [002] d...   734.445368: sched_switch: prev_comm=swapper/2 prev_pid=0 prev_prio=120 prev_state=R ==> next_comm=compiz next_pid=1774 next_prio=120
          compiz-1774  [002] d...   734.445409: sched_switch: prev_comm=compiz prev_pid=1774 prev_prio=120 prev_state=S ==> next_comm=swapper/2 next_pid=0 next_prio=120
          <idle>-0     [002] d...   734.445429: sched_switch: prev_comm=swapper/2 prev_pid=0 prev_prio=120 prev_state=R ==> next_comm=compiz next_pid=1774 next_prio=120
            Xorg-936   [003] d...   734.445581: sched_switch: prev_comm=Xorg prev_pid=936 prev_prio=120 prev_state=S ==> next_comm=swapper/3 next_pid=0 next_prio=120
          <idle>-0     [003] d...   734.447044: sched_switch: prev_comm=swapper/3 prev_pid=0 prev_prio=120 prev_state=R ==> next_comm=automount next_pid=1033 next_prio=120
       automount-1033  [003] d...   734.447087: sched_switch: prev_comm=automount prev_pid=1033 prev_prio=120 prev_state=S ==> next_comm=swapper/3 next_pid=0 next_prio=120
   test_affinity-2781  [000] d...   734.448241: sched_switch: prev_comm=test_affinity prev_pid=2781 prev_prio=120 prev_state=R ==> next_comm=test_affinity next_pid=2782 next_prio=120
          <idle>-0     [001] d...   734.451654: sched_switch: prev_comm=swapper/1 prev_pid=0 prev_prio=120 prev_state=R ==> next_comm=X11-NOTIFY next_pid=1293 next_prio=120
      X11-NOTIFY-1293  [001] d...   734.451716: sched_switch: prev_comm=X11-NOTIFY prev_pid=1293 prev_prio=120 prev_state=S ==> next_comm=swapper/1 next_pid=0 next_prio=120
   test_affinity-2782  [000] d...   734.456133: sched_switch: prev_comm=test_affinity prev_pid=2782 prev_prio=120 prev_state=R ==> next_comm=test_affinity next_pid=2784 next_prio=120
          <idle>-0     [001] d...   734.456274: sched_switch: prev_comm=swapper/1 prev_pid=0 prev_prio=120 prev_state=R ==> next_comm=kworker/1:1 next_pid=68 next_prio=120
          <idle>-0     [003] d...   734.456297: sched_switch: prev_comm=swapper/3 prev_pid=0 prev_prio=120 prev_state=R ==> next_comm=cat next_pid=2791 next_prio=120
     kworker/1:1-68    [001] d...   734.456302: sched_switch: prev_comm=kworker/1:1 prev_pid=68 prev_prio=120 prev_state=S ==> next_comm=swapper/1 next_pid=0 next_prio=120
          <idle>-0     [001] d...   734.456481: sched_switch: prev_comm=swapper/1 prev_pid=0 prev_prio=120 prev_state=R ==> next_comm=head next_pid=2790 next_prio=120
            head-2790  [001] d...   734.456609: sched_switch: prev_comm=head prev_pid=2790 prev_prio=120 prev_state=S ==> next_comm=swapper/1 next_pid=0 next_prio=120
          <idle>-0     [001] d...   734.456658: sched_switch: prev_comm=swapper/1 prev_pid=0 prev_prio=120 prev_state=R ==> next_comm=head next_pid=2790 next_prio=120
             cat-2791  [003] d...   734.456745: sched_switch: prev_comm=cat prev_pid=2791 prev_prio=120 prev_state=S ==> next_comm=swapper/3 next_pid=0 next_prio=120
            head-2790  [001] d...   734.456747: sched_switch: prev_comm=head prev_pid=2790 prev_prio=120 prev_state=S ==> next_comm=swapper/1 next_pid=0 next_prio=120
   test_affinity-2784  [000] d...   734.465116: sched_switch: prev_comm=test_affinity prev_pid=2784 prev_prio=120 prev_state=R ==> next_comm=test_affinity next_pid=2783 next_prio=120
          compiz-1774  [002] d...   734.465222: sched_switch: prev_comm=compiz prev_pid=1774 prev_prio=120 prev_state=S ==> next_comm=swapper/2 next_pid=0 next_prio=120
          <idle>-0     [003] d...   734.465301: sched_switch: prev_comm=swapper/3 prev_pid=0 prev_prio=120 prev_state=R ==> next_comm=Xorg next_pid=936 next_prio=120
          <idle>-0     [002] d...   734.465516: sched_switch: prev_comm=swapper/2 prev_pid=0 prev_prio=120 prev_state=R ==> next_comm=compiz next_pid=1774 next_prio=120
            Xorg-936   [003] d...   734.465547: sched_switch: prev_comm=Xorg prev_pid=936 prev_prio=120 prev_state=S ==> next_comm=swapper/3 next_pid=0 next_prio=120
          <idle>-0     [003] d...   734.465600: sched_switch: prev_comm=swapper/3 prev_pid=0 prev_prio=120 prev_state=R ==> next_comm=compiz next_pid=1843 next_prio=120
          compiz-1843  [003] d...   734.465634: sched_switch: prev_comm=compiz prev_pid=1843 prev_prio=120 prev_state=S ==> next_comm=compiz next_pid=1845 next_prio=120
          compiz-1774  [002] d...   734.465639: sched_switch: prev_comm=compiz prev_pid=1774 prev_prio=120 prev_state=R ==> next_comm=compiz next_pid=1846 next_prio=120
          compiz-1846  [002] d...   734.465659: sched_switch: prev_comm=compiz prev_pid=1846 prev_prio=120 prev_state=S ==> next_comm=compiz next_pid=1774 next_prio=120
          compiz-1845  [003] d...   734.465666: sched_switch: prev_comm=compiz prev_pid=1845 prev_prio=120 prev_state=S ==> next_comm=swapper/3 next_pid=0 next_prio=120
          compiz-1774  [002] d...   734.465686: sched_switch: prev_comm=compiz prev_pid=1774 prev_prio=120 prev_state=S ==> next_comm=swapper/2 next_pid=0 next_prio=120
          <idle>-0     [003] d...   734.465687: sched_switch: prev_comm=swapper/3 prev_pid=0 prev_prio=120 prev_state=R ==> next_comm=compiz next_pid=1846 next_prio=120
          <idle>-0     [001] d...   734.465688: sched_switch: prev_comm=swapper/1 prev_pid=0 prev_prio=120 prev_state=R ==> next_comm=compiz next_pid=1844 next_prio=120
          compiz-1846  [003] d...   734.465715: sched_switch: prev_comm=compiz prev_pid=1846 prev_prio=120 prev_state=S ==> next_comm=swapper/3 next_pid=0 next_prio=120
          <idle>-0     [003] d...   734.465811: sched_switch: prev_comm=swapper/3 prev_pid=0 prev_prio=120 prev_state=R ==> next_comm=compiz next_pid=1846 next_prio=120
          <idle>-0     [002] d...   734.465840: sched_switch: prev_comm=swapper/2 prev_pid=0 prev_prio=120 prev_state=R ==> next_comm=compiz next_pid=1845 next_prio=120
          compiz-1844  [001] d...   734.465844: sched_switch: prev_comm=compiz prev_pid=1844 prev_prio=120 prev_state=S ==> next_comm=swapper/1 next_pid=0 next_prio=120
          compiz-1845  [002] d...   734.465860: sched_switch: prev_comm=compiz prev_pid=1845 prev_prio=120 prev_state=S ==> next_comm=swapper/2 next_pid=0 next_prio=120
          compiz-1846  [003] d...   734.465866: sched_switch: prev_comm=compiz prev_pid=1846 prev_prio=120 prev_state=S ==> next_comm=compiz next_pid=1843 next_prio=120
          compiz-1843  [003] d...   734.465897: sched_switch: prev_comm=compiz prev_pid=1843 prev_prio=120 prev_state=S ==> next_comm=swapper/3 next_pid=0 next_prio=120
          <idle>-0     [002] d...   734.465927: sched_switch: prev_comm=swapper/2 prev_pid=0 prev_prio=120 prev_state=R ==> next_comm=compiz next_pid=1845 next_prio=120
          compiz-1845  [002] d...   734.465997: sched_switch: prev_comm=compiz prev_pid=1845 prev_prio=120 prev_state=S ==> next_comm=swapper/2 next_pid=0 next_prio=120
          <idle>-0     [001] d...   734.466013: sched_switch: prev_comm=swapper/1 prev_pid=0 prev_prio=120 prev_state=R ==> next_comm=compiz next_pid=1844 next_prio=120
          compiz-1844  [001] d...   734.466079: sched_switch: prev_comm=compiz prev_pid=1844 prev_prio=120 prev_state=S ==> next_comm=swapper/1 next_pid=0 next_prio=120
          <idle>-0     [003] d...   734.466177: sched_switch: prev_comm=swapper/3 prev_pid=0 prev_prio=120 prev_state=R ==> next_comm=compiz next_pid=1846 next_prio=120
          <idle>-0     [001] d...   734.466238: sched_switch: prev_comm=swapper/1 prev_pid=0 prev_prio=120 prev_state=R ==> next_comm=compiz next_pid=1843 next_prio=120
          compiz-1843  [001] d...   734.466270: sched_switch: prev_comm=compiz prev_pid=1843 prev_prio=120 prev_state=S ==> next_comm=compiz next_pid=1844 next_prio=120
          compiz-1846  [003] d...   734.466271: sched_switch: prev_comm=compiz prev_pid=1846 prev_prio=120 prev_state=S ==> next_comm=swapper/3 next_pid=0 next_prio=120
          compiz-1844  [001] d...   734.466291: sched_switch: prev_comm=compiz prev_pid=1844 prev_prio=120 prev_state=S ==> next_comm=swapper/1 next_pid=0 next_prio=120
          <idle>-0     [003] d...   734.466294: sched_switch: prev_comm=swapper/3 prev_pid=0 prev_prio=120 prev_state=R ==> next_comm=compiz next_pid=1774 next_prio=120
          compiz-1774  [003] d...   734.466315: sched_switch: prev_comm=compiz prev_pid=1774 prev_prio=120 prev_state=S ==> next_comm=swapper/3 next_pid=0 next_prio=120
          <idle>-0     [002] d...   734.466341: sched_switch: prev_comm=swapper/2 prev_pid=0 prev_prio=120 prev_state=R ==> next_comm=compiz next_pid=1845 next_prio=120
          compiz-1845  [002] d...   734.466406: sched_switch: prev_comm=compiz prev_pid=1845 prev_prio=120 prev_state=S ==> next_comm=swapper/2 next_pid=0 next_prio=120
          <idle>-0     [003] d...   734.466435: sched_switch: prev_comm=swapper/3 prev_pid=0 prev_prio=120 prev_state=R ==> next_comm=compiz next_pid=1774 next_prio=120
          <idle>-0     [001] d...   734.466571: sched_switch: prev_comm=swapper/1 prev_pid=0 prev_prio=120 prev_state=R ==> next_comm=compiz next_pid=1843 next_prio=120
          compiz-1843  [001] d...   734.466598: sched_switch: prev_comm=compiz prev_pid=1843 prev_prio=120 prev_state=S ==> next_comm=swapper/1 next_pid=0 next_prio=120
          compiz-1774  [003] d...   734.466610: sched_switch: prev_comm=compiz prev_pid=1774 prev_prio=120 prev_state=R ==> next_comm=compiz next_pid=1846 next_prio=120
          compiz-1846  [003] d...   734.466628: sched_switch: prev_comm=compiz prev_pid=1846 prev_prio=120 prev_state=S ==> next_comm=compiz next_pid=1845 next_prio=120
          compiz-1845  [003] d...   734.466647: sched_switch: prev_comm=compiz prev_pid=1845 prev_prio=120 prev_state=S ==> next_comm=compiz next_pid=1774 next_prio=120
          <idle>-0     [002] d...   734.466682: sched_switch: prev_comm=swapper/2 prev_pid=0 prev_prio=120 prev_state=R ==> next_comm=compiz next_pid=1844 next_prio=120
          <idle>-0     [001] d...   734.466706: sched_switch: prev_comm=swapper/1 prev_pid=0 prev_prio=120 prev_state=R ==> next_comm=compiz next_pid=1846 next_prio=120
          compiz-1774  [003] d...   734.466710: sched_switch: prev_comm=compiz prev_pid=1774 prev_prio=120 prev_state=S ==> next_comm=swapper/3 next_pid=0 next_prio=120
          compiz-1844  [002] d...   734.466711: sched_switch: prev_comm=compiz prev_pid=1844 prev_prio=120 prev_state=S ==> next_comm=swapper/2 next_pid=0 next_prio=120
          <idle>-0     [002] d...   734.466822: sched_switch: prev_comm=swapper/2 prev_pid=0 prev_prio=120 prev_state=R ==> next_comm=compiz next_pid=1843 next_prio=120
          <idle>-0     [003] d...   734.466901: sched_switch: prev_comm=swapper/3 prev_pid=0 prev_prio=120 prev_state=R ==> next_comm=compiz next_pid=1845 next_prio=120
   test_affinity-2783  [000] d...   734.472296: sched_switch: prev_comm=test_affinity prev_pid=2783 prev_prio=120 prev_state=R ==> next_comm=test_affinity next_pid=2781 next_prio=120
          compiz-1845  [003] d...   734.473526: sched_switch: prev_comm=compiz prev_pid=1845 prev_prio=120 prev_state=R ==> next_comm=vmstats next_pid=1031 next_prio=120
         vmstats-1031  [003] d...   734.473591: sched_switch: prev_comm=vmstats prev_pid=1031 prev_prio=120 prev_state=S ==> next_comm=compiz next_pid=1845 next_prio=120
          compiz-1846  [001] d...   734.473620: sched_switch: prev_comm=compiz prev_pid=1846 prev_prio=120 prev_state=S ==> next_comm=swapper/1 next_pid=0 next_prio=120
          compiz-1845  [003] d...   734.473622: sched_switch: prev_comm=compiz prev_pid=1845 prev_prio=120 prev_state=S ==> next_comm=swapper/3 next_pid=0 next_prio=120
          compiz-1843  [002] d...   734.473626: sched_switch: prev_comm=compiz prev_pid=1843 prev_prio=120 prev_state=S ==> next_comm=compiz next_pid=1844 next_prio=120
          compiz-1844  [002] d...   734.473654: sched_switch: prev_comm=compiz prev_pid=1844 prev_prio=120 prev_state=S ==> next_comm=swapper/2 next_pid=0 next_prio=120
          <idle>-0     [003] d...   734.473702: sched_switch: prev_comm=swapper/3 prev_pid=0 prev_prio=120 prev_state=R ==> next_comm=compiz next_pid=1845 next_prio=120
          compiz-1845  [003] d...   734.473762: sched_switch: prev_comm=compiz prev_pid=1845 prev_prio=120 prev_state=S ==> next_comm=swapper/3 next_pid=0 next_prio=120
          <idle>-0     [002] d...   734.473795: sched_switch: prev_comm=swapper/2 prev_pid=0 prev_prio=120 prev_state=R ==> next_comm=compiz next_pid=1843 next_prio=120
          compiz-1843  [002] d...   734.473851: sched_switch: prev_comm=compiz prev_pid=1843 prev_prio=120 prev_state=S ==> next_comm=swapper/2 next_pid=0 next_prio=120
          <idle>-0     [001] d...   734.473901: sched_switch: prev_comm=swapper/1 prev_pid=0 prev_prio=120 prev_state=R ==> next_comm=compiz next_pid=1846 next_prio=120
          compiz-1846  [001] d...   734.474005: sched_switch: prev_comm=compiz prev_pid=1846 prev_prio=120 prev_state=S ==> next_comm=swapper/1 next_pid=0 next_prio=120
          <idle>-0     [002] d...   734.474016: sched_switch: prev_comm=swapper/2 prev_pid=0 prev_prio=120 prev_state=R ==> next_comm=compiz next_pid=1844 next_prio=120
          compiz-1844  [002] d...   734.474037: sched_switch: prev_comm=compiz prev_pid=1844 prev_prio=120 prev_state=S ==> next_comm=compiz next_pid=1843 next_prio=120
          compiz-1843  [002] d...   734.474107: sched_switch: prev_comm=compiz prev_pid=1843 prev_prio=120 prev_state=S ==> next_comm=swapper/2 next_pid=0 next_prio=120
          <idle>-0     [003] d...   734.474117: sched_switch: prev_comm=swapper/3 prev_pid=0 prev_prio=120 prev_state=R ==> next_comm=compiz next_pid=1845 next_prio=120
          <idle>-0     [001] d...   734.474118: sched_switch: prev_comm=swapper/1 prev_pid=0 prev_prio=120 prev_state=R ==> next_comm=compiz next_pid=1774 next_prio=120
          compiz-1845  [003] d...   734.474143: sched_switch: prev_comm=compiz prev_pid=1845 prev_prio=120 prev_state=S ==> next_comm=swapper/3 next_pid=0 next_prio=120
          compiz-1774  [001] d...   734.474270: sched_switch: prev_comm=compiz prev_pid=1774 prev_prio=120 prev_state=S ==> next_comm=swapper/1 next_pid=0 next_prio=120
          <idle>-0     [003] d...   734.474295: sched_switch: prev_comm=swapper/3 prev_pid=0 prev_prio=120 prev_state=R ==> next_comm=Xorg next_pid=936 next_prio=120
          <idle>-0     [001] d...   734.474580: sched_switch: prev_comm=swapper/1 prev_pid=0 prev_prio=120 prev_state=R ==> next_comm=compiz next_pid=1774 next_prio=120
            Xorg-936   [003] d...   734.474630: sched_switch: prev_comm=Xorg prev_pid=936 prev_prio=120 prev_state=S ==> next_comm=swapper/3 next_pid=0 next_prio=120
          <idle>-0     [003] d...   734.474654: sched_switch: prev_comm=swapper/3 prev_pid=0 prev_prio=120 prev_state=R ==> next_comm=Xorg next_pid=936 next_prio=120
          compiz-1774  [001] d...   734.474668: sched_switch: prev_comm=compiz prev_pid=1774 prev_prio=120 prev_state=S ==> next_comm=swapper/1 next_pid=0 next_prio=120
          <idle>-0     [001] d...   734.474870: sched_switch: prev_comm=swapper/1 prev_pid=0 prev_prio=120 prev_state=R ==> next_comm=compiz next_pid=1774 next_prio=120
            Xorg-936   [003] d...   734.474919: sched_switch: prev_comm=Xorg prev_pid=936 prev_prio=120 prev_state=S ==> next_comm=swapper/3 next_pid=0 next_prio=120
          compiz-1774  [001] d...   734.474925: sched_switch: prev_comm=compiz prev_pid=1774 prev_prio=120 prev_state=S ==> next_comm=swapper/1 next_pid=0 next_prio=120
          <idle>-0     [003] d...   734.474942: sched_switch: prev_comm=swapper/3 prev_pid=0 prev_prio=120 prev_state=R ==> next_comm=Xorg next_pid=936 next_prio=120
          <idle>-0     [001] d...   734.475054: sched_switch: prev_comm=swapper/1 prev_pid=0 prev_prio=120 prev_state=R ==> next_comm=compiz next_pid=1774 next_prio=120
          compiz-1774  [001] d...   734.475163: sched_switch: prev_comm=compiz prev_pid=1774 prev_prio=120 prev_state=S ==> next_comm=swapper/1 next_pid=0 next_prio=120
          <idle>-0     [001] d...   734.475269: sched_switch: prev_comm=swapper/1 prev_pid=0 prev_prio=120 prev_state=R ==> next_comm=compiz next_pid=1774 next_prio=120
            Xorg-936   [003] d...   734.475318: sched_switch: prev_comm=Xorg prev_pid=936 prev_prio=120 prev_state=S ==> next_comm=swapper/3 next_pid=0 next_prio=120
          <idle>-0     [003] d...   734.475342: sched_switch: prev_comm=swapper/3 prev_pid=0 prev_prio=120 prev_state=R ==> next_comm=Xorg next_pid=936 next_prio=120
          compiz-1774  [001] d...   734.475355: sched_switch: prev_comm=compiz prev_pid=1774 prev_prio=120 prev_state=S ==> next_comm=swapper/1 next_pid=0 next_prio=120
          <idle>-0     [001] d...   734.475536: sched_switch: prev_comm=swapper/1 prev_pid=0 prev_prio=120 prev_state=R ==> next_comm=compiz next_pid=1774 next_prio=120
            Xorg-936   [003] d...   734.475585: sched_switch: prev_comm=Xorg prev_pid=936 prev_prio=120 prev_state=S ==> next_comm=swapper/3 next_pid=0 next_prio=120
