            bash-2902  [001] d...   955.767330: sched_switch: prev_comm=bash prev_pid=2902 prev_prio=120 prev_state=x ==> next_comm=test_affinity next_pid=2896 next_prio=120
   test_affinity-2894  [003] d...   955.767364: sched_switch: prev_comm=test_affinity prev_pid=2894 prev_prio=120 prev_state=R ==> next_comm=sudo next_pid=2901 next_prio=120
            sudo-2901  [003] d...   955.767549: sched_switch: prev_comm=sudo prev_pid=2901 prev_prio=120 prev_state=R ==> next_comm=rsyslogd next_pid=494 next_prio=120
        rsyslogd-494   [003] d...   955.767613: sched_switch: prev_comm=rsyslogd prev_pid=494 prev_prio=120 prev_state=S ==> next_comm=rs:main Q:Reg next_pid=493 next_prio=120
   test_affinity-2895  [002] d...   955.767722: sched_switch: prev_comm=test_affinity prev_pid=2895 prev_prio=120 prev_state=R ==> next_comm=gmain next_pid=911 next_prio=120
   rs:main Q:Reg-493   [003] d...   955.767795: sched_switch: prev_comm=rs:main Q:Reg prev_pid=493 prev_prio=120 prev_state=S ==> next_comm=sudo next_pid=2901 next_prio=120
           gmain-911   [002] d...   955.767855: sched_switch: prev_comm=gmain prev_pid=911 prev_prio=120 prev_state=S ==> next_comm=test_affinity next_pid=2895 next_prio=120
            sudo-2901  [003] d...   955.768692: sched_switch: prev_comm=sudo prev_pid=2901 prev_prio=120 prev_state=x ==> next_comm=test_linux.sh next_pid=2878 next_prio=120
   test_linux.sh-2878  [003] d...   955.769263: sched_switch: prev_comm=test_linux.sh prev_pid=2878 prev_prio=120 prev_state=S ==> next_comm=test_affinity next_pid=2894 next_prio=120
   test_affinity-2893  [000] d...   955.770107: sched_switch: prev_comm=test_affinity prev_pid=2893 prev_prio=120 prev_state=R ==> next_comm=rcu_sched next_pid=13 next_prio=120
       rcu_sched-13    [000] d...   955.770154: sched_switch: prev_comm=rcu_sched prev_pid=13 prev_prio=120 prev_state=S ==> next_comm=test_affinity next_pid=2893 next_prio=120
   test_affinity-2894  [003] d...   955.770196: sched_switch: prev_comm=test_affinity prev_pid=2894 prev_prio=120 prev_state=R ==> next_comm=rcuos/3 next_pid=17 next_prio=120
         rcuos/3-17    [003] d...   955.770209: sched_switch: prev_comm=rcuos/3 prev_pid=17 prev_prio=120 prev_state=S ==> next_comm=test_affinity next_pid=2894 next_prio=120
   test_affinity-2893  [000] d...   955.774598: sched_switch: prev_comm=test_affinity prev_pid=2893 prev_prio=120 prev_state=R ==> next_comm=rcu_sched next_pid=13 next_prio=120
       rcu_sched-13    [000] d...   955.774612: sched_switch: prev_comm=rcu_sched prev_pid=13 prev_prio=120 prev_state=S ==> next_comm=test_linux.sh next_pid=2904 next_prio=120
            head-2904  [000] d...   955.775721: sched_switch: prev_comm=test_linux.sh prev_pid=2904 prev_prio=120 prev_state=R ==> next_comm=migration/0 next_pid=7 next_prio=0
     migration/0-7     [000] d...   955.775738: sched_switch: prev_comm=migration/0 prev_pid=7 prev_prio=0 prev_state=S ==> next_comm=test_affinity next_pid=2893 next_prio=120
   test_affinity-2894  [003] d...   955.777261: sched_switch: prev_comm=test_affinity prev_pid=2894 prev_prio=120 prev_state=R ==> next_comm=X11-NOTIFY next_pid=1293 next_prio=120
      X11-NOTIFY-1293  [003] d...   955.777301: sched_switch: prev_comm=X11-NOTIFY prev_pid=1293 prev_prio=120 prev_state=S ==> next_comm=test_affinity next_pid=2894 next_prio=120
   test_affinity-2893  [000] d...   955.778000: sched_switch: prev_comm=test_affinity prev_pid=2893 prev_prio=120 prev_state=R ==> next_comm=rcu_sched next_pid=13 next_prio=120
       rcu_sched-13    [000] d...   955.778053: sched_switch: prev_comm=rcu_sched prev_pid=13 prev_prio=120 prev_state=S ==> next_comm=rcuos/1 next_pid=15 next_prio=120
         rcuos/1-15    [000] d...   955.778066: sched_switch: prev_comm=rcuos/1 prev_pid=15 prev_prio=120 prev_state=S ==> next_comm=test_affinity next_pid=2893 next_prio=120
   test_affinity-2896  [001] d...   955.778073: sched_switch: prev_comm=test_affinity prev_pid=2896 prev_prio=120 prev_state=R ==> next_comm=rcuos/0 next_pid=14 next_prio=120
         rcuos/0-14    [001] d...   955.778086: sched_switch: prev_comm=rcuos/0 prev_pid=14 prev_prio=120 prev_state=S ==> next_comm=test_linux.sh next_pid=2904 next_prio=120
   test_affinity-2893  [000] d...   955.778196: sched_switch: prev_comm=test_affinity prev_pid=2893 prev_prio=120 prev_state=R ==> next_comm=rcu_sched next_pid=13 next_prio=120
       rcu_sched-13    [000] d...   955.778209: sched_switch: prev_comm=rcu_sched prev_pid=13 prev_prio=120 prev_state=S ==> next_comm=test_affinity next_pid=2893 next_prio=120
   test_affinity-2895  [002] d...   955.778210: sched_switch: prev_comm=test_affinity prev_pid=2895 prev_prio=120 prev_state=R ==> next_comm=gmain next_pid=911 next_prio=120
           gmain-911   [002] d...   955.778394: sched_switch: prev_comm=gmain prev_pid=911 prev_prio=120 prev_state=S ==> next_comm=test_linux.sh next_pid=2903 next_prio=120
            sudo-2903  [002] d...   955.779147: sched_switch: prev_comm=test_linux.sh prev_pid=2903 prev_prio=120 prev_state=R ==> next_comm=migration/2 next_pid=25 next_prio=0
     migration/2-25    [002] d...   955.779164: sched_switch: prev_comm=migration/2 prev_pid=25 prev_prio=0 prev_state=S ==> next_comm=test_affinity next_pid=2895 next_prio=120
            head-2904  [001] d...   955.779920: sched_switch: prev_comm=head prev_pid=2904 prev_prio=120 prev_state=S ==> next_comm=test_affinity next_pid=2896 next_prio=120
   test_affinity-2893  [000] d...   955.783055: sched_switch: prev_comm=test_affinity prev_pid=2893 prev_prio=120 prev_state=R ==> next_comm=rcu_sched next_pid=13 next_prio=120
       rcu_sched-13    [000] d...   955.783277: sched_switch: prev_comm=rcu_sched prev_pid=13 prev_prio=120 prev_state=S ==> next_comm=test_affinity next_pid=2893 next_prio=120
   test_affinity-2894  [003] d...   955.783325: sched_switch: prev_comm=test_affinity prev_pid=2894 prev_prio=120 prev_state=R ==> next_comm=rcuos/3 next_pid=17 next_prio=120
         rcuos/3-17    [003] d...   955.783368: sched_switch: prev_comm=rcuos/3 prev_pid=17 prev_prio=120 prev_state=S ==> next_comm=test_linux.sh next_pid=2903 next_prio=120
   test_affinity-2893  [000] d...   955.786484: sched_switch: prev_comm=test_affinity prev_pid=2893 prev_prio=120 prev_state=R ==> next_comm=rcu_sched next_pid=13 next_prio=120
       rcu_sched-13    [000] d...   955.786507: sched_switch: prev_comm=rcu_sched prev_pid=13 prev_prio=120 prev_state=S ==> next_comm=test_affinity next_pid=2893 next_prio=120
   test_affinity-2893  [000] d...   955.790136: sched_switch: prev_comm=test_affinity prev_pid=2893 prev_prio=120 prev_state=R ==> next_comm=rcu_sched next_pid=13 next_prio=120
       rcu_sched-13    [000] d...   955.790188: sched_switch: prev_comm=rcu_sched prev_pid=13 prev_prio=120 prev_state=S ==> next_comm=rcuos/1 next_pid=15 next_prio=120
         rcuos/1-15    [000] d...   955.790219: sched_switch: prev_comm=rcuos/1 prev_pid=15 prev_prio=120 prev_state=S ==> next_comm=test_affinity next_pid=2893 next_prio=120
   test_affinity-2896  [001] d...   955.790220: sched_switch: prev_comm=test_affinity prev_pid=2896 prev_prio=120 prev_state=R ==> next_comm=rcuos/0 next_pid=14 next_prio=120
         rcuos/0-14    [001] d...   955.790239: sched_switch: prev_comm=rcuos/0 prev_pid=14 prev_prio=120 prev_state=S ==> next_comm=test_affinity next_pid=2896 next_prio=120
   test_affinity-2893  [000] d...   955.794064: sched_switch: prev_comm=test_affinity prev_pid=2893 prev_prio=120 prev_state=R ==> next_comm=rcu_sched next_pid=13 next_prio=120
       rcu_sched-13    [000] d...   955.794083: sched_switch: prev_comm=rcu_sched prev_pid=13 prev_prio=120 prev_state=S ==> next_comm=test_affinity next_pid=2893 next_prio=120
            sudo-2903  [003] d...   955.794100: sched_switch: prev_comm=sudo prev_pid=2903 prev_prio=120 prev_state=R ==> next_comm=test_affinity next_pid=2894 next_prio=120
   test_affinity-2893  [000] d...   955.798853: sched_switch: prev_comm=test_affinity prev_pid=2893 prev_prio=120 prev_state=R ==> next_comm=rcu_sched next_pid=13 next_prio=120
       rcu_sched-13    [000] d...   955.798927: sched_switch: prev_comm=rcu_sched prev_pid=13 prev_prio=120 prev_state=S ==> next_comm=test_affinity next_pid=2893 next_prio=120
   test_affinity-2894  [003] d...   955.798979: sched_switch: prev_comm=test_affinity prev_pid=2894 prev_prio=120 prev_state=R ==> next_comm=rcuos/3 next_pid=17 next_prio=120
         rcuos/3-17    [003] d...   955.799015: sched_switch: prev_comm=rcuos/3 prev_pid=17 prev_prio=120 prev_state=S ==> next_comm=test_affinity next_pid=2894 next_prio=120
   test_affinity-2893  [000] d...   955.802083: sched_switch: prev_comm=test_affinity prev_pid=2893 prev_prio=120 prev_state=R ==> next_comm=rcu_sched next_pid=13 next_prio=120
       rcu_sched-13    [000] d...   955.802110: sched_switch: prev_comm=rcu_sched prev_pid=13 prev_prio=120 prev_state=S ==> next_comm=test_affinity next_pid=2893 next_prio=120
   test_affinity-2894  [003] d...   955.802581: sched_switch: prev_comm=test_affinity prev_pid=2894 prev_prio=120 prev_state=R ==> next_comm=X11-NOTIFY next_pid=1293 next_prio=120
      X11-NOTIFY-1293  [003] d...   955.802636: sched_switch: prev_comm=X11-NOTIFY prev_pid=1293 prev_prio=120 prev_state=S ==> next_comm=sudo next_pid=2903 next_prio=120
            sudo-2903  [003] d...   955.804310: sched_switch: prev_comm=sudo prev_pid=2903 prev_prio=120 prev_state=R ==> next_comm=automount next_pid=1033 next_prio=120
       automount-1033  [003] d...   955.804355: sched_switch: prev_comm=automount prev_pid=1033 prev_prio=120 prev_state=S ==> next_comm=sudo next_pid=2903 next_prio=120
   test_affinity-2893  [000] d...   955.806520: sched_switch: prev_comm=test_affinity prev_pid=2893 prev_prio=120 prev_state=R ==> next_comm=rcu_sched next_pid=13 next_prio=120
       rcu_sched-13    [000] d...   955.806624: sched_switch: prev_comm=rcu_sched prev_pid=13 prev_prio=120 prev_state=S ==> next_comm=rcuos/1 next_pid=15 next_prio=120
   test_affinity-2896  [001] d...   955.806640: sched_switch: prev_comm=test_affinity prev_pid=2896 prev_prio=120 prev_state=R ==> next_comm=rcuos/0 next_pid=14 next_prio=120
         rcuos/1-15    [000] d...   955.806644: sched_switch: prev_comm=rcuos/1 prev_pid=15 prev_prio=120 prev_state=S ==> next_comm=test_affinity next_pid=2893 next_prio=120
         rcuos/0-14    [001] d...   955.806661: sched_switch: prev_comm=rcuos/0 prev_pid=14 prev_prio=120 prev_state=S ==> next_comm=test_affinity next_pid=2896 next_prio=120
            sudo-2903  [003] d...   955.809039: sched_switch: prev_comm=sudo prev_pid=2903 prev_prio=120 prev_state=R ==> next_comm=rsyslogd next_pid=494 next_prio=120
        rsyslogd-494   [003] d...   955.809147: sched_switch: prev_comm=rsyslogd prev_pid=494 prev_prio=120 prev_state=S ==> next_comm=rs:main Q:Reg next_pid=493 next_prio=120
   test_affinity-2895  [002] d...   955.809296: sched_switch: prev_comm=test_affinity prev_pid=2895 prev_prio=120 prev_state=R ==> next_comm=gmain next_pid=911 next_prio=120
   rs:main Q:Reg-493   [003] d...   955.809378: sched_switch: prev_comm=rs:main Q:Reg prev_pid=493 prev_prio=120 prev_state=S ==> next_comm=test_affinity next_pid=2894 next_prio=120
           gmain-911   [002] d...   955.809504: sched_switch: prev_comm=gmain prev_pid=911 prev_prio=120 prev_state=S ==> next_comm=test_affinity next_pid=2895 next_prio=120
   test_affinity-2893  [000] d...   955.810093: sched_switch: prev_comm=test_affinity prev_pid=2893 prev_prio=120 prev_state=R ==> next_comm=rcu_sched next_pid=13 next_prio=120
       rcu_sched-13    [000] d...   955.810109: sched_switch: prev_comm=rcu_sched prev_pid=13 prev_prio=120 prev_state=S ==> next_comm=test_affinity next_pid=2893 next_prio=120
   test_affinity-2894  [003] d...   955.810150: sched_switch: prev_comm=test_affinity prev_pid=2894 prev_prio=120 prev_state=R ==> next_comm=rcuos/3 next_pid=17 next_prio=120
   test_affinity-2893  [000] d...   955.810248: sched_switch: prev_comm=test_affinity prev_pid=2893 prev_prio=120 prev_state=R ==> next_comm=rcu_sched next_pid=13 next_prio=120
       rcu_sched-13    [000] d...   955.810264: sched_switch: prev_comm=rcu_sched prev_pid=13 prev_prio=120 prev_state=S ==> next_comm=test_affinity next_pid=2893 next_prio=120
         rcuos/3-17    [003] d...   955.810331: sched_switch: prev_comm=rcuos/3 prev_pid=17 prev_prio=120 prev_state=S ==> next_comm=test_affinity next_pid=2894 next_prio=120
   test_affinity-2893  [000] d...   955.815676: sched_switch: prev_comm=test_affinity prev_pid=2893 prev_prio=120 prev_state=R ==> next_comm=rcu_sched next_pid=13 next_prio=120
       rcu_sched-13    [000] d...   955.815695: sched_switch: prev_comm=rcu_sched prev_pid=13 prev_prio=120 prev_state=S ==> next_comm=test_affinity next_pid=2893 next_prio=120
   test_affinity-2893  [000] d...   955.818486: sched_switch: prev_comm=test_affinity prev_pid=2893 prev_prio=120 prev_state=R ==> next_comm=rcu_sched next_pid=13 next_prio=120
       rcu_sched-13    [000] d...   955.818539: sched_switch: prev_comm=rcu_sched prev_pid=13 prev_prio=120 prev_state=S ==> next_comm=test_affinity next_pid=2893 next_prio=120
   test_affinity-2894  [003] d...   955.818568: sched_switch: prev_comm=test_affinity prev_pid=2894 prev_prio=120 prev_state=R ==> next_comm=rcuos/3 next_pid=17 next_prio=120
   test_affinity-2893  [000] d...   955.818684: sched_switch: prev_comm=test_affinity prev_pid=2893 prev_prio=120 prev_state=R ==> next_comm=rcu_sched next_pid=13 next_prio=120
       rcu_sched-13    [000] d...   955.818696: sched_switch: prev_comm=rcu_sched prev_pid=13 prev_prio=120 prev_state=S ==> next_comm=test_affinity next_pid=2893 next_prio=120
         rcuos/3-17    [003] d...   955.818705: sched_switch: prev_comm=rcuos/3 prev_pid=17 prev_prio=120 prev_state=S ==> next_comm=sudo next_pid=2903 next_prio=120
   test_affinity-2895  [002] d...   955.819629: sched_switch: prev_comm=test_affinity prev_pid=2895 prev_prio=120 prev_state=R ==> next_comm=gmain next_pid=911 next_prio=120
           gmain-911   [002] d...   955.819838: sched_switch: prev_comm=gmain prev_pid=911 prev_prio=120 prev_state=S ==> next_comm=test_affinity next_pid=2895 next_prio=120
            sudo-2903  [003] d...   955.820035: sched_switch: prev_comm=sudo prev_pid=2903 prev_prio=120 prev_state=R ==> next_comm=rsyslogd next_pid=494 next_prio=120
        rsyslogd-494   [003] d...   955.820118: sched_switch: prev_comm=rsyslogd prev_pid=494 prev_prio=120 prev_state=S ==> next_comm=rs:main Q:Reg next_pid=493 next_prio=120
   test_affinity-2895  [002] d...   955.820259: sched_switch: prev_comm=test_affinity prev_pid=2895 prev_prio=120 prev_state=R ==> next_comm=gmain next_pid=911 next_prio=120
   rs:main Q:Reg-493   [003] d...   955.820347: sched_switch: prev_comm=rs:main Q:Reg prev_pid=493 prev_prio=120 prev_state=S ==> next_comm=sudo next_pid=2903 next_prio=120
           gmain-911   [002] d...   955.820389: sched_switch: prev_comm=gmain prev_pid=911 prev_prio=120 prev_state=S ==> next_comm=test_affinity next_pid=2895 next_prio=120
            sudo-2903  [003] d...   955.820963: sched_switch: prev_comm=sudo prev_pid=2903 prev_prio=120 prev_state=S ==> next_comm=test_affinity next_pid=2894 next_prio=120
   test_affinity-2893  [000] d...   955.822273: sched_switch: prev_comm=test_affinity prev_pid=2893 prev_prio=120 prev_state=R ==> next_comm=rcu_sched next_pid=13 next_prio=120
       rcu_sched-13    [000] d...   955.822319: sched_switch: prev_comm=rcu_sched prev_pid=13 prev_prio=120 prev_state=S ==> next_comm=test_affinity next_pid=2893 next_prio=120
   test_affinity-2894  [003] d...   955.822360: sched_switch: prev_comm=test_affinity prev_pid=2894 prev_prio=120 prev_state=R ==> next_comm=rcuos/3 next_pid=17 next_prio=120
   test_affinity-2893  [000] d...   955.822417: sched_switch: prev_comm=test_affinity prev_pid=2893 prev_prio=120 prev_state=R ==> next_comm=rcu_sched next_pid=13 next_prio=120
       rcu_sched-13    [000] d...   955.822427: sched_switch: prev_comm=rcu_sched prev_pid=13 prev_prio=120 prev_state=S ==> next_comm=test_affinity next_pid=2893 next_prio=120
         rcuos/3-17    [003] d...   955.822435: sched_switch: prev_comm=rcuos/3 prev_pid=17 prev_prio=120 prev_state=S ==> next_comm=test_affinity next_pid=2894 next_prio=120
   test_affinity-2893  [000] d...   955.827108: sched_switch: prev_comm=test_affinity prev_pid=2893 prev_prio=120 prev_state=R ==> next_comm=rcu_sched next_pid=13 next_prio=120
       rcu_sched-13    [000] d...   955.827127: sched_switch: prev_comm=rcu_sched prev_pid=13 prev_prio=120 prev_state=S ==> next_comm=sudo next_pid=2905 next_prio=120
   test_affinity-2896  [001] d...   955.827695: sched_switch: prev_comm=test_affinity prev_pid=2896 prev_prio=120 prev_state=R ==> next_comm=rcuos/0 next_pid=14 next_prio=120
         rcuos/0-14    [001] d...   955.827709: sched_switch: prev_comm=rcuos/0 prev_pid=14 prev_prio=120 prev_state=S ==> next_comm=test_affinity next_pid=2896 next_prio=120
   test_affinity-2894  [003] d...   955.827814: sched_switch: prev_comm=test_affinity prev_pid=2894 prev_prio=120 prev_state=R ==> next_comm=X11-NOTIFY next_pid=1293 next_prio=120
      X11-NOTIFY-1293  [003] d...   955.827861: sched_switch: prev_comm=X11-NOTIFY prev_pid=1293 prev_prio=120 prev_state=S ==> next_comm=test_affinity next_pid=2894 next_prio=120
             cat-2905  [000] d...   955.828088: sched_switch: prev_comm=sudo prev_pid=2905 prev_prio=120 prev_state=R ==> next_comm=migration/0 next_pid=7 next_prio=0
     migration/0-7     [000] d...   955.828106: sched_switch: prev_comm=migration/0 prev_pid=7 prev_prio=0 prev_state=S ==> next_comm=test_affinity next_pid=2893 next_prio=120
   test_affinity-2893  [000] d...   955.830049: sched_switch: prev_comm=test_affinity prev_pid=2893 prev_prio=120 prev_state=R ==> next_comm=rcu_sched next_pid=13 next_prio=120
       rcu_sched-13    [000] d...   955.830101: sched_switch: prev_comm=rcu_sched prev_pid=13 prev_prio=120 prev_state=S ==> next_comm=test_affinity next_pid=2893 next_prio=120
   test_affinity-2895  [002] d...   955.830138: sched_switch: prev_comm=test_affinity prev_pid=2895 prev_prio=120 prev_state=R ==> next_comm=sudo next_pid=2905 next_prio=120
   test_affinity-2894  [003] d...   955.830141: sched_switch: prev_comm=test_affinity prev_pid=2894 prev_prio=120 prev_state=R ==> next_comm=rcuos/3 next_pid=17 next_prio=120
         rcuos/3-17    [003] d...   955.830162: sched_switch: prev_comm=rcuos/3 prev_pid=17 prev_prio=120 prev_state=S ==> next_comm=test_affinity next_pid=2894 next_prio=120
   test_affinity-2896  [001] d...   955.830471: sched_switch: prev_comm=test_affinity prev_pid=2896 prev_prio=120 prev_state=R ==> next_comm=rcuos/2 next_pid=16 next_prio=120
         rcuos/2-16    [001] d...   955.830489: sched_switch: prev_comm=rcuos/2 prev_pid=16 prev_prio=120 prev_state=S ==> next_comm=test_affinity next_pid=2896 next_prio=120
             cat-2905  [002] d...   955.830533: sched_switch: prev_comm=bash prev_pid=2905 prev_prio=120 prev_state=R ==> next_comm=gmain next_pid=911 next_prio=120
           gmain-911   [002] d...   955.830785: sched_switch: prev_comm=gmain prev_pid=911 prev_prio=120 prev_state=S ==> next_comm=bash next_pid=2905 next_prio=120
   test_affinity-2893  [000] d...   955.833995: sched_switch: prev_comm=test_affinity prev_pid=2893 prev_prio=120 prev_state=R ==> next_comm=rcu_sched next_pid=13 next_prio=120
       rcu_sched-13    [000] d...   955.834005: sched_switch: prev_comm=rcu_sched prev_pid=13 prev_prio=120 prev_state=S ==> next_comm=test_affinity next_pid=2893 next_prio=120
             cat-2905  [002] d...   955.835392: sched_switch: prev_comm=bash prev_pid=2905 prev_prio=120 prev_state=R ==> next_comm=migration/2 next_pid=25 next_prio=0
     migration/2-25    [002] d...   955.835413: sched_switch: prev_comm=migration/2 prev_pid=25 prev_prio=0 prev_state=S ==> next_comm=test_affinity next_pid=2895 next_prio=120
   test_affinity-2893  [000] d...   955.838310: sched_switch: prev_comm=test_affinity prev_pid=2893 prev_prio=120 prev_state=R ==> next_comm=rcu_sched next_pid=13 next_prio=120
       rcu_sched-13    [000] d...   955.838519: sched_switch: prev_comm=rcu_sched prev_pid=13 prev_prio=120 prev_state=S ==> next_comm=bash next_pid=2905 next_prio=120
   test_affinity-2896  [001] d...   955.838537: sched_switch: prev_comm=test_affinity prev_pid=2896 prev_prio=120 prev_state=R ==> next_comm=rcuos/0 next_pid=14 next_prio=120
         rcuos/0-14    [001] d...   955.838549: sched_switch: prev_comm=rcuos/0 prev_pid=14 prev_prio=120 prev_state=S ==> next_comm=test_affinity next_pid=2896 next_prio=120
   test_affinity-2896  [001] d...   955.839970: sched_switch: prev_comm=test_affinity prev_pid=2896 prev_prio=120 prev_state=R ==> next_comm=head next_pid=2904 next_prio=120
            head-2904  [001] d...   955.840058: sched_switch: prev_comm=head prev_pid=2904 prev_prio=120 prev_state=S ==> next_comm=test_affinity next_pid=2896 next_prio=120
             cat-2905  [000] d...   955.840072: sched_switch: prev_comm=cat prev_pid=2905 prev_prio=120 prev_state=R ==> next_comm=head next_pid=2904 next_prio=120
            head-2904  [000] d...   955.840113: sched_switch: prev_comm=head prev_pid=2904 prev_prio=120 prev_state=S ==> next_comm=cat next_pid=2905 next_prio=120
             cat-2905  [000] d...   955.840184: sched_switch: prev_comm=cat prev_pid=2905 prev_prio=120 prev_state=R ==> next_comm=head next_pid=2904 next_prio=120
            head-2904  [000] d...   955.840213: sched_switch: prev_comm=head prev_pid=2904 prev_prio=120 prev_state=S ==> next_comm=cat next_pid=2905 next_prio=120
             cat-2905  [000] d...   955.840282: sched_switch: prev_comm=cat prev_pid=2905 prev_prio=120 prev_state=R ==> next_comm=head next_pid=2904 next_prio=120
            head-2904  [000] d...   955.840310: sched_switch: prev_comm=head prev_pid=2904 prev_prio=120 prev_state=S ==> next_comm=cat next_pid=2905 next_prio=120
             cat-2905  [000] d...   955.840354: sched_switch: prev_comm=cat prev_pid=2905 prev_prio=120 prev_state=R ==> next_comm=head next_pid=2904 next_prio=120
            head-2904  [000] d...   955.840381: sched_switch: prev_comm=head prev_pid=2904 prev_prio=120 prev_state=S ==> next_comm=cat next_pid=2905 next_prio=120
             cat-2905  [000] d...   955.840414: sched_switch: prev_comm=cat prev_pid=2905 prev_prio=120 prev_state=R ==> next_comm=head next_pid=2904 next_prio=120
            head-2904  [000] d...   955.840429: sched_switch: prev_comm=head prev_pid=2904 prev_prio=120 prev_state=S ==> next_comm=cat next_pid=2905 next_prio=120
             cat-2905  [000] d...   955.840457: sched_switch: prev_comm=cat prev_pid=2905 prev_prio=120 prev_state=R ==> next_comm=head next_pid=2904 next_prio=120
            head-2904  [000] d...   955.840472: sched_switch: prev_comm=head prev_pid=2904 prev_prio=120 prev_state=S ==> next_comm=cat next_pid=2905 next_prio=120
             cat-2905  [000] d...   955.840652: sched_switch: prev_comm=cat prev_pid=2905 prev_prio=120 prev_state=R ==> next_comm=head next_pid=2904 next_prio=120
            head-2904  [000] d...   955.840674: sched_switch: prev_comm=head prev_pid=2904 prev_prio=120 prev_state=S ==> next_comm=cat next_pid=2905 next_prio=120
             cat-2905  [000] d...   955.840715: sched_switch: prev_comm=cat prev_pid=2905 prev_prio=120 prev_state=R ==> next_comm=head next_pid=2904 next_prio=120
            head-2904  [000] d...   955.840731: sched_switch: prev_comm=head prev_pid=2904 prev_prio=120 prev_state=S ==> next_comm=cat next_pid=2905 next_prio=120
             cat-2905  [000] d...   955.840760: sched_switch: prev_comm=cat prev_pid=2905 prev_prio=120 prev_state=R ==> next_comm=head next_pid=2904 next_prio=120
            head-2904  [000] d...   955.840775: sched_switch: prev_comm=head prev_pid=2904 prev_prio=120 prev_state=S ==> next_comm=cat next_pid=2905 next_prio=120
             cat-2905  [000] d...   955.840803: sched_switch: prev_comm=cat prev_pid=2905 prev_prio=120 prev_state=R ==> next_comm=head next_pid=2904 next_prio=120
            head-2904  [000] d...   955.840819: sched_switch: prev_comm=head prev_pid=2904 prev_prio=120 prev_state=S ==> next_comm=cat next_pid=2905 next_prio=120
             cat-2905  [000] d...   955.840847: sched_switch: prev_comm=cat prev_pid=2905 prev_prio=120 prev_state=R ==> next_comm=head next_pid=2904 next_prio=120
            head-2904  [000] d...   955.840862: sched_switch: prev_comm=head prev_pid=2904 prev_prio=120 prev_state=S ==> next_comm=cat next_pid=2905 next_prio=120
             cat-2905  [000] d...   955.840890: sched_switch: prev_comm=cat prev_pid=2905 prev_prio=120 prev_state=R ==> next_comm=head next_pid=2904 next_prio=120
            head-2904  [000] d...   955.840918: sched_switch: prev_comm=head prev_pid=2904 prev_prio=120 prev_state=S ==> next_comm=cat next_pid=2905 next_prio=120
             cat-2905  [000] d...   955.840948: sched_switch: prev_comm=cat prev_pid=2905 prev_prio=120 prev_state=R ==> next_comm=head next_pid=2904 next_prio=120
            head-2904  [000] d...   955.840963: sched_switch: prev_comm=head prev_pid=2904 prev_prio=120 prev_state=S ==> next_comm=cat next_pid=2905 next_prio=120
             cat-2905  [000] d...   955.840991: sched_switch: prev_comm=cat prev_pid=2905 prev_prio=120 prev_state=R ==> next_comm=head next_pid=2904 next_prio=120
            head-2904  [000] d...   955.841006: sched_switch: prev_comm=head prev_pid=2904 prev_prio=120 prev_state=S ==> next_comm=cat next_pid=2905 next_prio=120
             cat-2905  [000] d...   955.841035: sched_switch: prev_comm=cat prev_pid=2905 prev_prio=120 prev_state=R ==> next_comm=head next_pid=2904 next_prio=120
            head-2904  [000] d...   955.841050: sched_switch: prev_comm=head prev_pid=2904 prev_prio=120 prev_state=S ==> next_comm=cat next_pid=2905 next_prio=120
             cat-2905  [000] d...   955.841078: sched_switch: prev_comm=cat prev_pid=2905 prev_prio=120 prev_state=R ==> next_comm=head next_pid=2904 next_prio=120
            head-2904  [000] d...   955.841093: sched_switch: prev_comm=head prev_pid=2904 prev_prio=120 prev_state=S ==> next_comm=cat next_pid=2905 next_prio=120
             cat-2905  [000] d...   955.841121: sched_switch: prev_comm=cat prev_pid=2905 prev_prio=120 prev_state=R ==> next_comm=head next_pid=2904 next_prio=120
            head-2904  [000] d...   955.841136: sched_switch: prev_comm=head prev_pid=2904 prev_prio=120 prev_state=S ==> next_comm=cat next_pid=2905 next_prio=120
             cat-2905  [000] d...   955.841165: sched_switch: prev_comm=cat prev_pid=2905 prev_prio=120 prev_state=R ==> next_comm=head next_pid=2904 next_prio=120
            head-2904  [000] d...   955.841180: sched_switch: prev_comm=head prev_pid=2904 prev_prio=120 prev_state=S ==> next_comm=cat next_pid=2905 next_prio=120
             cat-2905  [000] d...   955.841208: sched_switch: prev_comm=cat prev_pid=2905 prev_prio=120 prev_state=R ==> next_comm=head next_pid=2904 next_prio=120
            head-2904  [000] d...   955.841223: sched_switch: prev_comm=head prev_pid=2904 prev_prio=120 prev_state=S ==> next_comm=cat next_pid=2905 next_prio=120
             cat-2905  [000] d...   955.841251: sched_switch: prev_comm=cat prev_pid=2905 prev_prio=120 prev_state=R ==> next_comm=head next_pid=2904 next_prio=120
            head-2904  [000] d...   955.841266: sched_switch: prev_comm=head prev_pid=2904 prev_prio=120 prev_state=S ==> next_comm=cat next_pid=2905 next_prio=120
             cat-2905  [000] d...   955.841294: sched_switch: prev_comm=cat prev_pid=2905 prev_prio=120 prev_state=R ==> next_comm=head next_pid=2904 next_prio=120
            head-2904  [000] d...   955.841310: sched_switch: prev_comm=head prev_pid=2904 prev_prio=120 prev_state=S ==> next_comm=cat next_pid=2905 next_prio=120
             cat-2905  [000] d...   955.841338: sched_switch: prev_comm=cat prev_pid=2905 prev_prio=120 prev_state=R ==> next_comm=head next_pid=2904 next_prio=120
            head-2904  [000] d...   955.841353: sched_switch: prev_comm=head prev_pid=2904 prev_prio=120 prev_state=S ==> next_comm=cat next_pid=2905 next_prio=120
             cat-2905  [000] d...   955.841381: sched_switch: prev_comm=cat prev_pid=2905 prev_prio=120 prev_state=R ==> next_comm=head next_pid=2904 next_prio=120
            head-2904  [000] d...   955.841396: sched_switch: prev_comm=head prev_pid=2904 prev_prio=120 prev_state=S ==> next_comm=cat next_pid=2905 next_prio=120
             cat-2905  [000] d...   955.841424: sched_switch: prev_comm=cat prev_pid=2905 prev_prio=120 prev_state=R ==> next_comm=head next_pid=2904 next_prio=120
            head-2904  [000] d...   955.841439: sched_switch: prev_comm=head prev_pid=2904 prev_prio=120 prev_state=S ==> next_comm=cat next_pid=2905 next_prio=120
             cat-2905  [000] d...   955.841468: sched_switch: prev_comm=cat prev_pid=2905 prev_prio=120 prev_state=R ==> next_comm=head next_pid=2904 next_prio=120
            head-2904  [000] d...   955.841493: sched_switch: prev_comm=head prev_pid=2904 prev_prio=120 prev_state=S ==> next_comm=cat next_pid=2905 next_prio=120
             cat-2905  [000] d...   955.841523: sched_switch: prev_comm=cat prev_pid=2905 prev_prio=120 prev_state=R ==> next_comm=head next_pid=2904 next_prio=120
            head-2904  [000] d...   955.841538: sched_switch: prev_comm=head prev_pid=2904 prev_prio=120 prev_state=S ==> next_comm=cat next_pid=2905 next_prio=120
             cat-2905  [000] d...   955.841566: sched_switch: prev_comm=cat prev_pid=2905 prev_prio=120 prev_state=R ==> next_comm=head next_pid=2904 next_prio=120
            head-2904  [000] d...   955.841581: sched_switch: prev_comm=head prev_pid=2904 prev_prio=120 prev_state=S ==> next_comm=cat next_pid=2905 next_prio=120
             cat-2905  [000] d...   955.841610: sched_switch: prev_comm=cat prev_pid=2905 prev_prio=120 prev_state=R ==> next_comm=head next_pid=2904 next_prio=120
            head-2904  [000] d...   955.841625: sched_switch: prev_comm=head prev_pid=2904 prev_prio=120 prev_state=S ==> next_comm=test_affinity next_pid=2893 next_prio=120
   test_affinity-2893  [000] d...   955.842249: sched_switch: prev_comm=test_affinity prev_pid=2893 prev_prio=120 prev_state=R ==> next_comm=rcu_sched next_pid=13 next_prio=120
   test_affinity-2896  [001] d...   955.842306: sched_switch: prev_comm=test_affinity prev_pid=2896 prev_prio=120 prev_state=R ==> next_comm=rcuos/2 next_pid=16 next_prio=120
       rcu_sched-13    [000] d...   955.842318: sched_switch: prev_comm=rcu_sched prev_pid=13 prev_prio=120 prev_state=S ==> next_comm=cat next_pid=2905 next_prio=120
         rcuos/2-16    [001] d...   955.842321: sched_switch: prev_comm=rcuos/2 prev_pid=16 prev_prio=120 prev_state=S ==> next_comm=test_affinity next_pid=2896 next_prio=120
   test_affinity-2894  [003] d...   955.842379: sched_switch: prev_comm=test_affinity prev_pid=2894 prev_prio=120 prev_state=R ==> next_comm=rcuos/3 next_pid=17 next_prio=120
             cat-2905  [000] d...   955.842380: sched_switch: prev_comm=cat prev_pid=2905 prev_prio=120 prev_state=R ==> next_comm=head next_pid=2904 next_prio=120
         rcuos/3-17    [003] d...   955.842399: sched_switch: prev_comm=rcuos/3 prev_pid=17 prev_prio=120 prev_state=S ==> next_comm=test_affinity next_pid=2894 next_prio=120
            head-2904  [000] d...   955.842402: sched_switch: prev_comm=head prev_pid=2904 prev_prio=120 prev_state=S ==> next_comm=cat next_pid=2905 next_prio=120
             cat-2905  [000] d...   955.842440: sched_switch: prev_comm=cat prev_pid=2905 prev_prio=120 prev_state=R ==> next_comm=head next_pid=2904 next_prio=120
            head-2904  [000] d...   955.842459: sched_switch: prev_comm=head prev_pid=2904 prev_prio=120 prev_state=S ==> next_comm=cat next_pid=2905 next_prio=120
             cat-2905  [000] d...   955.842494: sched_switch: prev_comm=cat prev_pid=2905 prev_prio=120 prev_state=R ==> next_comm=head next_pid=2904 next_prio=120
            head-2904  [000] d...   955.842512: sched_switch: prev_comm=head prev_pid=2904 prev_prio=120 prev_state=S ==> next_comm=cat next_pid=2905 next_prio=120
             cat-2905  [000] d...   955.842547: sched_switch: prev_comm=cat prev_pid=2905 prev_prio=120 prev_state=R ==> next_comm=head next_pid=2904 next_prio=120
            head-2904  [000] d...   955.842566: sched_switch: prev_comm=head prev_pid=2904 prev_prio=120 prev_state=S ==> next_comm=cat next_pid=2905 next_prio=120
             cat-2905  [000] d...   955.842601: sched_switch: prev_comm=cat prev_pid=2905 prev_prio=120 prev_state=R ==> next_comm=head next_pid=2904 next_prio=120
            head-2904  [000] d...   955.842620: sched_switch: prev_comm=head prev_pid=2904 prev_prio=120 prev_state=S ==> next_comm=cat next_pid=2905 next_prio=120
             cat-2905  [000] d...   955.842659: sched_switch: prev_comm=cat prev_pid=2905 prev_prio=120 prev_state=R ==> next_comm=head next_pid=2904 next_prio=120
            head-2904  [000] d...   955.842696: sched_switch: prev_comm=head prev_pid=2904 prev_prio=120 prev_state=S ==> next_comm=cat next_pid=2905 next_prio=120
             cat-2905  [000] d...   955.842733: sched_switch: prev_comm=cat prev_pid=2905 prev_prio=120 prev_state=R ==> next_comm=head next_pid=2904 next_prio=120
            head-2904  [000] d...   955.842752: sched_switch: prev_comm=head prev_pid=2904 prev_prio=120 prev_state=S ==> next_comm=cat next_pid=2905 next_prio=120
             cat-2905  [000] d...   955.842787: sched_switch: prev_comm=cat prev_pid=2905 prev_prio=120 prev_state=R ==> next_comm=head next_pid=2904 next_prio=120
            head-2904  [000] d...   955.842805: sched_switch: prev_comm=head prev_pid=2904 prev_prio=120 prev_state=S ==> next_comm=cat next_pid=2905 next_prio=120
             cat-2905  [000] d...   955.842840: sched_switch: prev_comm=cat prev_pid=2905 prev_prio=120 prev_state=R ==> next_comm=head next_pid=2904 next_prio=120
            head-2904  [000] d...   955.842859: sched_switch: prev_comm=head prev_pid=2904 prev_prio=120 prev_state=S ==> next_comm=cat next_pid=2905 next_prio=120
             cat-2905  [000] d...   955.842894: sched_switch: prev_comm=cat prev_pid=2905 prev_prio=120 prev_state=R ==> next_comm=head next_pid=2904 next_prio=120
            head-2904  [000] d...   955.842913: sched_switch: prev_comm=head prev_pid=2904 prev_prio=120 prev_state=S ==> next_comm=cat next_pid=2905 next_prio=120
             cat-2905  [000] d...   955.842947: sched_switch: prev_comm=cat prev_pid=2905 prev_prio=120 prev_state=R ==> next_comm=head next_pid=2904 next_prio=120
            head-2904  [000] d...   955.842966: sched_switch: prev_comm=head prev_pid=2904 prev_prio=120 prev_state=S ==> next_comm=cat next_pid=2905 next_prio=120
             cat-2905  [000] d...   955.843001: sched_switch: prev_comm=cat prev_pid=2905 prev_prio=120 prev_state=R ==> next_comm=head next_pid=2904 next_prio=120
            head-2904  [000] d...   955.843019: sched_switch: prev_comm=head prev_pid=2904 prev_prio=120 prev_state=S ==> next_comm=cat next_pid=2905 next_prio=120
             cat-2905  [000] d...   955.843054: sched_switch: prev_comm=cat prev_pid=2905 prev_prio=120 prev_state=R ==> next_comm=head next_pid=2904 next_prio=120
            head-2904  [000] d...   955.843072: sched_switch: prev_comm=head prev_pid=2904 prev_prio=120 prev_state=S ==> next_comm=cat next_pid=2905 next_prio=120
             cat-2905  [000] d...   955.843107: sched_switch: prev_comm=cat prev_pid=2905 prev_prio=120 prev_state=R ==> next_comm=head next_pid=2904 next_prio=120
            head-2904  [000] d...   955.843126: sched_switch: prev_comm=head prev_pid=2904 prev_prio=120 prev_state=S ==> next_comm=cat next_pid=2905 next_prio=120
             cat-2905  [000] d...   955.843161: sched_switch: prev_comm=cat prev_pid=2905 prev_prio=120 prev_state=R ==> next_comm=head next_pid=2904 next_prio=120
            head-2904  [000] d...   955.843179: sched_switch: prev_comm=head prev_pid=2904 prev_prio=120 prev_state=S ==> next_comm=cat next_pid=2905 next_prio=120
             cat-2905  [000] d...   955.843214: sched_switch: prev_comm=cat prev_pid=2905 prev_prio=120 prev_state=R ==> next_comm=head next_pid=2904 next_prio=120
            head-2904  [000] d...   955.843233: sched_switch: prev_comm=head prev_pid=2904 prev_prio=120 prev_state=S ==> next_comm=cat next_pid=2905 next_prio=120
             cat-2905  [000] d...   955.843268: sched_switch: prev_comm=cat prev_pid=2905 prev_prio=120 prev_state=R ==> next_comm=head next_pid=2904 next_prio=120
            head-2904  [000] d...   955.843286: sched_switch: prev_comm=head prev_pid=2904 prev_prio=120 prev_state=S ==> next_comm=cat next_pid=2905 next_prio=120
             cat-2905  [000] d...   955.843321: sched_switch: prev_comm=cat prev_pid=2905 prev_prio=120 prev_state=R ==> next_comm=head next_pid=2904 next_prio=120
            head-2904  [000] d...   955.843340: sched_switch: prev_comm=head prev_pid=2904 prev_prio=120 prev_state=S ==> next_comm=test_affinity next_pid=2893 next_prio=120
   test_affinity-2893  [000] d...   955.846248: sched_switch: prev_comm=test_affinity prev_pid=2893 prev_prio=120 prev_state=R ==> next_comm=rcu_sched next_pid=13 next_prio=120
       rcu_sched-13    [000] d...   955.846258: sched_switch: prev_comm=rcu_sched prev_pid=13 prev_prio=120 prev_state=S ==> next_comm=cat next_pid=2905 next_prio=120
             cat-2905  [000] d...   955.846301: sched_switch: prev_comm=cat prev_pid=2905 prev_prio=120 prev_state=R ==> next_comm=head next_pid=2904 next_prio=120
            head-2904  [000] d...   955.846335: sched_switch: prev_comm=head prev_pid=2904 prev_prio=120 prev_state=S ==> next_comm=cat next_pid=2905 next_prio=120
             cat-2905  [000] d...   955.846366: sched_switch: prev_comm=cat prev_pid=2905 prev_prio=120 prev_state=R ==> next_comm=head next_pid=2904 next_prio=120
            head-2904  [000] d...   955.846383: sched_switch: prev_comm=head prev_pid=2904 prev_prio=120 prev_state=S ==> next_comm=cat next_pid=2905 next_prio=120
             cat-2905  [000] d...   955.846411: sched_switch: prev_comm=cat prev_pid=2905 prev_prio=120 prev_state=R ==> next_comm=head next_pid=2904 next_prio=120
            head-2904  [000] d...   955.846427: sched_switch: prev_comm=head prev_pid=2904 prev_prio=120 prev_state=S ==> next_comm=cat next_pid=2905 next_prio=120
             cat-2905  [000] d...   955.846456: sched_switch: prev_comm=cat prev_pid=2905 prev_prio=120 prev_state=R ==> next_comm=head next_pid=2904 next_prio=120
            head-2904  [000] d...   955.846471: sched_switch: prev_comm=head prev_pid=2904 prev_prio=120 prev_state=S ==> next_comm=cat next_pid=2905 next_prio=120
             cat-2905  [000] d...   955.846499: sched_switch: prev_comm=cat prev_pid=2905 prev_prio=120 prev_state=R ==> next_comm=head next_pid=2904 next_prio=120
            head-2904  [000] d...   955.846514: sched_switch: prev_comm=head prev_pid=2904 prev_prio=120 prev_state=S ==> next_comm=cat next_pid=2905 next_prio=120
             cat-2905  [000] d...   955.846542: sched_switch: prev_comm=cat prev_pid=2905 prev_prio=120 prev_state=R ==> next_comm=head next_pid=2904 next_prio=120
            head-2904  [000] d...   955.846557: sched_switch: prev_comm=head prev_pid=2904 prev_prio=120 prev_state=S ==> next_comm=cat next_pid=2905 next_prio=120
             cat-2905  [000] d...   955.846586: sched_switch: prev_comm=cat prev_pid=2905 prev_prio=120 prev_state=R ==> next_comm=head next_pid=2904 next_prio=120
            head-2904  [000] d...   955.846601: sched_switch: prev_comm=head prev_pid=2904 prev_prio=120 prev_state=S ==> next_comm=cat next_pid=2905 next_prio=120
             cat-2905  [000] d...   955.846629: sched_switch: prev_comm=cat prev_pid=2905 prev_prio=120 prev_state=R ==> next_comm=head next_pid=2904 next_prio=120
            head-2904  [000] d...   955.846644: sched_switch: prev_comm=head prev_pid=2904 prev_prio=120 prev_state=S ==> next_comm=cat next_pid=2905 next_prio=120
             cat-2905  [000] d...   955.846672: sched_switch: prev_comm=cat prev_pid=2905 prev_prio=120 prev_state=R ==> next_comm=head next_pid=2904 next_prio=120
            head-2904  [000] d...   955.846687: sched_switch: prev_comm=head prev_pid=2904 prev_prio=120 prev_state=S ==> next_comm=cat next_pid=2905 next_prio=120
             cat-2905  [000] d...   955.846715: sched_switch: prev_comm=cat prev_pid=2905 prev_prio=120 prev_state=R ==> next_comm=head next_pid=2904 next_prio=120
            head-2904  [000] d...   955.846730: sched_switch: prev_comm=head prev_pid=2904 prev_prio=120 prev_state=S ==> next_comm=cat next_pid=2905 next_prio=120
             cat-2905  [000] d...   955.846759: sched_switch: prev_comm=cat prev_pid=2905 prev_prio=120 prev_state=R ==> next_comm=head next_pid=2904 next_prio=120
            head-2904  [000] d...   955.846774: sched_switch: prev_comm=head prev_pid=2904 prev_prio=120 prev_state=S ==> next_comm=cat next_pid=2905 next_prio=120
             cat-2905  [000] d...   955.846802: sched_switch: prev_comm=cat prev_pid=2905 prev_prio=120 prev_state=R ==> next_comm=head next_pid=2904 next_prio=120
            head-2904  [000] d...   955.846830: sched_switch: prev_comm=head prev_pid=2904 prev_prio=120 prev_state=S ==> next_comm=cat next_pid=2905 next_prio=120
             cat-2905  [000] d...   955.846860: sched_switch: prev_comm=cat prev_pid=2905 prev_prio=120 prev_state=R ==> next_comm=head next_pid=2904 next_prio=120
            head-2904  [000] d...   955.846875: sched_switch: prev_comm=head prev_pid=2904 prev_prio=120 prev_state=S ==> next_comm=cat next_pid=2905 next_prio=120
             cat-2905  [000] d...   955.846903: sched_switch: prev_comm=cat prev_pid=2905 prev_prio=120 prev_state=R ==> next_comm=head next_pid=2904 next_prio=120
            head-2904  [000] d...   955.846918: sched_switch: prev_comm=head prev_pid=2904 prev_prio=120 prev_state=S ==> next_comm=cat next_pid=2905 next_prio=120
             cat-2905  [000] d...   955.846946: sched_switch: prev_comm=cat prev_pid=2905 prev_prio=120 prev_state=R ==> next_comm=head next_pid=2904 next_prio=120
            head-2904  [000] d...   955.846961: sched_switch: prev_comm=head prev_pid=2904 prev_prio=120 prev_state=S ==> next_comm=cat next_pid=2905 next_prio=120
             cat-2905  [000] d...   955.846990: sched_switch: prev_comm=cat prev_pid=2905 prev_prio=120 prev_state=R ==> next_comm=head next_pid=2904 next_prio=120
            head-2904  [000] d...   955.847005: sched_switch: prev_comm=head prev_pid=2904 prev_prio=120 prev_state=S ==> next_comm=cat next_pid=2905 next_prio=120
             cat-2905  [000] d...   955.847037: sched_switch: prev_comm=cat prev_pid=2905 prev_prio=120 prev_state=R ==> next_comm=head next_pid=2904 next_prio=120
            head-2904  [000] d...   955.847052: sched_switch: prev_comm=head prev_pid=2904 prev_prio=120 prev_state=S ==> next_comm=cat next_pid=2905 next_prio=120
             cat-2905  [000] d...   955.847081: sched_switch: prev_comm=cat prev_pid=2905 prev_prio=120 prev_state=R ==> next_comm=head next_pid=2904 next_prio=120
            head-2904  [000] d...   955.847096: sched_switch: prev_comm=head prev_pid=2904 prev_prio=120 prev_state=S ==> next_comm=cat next_pid=2905 next_prio=120
             cat-2905  [000] d...   955.847124: sched_switch: prev_comm=cat prev_pid=2905 prev_prio=120 prev_state=R ==> next_comm=head next_pid=2904 next_prio=120
            head-2904  [000] d...   955.847139: sched_switch: prev_comm=head prev_pid=2904 prev_prio=120 prev_state=S ==> next_comm=cat next_pid=2905 next_prio=120
             cat-2905  [000] d...   955.847168: sched_switch: prev_comm=cat prev_pid=2905 prev_prio=120 prev_state=R ==> next_comm=head next_pid=2904 next_prio=120
            head-2904  [000] d...   955.847183: sched_switch: prev_comm=head prev_pid=2904 prev_prio=120 prev_state=S ==> next_comm=cat next_pid=2905 next_prio=120
             cat-2905  [000] d...   955.847211: sched_switch: prev_comm=cat prev_pid=2905 prev_prio=120 prev_state=R ==> next_comm=head next_pid=2904 next_prio=120
            head-2904  [000] d...   955.847226: sched_switch: prev_comm=head prev_pid=2904 prev_prio=120 prev_state=S ==> next_comm=cat next_pid=2905 next_prio=120
             cat-2905  [000] d...   955.847254: sched_switch: prev_comm=cat prev_pid=2905 prev_prio=120 prev_state=R ==> next_comm=head next_pid=2904 next_prio=120
            head-2904  [000] d...   955.847269: sched_switch: prev_comm=head prev_pid=2904 prev_prio=120 prev_state=S ==> next_comm=cat next_pid=2905 next_prio=120
             cat-2905  [000] d...   955.847297: sched_switch: prev_comm=cat prev_pid=2905 prev_prio=120 prev_state=R ==> next_comm=head next_pid=2904 next_prio=120
            head-2904  [000] d...   955.847313: sched_switch: prev_comm=head prev_pid=2904 prev_prio=120 prev_state=S ==> next_comm=cat next_pid=2905 next_prio=120
             cat-2905  [000] d...   955.847341: sched_switch: prev_comm=cat prev_pid=2905 prev_prio=120 prev_state=R ==> next_comm=head next_pid=2904 next_prio=120
            head-2904  [000] d...   955.847356: sched_switch: prev_comm=head prev_pid=2904 prev_prio=120 prev_state=S ==> next_comm=cat next_pid=2905 next_prio=120
             cat-2905  [000] d...   955.847384: sched_switch: prev_comm=cat prev_pid=2905 prev_prio=120 prev_state=R ==> next_comm=head next_pid=2904 next_prio=120
            head-2904  [000] d...   955.847410: sched_switch: prev_comm=head prev_pid=2904 prev_prio=120 prev_state=S ==> next_comm=cat next_pid=2905 next_prio=120
             cat-2905  [000] d...   955.847440: sched_switch: prev_comm=cat prev_pid=2905 prev_prio=120 prev_state=R ==> next_comm=head next_pid=2904 next_prio=120
            head-2904  [000] d...   955.847455: sched_switch: prev_comm=head prev_pid=2904 prev_prio=120 prev_state=S ==> next_comm=cat next_pid=2905 next_prio=120
             cat-2905  [000] d...   955.847483: sched_switch: prev_comm=cat prev_pid=2905 prev_prio=120 prev_state=R ==> next_comm=head next_pid=2904 next_prio=120
            head-2904  [000] d...   955.847499: sched_switch: prev_comm=head prev_pid=2904 prev_prio=120 prev_state=S ==> next_comm=cat next_pid=2905 next_prio=120
             cat-2905  [000] d...   955.847527: sched_switch: prev_comm=cat prev_pid=2905 prev_prio=120 prev_state=R ==> next_comm=head next_pid=2904 next_prio=120
            head-2904  [000] d...   955.847542: sched_switch: prev_comm=head prev_pid=2904 prev_prio=120 prev_state=S ==> next_comm=cat next_pid=2905 next_prio=120
             cat-2905  [000] d...   955.847570: sched_switch: prev_comm=cat prev_pid=2905 prev_prio=120 prev_state=R ==> next_comm=head next_pid=2904 next_prio=120
            head-2904  [000] d...   955.847585: sched_switch: prev_comm=head prev_pid=2904 prev_prio=120 prev_state=S ==> next_comm=cat next_pid=2905 next_prio=120
             cat-2905  [000] d...   955.847613: sched_switch: prev_comm=cat prev_pid=2905 prev_prio=120 prev_state=R ==> next_comm=head next_pid=2904 next_prio=120
            head-2904  [000] d...   955.847628: sched_switch: prev_comm=head prev_pid=2904 prev_prio=120 prev_state=S ==> next_comm=cat next_pid=2905 next_prio=120
             cat-2905  [000] d...   955.847657: sched_switch: prev_comm=cat prev_pid=2905 prev_prio=120 prev_state=R ==> next_comm=head next_pid=2904 next_prio=120
            head-2904  [000] d...   955.847672: sched_switch: prev_comm=head prev_pid=2904 prev_prio=120 prev_state=S ==> next_comm=cat next_pid=2905 next_prio=120
             cat-2905  [000] d...   955.847700: sched_switch: prev_comm=cat prev_pid=2905 prev_prio=120 prev_state=R ==> next_comm=head next_pid=2904 next_prio=120
            head-2904  [000] d...   955.847715: sched_switch: prev_comm=head prev_pid=2904 prev_prio=120 prev_state=S ==> next_comm=cat next_pid=2905 next_prio=120
             cat-2905  [000] d...   955.847743: sched_switch: prev_comm=cat prev_pid=2905 prev_prio=120 prev_state=R ==> next_comm=head next_pid=2904 next_prio=120
            head-2904  [000] d...   955.847758: sched_switch: prev_comm=head prev_pid=2904 prev_prio=120 prev_state=S ==> next_comm=cat next_pid=2905 next_prio=120
             cat-2905  [000] d...   955.847787: sched_switch: prev_comm=cat prev_pid=2905 prev_prio=120 prev_state=R ==> next_comm=head next_pid=2904 next_prio=120
            head-2904  [000] d...   955.847802: sched_switch: prev_comm=head prev_pid=2904 prev_prio=120 prev_state=S ==> next_comm=cat next_pid=2905 next_prio=120
             cat-2905  [000] d...   955.847830: sched_switch: prev_comm=cat prev_pid=2905 prev_prio=120 prev_state=R ==> next_comm=head next_pid=2904 next_prio=120
            head-2904  [000] d...   955.847845: sched_switch: prev_comm=head prev_pid=2904 prev_prio=120 prev_state=S ==> next_comm=cat next_pid=2905 next_prio=120
             cat-2905  [000] d...   955.847873: sched_switch: prev_comm=cat prev_pid=2905 prev_prio=120 prev_state=R ==> next_comm=head next_pid=2904 next_prio=120
            head-2904  [000] d...   955.847888: sched_switch: prev_comm=head prev_pid=2904 prev_prio=120 prev_state=S ==> next_comm=cat next_pid=2905 next_prio=120
             cat-2905  [000] d...   955.847917: sched_switch: prev_comm=cat prev_pid=2905 prev_prio=120 prev_state=R ==> next_comm=head next_pid=2904 next_prio=120
            head-2904  [000] d...   955.847942: sched_switch: prev_comm=head prev_pid=2904 prev_prio=120 prev_state=S ==> next_comm=cat next_pid=2905 next_prio=120
             cat-2905  [000] d...   955.847971: sched_switch: prev_comm=cat prev_pid=2905 prev_prio=120 prev_state=R ==> next_comm=head next_pid=2904 next_prio=120
            head-2904  [000] d...   955.847987: sched_switch: prev_comm=head prev_pid=2904 prev_prio=120 prev_state=S ==> next_comm=cat next_pid=2905 next_prio=120
