          <idle>-0     [003] d...   961.085262: sched_switch: prev_comm=swapper/3 prev_pid=0 prev_prio=120 prev_state=R ==> next_comm=kworker/u9:1 next_pid=155 next_prio=100
    kworker/u9:1-155   [003] d...   961.085284: sched_switch: prev_comm=kworker/u9:1 prev_pid=155 prev_prio=100 prev_state=S ==> next_comm=swapper/3 next_pid=0 next_prio=120
          <idle>-0     [001] d...   961.085466: sched_switch: prev_comm=swapper/1 prev_pid=0 prev_prio=120 prev_state=R ==> next_comm=X11-NOTIFY next_pid=1293 next_prio=120
      X11-NOTIFY-1293  [001] d...   961.085521: sched_switch: prev_comm=X11-NOTIFY prev_pid=1293 prev_prio=120 prev_state=S ==> next_comm=swapper/1 next_pid=0 next_prio=120
   test_affinity-2915  [000] d...   961.086118: sched_switch: prev_comm=test_affinity prev_pid=2915 prev_prio=120 prev_state=R ==> next_comm=test_affinity next_pid=2918 next_prio=120
          <idle>-0     [002] d...   961.088328: sched_switch: prev_comm=swapper/2 prev_pid=0 prev_prio=120 prev_state=R ==> next_comm=jbd2/sda1-8 next_pid=156 next_prio=120
          <idle>-0     [003] d...   961.088341: sched_switch: prev_comm=swapper/3 prev_pid=0 prev_prio=120 prev_state=R ==> next_comm=kworker/u9:1 next_pid=155 next_prio=100
    kworker/u9:1-155   [003] d...   961.088360: sched_switch: prev_comm=kworker/u9:1 prev_pid=155 prev_prio=100 prev_state=S ==> next_comm=swapper/3 next_pid=0 next_prio=120
     jbd2/sda1-8-156   [002] d...   961.088371: sched_switch: prev_comm=jbd2/sda1-8 prev_pid=156 prev_prio=120 prev_state=S ==> next_comm=swapper/2 next_pid=0 next_prio=120
   test_affinity-2918  [000] d...   961.095155: sched_switch: prev_comm=test_affinity prev_pid=2918 prev_prio=120 prev_state=R ==> next_comm=test_affinity next_pid=2916 next_prio=120
   test_affinity-2916  [000] d...   961.102127: sched_switch: prev_comm=test_affinity prev_pid=2916 prev_prio=120 prev_state=R ==> next_comm=test_affinity next_pid=2917 next_prio=120
   test_affinity-2917  [000] d...   961.106941: sched_switch: prev_comm=test_affinity prev_pid=2917 prev_prio=120 prev_state=R ==> next_comm=test_affinity next_pid=2915 next_prio=120
          <idle>-0     [001] d...   961.110698: sched_switch: prev_comm=swapper/1 prev_pid=0 prev_prio=120 prev_state=R ==> next_comm=X11-NOTIFY next_pid=1293 next_prio=120
      X11-NOTIFY-1293  [001] d...   961.110748: sched_switch: prev_comm=X11-NOTIFY prev_pid=1293 prev_prio=120 prev_state=S ==> next_comm=swapper/1 next_pid=0 next_prio=120
   test_affinity-2915  [000] d...   961.114146: sched_switch: prev_comm=test_affinity prev_pid=2915 prev_prio=120 prev_state=R ==> next_comm=test_affinity next_pid=2917 next_prio=120
   test_affinity-2917  [000] d...   961.118966: sched_switch: prev_comm=test_affinity prev_pid=2917 prev_prio=120 prev_state=R ==> next_comm=test_affinity next_pid=2916 next_prio=120
   test_affinity-2916  [000] d...   961.126829: sched_switch: prev_comm=test_affinity prev_pid=2916 prev_prio=120 prev_state=R ==> next_comm=test_affinity next_pid=2918 next_prio=120
   test_affinity-2918  [000] d...   961.134154: sched_switch: prev_comm=test_affinity prev_pid=2918 prev_prio=120 prev_state=R ==> next_comm=test_affinity next_pid=2917 next_prio=120
          <idle>-0     [001] d...   961.135921: sched_switch: prev_comm=swapper/1 prev_pid=0 prev_prio=120 prev_state=R ==> next_comm=X11-NOTIFY next_pid=1293 next_prio=120
      X11-NOTIFY-1293  [001] d...   961.135958: sched_switch: prev_comm=X11-NOTIFY prev_pid=1293 prev_prio=120 prev_state=S ==> next_comm=swapper/1 next_pid=0 next_prio=120
   test_affinity-2917  [000] d...   961.138848: sched_switch: prev_comm=test_affinity prev_pid=2917 prev_prio=120 prev_state=R ==> next_comm=test_affinity next_pid=2915 next_prio=120
   test_affinity-2915  [000] d...   961.146169: sched_switch: prev_comm=test_affinity prev_pid=2915 prev_prio=120 prev_state=R ==> next_comm=test_affinity next_pid=2918 next_prio=120
   test_affinity-2918  [000] d...   961.151167: sched_switch: prev_comm=test_affinity prev_pid=2918 prev_prio=120 prev_state=R ==> next_comm=test_affinity next_pid=2916 next_prio=120
   test_affinity-2916  [000] d...   961.158189: sched_switch: prev_comm=test_affinity prev_pid=2916 prev_prio=120 prev_state=R ==> next_comm=test_affinity next_pid=2917 next_prio=120
          <idle>-0     [001] d...   961.161127: sched_switch: prev_comm=swapper/1 prev_pid=0 prev_prio=120 prev_state=R ==> next_comm=X11-NOTIFY next_pid=1293 next_prio=120
      X11-NOTIFY-1293  [001] d...   961.161159: sched_switch: prev_comm=X11-NOTIFY prev_pid=1293 prev_prio=120 prev_state=S ==> next_comm=swapper/1 next_pid=0 next_prio=120
   test_affinity-2917  [000] d...   961.166177: sched_switch: prev_comm=test_affinity prev_pid=2917 prev_prio=120 prev_state=R ==> next_comm=test_affinity next_pid=2918 next_prio=120
   test_affinity-2918  [000] d...   961.171023: sched_switch: prev_comm=test_affinity prev_pid=2918 prev_prio=120 prev_state=R ==> next_comm=test_affinity next_pid=2915 next_prio=120
          <idle>-0     [002] d...   961.174313: sched_switch: prev_comm=swapper/2 prev_pid=0 prev_prio=120 prev_state=R ==> next_comm=cat next_pid=2927 next_prio=120
          <idle>-0     [001] d...   961.174484: sched_switch: prev_comm=swapper/1 prev_pid=0 prev_prio=120 prev_state=R ==> next_comm=head next_pid=2926 next_prio=120
             cat-2927  [002] d...   961.174497: sched_switch: prev_comm=cat prev_pid=2927 prev_prio=120 prev_state=S ==> next_comm=swapper/2 next_pid=0 next_prio=120
            head-2926  [001] d...   961.174577: sched_switch: prev_comm=head prev_pid=2926 prev_prio=120 prev_state=S ==> next_comm=swapper/1 next_pid=0 next_prio=120
   test_affinity-2915  [000] d...   961.178889: sched_switch: prev_comm=test_affinity prev_pid=2915 prev_prio=120 prev_state=R ==> next_comm=test_affinity next_pid=2916 next_prio=120
          <idle>-0     [003] d...   961.184743: sched_switch: prev_comm=swapper/3 prev_pid=0 prev_prio=120 prev_state=R ==> next_comm=compiz next_pid=1774 next_prio=120
          compiz-1774  [003] d...   961.184938: sched_switch: prev_comm=compiz prev_pid=1774 prev_prio=120 prev_state=S ==> next_comm=swapper/3 next_pid=0 next_prio=120
   test_affinity-2916  [000] d...   961.186281: sched_switch: prev_comm=test_affinity prev_pid=2916 prev_prio=120 prev_state=R ==> next_comm=test_affinity next_pid=2917 next_prio=120
          <idle>-0     [001] d...   961.186312: sched_switch: prev_comm=swapper/1 prev_pid=0 prev_prio=120 prev_state=R ==> next_comm=X11-NOTIFY next_pid=1293 next_prio=120
      X11-NOTIFY-1293  [001] d...   961.186345: sched_switch: prev_comm=X11-NOTIFY prev_pid=1293 prev_prio=120 prev_state=S ==> next_comm=swapper/1 next_pid=0 next_prio=120
   test_affinity-2917  [000] d...   961.195046: sched_switch: prev_comm=test_affinity prev_pid=2917 prev_prio=120 prev_state=R ==> next_comm=test_affinity next_pid=2918 next_prio=120
   test_affinity-2918  [000] d...   961.202209: sched_switch: prev_comm=test_affinity prev_pid=2918 prev_prio=120 prev_state=R ==> next_comm=test_affinity next_pid=2915 next_prio=120
   test_affinity-2915  [000] d...   961.211240: sched_switch: prev_comm=test_affinity prev_pid=2915 prev_prio=120 prev_state=R ==> next_comm=test_affinity next_pid=2916 next_prio=120
          <idle>-0     [001] d...   961.211513: sched_switch: prev_comm=swapper/1 prev_pid=0 prev_prio=120 prev_state=R ==> next_comm=X11-NOTIFY next_pid=1293 next_prio=120
      X11-NOTIFY-1293  [001] d...   961.211555: sched_switch: prev_comm=X11-NOTIFY prev_pid=1293 prev_prio=120 prev_state=S ==> next_comm=swapper/1 next_pid=0 next_prio=120
   test_affinity-2916  [000] d...   961.218224: sched_switch: prev_comm=test_affinity prev_pid=2916 prev_prio=120 prev_state=R ==> next_comm=test_affinity next_pid=2917 next_prio=120
   test_affinity-2917  [000] d...   961.223164: sched_switch: prev_comm=test_affinity prev_pid=2917 prev_prio=120 prev_state=R ==> next_comm=test_affinity next_pid=2918 next_prio=120
   test_affinity-2918  [000] d...   961.230225: sched_switch: prev_comm=test_affinity prev_pid=2918 prev_prio=120 prev_state=R ==> next_comm=test_affinity next_pid=2916 next_prio=120
          <idle>-0     [001] d...   961.237618: sched_switch: prev_comm=swapper/1 prev_pid=0 prev_prio=120 prev_state=R ==> next_comm=X11-NOTIFY next_pid=1293 next_prio=120
      X11-NOTIFY-1293  [001] d...   961.237706: sched_switch: prev_comm=X11-NOTIFY prev_pid=1293 prev_prio=120 prev_state=S ==> next_comm=swapper/1 next_pid=0 next_prio=120
   test_affinity-2916  [000] d...   961.238231: sched_switch: prev_comm=test_affinity prev_pid=2916 prev_prio=120 prev_state=R ==> next_comm=test_affinity next_pid=2915 next_prio=120
   test_affinity-2915  [000] d...   961.246257: sched_switch: prev_comm=test_affinity prev_pid=2915 prev_prio=120 prev_state=R ==> next_comm=test_affinity next_pid=2917 next_prio=120
   test_affinity-2917  [000] d...   961.254267: sched_switch: prev_comm=test_affinity prev_pid=2917 prev_prio=120 prev_state=R ==> next_comm=test_affinity next_pid=2918 next_prio=120
          <idle>-0     [001] d...   961.262887: sched_switch: prev_comm=swapper/1 prev_pid=0 prev_prio=120 prev_state=R ==> next_comm=X11-NOTIFY next_pid=1293 next_prio=120
      X11-NOTIFY-1293  [001] d...   961.262930: sched_switch: prev_comm=X11-NOTIFY prev_pid=1293 prev_prio=120 prev_state=S ==> next_comm=swapper/1 next_pid=0 next_prio=120
   test_affinity-2918  [000] d...   961.266259: sched_switch: prev_comm=test_affinity prev_pid=2918 prev_prio=120 prev_state=R ==> next_comm=test_affinity next_pid=2916 next_prio=120
   test_affinity-2916  [000] d...   961.275324: sched_switch: prev_comm=test_affinity prev_pid=2916 prev_prio=120 prev_state=R ==> next_comm=test_affinity next_pid=2917 next_prio=120
          <idle>-0     [002] d...   961.275568: sched_switch: prev_comm=swapper/2 prev_pid=0 prev_prio=120 prev_state=R ==> next_comm=cat next_pid=2927 next_prio=120
          <idle>-0     [001] d...   961.275760: sched_switch: prev_comm=swapper/1 prev_pid=0 prev_prio=120 prev_state=R ==> next_comm=head next_pid=2926 next_prio=120
             cat-2927  [002] d...   961.275762: sched_switch: prev_comm=cat prev_pid=2927 prev_prio=120 prev_state=S ==> next_comm=swapper/2 next_pid=0 next_prio=120
            head-2926  [001] d...   961.275842: sched_switch: prev_comm=head prev_pid=2926 prev_prio=120 prev_state=S ==> next_comm=swapper/1 next_pid=0 next_prio=120
   test_affinity-2917  [000] d...   961.282337: sched_switch: prev_comm=test_affinity prev_pid=2917 prev_prio=120 prev_state=R ==> next_comm=test_affinity next_pid=2915 next_prio=120
          <idle>-0     [001] d...   961.288104: sched_switch: prev_comm=swapper/1 prev_pid=0 prev_prio=120 prev_state=R ==> next_comm=X11-NOTIFY next_pid=1293 next_prio=120
      X11-NOTIFY-1293  [001] d...   961.288136: sched_switch: prev_comm=X11-NOTIFY prev_pid=1293 prev_prio=120 prev_state=S ==> next_comm=swapper/1 next_pid=0 next_prio=120
   test_affinity-2915  [000] d...   961.291025: sched_switch: prev_comm=test_affinity prev_pid=2915 prev_prio=120 prev_state=R ==> next_comm=test_affinity next_pid=2918 next_prio=120
   test_affinity-2918  [000] d...   961.298298: sched_switch: prev_comm=test_affinity prev_pid=2918 prev_prio=120 prev_state=R ==> next_comm=test_affinity next_pid=2917 next_prio=120
   test_affinity-2917  [000] d...   961.306293: sched_switch: prev_comm=test_affinity prev_pid=2917 prev_prio=120 prev_state=R ==> next_comm=test_affinity next_pid=2915 next_prio=120
          <idle>-0     [001] d...   961.314041: sched_switch: prev_comm=swapper/1 prev_pid=0 prev_prio=120 prev_state=R ==> next_comm=X11-NOTIFY next_pid=1293 next_prio=120
          <idle>-0     [003] d...   961.314061: sched_switch: prev_comm=swapper/3 prev_pid=0 prev_prio=120 prev_state=R ==> next_comm=automount next_pid=1033 next_prio=120
      X11-NOTIFY-1293  [001] d...   961.314081: sched_switch: prev_comm=X11-NOTIFY prev_pid=1293 prev_prio=120 prev_state=S ==> next_comm=swapper/1 next_pid=0 next_prio=120
       automount-1033  [003] d...   961.314098: sched_switch: prev_comm=automount prev_pid=1033 prev_prio=120 prev_state=S ==> next_comm=swapper/3 next_pid=0 next_prio=120
   test_affinity-2915  [000] d...   961.314289: sched_switch: prev_comm=test_affinity prev_pid=2915 prev_prio=120 prev_state=R ==> next_comm=test_affinity next_pid=2916 next_prio=120
   test_affinity-2916  [000] d...   961.322300: sched_switch: prev_comm=test_affinity prev_pid=2916 prev_prio=120 prev_state=R ==> next_comm=test_affinity next_pid=2918 next_prio=120
   test_affinity-2918  [000] d...   961.331276: sched_switch: prev_comm=test_affinity prev_pid=2918 prev_prio=120 prev_state=R ==> next_comm=test_affinity next_pid=2917 next_prio=120
   test_affinity-2917  [000] d...   961.338323: sched_switch: prev_comm=test_affinity prev_pid=2917 prev_prio=120 prev_state=R ==> next_comm=test_affinity next_pid=2915 next_prio=120
          <idle>-0     [001] d...   961.339248: sched_switch: prev_comm=swapper/1 prev_pid=0 prev_prio=120 prev_state=R ==> next_comm=X11-NOTIFY next_pid=1293 next_prio=120
      X11-NOTIFY-1293  [001] d...   961.339285: sched_switch: prev_comm=X11-NOTIFY prev_pid=1293 prev_prio=120 prev_state=S ==> next_comm=swapper/1 next_pid=0 next_prio=120
   test_affinity-2915  [000] d...   961.347254: sched_switch: prev_comm=test_affinity prev_pid=2915 prev_prio=120 prev_state=R ==> next_comm=test_affinity next_pid=2916 next_prio=120
   test_affinity-2916  [000] d...   961.354326: sched_switch: prev_comm=test_affinity prev_pid=2916 prev_prio=120 prev_state=R ==> next_comm=test_affinity next_pid=2917 next_prio=120
   test_affinity-2917  [000] d...   961.363473: sched_switch: prev_comm=test_affinity prev_pid=2917 prev_prio=120 prev_state=R ==> next_comm=test_affinity next_pid=2918 next_prio=120
          <idle>-0     [001] d...   961.364458: sched_switch: prev_comm=swapper/1 prev_pid=0 prev_prio=120 prev_state=R ==> next_comm=X11-NOTIFY next_pid=1293 next_prio=120
      X11-NOTIFY-1293  [001] d...   961.364488: sched_switch: prev_comm=X11-NOTIFY prev_pid=1293 prev_prio=120 prev_state=S ==> next_comm=swapper/1 next_pid=0 next_prio=120
          <idle>-0     [003] d...   961.366424: sched_switch: prev_comm=swapper/3 prev_pid=0 prev_prio=120 prev_state=R ==> next_comm=kworker/u8:2 next_pid=2747 next_prio=120
    kworker/u8:2-2747  [003] d...   961.366570: sched_switch: prev_comm=kworker/u8:2 prev_pid=2747 prev_prio=120 prev_state=D ==> next_comm=kworker/3:1 next_pid=46 next_prio=120
     kworker/3:1-46    [003] d...   961.366625: sched_switch: prev_comm=kworker/3:1 prev_pid=46 prev_prio=120 prev_state=S ==> next_comm=swapper/3 next_pid=0 next_prio=120
          <idle>-0     [003] d...   961.366863: sched_switch: prev_comm=swapper/3 prev_pid=0 prev_prio=120 prev_state=R ==> next_comm=kworker/u8:2 next_pid=2747 next_prio=120
    kworker/u8:2-2747  [003] d...   961.366886: sched_switch: prev_comm=kworker/u8:2 prev_pid=2747 prev_prio=120 prev_state=S ==> next_comm=swapper/3 next_pid=0 next_prio=120
   test_affinity-2918  [000] d...   961.370341: sched_switch: prev_comm=test_affinity prev_pid=2918 prev_prio=120 prev_state=R ==> next_comm=test_affinity next_pid=2916 next_prio=120
          <idle>-0     [003] d...   961.370388: sched_switch: prev_comm=swapper/3 prev_pid=0 prev_prio=120 prev_state=R ==> next_comm=khungtaskd next_pid=47 next_prio=120
      khungtaskd-47    [003] d...   961.370446: sched_switch: prev_comm=khungtaskd prev_pid=47 prev_prio=120 prev_state=S ==> next_comm=swapper/3 next_pid=0 next_prio=120
          <idle>-0     [002] d...   961.374443: sched_switch: prev_comm=swapper/2 prev_pid=0 prev_prio=120 prev_state=R ==> next_comm=cat next_pid=2927 next_prio=120
          <idle>-0     [001] d...   961.374608: sched_switch: prev_comm=swapper/1 prev_pid=0 prev_prio=120 prev_state=R ==> next_comm=head next_pid=2926 next_prio=120
             cat-2927  [002] d...   961.374610: sched_switch: prev_comm=cat prev_pid=2927 prev_prio=120 prev_state=S ==> next_comm=swapper/2 next_pid=0 next_prio=120
            head-2926  [001] d...   961.374701: sched_switch: prev_comm=head prev_pid=2926 prev_prio=120 prev_state=S ==> next_comm=swapper/1 next_pid=0 next_prio=120
   test_affinity-2916  [000] d...   961.379525: sched_switch: prev_comm=test_affinity prev_pid=2916 prev_prio=120 prev_state=R ==> next_comm=test_affinity next_pid=2915 next_prio=120
   test_affinity-2915  [000] d...   961.386358: sched_switch: prev_comm=test_affinity prev_pid=2915 prev_prio=120 prev_state=R ==> next_comm=test_affinity next_pid=2918 next_prio=120
          <idle>-0     [001] d...   961.390342: sched_switch: prev_comm=swapper/1 prev_pid=0 prev_prio=120 prev_state=R ==> next_comm=X11-NOTIFY next_pid=1293 next_prio=120
      X11-NOTIFY-1293  [001] d...   961.390376: sched_switch: prev_comm=X11-NOTIFY prev_pid=1293 prev_prio=120 prev_state=S ==> next_comm=swapper/1 next_pid=0 next_prio=120
   test_affinity-2918  [000] d...   961.394986: sched_switch: prev_comm=test_affinity prev_pid=2918 prev_prio=120 prev_state=R ==> next_comm=test_affinity next_pid=2917 next_prio=120
   test_affinity-2917  [000] d...   961.403118: sched_switch: prev_comm=test_affinity prev_pid=2917 prev_prio=120 prev_state=R ==> next_comm=test_affinity next_pid=2915 next_prio=120
   test_affinity-2915  [000] d...   961.411396: sched_switch: prev_comm=test_affinity prev_pid=2915 prev_prio=120 prev_state=R ==> next_comm=test_affinity next_pid=2916 next_prio=120
          <idle>-0     [001] d...   961.415549: sched_switch: prev_comm=swapper/1 prev_pid=0 prev_prio=120 prev_state=R ==> next_comm=X11-NOTIFY next_pid=1293 next_prio=120
      X11-NOTIFY-1293  [001] d...   961.415579: sched_switch: prev_comm=X11-NOTIFY prev_pid=1293 prev_prio=120 prev_state=S ==> next_comm=swapper/1 next_pid=0 next_prio=120
   test_affinity-2916  [000] d...   961.418369: sched_switch: prev_comm=test_affinity prev_pid=2916 prev_prio=120 prev_state=R ==> next_comm=test_affinity next_pid=2918 next_prio=120
   test_affinity-2918  [000] d...   961.427399: sched_switch: prev_comm=test_affinity prev_pid=2918 prev_prio=120 prev_state=R ==> next_comm=test_affinity next_pid=2917 next_prio=120
   test_affinity-2917  [000] d...   961.434397: sched_switch: prev_comm=test_affinity prev_pid=2917 prev_prio=120 prev_state=R ==> next_comm=test_affinity next_pid=2916 next_prio=120
          <idle>-0     [001] d...   961.437672: sched_switch: prev_comm=swapper/1 prev_pid=0 prev_prio=120 prev_state=R ==> next_comm=gmain next_pid=2079 next_prio=120
           gmain-2079  [001] d...   961.437765: sched_switch: prev_comm=gmain prev_pid=2079 prev_prio=120 prev_state=S ==> next_comm=swapper/1 next_pid=0 next_prio=120
          <idle>-0     [003] d...   961.437926: sched_switch: prev_comm=swapper/3 prev_pid=0 prev_prio=120 prev_state=R ==> next_comm=gmain next_pid=2080 next_prio=120
          <idle>-0     [001] d...   961.437936: sched_switch: prev_comm=swapper/1 prev_pid=0 prev_prio=120 prev_state=R ==> next_comm=indicator-datet next_pid=1546 next_prio=120
 indicator-datet-1546  [001] d...   961.438038: sched_switch: prev_comm=indicator-datet prev_pid=1546 prev_prio=120 prev_state=S ==> next_comm=swapper/1 next_pid=0 next_prio=120
           gmain-2080  [003] d...   961.438057: sched_switch: prev_comm=gmain prev_pid=2080 prev_prio=120 prev_state=S ==> next_comm=swapper/3 next_pid=0 next_prio=120
   test_affinity-2916  [000] d...   961.439263: sched_switch: prev_comm=test_affinity prev_pid=2916 prev_prio=120 prev_state=R ==> next_comm=test_affinity next_pid=2915 next_prio=120
          <idle>-0     [001] d...   961.440839: sched_switch: prev_comm=swapper/1 prev_pid=0 prev_prio=120 prev_state=R ==> next_comm=X11-NOTIFY next_pid=1293 next_prio=120
      X11-NOTIFY-1293  [001] d...   961.440880: sched_switch: prev_comm=X11-NOTIFY prev_pid=1293 prev_prio=120 prev_state=S ==> next_comm=swapper/1 next_pid=0 next_prio=120
   test_affinity-2915  [000] d...   961.447276: sched_switch: prev_comm=test_affinity prev_pid=2915 prev_prio=120 prev_state=R ==> next_comm=test_affinity next_pid=2916 next_prio=120
   test_affinity-2916  [000] d...   961.454401: sched_switch: prev_comm=test_affinity prev_pid=2916 prev_prio=120 prev_state=R ==> next_comm=test_affinity next_pid=2917 next_prio=120
          <idle>-0     [001] d...   961.461449: sched_switch: prev_comm=swapper/1 prev_pid=0 prev_prio=120 prev_state=R ==> next_comm=gnome-terminal next_pid=2123 next_prio=120
  gnome-terminal-2123  [001] d...   961.462113: sched_switch: prev_comm=gnome-terminal prev_pid=2123 prev_prio=120 prev_state=S ==> next_comm=swapper/1 next_pid=0 next_prio=120
          <idle>-0     [002] d...   961.462191: sched_switch: prev_comm=swapper/2 prev_pid=0 prev_prio=120 prev_state=R ==> next_comm=Xorg next_pid=936 next_prio=120
   test_affinity-2917  [000] d...   961.462411: sched_switch: prev_comm=test_affinity prev_pid=2917 prev_prio=120 prev_state=R ==> next_comm=test_affinity next_pid=2918 next_prio=120
          <idle>-0     [003] d...   961.462844: sched_switch: prev_comm=swapper/3 prev_pid=0 prev_prio=120 prev_state=R ==> next_comm=compiz next_pid=1774 next_prio=120
          <idle>-0     [001] d...   961.462900: sched_switch: prev_comm=swapper/1 prev_pid=0 prev_prio=120 prev_state=R ==> next_comm=gnome-terminal next_pid=2123 next_prio=120
            Xorg-936   [002] d...   961.462913: sched_switch: prev_comm=Xorg prev_pid=936 prev_prio=120 prev_state=S ==> next_comm=swapper/2 next_pid=0 next_prio=120
  gnome-terminal-2123  [001] d...   961.463005: sched_switch: prev_comm=gnome-terminal prev_pid=2123 prev_prio=120 prev_state=S ==> next_comm=swapper/1 next_pid=0 next_prio=120
          compiz-1774  [003] d...   961.463162: sched_switch: prev_comm=compiz prev_pid=1774 prev_prio=120 prev_state=S ==> next_comm=swapper/3 next_pid=0 next_prio=120
          <idle>-0     [003] d...   961.464273: sched_switch: prev_comm=swapper/3 prev_pid=0 prev_prio=120 prev_state=R ==> next_comm=compiz next_pid=1774 next_prio=120
          compiz-1774  [003] d...   961.464446: sched_switch: prev_comm=compiz prev_pid=1774 prev_prio=120 prev_state=S ==> next_comm=swapper/3 next_pid=0 next_prio=120
          <idle>-0     [002] d...   961.464515: sched_switch: prev_comm=swapper/2 prev_pid=0 prev_prio=120 prev_state=R ==> next_comm=Xorg next_pid=936 next_prio=120
            Xorg-936   [002] d...   961.464765: sched_switch: prev_comm=Xorg prev_pid=936 prev_prio=120 prev_state=S ==> next_comm=swapper/2 next_pid=0 next_prio=120
          <idle>-0     [003] d...   961.464776: sched_switch: prev_comm=swapper/3 prev_pid=0 prev_prio=120 prev_state=R ==> next_comm=compiz next_pid=1774 next_prio=120
          compiz-1774  [003] d...   961.465096: sched_switch: prev_comm=compiz prev_pid=1774 prev_prio=120 prev_state=S ==> next_comm=swapper/3 next_pid=0 next_prio=120
          <idle>-0     [002] d...   961.465167: sched_switch: prev_comm=swapper/2 prev_pid=0 prev_prio=120 prev_state=R ==> next_comm=Xorg next_pid=936 next_prio=120
            Xorg-936   [002] d...   961.465372: sched_switch: prev_comm=Xorg prev_pid=936 prev_prio=120 prev_state=S ==> next_comm=swapper/2 next_pid=0 next_prio=120
          <idle>-0     [003] d...   961.465383: sched_switch: prev_comm=swapper/3 prev_pid=0 prev_prio=120 prev_state=R ==> next_comm=compiz next_pid=1774 next_prio=120
          compiz-1774  [003] d...   961.465497: sched_switch: prev_comm=compiz prev_pid=1774 prev_prio=120 prev_state=S ==> next_comm=swapper/3 next_pid=0 next_prio=120
          <idle>-0     [002] d...   961.465575: sched_switch: prev_comm=swapper/2 prev_pid=0 prev_prio=120 prev_state=R ==> next_comm=Xorg next_pid=936 next_prio=120
          <idle>-0     [003] d...   961.465770: sched_switch: prev_comm=swapper/3 prev_pid=0 prev_prio=120 prev_state=R ==> next_comm=compiz next_pid=1774 next_prio=120
          compiz-1774  [003] d...   961.465857: sched_switch: prev_comm=compiz prev_pid=1774 prev_prio=120 prev_state=S ==> next_comm=swapper/3 next_pid=0 next_prio=120
          <idle>-0     [003] d...   961.465878: sched_switch: prev_comm=swapper/3 prev_pid=0 prev_prio=120 prev_state=R ==> next_comm=compiz next_pid=1774 next_prio=120
          compiz-1774  [003] d...   961.465923: sched_switch: prev_comm=compiz prev_pid=1774 prev_prio=120 prev_state=S ==> next_comm=swapper/3 next_pid=0 next_prio=120
          <idle>-0     [003] d...   961.465943: sched_switch: prev_comm=swapper/3 prev_pid=0 prev_prio=120 prev_state=R ==> next_comm=compiz next_pid=1774 next_prio=120
          compiz-1774  [003] d...   961.466011: sched_switch: prev_comm=compiz prev_pid=1774 prev_prio=120 prev_state=S ==> next_comm=swapper/3 next_pid=0 next_prio=120
          <idle>-0     [003] d...   961.466033: sched_switch: prev_comm=swapper/3 prev_pid=0 prev_prio=120 prev_state=R ==> next_comm=compiz next_pid=1774 next_prio=120
          <idle>-0     [001] d...   961.466078: sched_switch: prev_comm=swapper/1 prev_pid=0 prev_prio=120 prev_state=R ==> next_comm=X11-NOTIFY next_pid=1293 next_prio=120
          compiz-1774  [003] d...   961.466101: sched_switch: prev_comm=compiz prev_pid=1774 prev_prio=120 prev_state=S ==> next_comm=swapper/3 next_pid=0 next_prio=120
      X11-NOTIFY-1293  [001] d...   961.466119: sched_switch: prev_comm=X11-NOTIFY prev_pid=1293 prev_prio=120 prev_state=S ==> next_comm=swapper/1 next_pid=0 next_prio=120
          <idle>-0     [003] d...   961.466122: sched_switch: prev_comm=swapper/3 prev_pid=0 prev_prio=120 prev_state=R ==> next_comm=compiz next_pid=1774 next_prio=120
          compiz-1774  [003] d...   961.466164: sched_switch: prev_comm=compiz prev_pid=1774 prev_prio=120 prev_state=S ==> next_comm=swapper/3 next_pid=0 next_prio=120
          <idle>-0     [003] d...   961.466185: sched_switch: prev_comm=swapper/3 prev_pid=0 prev_prio=120 prev_state=R ==> next_comm=compiz next_pid=1774 next_prio=120
          compiz-1774  [003] d...   961.466225: sched_switch: prev_comm=compiz prev_pid=1774 prev_prio=120 prev_state=S ==> next_comm=swapper/3 next_pid=0 next_prio=120
          <idle>-0     [003] d...   961.466245: sched_switch: prev_comm=swapper/3 prev_pid=0 prev_prio=120 prev_state=R ==> next_comm=compiz next_pid=1774 next_prio=120
          compiz-1774  [003] d...   961.466287: sched_switch: prev_comm=compiz prev_pid=1774 prev_prio=120 prev_state=S ==> next_comm=swapper/3 next_pid=0 next_prio=120
          <idle>-0     [003] d...   961.466307: sched_switch: prev_comm=swapper/3 prev_pid=0 prev_prio=120 prev_state=R ==> next_comm=compiz next_pid=1774 next_prio=120
          compiz-1774  [003] d...   961.466349: sched_switch: prev_comm=compiz prev_pid=1774 prev_prio=120 prev_state=S ==> next_comm=swapper/3 next_pid=0 next_prio=120
          <idle>-0     [003] d...   961.466369: sched_switch: prev_comm=swapper/3 prev_pid=0 prev_prio=120 prev_state=R ==> next_comm=compiz next_pid=1774 next_prio=120
          compiz-1774  [003] d...   961.466484: sched_switch: prev_comm=compiz prev_pid=1774 prev_prio=120 prev_state=S ==> next_comm=swapper/3 next_pid=0 next_prio=120
          <idle>-0     [003] d...   961.466509: sched_switch: prev_comm=swapper/3 prev_pid=0 prev_prio=120 prev_state=R ==> next_comm=compiz next_pid=1774 next_prio=120
          compiz-1774  [003] d...   961.466550: sched_switch: prev_comm=compiz prev_pid=1774 prev_prio=120 prev_state=S ==> next_comm=swapper/3 next_pid=0 next_prio=120
          <idle>-0     [003] d...   961.466570: sched_switch: prev_comm=swapper/3 prev_pid=0 prev_prio=120 prev_state=R ==> next_comm=compiz next_pid=1774 next_prio=120
          compiz-1774  [003] d...   961.466611: sched_switch: prev_comm=compiz prev_pid=1774 prev_prio=120 prev_state=S ==> next_comm=swapper/3 next_pid=0 next_prio=120
          <idle>-0     [003] d...   961.466631: sched_switch: prev_comm=swapper/3 prev_pid=0 prev_prio=120 prev_state=R ==> next_comm=compiz next_pid=1774 next_prio=120
          compiz-1774  [003] d...   961.466672: sched_switch: prev_comm=compiz prev_pid=1774 prev_prio=120 prev_state=S ==> next_comm=swapper/3 next_pid=0 next_prio=120
          <idle>-0     [003] d...   961.466692: sched_switch: prev_comm=swapper/3 prev_pid=0 prev_prio=120 prev_state=R ==> next_comm=compiz next_pid=1774 next_prio=120
          compiz-1774  [003] d...   961.466734: sched_switch: prev_comm=compiz prev_pid=1774 prev_prio=120 prev_state=S ==> next_comm=swapper/3 next_pid=0 next_prio=120
          <idle>-0     [003] d...   961.466754: sched_switch: prev_comm=swapper/3 prev_pid=0 prev_prio=120 prev_state=R ==> next_comm=compiz next_pid=1774 next_prio=120
          compiz-1774  [003] d...   961.466794: sched_switch: prev_comm=compiz prev_pid=1774 prev_prio=120 prev_state=S ==> next_comm=swapper/3 next_pid=0 next_prio=120
          <idle>-0     [003] d...   961.466814: sched_switch: prev_comm=swapper/3 prev_pid=0 prev_prio=120 prev_state=R ==> next_comm=compiz next_pid=1774 next_prio=120
          compiz-1774  [003] d...   961.466859: sched_switch: prev_comm=compiz prev_pid=1774 prev_prio=120 prev_state=S ==> next_comm=swapper/3 next_pid=0 next_prio=120
          <idle>-0     [003] d...   961.466879: sched_switch: prev_comm=swapper/3 prev_pid=0 prev_prio=120 prev_state=R ==> next_comm=compiz next_pid=1774 next_prio=120
          compiz-1774  [003] d...   961.466920: sched_switch: prev_comm=compiz prev_pid=1774 prev_prio=120 prev_state=S ==> next_comm=swapper/3 next_pid=0 next_prio=120
          <idle>-0     [003] d...   961.466940: sched_switch: prev_comm=swapper/3 prev_pid=0 prev_prio=120 prev_state=R ==> next_comm=compiz next_pid=1774 next_prio=120
          compiz-1774  [003] d...   961.466981: sched_switch: prev_comm=compiz prev_pid=1774 prev_prio=120 prev_state=S ==> next_comm=swapper/3 next_pid=0 next_prio=120
          <idle>-0     [003] d...   961.467001: sched_switch: prev_comm=swapper/3 prev_pid=0 prev_prio=120 prev_state=R ==> next_comm=compiz next_pid=1774 next_prio=120
          compiz-1774  [003] d...   961.467041: sched_switch: prev_comm=compiz prev_pid=1774 prev_prio=120 prev_state=S ==> next_comm=swapper/3 next_pid=0 next_prio=120
          <idle>-0     [003] d...   961.467061: sched_switch: prev_comm=swapper/3 prev_pid=0 prev_prio=120 prev_state=R ==> next_comm=compiz next_pid=1774 next_prio=120
          compiz-1774  [003] d...   961.467101: sched_switch: prev_comm=compiz prev_pid=1774 prev_prio=120 prev_state=S ==> next_comm=swapper/3 next_pid=0 next_prio=120
          <idle>-0     [003] d...   961.467121: sched_switch: prev_comm=swapper/3 prev_pid=0 prev_prio=120 prev_state=R ==> next_comm=compiz next_pid=1774 next_prio=120
          compiz-1774  [003] d...   961.467162: sched_switch: prev_comm=compiz prev_pid=1774 prev_prio=120 prev_state=S ==> next_comm=swapper/3 next_pid=0 next_prio=120
          <idle>-0     [003] d...   961.467182: sched_switch: prev_comm=swapper/3 prev_pid=0 prev_prio=120 prev_state=R ==> next_comm=compiz next_pid=1774 next_prio=120
          compiz-1774  [003] d...   961.467223: sched_switch: prev_comm=compiz prev_pid=1774 prev_prio=120 prev_state=S ==> next_comm=swapper/3 next_pid=0 next_prio=120
          <idle>-0     [003] d...   961.467243: sched_switch: prev_comm=swapper/3 prev_pid=0 prev_prio=120 prev_state=R ==> next_comm=compiz next_pid=1774 next_prio=120
          compiz-1774  [003] d...   961.467283: sched_switch: prev_comm=compiz prev_pid=1774 prev_prio=120 prev_state=S ==> next_comm=swapper/3 next_pid=0 next_prio=120
          <idle>-0     [003] d...   961.467303: sched_switch: prev_comm=swapper/3 prev_pid=0 prev_prio=120 prev_state=R ==> next_comm=compiz next_pid=1774 next_prio=120
          compiz-1774  [003] d...   961.467343: sched_switch: prev_comm=compiz prev_pid=1774 prev_prio=120 prev_state=S ==> next_comm=swapper/3 next_pid=0 next_prio=120
          <idle>-0     [003] d...   961.467362: sched_switch: prev_comm=swapper/3 prev_pid=0 prev_prio=120 prev_state=R ==> next_comm=compiz next_pid=1774 next_prio=120
          compiz-1774  [003] d...   961.467403: sched_switch: prev_comm=compiz prev_pid=1774 prev_prio=120 prev_state=S ==> next_comm=swapper/3 next_pid=0 next_prio=120
          <idle>-0     [003] d...   961.467423: sched_switch: prev_comm=swapper/3 prev_pid=0 prev_prio=120 prev_state=R ==> next_comm=compiz next_pid=1774 next_prio=120
          compiz-1774  [003] d...   961.467463: sched_switch: prev_comm=compiz prev_pid=1774 prev_prio=120 prev_state=S ==> next_comm=swapper/3 next_pid=0 next_prio=120
          <idle>-0     [003] d...   961.467483: sched_switch: prev_comm=swapper/3 prev_pid=0 prev_prio=120 prev_state=R ==> next_comm=compiz next_pid=1774 next_prio=120
          compiz-1774  [003] d...   961.467523: sched_switch: prev_comm=compiz prev_pid=1774 prev_prio=120 prev_state=S ==> next_comm=swapper/3 next_pid=0 next_prio=120
          <idle>-0     [003] d...   961.467543: sched_switch: prev_comm=swapper/3 prev_pid=0 prev_prio=120 prev_state=R ==> next_comm=compiz next_pid=1774 next_prio=120
          compiz-1774  [003] d...   961.467585: sched_switch: prev_comm=compiz prev_pid=1774 prev_prio=120 prev_state=S ==> next_comm=swapper/3 next_pid=0 next_prio=120
          <idle>-0     [003] d...   961.467604: sched_switch: prev_comm=swapper/3 prev_pid=0 prev_prio=120 prev_state=R ==> next_comm=compiz next_pid=1774 next_prio=120
          compiz-1774  [003] d...   961.467645: sched_switch: prev_comm=compiz prev_pid=1774 prev_prio=120 prev_state=S ==> next_comm=swapper/3 next_pid=0 next_prio=120
          <idle>-0     [003] d...   961.467665: sched_switch: prev_comm=swapper/3 prev_pid=0 prev_prio=120 prev_state=R ==> next_comm=compiz next_pid=1774 next_prio=120
          compiz-1774  [003] d...   961.467706: sched_switch: prev_comm=compiz prev_pid=1774 prev_prio=120 prev_state=S ==> next_comm=swapper/3 next_pid=0 next_prio=120
          <idle>-0     [003] d...   961.467726: sched_switch: prev_comm=swapper/3 prev_pid=0 prev_prio=120 prev_state=R ==> next_comm=compiz next_pid=1774 next_prio=120
          compiz-1774  [003] d...   961.467766: sched_switch: prev_comm=compiz prev_pid=1774 prev_prio=120 prev_state=S ==> next_comm=swapper/3 next_pid=0 next_prio=120
          <idle>-0     [003] d...   961.467786: sched_switch: prev_comm=swapper/3 prev_pid=0 prev_prio=120 prev_state=R ==> next_comm=compiz next_pid=1774 next_prio=120
          compiz-1774  [003] d...   961.467828: sched_switch: prev_comm=compiz prev_pid=1774 prev_prio=120 prev_state=S ==> next_comm=swapper/3 next_pid=0 next_prio=120
          <idle>-0     [003] d...   961.467848: sched_switch: prev_comm=swapper/3 prev_pid=0 prev_prio=120 prev_state=R ==> next_comm=compiz next_pid=1774 next_prio=120
          compiz-1774  [003] d...   961.467889: sched_switch: prev_comm=compiz prev_pid=1774 prev_prio=120 prev_state=S ==> next_comm=swapper/3 next_pid=0 next_prio=120
          <idle>-0     [003] d...   961.467909: sched_switch: prev_comm=swapper/3 prev_pid=0 prev_prio=120 prev_state=R ==> next_comm=compiz next_pid=1774 next_prio=120
          compiz-1774  [003] d...   961.467950: sched_switch: prev_comm=compiz prev_pid=1774 prev_prio=120 prev_state=S ==> next_comm=swapper/3 next_pid=0 next_prio=120
          <idle>-0     [003] d...   961.467969: sched_switch: prev_comm=swapper/3 prev_pid=0 prev_prio=120 prev_state=R ==> next_comm=compiz next_pid=1774 next_prio=120
          compiz-1774  [003] d...   961.468009: sched_switch: prev_comm=compiz prev_pid=1774 prev_prio=120 prev_state=S ==> next_comm=swapper/3 next_pid=0 next_prio=120
          <idle>-0     [003] d...   961.468030: sched_switch: prev_comm=swapper/3 prev_pid=0 prev_prio=120 prev_state=R ==> next_comm=compiz next_pid=1774 next_prio=120
          compiz-1774  [003] d...   961.468070: sched_switch: prev_comm=compiz prev_pid=1774 prev_prio=120 prev_state=S ==> next_comm=swapper/3 next_pid=0 next_prio=120
          <idle>-0     [003] d...   961.468091: sched_switch: prev_comm=swapper/3 prev_pid=0 prev_prio=120 prev_state=R ==> next_comm=compiz next_pid=1774 next_prio=120
          compiz-1774  [003] d...   961.468132: sched_switch: prev_comm=compiz prev_pid=1774 prev_prio=120 prev_state=S ==> next_comm=swapper/3 next_pid=0 next_prio=120
          <idle>-0     [003] d...   961.468152: sched_switch: prev_comm=swapper/3 prev_pid=0 prev_prio=120 prev_state=R ==> next_comm=compiz next_pid=1774 next_prio=120
          compiz-1774  [003] d...   961.468195: sched_switch: prev_comm=compiz prev_pid=1774 prev_prio=120 prev_state=S ==> next_comm=swapper/3 next_pid=0 next_prio=120
          <idle>-0     [003] d...   961.468215: sched_switch: prev_comm=swapper/3 prev_pid=0 prev_prio=120 prev_state=R ==> next_comm=compiz next_pid=1774 next_prio=120
          compiz-1774  [003] d...   961.468255: sched_switch: prev_comm=compiz prev_pid=1774 prev_prio=120 prev_state=S ==> next_comm=swapper/3 next_pid=0 next_prio=120
          <idle>-0     [003] d...   961.468275: sched_switch: prev_comm=swapper/3 prev_pid=0 prev_prio=120 prev_state=R ==> next_comm=compiz next_pid=1774 next_prio=120
          compiz-1774  [003] d...   961.468316: sched_switch: prev_comm=compiz prev_pid=1774 prev_prio=120 prev_state=S ==> next_comm=swapper/3 next_pid=0 next_prio=120
          <idle>-0     [003] d...   961.468336: sched_switch: prev_comm=swapper/3 prev_pid=0 prev_prio=120 prev_state=R ==> next_comm=compiz next_pid=1774 next_prio=120
          compiz-1774  [003] d...   961.468377: sched_switch: prev_comm=compiz prev_pid=1774 prev_prio=120 prev_state=S ==> next_comm=swapper/3 next_pid=0 next_prio=120
          <idle>-0     [003] d...   961.468397: sched_switch: prev_comm=swapper/3 prev_pid=0 prev_prio=120 prev_state=R ==> next_comm=compiz next_pid=1774 next_prio=120
          compiz-1774  [003] d...   961.468437: sched_switch: prev_comm=compiz prev_pid=1774 prev_prio=120 prev_state=S ==> next_comm=swapper/3 next_pid=0 next_prio=120
          <idle>-0     [003] d...   961.468457: sched_switch: prev_comm=swapper/3 prev_pid=0 prev_prio=120 prev_state=R ==> next_comm=compiz next_pid=1774 next_prio=120
          compiz-1774  [003] d...   961.468498: sched_switch: prev_comm=compiz prev_pid=1774 prev_prio=120 prev_state=S ==> next_comm=swapper/3 next_pid=0 next_prio=120
          <idle>-0     [003] d...   961.468518: sched_switch: prev_comm=swapper/3 prev_pid=0 prev_prio=120 prev_state=R ==> next_comm=compiz next_pid=1774 next_prio=120
          compiz-1774  [003] d...   961.468559: sched_switch: prev_comm=compiz prev_pid=1774 prev_prio=120 prev_state=S ==> next_comm=swapper/3 next_pid=0 next_prio=120
          <idle>-0     [003] d...   961.468579: sched_switch: prev_comm=swapper/3 prev_pid=0 prev_prio=120 prev_state=R ==> next_comm=compiz next_pid=1774 next_prio=120
          compiz-1774  [003] d...   961.468620: sched_switch: prev_comm=compiz prev_pid=1774 prev_prio=120 prev_state=S ==> next_comm=swapper/3 next_pid=0 next_prio=120
          <idle>-0     [003] d...   961.468640: sched_switch: prev_comm=swapper/3 prev_pid=0 prev_prio=120 prev_state=R ==> next_comm=compiz next_pid=1774 next_prio=120
          compiz-1774  [003] d...   961.468686: sched_switch: prev_comm=compiz prev_pid=1774 prev_prio=120 prev_state=S ==> next_comm=swapper/3 next_pid=0 next_prio=120
          <idle>-0     [003] d...   961.468705: sched_switch: prev_comm=swapper/3 prev_pid=0 prev_prio=120 prev_state=R ==> next_comm=compiz next_pid=1774 next_prio=120
          compiz-1774  [003] d...   961.468746: sched_switch: prev_comm=compiz prev_pid=1774 prev_prio=120 prev_state=S ==> next_comm=swapper/3 next_pid=0 next_prio=120
          <idle>-0     [003] d...   961.468766: sched_switch: prev_comm=swapper/3 prev_pid=0 prev_prio=120 prev_state=R ==> next_comm=compiz next_pid=1774 next_prio=120
          compiz-1774  [003] d...   961.468799: sched_switch: prev_comm=compiz prev_pid=1774 prev_prio=120 prev_state=S ==> next_comm=swapper/3 next_pid=0 next_prio=120
          <idle>-0     [003] d...   961.468869: sched_switch: prev_comm=swapper/3 prev_pid=0 prev_prio=120 prev_state=R ==> next_comm=compiz next_pid=1774 next_prio=120
          compiz-1774  [003] d...   961.468972: sched_switch: prev_comm=compiz prev_pid=1774 prev_prio=120 prev_state=S ==> next_comm=swapper/3 next_pid=0 next_prio=120
          <idle>-0     [003] d...   961.468993: sched_switch: prev_comm=swapper/3 prev_pid=0 prev_prio=120 prev_state=R ==> next_comm=compiz next_pid=1774 next_prio=120
            Xorg-936   [002] d...   961.469143: sched_switch: prev_comm=Xorg prev_pid=936 prev_prio=120 prev_state=S ==> next_comm=swapper/2 next_pid=0 next_prio=120
   test_affinity-2918  [000] d...   961.470505: sched_switch: prev_comm=test_affinity prev_pid=2918 prev_prio=120 prev_state=R ==> next_comm=test_affinity next_pid=2915 next_prio=120
   test_affinity-2915  [000] d...   961.475482: sched_switch: prev_comm=test_affinity prev_pid=2915 prev_prio=120 prev_state=R ==> next_comm=test_affinity next_pid=2916 next_prio=120
          <idle>-0     [002] d...   961.475568: sched_switch: prev_comm=swapper/2 prev_pid=0 prev_prio=120 prev_state=R ==> next_comm=cat next_pid=2927 next_prio=120
          <idle>-0     [001] d...   961.475768: sched_switch: prev_comm=swapper/1 prev_pid=0 prev_prio=120 prev_state=R ==> next_comm=head next_pid=2926 next_prio=120
            head-2926  [001] d...   961.475973: sched_switch: prev_comm=head prev_pid=2926 prev_prio=120 prev_state=S ==> next_comm=swapper/1 next_pid=0 next_prio=120
          <idle>-0     [001] d...   961.476083: sched_switch: prev_comm=swapper/1 prev_pid=0 prev_prio=120 prev_state=R ==> next_comm=head next_pid=2926 next_prio=120
            head-2926  [001] d...   961.476124: sched_switch: prev_comm=head prev_pid=2926 prev_prio=120 prev_state=S ==> next_comm=swapper/1 next_pid=0 next_prio=120
          <idle>-0     [001] d...   961.476171: sched_switch: prev_comm=swapper/1 prev_pid=0 prev_prio=120 prev_state=R ==> next_comm=head next_pid=2926 next_prio=120
            head-2926  [001] d...   961.476209: sched_switch: prev_comm=head prev_pid=2926 prev_prio=120 prev_state=S ==> next_comm=swapper/1 next_pid=0 next_prio=120
          <idle>-0     [001] d...   961.476256: sched_switch: prev_comm=swapper/1 prev_pid=0 prev_prio=120 prev_state=R ==> next_comm=head next_pid=2926 next_prio=120
            head-2926  [001] d...   961.476301: sched_switch: prev_comm=head prev_pid=2926 prev_prio=120 prev_state=S ==> next_comm=swapper/1 next_pid=0 next_prio=120
             cat-2927  [002] d...   961.476325: sched_switch: prev_comm=cat prev_pid=2927 prev_prio=120 prev_state=S ==> next_comm=swapper/2 next_pid=0 next_prio=120
   test_affinity-2916  [000] d...   961.482443: sched_switch: prev_comm=test_affinity prev_pid=2916 prev_prio=120 prev_state=R ==> next_comm=test_affinity next_pid=2915 next_prio=120
   test_affinity-2915  [000] d...   961.487433: sched_switch: prev_comm=test_affinity prev_pid=2915 prev_prio=120 prev_state=R ==> next_comm=test_affinity next_pid=2917 next_prio=120
          compiz-1774  [003] d...   961.488163: sched_switch: prev_comm=compiz prev_pid=1774 prev_prio=120 prev_state=S ==> next_comm=swapper/3 next_pid=0 next_prio=120
          <idle>-0     [002] d...   961.488256: sched_switch: prev_comm=swapper/2 prev_pid=0 prev_prio=120 prev_state=R ==> next_comm=Xorg next_pid=936 next_prio=120
          <idle>-0     [003] d...   961.488464: sched_switch: prev_comm=swapper/3 prev_pid=0 prev_prio=120 prev_state=R ==> next_comm=compiz next_pid=1774 next_prio=120
            Xorg-936   [002] d...   961.488493: sched_switch: prev_comm=Xorg prev_pid=936 prev_prio=120 prev_state=S ==> next_comm=swapper/2 next_pid=0 next_prio=120
          <idle>-0     [001] d...   961.488581: sched_switch: prev_comm=swapper/1 prev_pid=0 prev_prio=120 prev_state=R ==> next_comm=compiz next_pid=1843 next_prio=120
          compiz-1774  [003] d...   961.488607: sched_switch: prev_comm=compiz prev_pid=1774 prev_prio=120 prev_state=R ==> next_comm=compiz next_pid=1845 next_prio=120
          compiz-1843  [001] d...   961.488614: sched_switch: prev_comm=compiz prev_pid=1843 prev_prio=120 prev_state=S ==> next_comm=swapper/1 next_pid=0 next_prio=120
          <idle>-0     [001] d...   961.488624: sched_switch: prev_comm=swapper/1 prev_pid=0 prev_prio=120 prev_state=R ==> next_comm=compiz next_pid=1845 next_prio=120
          compiz-1845  [003] d...   961.488626: sched_switch: prev_comm=compiz prev_pid=1845 prev_prio=120 prev_state=S ==> next_comm=compiz next_pid=1774 next_prio=120
          compiz-1845  [001] d...   961.488652: sched_switch: prev_comm=compiz prev_pid=1845 prev_prio=120 prev_state=S ==> next_comm=swapper/1 next_pid=0 next_prio=120
          compiz-1774  [003] d...   961.488663: sched_switch: prev_comm=compiz prev_pid=1774 prev_prio=120 prev_state=S ==> next_comm=swapper/3 next_pid=0 next_prio=120
          <idle>-0     [002] d...   961.488698: sched_switch: prev_comm=swapper/2 prev_pid=0 prev_prio=120 prev_state=R ==> next_comm=compiz next_pid=1844 next_prio=120
          compiz-1844  [002] d...   961.488722: sched_switch: prev_comm=compiz prev_pid=1844 prev_prio=120 prev_state=S ==> next_comm=compiz next_pid=1846 next_prio=120
          <idle>-0     [001] d...   961.488785: sched_switch: prev_comm=swapper/1 prev_pid=0 prev_prio=120 prev_state=R ==> next_comm=compiz next_pid=1843 next_prio=120
          compiz-1843  [001] d...   961.488823: sched_switch: prev_comm=compiz prev_pid=1843 prev_prio=120 prev_state=S ==> next_comm=swapper/1 next_pid=0 next_prio=120
          compiz-1846  [002] d...   961.488850: sched_switch: prev_comm=compiz prev_pid=1846 prev_prio=120 prev_state=S ==> next_comm=compiz next_pid=1844 next_prio=120
          compiz-1844  [002] d...   961.488871: sched_switch: prev_comm=compiz prev_pid=1844 prev_prio=120 prev_state=S ==> next_comm=swapper/2 next_pid=0 next_prio=120
          <idle>-0     [003] d...   961.488889: sched_switch: prev_comm=swapper/3 prev_pid=0 prev_prio=120 prev_state=R ==> next_comm=compiz next_pid=1845 next_prio=120
          compiz-1845  [003] d...   961.488952: sched_switch: prev_comm=compiz prev_pid=1845 prev_prio=120 prev_state=S ==> next_comm=swapper/3 next_pid=0 next_prio=120
          <idle>-0     [001] d...   961.488967: sched_switch: prev_comm=swapper/1 prev_pid=0 prev_prio=120 prev_state=R ==> next_comm=compiz next_pid=1843 next_prio=120
          compiz-1843  [001] d...   961.489023: sched_switch: prev_comm=compiz prev_pid=1843 prev_prio=120 prev_state=S ==> next_comm=swapper/1 next_pid=0 next_prio=120
          <idle>-0     [002] d...   961.489084: sched_switch: prev_comm=swapper/2 prev_pid=0 prev_prio=120 prev_state=R ==> next_comm=compiz next_pid=1846 next_prio=120
          compiz-1846  [002] d...   961.489140: sched_switch: prev_comm=compiz prev_pid=1846 prev_prio=120 prev_state=S ==> next_comm=swapper/2 next_pid=0 next_prio=120
          <idle>-0     [003] d...   961.489167: sched_switch: prev_comm=swapper/3 prev_pid=0 prev_prio=120 prev_state=R ==> next_comm=compiz next_pid=1844 next_prio=120
          <idle>-0     [001] d...   961.489222: sched_switch: prev_comm=swapper/1 prev_pid=0 prev_prio=120 prev_state=R ==> next_comm=compiz next_pid=1845 next_prio=120
          compiz-1845  [001] d...   961.489248: sched_switch: prev_comm=compiz prev_pid=1845 prev_prio=120 prev_state=S ==> next_comm=swapper/1 next_pid=0 next_prio=120
          compiz-1844  [003] d...   961.489250: sched_switch: prev_comm=compiz prev_pid=1844 prev_prio=120 prev_state=S ==> next_comm=swapper/3 next_pid=0 next_prio=120
          <idle>-0     [002] d...   961.489338: sched_switch: prev_comm=swapper/2 prev_pid=0 prev_prio=120 prev_state=R ==> next_comm=compiz next_pid=1843 next_prio=120
          compiz-1843  [002] d...   961.489398: sched_switch: prev_comm=compiz prev_pid=1843 prev_prio=120 prev_state=S ==> next_comm=compiz next_pid=1846 next_prio=120
          compiz-1846  [002] d...   961.489423: sched_switch: prev_comm=compiz prev_pid=1846 prev_prio=120 prev_state=S ==> next_comm=swapper/2 next_pid=0 next_prio=120
          <idle>-0     [003] d...   961.489426: sched_switch: prev_comm=swapper/3 prev_pid=0 prev_prio=120 prev_state=R ==> next_comm=compiz next_pid=1774 next_prio=120
          <idle>-0     [002] d...   961.489602: sched_switch: prev_comm=swapper/2 prev_pid=0 prev_prio=120 prev_state=R ==> next_comm=compiz next_pid=1846 next_prio=120
          compiz-1774  [003] d...   961.489609: sched_switch: prev_comm=compiz prev_pid=1774 prev_prio=120 prev_state=S ==> next_comm=swapper/3 next_pid=0 next_prio=120
          compiz-1846  [002] d...   961.489624: sched_switch: prev_comm=compiz prev_pid=1846 prev_prio=120 prev_state=S ==> next_comm=compiz next_pid=1843 next_prio=120
          compiz-1843  [002] d...   961.489649: sched_switch: prev_comm=compiz prev_pid=1843 prev_prio=120 prev_state=S ==> next_comm=swapper/2 next_pid=0 next_prio=120
          <idle>-0     [001] d...   961.489654: sched_switch: prev_comm=swapper/1 prev_pid=0 prev_prio=120 prev_state=R ==> next_comm=compiz next_pid=1845 next_prio=120
          compiz-1845  [001] d...   961.489680: sched_switch: prev_comm=compiz prev_pid=1845 prev_prio=120 prev_state=S ==> next_comm=compiz next_pid=1844 next_prio=120
          compiz-1844  [001] d...   961.489765: sched_switch: prev_comm=compiz prev_pid=1844 prev_prio=120 prev_state=R ==> next_comm=compiz next_pid=1845 next_prio=120
          <idle>-0     [002] d...   961.489802: sched_switch: prev_comm=swapper/2 prev_pid=0 prev_prio=120 prev_state=R ==> next_comm=compiz next_pid=1846 next_prio=120
          <idle>-0     [003] d...   961.489821: sched_switch: prev_comm=swapper/3 prev_pid=0 prev_prio=120 prev_state=R ==> next_comm=compiz next_pid=1843 next_prio=120
          compiz-1845  [001] d...   961.491242: sched_switch: prev_comm=compiz prev_pid=1845 prev_prio=120 prev_state=R ==> next_comm=X11-NOTIFY next_pid=1293 next_prio=120
