          <idle>-0     [002] d...   234.767440: sched_switch: prev_comm=swapper/2 prev_pid=0 prev_prio=120 prev_state=R ==> next_comm=rcuos/3 next_pid=17 next_prio=120
   test_affinity-2546  [000] d...   234.767503: sched_switch: prev_comm=test_affinity prev_pid=2546 prev_prio=120 prev_state=R ==> next_comm=rcu_sched next_pid=13 next_prio=120
       rcu_sched-13    [000] d...   234.767513: sched_switch: prev_comm=rcu_sched prev_pid=13 prev_prio=120 prev_state=S ==> next_comm=test_affinity next_pid=2546 next_prio=120
         rcuos/3-17    [002] d...   234.767528: sched_switch: prev_comm=rcuos/3 prev_pid=17 prev_prio=120 prev_state=S ==> next_comm=swapper/2 next_pid=0 next_prio=120
   test_affinity-2546  [000] d...   234.771155: sched_switch: prev_comm=test_affinity prev_pid=2546 prev_prio=120 prev_state=R ==> next_comm=rcu_sched next_pid=13 next_prio=120
       rcu_sched-13    [000] d...   234.771198: sched_switch: prev_comm=rcu_sched prev_pid=13 prev_prio=120 prev_state=S ==> next_comm=test_affinity next_pid=2545 next_prio=120
          <idle>-0     [002] d...   234.771308: sched_switch: prev_comm=swapper/2 prev_pid=0 prev_prio=120 prev_state=R ==> next_comm=rcuos/3 next_pid=17 next_prio=120
         rcuos/3-17    [002] d...   234.771326: sched_switch: prev_comm=rcuos/3 prev_pid=17 prev_prio=120 prev_state=S ==> next_comm=swapper/2 next_pid=0 next_prio=120
          <idle>-0     [001] d...   234.776623: sched_switch: prev_comm=swapper/1 prev_pid=0 prev_prio=120 prev_state=R ==> next_comm=X11-NOTIFY next_pid=1293 next_prio=120
      X11-NOTIFY-1293  [001] d...   234.776683: sched_switch: prev_comm=X11-NOTIFY prev_pid=1293 prev_prio=120 prev_state=S ==> next_comm=swapper/1 next_pid=0 next_prio=120
   test_affinity-2545  [000] d...   234.779161: sched_switch: prev_comm=test_affinity prev_pid=2545 prev_prio=120 prev_state=R ==> next_comm=test_affinity next_pid=2544 next_prio=120
   test_affinity-2544  [000] d...   234.788109: sched_switch: prev_comm=test_affinity prev_pid=2544 prev_prio=120 prev_state=R ==> next_comm=test_affinity next_pid=2543 next_prio=120
   test_affinity-2543  [000] d...   234.795925: sched_switch: prev_comm=test_affinity prev_pid=2543 prev_prio=120 prev_state=R ==> next_comm=test_affinity next_pid=2546 next_prio=120
          <idle>-0     [001] d...   234.801869: sched_switch: prev_comm=swapper/1 prev_pid=0 prev_prio=120 prev_state=R ==> next_comm=X11-NOTIFY next_pid=1293 next_prio=120
      X11-NOTIFY-1293  [001] d...   234.801922: sched_switch: prev_comm=X11-NOTIFY prev_pid=1293 prev_prio=120 prev_state=S ==> next_comm=swapper/1 next_pid=0 next_prio=120
   test_affinity-2546  [000] d...   234.803220: sched_switch: prev_comm=test_affinity prev_pid=2546 prev_prio=120 prev_state=R ==> next_comm=test_affinity next_pid=2545 next_prio=120
   test_affinity-2545  [000] d...   234.811205: sched_switch: prev_comm=test_affinity prev_pid=2545 prev_prio=120 prev_state=R ==> next_comm=test_affinity next_pid=2543 next_prio=120
   test_affinity-2543  [000] d...   234.816497: sched_switch: prev_comm=test_affinity prev_pid=2543 prev_prio=120 prev_state=R ==> next_comm=test_affinity next_pid=2544 next_prio=120
   test_affinity-2544  [000] d...   234.823677: sched_switch: prev_comm=test_affinity prev_pid=2544 prev_prio=120 prev_state=R ==> next_comm=test_affinity next_pid=2546 next_prio=120
          <idle>-0     [001] d...   234.828008: sched_switch: prev_comm=swapper/1 prev_pid=0 prev_prio=120 prev_state=R ==> next_comm=X11-NOTIFY next_pid=1293 next_prio=120
      X11-NOTIFY-1293  [001] d...   234.828095: sched_switch: prev_comm=X11-NOTIFY prev_pid=1293 prev_prio=120 prev_state=S ==> next_comm=swapper/1 next_pid=0 next_prio=120
          <idle>-0     [002] d...   234.829534: sched_switch: prev_comm=swapper/2 prev_pid=0 prev_prio=120 prev_state=R ==> next_comm=gmain next_pid=1476 next_prio=120
           gmain-1476  [002] d...   234.829672: sched_switch: prev_comm=gmain prev_pid=1476 prev_prio=120 prev_state=S ==> next_comm=swapper/2 next_pid=0 next_prio=120
   test_affinity-2546  [000] d...   234.832000: sched_switch: prev_comm=test_affinity prev_pid=2546 prev_prio=120 prev_state=R ==> next_comm=test_affinity next_pid=2543 next_prio=120
   test_affinity-2543  [000] d...   234.839208: sched_switch: prev_comm=test_affinity prev_pid=2543 prev_prio=120 prev_state=R ==> next_comm=test_affinity next_pid=2545 next_prio=120
   test_affinity-2545  [000] d...   234.844261: sched_switch: prev_comm=test_affinity prev_pid=2545 prev_prio=120 prev_state=R ==> next_comm=test_affinity next_pid=2544 next_prio=120
   test_affinity-2544  [000] d...   234.851239: sched_switch: prev_comm=test_affinity prev_pid=2544 prev_prio=120 prev_state=R ==> next_comm=kworker/0:1 next_pid=72 next_prio=120
     kworker/0:1-72    [000] d...   234.851640: sched_switch: prev_comm=kworker/0:1 prev_pid=72 prev_prio=120 prev_state=S ==> next_comm=test_affinity next_pid=2546 next_prio=120
          <idle>-0     [001] d...   234.853960: sched_switch: prev_comm=swapper/1 prev_pid=0 prev_prio=120 prev_state=R ==> next_comm=X11-NOTIFY next_pid=1293 next_prio=120
      X11-NOTIFY-1293  [001] d...   234.854080: sched_switch: prev_comm=X11-NOTIFY prev_pid=1293 prev_prio=120 prev_state=S ==> next_comm=swapper/1 next_pid=0 next_prio=120
          <idle>-0     [003] d...   234.855340: sched_switch: prev_comm=swapper/3 prev_pid=0 prev_prio=120 prev_state=R ==> next_comm=cat next_pid=2553 next_prio=120
             cat-2553  [003] d...   234.855577: sched_switch: prev_comm=cat prev_pid=2553 prev_prio=120 prev_state=x ==> next_comm=swapper/3 next_pid=0 next_prio=120
          <idle>-0     [002] d...   234.855594: sched_switch: prev_comm=swapper/2 prev_pid=0 prev_prio=120 prev_state=R ==> next_comm=rcuos/3 next_pid=17 next_prio=120
          <idle>-0     [001] d...   234.855640: sched_switch: prev_comm=swapper/1 prev_pid=0 prev_prio=120 prev_state=R ==> next_comm=sudo next_pid=2551 next_prio=120
   test_affinity-2546  [000] d...   234.855656: sched_switch: prev_comm=test_affinity prev_pid=2546 prev_prio=120 prev_state=R ==> next_comm=rcu_sched next_pid=13 next_prio=120
       rcu_sched-13    [000] d...   234.855668: sched_switch: prev_comm=rcu_sched prev_pid=13 prev_prio=120 prev_state=S ==> next_comm=test_affinity next_pid=2545 next_prio=120
         rcuos/3-17    [002] d...   234.855682: sched_switch: prev_comm=rcuos/3 prev_pid=17 prev_prio=120 prev_state=S ==> next_comm=swapper/2 next_pid=0 next_prio=120
          <idle>-0     [002] d...   234.855880: sched_switch: prev_comm=swapper/2 prev_pid=0 prev_prio=120 prev_state=R ==> next_comm=rcuos/1 next_pid=15 next_prio=120
         rcuos/1-15    [002] d...   234.855898: sched_switch: prev_comm=rcuos/1 prev_pid=15 prev_prio=120 prev_state=S ==> next_comm=swapper/2 next_pid=0 next_prio=120
          <idle>-0     [003] d...   234.856008: sched_switch: prev_comm=swapper/3 prev_pid=0 prev_prio=120 prev_state=R ==> next_comm=rsyslogd next_pid=494 next_prio=120
        rsyslogd-494   [003] d...   234.856126: sched_switch: prev_comm=rsyslogd prev_pid=494 prev_prio=120 prev_state=S ==> next_comm=swapper/3 next_pid=0 next_prio=120
          <idle>-0     [002] d...   234.856204: sched_switch: prev_comm=swapper/2 prev_pid=0 prev_prio=120 prev_state=R ==> next_comm=rs:main Q:Reg next_pid=493 next_prio=120
          <idle>-0     [003] d...   234.856354: sched_switch: prev_comm=swapper/3 prev_pid=0 prev_prio=120 prev_state=R ==> next_comm=gmain next_pid=911 next_prio=120
   rs:main Q:Reg-493   [002] d...   234.856404: sched_switch: prev_comm=rs:main Q:Reg prev_pid=493 prev_prio=120 prev_state=S ==> next_comm=swapper/2 next_pid=0 next_prio=120
           gmain-911   [003] d...   234.856503: sched_switch: prev_comm=gmain prev_pid=911 prev_prio=120 prev_state=S ==> next_comm=swapper/3 next_pid=0 next_prio=120
            sudo-2551  [001] d...   234.856897: sched_switch: prev_comm=sudo prev_pid=2551 prev_prio=120 prev_state=x ==> next_comm=swapper/1 next_pid=0 next_prio=120
          <idle>-0     [003] d...   234.856952: sched_switch: prev_comm=swapper/3 prev_pid=0 prev_prio=120 prev_state=R ==> next_comm=test_linux.sh next_pid=2510 next_prio=120
          <idle>-0     [001] d...   234.857329: sched_switch: prev_comm=swapper/1 prev_pid=0 prev_prio=120 prev_state=R ==> next_comm=test_linux.sh next_pid=2554 next_prio=120
   test_linux.sh-2510  [003] d...   234.857442: sched_switch: prev_comm=test_linux.sh prev_pid=2510 prev_prio=120 prev_state=S ==> next_comm=swapper/3 next_pid=0 next_prio=120
            sudo-2554  [001] d...   234.857737: sched_switch: prev_comm=test_linux.sh prev_pid=2554 prev_prio=120 prev_state=R ==> next_comm=migration/1 next_pid=20 next_prio=0
     migration/1-20    [001] d...   234.857794: sched_switch: prev_comm=migration/1 prev_pid=20 prev_prio=0 prev_state=S ==> next_comm=swapper/1 next_pid=0 next_prio=120
          <idle>-0     [002] d...   234.857850: sched_switch: prev_comm=swapper/2 prev_pid=0 prev_prio=120 prev_state=R ==> next_comm=test_linux.sh next_pid=2554 next_prio=120
          <idle>-0     [003] d...   234.858372: sched_switch: prev_comm=swapper/3 prev_pid=0 prev_prio=120 prev_state=R ==> next_comm=rcuos/2 next_pid=16 next_prio=120
         rcuos/2-16    [003] d...   234.858391: sched_switch: prev_comm=rcuos/2 prev_pid=16 prev_prio=120 prev_state=S ==> next_comm=swapper/3 next_pid=0 next_prio=120
   test_affinity-2545  [000] d...   234.859228: sched_switch: prev_comm=test_affinity prev_pid=2545 prev_prio=120 prev_state=R ==> next_comm=rcu_sched next_pid=13 next_prio=120
       rcu_sched-13    [000] d...   234.859239: sched_switch: prev_comm=rcu_sched prev_pid=13 prev_prio=120 prev_state=S ==> next_comm=test_affinity next_pid=2543 next_prio=120
   test_affinity-2543  [000] d...   234.863228: sched_switch: prev_comm=test_affinity prev_pid=2543 prev_prio=120 prev_state=R ==> next_comm=rcu_sched next_pid=13 next_prio=120
       rcu_sched-13    [000] d...   234.863278: sched_switch: prev_comm=rcu_sched prev_pid=13 prev_prio=120 prev_state=S ==> next_comm=test_affinity next_pid=2546 next_prio=120
          <idle>-0     [003] d...   234.863364: sched_switch: prev_comm=swapper/3 prev_pid=0 prev_prio=120 prev_state=R ==> next_comm=rcuos/3 next_pid=17 next_prio=120
         rcuos/3-17    [003] d...   234.863384: sched_switch: prev_comm=rcuos/3 prev_pid=17 prev_prio=120 prev_state=S ==> next_comm=swapper/3 next_pid=0 next_prio=120
          <idle>-0     [003] d...   234.866679: sched_switch: prev_comm=swapper/3 prev_pid=0 prev_prio=120 prev_state=R ==> next_comm=gmain next_pid=911 next_prio=120
           gmain-911   [003] d...   234.866874: sched_switch: prev_comm=gmain prev_pid=911 prev_prio=120 prev_state=S ==> next_comm=swapper/3 next_pid=0 next_prio=120
   test_affinity-2546  [000] d...   234.867345: sched_switch: prev_comm=test_affinity prev_pid=2546 prev_prio=120 prev_state=R ==> next_comm=rcu_sched next_pid=13 next_prio=120
       rcu_sched-13    [000] d...   234.867364: sched_switch: prev_comm=rcu_sched prev_pid=13 prev_prio=120 prev_state=S ==> next_comm=test_affinity next_pid=2544 next_prio=120
          <idle>-0     [003] d...   234.867988: sched_switch: prev_comm=swapper/3 prev_pid=0 prev_prio=120 prev_state=R ==> next_comm=rsyslogd next_pid=494 next_prio=120
        rsyslogd-494   [003] d...   234.868097: sched_switch: prev_comm=rsyslogd prev_pid=494 prev_prio=120 prev_state=S ==> next_comm=swapper/3 next_pid=0 next_prio=120
          <idle>-0     [001] d...   234.868150: sched_switch: prev_comm=swapper/1 prev_pid=0 prev_prio=120 prev_state=R ==> next_comm=rs:main Q:Reg next_pid=493 next_prio=120
   rs:main Q:Reg-493   [001] d...   234.868335: sched_switch: prev_comm=rs:main Q:Reg prev_pid=493 prev_prio=120 prev_state=S ==> next_comm=swapper/1 next_pid=0 next_prio=120
          <idle>-0     [003] d...   234.868369: sched_switch: prev_comm=swapper/3 prev_pid=0 prev_prio=120 prev_state=R ==> next_comm=gmain next_pid=911 next_prio=120
           gmain-911   [003] d...   234.868506: sched_switch: prev_comm=gmain prev_pid=911 prev_prio=120 prev_state=S ==> next_comm=swapper/3 next_pid=0 next_prio=120
          <idle>-0     [003] d...   234.868832: sched_switch: prev_comm=swapper/3 prev_pid=0 prev_prio=120 prev_state=R ==> next_comm=rsyslogd next_pid=494 next_prio=120
        rsyslogd-494   [003] d...   234.868931: sched_switch: prev_comm=rsyslogd prev_pid=494 prev_prio=120 prev_state=S ==> next_comm=swapper/3 next_pid=0 next_prio=120
          <idle>-0     [001] d...   234.868982: sched_switch: prev_comm=swapper/1 prev_pid=0 prev_prio=120 prev_state=R ==> next_comm=rs:main Q:Reg next_pid=493 next_prio=120
          <idle>-0     [003] d...   234.869087: sched_switch: prev_comm=swapper/3 prev_pid=0 prev_prio=120 prev_state=R ==> next_comm=sudo next_pid=2555 next_prio=120
   rs:main Q:Reg-493   [001] d...   234.869110: sched_switch: prev_comm=rs:main Q:Reg prev_pid=493 prev_prio=120 prev_state=S ==> next_comm=swapper/1 next_pid=0 next_prio=120
            sudo-2554  [002] d...   234.869203: sched_switch: prev_comm=sudo prev_pid=2554 prev_prio=120 prev_state=S ==> next_comm=swapper/2 next_pid=0 next_prio=120
            sudo-2555  [003] d...   234.869772: sched_switch: prev_comm=sudo prev_pid=2555 prev_prio=120 prev_state=R ==> next_comm=migration/3 next_pid=30 next_prio=0
     migration/3-30    [003] d...   234.869827: sched_switch: prev_comm=migration/3 prev_pid=30 prev_prio=0 prev_state=S ==> next_comm=swapper/3 next_pid=0 next_prio=120
          <idle>-0     [001] d...   234.869890: sched_switch: prev_comm=swapper/1 prev_pid=0 prev_prio=120 prev_state=R ==> next_comm=sudo next_pid=2555 next_prio=120
   test_affinity-2544  [000] d...   234.871247: sched_switch: prev_comm=test_affinity prev_pid=2544 prev_prio=120 prev_state=R ==> next_comm=rcu_sched next_pid=13 next_prio=120
       rcu_sched-13    [000] d...   234.871321: sched_switch: prev_comm=rcu_sched prev_pid=13 prev_prio=120 prev_state=S ==> next_comm=test_affinity next_pid=2545 next_prio=120
          <idle>-0     [003] d...   234.871522: sched_switch: prev_comm=swapper/3 prev_pid=0 prev_prio=120 prev_state=R ==> next_comm=rcuos/2 next_pid=16 next_prio=120
          <idle>-0     [002] d...   234.871535: sched_switch: prev_comm=swapper/2 prev_pid=0 prev_prio=120 prev_state=R ==> next_comm=rcuos/1 next_pid=15 next_prio=120
         rcuos/2-16    [003] d...   234.871545: sched_switch: prev_comm=rcuos/2 prev_pid=16 prev_prio=120 prev_state=S ==> next_comm=swapper/3 next_pid=0 next_prio=120
         rcuos/1-15    [002] d...   234.871562: sched_switch: prev_comm=rcuos/1 prev_pid=15 prev_prio=120 prev_state=S ==> next_comm=swapper/2 next_pid=0 next_prio=120
            bash-2770  [000] d...   728.685695: sched_switch: prev_comm=bash prev_pid=2770 prev_prio=120 prev_state=x ==> next_comm=test_affinity next_pid=2763 next_prio=120
   test_affinity-2765  [002] d...   728.685751: sched_switch: prev_comm=test_affinity prev_pid=2765 prev_prio=120 prev_state=R ==> next_comm=sudo next_pid=2769 next_prio=120
   test_affinity-2764  [003] d...   728.685908: sched_switch: prev_comm=test_affinity prev_pid=2764 prev_prio=120 prev_state=R ==> next_comm=rcuos/2 next_pid=16 next_prio=120
         rcuos/2-16    [003] d...   728.685922: sched_switch: prev_comm=rcuos/2 prev_pid=16 prev_prio=120 prev_state=S ==> next_comm=test_affinity next_pid=2764 next_prio=120
   test_affinity-2766  [001] d...   728.686046: sched_switch: prev_comm=test_affinity prev_pid=2766 prev_prio=120 prev_state=R ==> next_comm=rsyslogd next_pid=494 next_prio=120
        rsyslogd-494   [001] d...   728.686105: sched_switch: prev_comm=rsyslogd prev_pid=494 prev_prio=120 prev_state=S ==> next_comm=rs:main Q:Reg next_pid=493 next_prio=120
   test_affinity-2764  [003] d...   728.686239: sched_switch: prev_comm=test_affinity prev_pid=2764 prev_prio=120 prev_state=R ==> next_comm=gmain next_pid=911 next_prio=120
   rs:main Q:Reg-493   [001] d...   728.686259: sched_switch: prev_comm=rs:main Q:Reg prev_pid=493 prev_prio=120 prev_state=S ==> next_comm=test_affinity next_pid=2766 next_prio=120
           gmain-911   [003] d...   728.686428: sched_switch: prev_comm=gmain prev_pid=911 prev_prio=120 prev_state=S ==> next_comm=test_affinity next_pid=2764 next_prio=120
            sudo-2769  [002] d...   728.687197: sched_switch: prev_comm=sudo prev_pid=2769 prev_prio=120 prev_state=x ==> next_comm=test_linux.sh next_pid=2748 next_prio=120
   test_affinity-2763  [000] d...   728.687452: sched_switch: prev_comm=test_affinity prev_pid=2763 prev_prio=120 prev_state=R ==> next_comm=rcu_sched next_pid=13 next_prio=120
       rcu_sched-13    [000] d...   728.687463: sched_switch: prev_comm=rcu_sched prev_pid=13 prev_prio=120 prev_state=S ==> next_comm=test_affinity next_pid=2763 next_prio=120
   test_linux.sh-2748  [002] d...   728.687989: sched_switch: prev_comm=test_linux.sh prev_pid=2748 prev_prio=120 prev_state=S ==> next_comm=test_affinity next_pid=2765 next_prio=120
   test_affinity-2764  [003] d...   728.690979: sched_switch: prev_comm=test_affinity prev_pid=2764 prev_prio=120 prev_state=R ==> next_comm=X11-NOTIFY next_pid=1293 next_prio=120
      X11-NOTIFY-1293  [003] d...   728.691027: sched_switch: prev_comm=X11-NOTIFY prev_pid=1293 prev_prio=120 prev_state=S ==> next_comm=test_affinity next_pid=2764 next_prio=120
   test_affinity-2763  [000] d...   728.691834: sched_switch: prev_comm=test_affinity prev_pid=2763 prev_prio=120 prev_state=R ==> next_comm=rcu_sched next_pid=13 next_prio=120
       rcu_sched-13    [000] d...   728.691915: sched_switch: prev_comm=rcu_sched prev_pid=13 prev_prio=120 prev_state=S ==> next_comm=test_affinity next_pid=2763 next_prio=120
   test_affinity-2764  [003] d...   728.691925: sched_switch: prev_comm=test_affinity prev_pid=2764 prev_prio=120 prev_state=R ==> next_comm=rcuos/0 next_pid=14 next_prio=120
         rcuos/0-14    [003] d...   728.691945: sched_switch: prev_comm=rcuos/0 prev_pid=14 prev_prio=120 prev_state=S ==> next_comm=test_affinity next_pid=2764 next_prio=120
   test_affinity-2765  [002] d...   728.691961: sched_switch: prev_comm=test_affinity prev_pid=2765 prev_prio=120 prev_state=R ==> next_comm=rcuos/3 next_pid=17 next_prio=120
         rcuos/3-17    [002] d...   728.691977: sched_switch: prev_comm=rcuos/3 prev_pid=17 prev_prio=120 prev_state=S ==> next_comm=test_affinity next_pid=2765 next_prio=120
   test_affinity-2763  [000] d...   728.695940: sched_switch: prev_comm=test_affinity prev_pid=2763 prev_prio=120 prev_state=R ==> next_comm=rcu_sched next_pid=13 next_prio=120
       rcu_sched-13    [000] d...   728.695956: sched_switch: prev_comm=rcu_sched prev_pid=13 prev_prio=120 prev_state=S ==> next_comm=test_affinity next_pid=2763 next_prio=120
   test_affinity-2766  [001] d...   728.695975: sched_switch: prev_comm=test_affinity prev_pid=2766 prev_prio=120 prev_state=R ==> next_comm=test_linux.sh next_pid=2771 next_prio=120
   test_affinity-2764  [003] d...   728.696747: sched_switch: prev_comm=test_affinity prev_pid=2764 prev_prio=120 prev_state=R ==> next_comm=gmain next_pid=911 next_prio=120
            sudo-2771  [001] d...   728.696756: sched_switch: prev_comm=test_linux.sh prev_pid=2771 prev_prio=120 prev_state=R ==> next_comm=migration/1 next_pid=20 next_prio=0
     migration/1-20    [001] d...   728.696778: sched_switch: prev_comm=migration/1 prev_pid=20 prev_prio=0 prev_state=S ==> next_comm=test_linux.sh next_pid=2772 next_prio=120
           gmain-911   [003] d...   728.696923: sched_switch: prev_comm=gmain prev_pid=911 prev_prio=120 prev_state=S ==> next_comm=test_affinity next_pid=2764 next_prio=120
   test_affinity-2764  [003] d...   728.697410: sched_switch: prev_comm=test_affinity prev_pid=2764 prev_prio=120 prev_state=R ==> next_comm=rcuos/1 next_pid=15 next_prio=120
         rcuos/1-15    [003] d...   728.697421: sched_switch: prev_comm=rcuos/1 prev_pid=15 prev_prio=120 prev_state=S ==> next_comm=test_affinity next_pid=2764 next_prio=120
            head-2772  [001] d...   728.697854: sched_switch: prev_comm=test_linux.sh prev_pid=2772 prev_prio=120 prev_state=R ==> next_comm=migration/1 next_pid=20 next_prio=0
     migration/1-20    [001] d...   728.697870: sched_switch: prev_comm=migration/1 prev_pid=20 prev_prio=0 prev_state=S ==> next_comm=test_affinity next_pid=2766 next_prio=120
   test_affinity-2763  [000] d...   728.699541: sched_switch: prev_comm=test_affinity prev_pid=2763 prev_prio=120 prev_state=R ==> next_comm=rcu_sched next_pid=13 next_prio=120
       rcu_sched-13    [000] d...   728.699577: sched_switch: prev_comm=rcu_sched prev_pid=13 prev_prio=120 prev_state=S ==> next_comm=test_linux.sh next_pid=2771 next_prio=120
   test_affinity-2764  [003] d...   728.699657: sched_switch: prev_comm=test_affinity prev_pid=2764 prev_prio=120 prev_state=R ==> next_comm=rcuos/2 next_pid=16 next_prio=120
         rcuos/2-16    [003] d...   728.699673: sched_switch: prev_comm=rcuos/2 prev_pid=16 prev_prio=120 prev_state=S ==> next_comm=test_linux.sh next_pid=2772 next_prio=120
            sudo-2771  [000] d...   728.699678: sched_switch: prev_comm=test_linux.sh prev_pid=2771 prev_prio=120 prev_state=R ==> next_comm=rcu_sched next_pid=13 next_prio=120
       rcu_sched-13    [000] d...   728.699691: sched_switch: prev_comm=rcu_sched prev_pid=13 prev_prio=120 prev_state=S ==> next_comm=test_linux.sh next_pid=2771 next_prio=120
            head-2772  [003] d...   728.699834: sched_switch: prev_comm=head prev_pid=2772 prev_prio=120 prev_state=D|K ==> next_comm=test_affinity next_pid=2764 next_prio=120
            sudo-2771  [000] d...   728.703690: sched_switch: prev_comm=sudo prev_pid=2771 prev_prio=120 prev_state=R ==> next_comm=rcu_sched next_pid=13 next_prio=120
       rcu_sched-13    [000] d...   728.703745: sched_switch: prev_comm=rcu_sched prev_pid=13 prev_prio=120 prev_state=S ==> next_comm=test_affinity next_pid=2763 next_prio=120
   test_affinity-2764  [003] d...   728.703783: sched_switch: prev_comm=test_affinity prev_pid=2764 prev_prio=120 prev_state=R ==> next_comm=rcuos/1 next_pid=15 next_prio=120
         rcuos/1-15    [003] d...   728.703795: sched_switch: prev_comm=rcuos/1 prev_pid=15 prev_prio=120 prev_state=S ==> next_comm=rcuos/0 next_pid=14 next_prio=120
         rcuos/0-14    [003] d...   728.703838: sched_switch: prev_comm=rcuos/0 prev_pid=14 prev_prio=120 prev_state=S ==> next_comm=head next_pid=2772 next_prio=120
   test_affinity-2765  [002] d...   728.703852: sched_switch: prev_comm=test_affinity prev_pid=2765 prev_prio=120 prev_state=R ==> next_comm=rcuos/3 next_pid=17 next_prio=120
         rcuos/3-17    [002] d...   728.703863: sched_switch: prev_comm=rcuos/3 prev_pid=17 prev_prio=120 prev_state=S ==> next_comm=test_affinity next_pid=2765 next_prio=120
            head-2772  [003] d...   728.705334: sched_switch: prev_comm=head prev_pid=2772 prev_prio=120 prev_state=S ==> next_comm=test_affinity next_pid=2764 next_prio=120
   test_affinity-2763  [000] d...   728.707986: sched_switch: prev_comm=test_affinity prev_pid=2763 prev_prio=120 prev_state=R ==> next_comm=rcu_sched next_pid=13 next_prio=120
       rcu_sched-13    [000] d...   728.708000: sched_switch: prev_comm=rcu_sched prev_pid=13 prev_prio=120 prev_state=S ==> next_comm=sudo next_pid=2771 next_prio=120
            sudo-2771  [000] d...   728.711940: sched_switch: prev_comm=sudo prev_pid=2771 prev_prio=120 prev_state=R ==> next_comm=rcu_sched next_pid=13 next_prio=120
       rcu_sched-13    [000] d...   728.711982: sched_switch: prev_comm=rcu_sched prev_pid=13 prev_prio=120 prev_state=S ==> next_comm=test_affinity next_pid=2763 next_prio=120
   test_affinity-2764  [003] d...   728.712022: sched_switch: prev_comm=test_affinity prev_pid=2764 prev_prio=120 prev_state=R ==> next_comm=rcuos/2 next_pid=16 next_prio=120
         rcuos/2-16    [003] d...   728.712044: sched_switch: prev_comm=rcuos/2 prev_pid=16 prev_prio=120 prev_state=S ==> next_comm=test_affinity next_pid=2764 next_prio=120
   test_affinity-2763  [000] d...   728.716608: sched_switch: prev_comm=test_affinity prev_pid=2763 prev_prio=120 prev_state=R ==> next_comm=rcu_sched next_pid=13 next_prio=120
       rcu_sched-13    [000] d...   728.716623: sched_switch: prev_comm=rcu_sched prev_pid=13 prev_prio=120 prev_state=S ==> next_comm=sudo next_pid=2771 next_prio=120
   test_affinity-2764  [003] d...   728.716693: sched_switch: prev_comm=test_affinity prev_pid=2764 prev_prio=120 prev_state=R ==> next_comm=X11-NOTIFY next_pid=1293 next_prio=120
      X11-NOTIFY-1293  [003] d...   728.716733: sched_switch: prev_comm=X11-NOTIFY prev_pid=1293 prev_prio=120 prev_state=S ==> next_comm=test_affinity next_pid=2764 next_prio=120
            sudo-2771  [000] d...   728.719723: sched_switch: prev_comm=sudo prev_pid=2771 prev_prio=120 prev_state=R ==> next_comm=rcu_sched next_pid=13 next_prio=120
       rcu_sched-13    [000] d...   728.719795: sched_switch: prev_comm=rcu_sched prev_pid=13 prev_prio=120 prev_state=S ==> next_comm=sudo next_pid=2771 next_prio=120
   test_affinity-2765  [002] d...   728.719807: sched_switch: prev_comm=test_affinity prev_pid=2765 prev_prio=120 prev_state=R ==> next_comm=rcuos/3 next_pid=17 next_prio=120
   test_affinity-2764  [003] d...   728.719836: sched_switch: prev_comm=test_affinity prev_pid=2764 prev_prio=120 prev_state=R ==> next_comm=rcuos/0 next_pid=14 next_prio=120
         rcuos/0-14    [003] d...   728.719852: sched_switch: prev_comm=rcuos/0 prev_pid=14 prev_prio=120 prev_state=S ==> next_comm=rcuos/1 next_pid=15 next_prio=120
            sudo-2771  [000] d...   728.719859: sched_switch: prev_comm=sudo prev_pid=2771 prev_prio=120 prev_state=R ==> next_comm=rcu_sched next_pid=13 next_prio=120
         rcuos/1-15    [003] d...   728.719863: sched_switch: prev_comm=rcuos/1 prev_pid=15 prev_prio=120 prev_state=S ==> next_comm=test_affinity next_pid=2764 next_prio=120
       rcu_sched-13    [000] d...   728.719883: sched_switch: prev_comm=rcu_sched prev_pid=13 prev_prio=120 prev_state=S ==> next_comm=sudo next_pid=2771 next_prio=120
         rcuos/3-17    [002] d...   728.719888: sched_switch: prev_comm=rcuos/3 prev_pid=17 prev_prio=120 prev_state=S ==> next_comm=test_affinity next_pid=2765 next_prio=120
   test_affinity-2766  [001] d...   728.720889: sched_switch: prev_comm=test_affinity prev_pid=2766 prev_prio=120 prev_state=R ==> next_comm=rsyslogd next_pid=494 next_prio=120
        rsyslogd-494   [001] d...   728.720955: sched_switch: prev_comm=rsyslogd prev_pid=494 prev_prio=120 prev_state=S ==> next_comm=rs:main Q:Reg next_pid=493 next_prio=120
   test_affinity-2764  [003] d...   728.721075: sched_switch: prev_comm=test_affinity prev_pid=2764 prev_prio=120 prev_state=R ==> next_comm=gmain next_pid=911 next_prio=120
   rs:main Q:Reg-493   [001] d...   728.721113: sched_switch: prev_comm=rs:main Q:Reg prev_pid=493 prev_prio=120 prev_state=S ==> next_comm=test_affinity next_pid=2766 next_prio=120
           gmain-911   [003] d...   728.721216: sched_switch: prev_comm=gmain prev_pid=911 prev_prio=120 prev_state=S ==> next_comm=test_affinity next_pid=2764 next_prio=120
   test_affinity-2766  [001] d...   728.721755: sched_switch: prev_comm=test_affinity prev_pid=2766 prev_prio=120 prev_state=R ==> next_comm=rsyslogd next_pid=494 next_prio=120
        rsyslogd-494   [001] d...   728.721809: sched_switch: prev_comm=rsyslogd prev_pid=494 prev_prio=120 prev_state=S ==> next_comm=rs:main Q:Reg next_pid=493 next_prio=120
   rs:main Q:Reg-493   [001] d...   728.721918: sched_switch: prev_comm=rs:main Q:Reg prev_pid=493 prev_prio=120 prev_state=S ==> next_comm=test_affinity next_pid=2766 next_prio=120
            sudo-2771  [000] d...   728.722138: sched_switch: prev_comm=sudo prev_pid=2771 prev_prio=120 prev_state=S ==> next_comm=test_affinity next_pid=2763 next_prio=120
   test_affinity-2763  [000] d...   728.723638: sched_switch: prev_comm=test_affinity prev_pid=2763 prev_prio=120 prev_state=R ==> next_comm=rcu_sched next_pid=13 next_prio=120
       rcu_sched-13    [000] d...   728.723653: sched_switch: prev_comm=rcu_sched prev_pid=13 prev_prio=120 prev_state=S ==> next_comm=test_affinity next_pid=2763 next_prio=120
   test_affinity-2763  [000] d...   728.727558: sched_switch: prev_comm=test_affinity prev_pid=2763 prev_prio=120 prev_state=R ==> next_comm=rcu_sched next_pid=13 next_prio=120
       rcu_sched-13    [000] d...   728.727647: sched_switch: prev_comm=rcu_sched prev_pid=13 prev_prio=120 prev_state=S ==> next_comm=test_affinity next_pid=2763 next_prio=120
   test_affinity-2765  [002] d...   728.727655: sched_switch: prev_comm=test_affinity prev_pid=2765 prev_prio=120 prev_state=R ==> next_comm=rcuos/3 next_pid=17 next_prio=120
         rcuos/3-17    [002] d...   728.727679: sched_switch: prev_comm=rcuos/3 prev_pid=17 prev_prio=120 prev_state=S ==> next_comm=test_affinity next_pid=2765 next_prio=120
   test_affinity-2764  [003] d...   728.727689: sched_switch: prev_comm=test_affinity prev_pid=2764 prev_prio=120 prev_state=R ==> next_comm=rcuos/0 next_pid=14 next_prio=120
   test_affinity-2765  [002] d...   728.727769: sched_switch: prev_comm=test_affinity prev_pid=2765 prev_prio=120 prev_state=R ==> next_comm=rcuos/3 next_pid=17 next_prio=120
         rcuos/3-17    [002] d...   728.727795: sched_switch: prev_comm=rcuos/3 prev_pid=17 prev_prio=120 prev_state=S ==> next_comm=test_affinity next_pid=2765 next_prio=120
   test_affinity-2763  [000] d...   728.727842: sched_switch: prev_comm=test_affinity prev_pid=2763 prev_prio=120 prev_state=R ==> next_comm=rcu_sched next_pid=13 next_prio=120
         rcuos/0-14    [003] d...   728.727853: sched_switch: prev_comm=rcuos/0 prev_pid=14 prev_prio=120 prev_state=S ==> next_comm=test_affinity next_pid=2764 next_prio=120
       rcu_sched-13    [000] d...   728.727855: sched_switch: prev_comm=rcu_sched prev_pid=13 prev_prio=120 prev_state=S ==> next_comm=test_affinity next_pid=2763 next_prio=120
   test_affinity-2764  [003] d...   728.731383: sched_switch: prev_comm=test_affinity prev_pid=2764 prev_prio=120 prev_state=R ==> next_comm=gmain next_pid=911 next_prio=120
   test_affinity-2766  [001] d...   728.731737: sched_switch: prev_comm=test_affinity prev_pid=2766 prev_prio=120 prev_state=R ==> next_comm=sudo next_pid=2773 next_prio=120
   test_affinity-2763  [000] d...   728.731845: sched_switch: prev_comm=test_affinity prev_pid=2763 prev_prio=120 prev_state=R ==> next_comm=rcu_sched next_pid=13 next_prio=120
       rcu_sched-13    [000] d...   728.731860: sched_switch: prev_comm=rcu_sched prev_pid=13 prev_prio=120 prev_state=S ==> next_comm=test_affinity next_pid=2763 next_prio=120
           gmain-911   [003] d...   728.732359: sched_switch: prev_comm=gmain prev_pid=911 prev_prio=120 prev_state=S ==> next_comm=test_affinity next_pid=2764 next_prio=120
   test_affinity-2764  [003] d...   728.732555: sched_switch: prev_comm=test_affinity prev_pid=2764 prev_prio=120 prev_state=R ==> next_comm=rcuos/1 next_pid=15 next_prio=120
         rcuos/1-15    [003] d...   728.732566: sched_switch: prev_comm=rcuos/1 prev_pid=15 prev_prio=120 prev_state=S ==> next_comm=test_affinity next_pid=2764 next_prio=120
             cat-2773  [001] d...   728.732880: sched_switch: prev_comm=sudo prev_pid=2773 prev_prio=120 prev_state=R ==> next_comm=migration/1 next_pid=20 next_prio=0
     migration/1-20    [001] d...   728.732899: sched_switch: prev_comm=migration/1 prev_pid=20 prev_prio=0 prev_state=S ==> next_comm=test_affinity next_pid=2766 next_prio=120
   test_affinity-2763  [000] d...   728.736668: sched_switch: prev_comm=test_affinity prev_pid=2763 prev_prio=120 prev_state=R ==> next_comm=rcu_sched next_pid=13 next_prio=120
       rcu_sched-13    [000] d...   728.736764: sched_switch: prev_comm=rcu_sched prev_pid=13 prev_prio=120 prev_state=S ==> next_comm=test_affinity next_pid=2763 next_prio=120
   test_affinity-2764  [003] d...   728.736770: sched_switch: prev_comm=test_affinity prev_pid=2764 prev_prio=120 prev_state=R ==> next_comm=rcuos/0 next_pid=14 next_prio=120
         rcuos/0-14    [003] d...   728.736800: sched_switch: prev_comm=rcuos/0 prev_pid=14 prev_prio=120 prev_state=S ==> next_comm=test_affinity next_pid=2764 next_prio=120
   test_affinity-2765  [002] d...   728.736815: sched_switch: prev_comm=test_affinity prev_pid=2765 prev_prio=120 prev_state=R ==> next_comm=rcuos/3 next_pid=17 next_prio=120
         rcuos/3-17    [002] d...   728.736837: sched_switch: prev_comm=rcuos/3 prev_pid=17 prev_prio=120 prev_state=S ==> next_comm=sudo next_pid=2773 next_prio=120
   test_affinity-2764  [003] d...   728.737259: sched_switch: prev_comm=test_affinity prev_pid=2764 prev_prio=120 prev_state=R ==> next_comm=rcuos/2 next_pid=16 next_prio=120
         rcuos/2-16    [003] d...   728.737273: sched_switch: prev_comm=rcuos/2 prev_pid=16 prev_prio=120 prev_state=S ==> next_comm=test_affinity next_pid=2764 next_prio=120
   test_affinity-2763  [000] d...   728.739658: sched_switch: prev_comm=test_affinity prev_pid=2763 prev_prio=120 prev_state=R ==> next_comm=rcu_sched next_pid=13 next_prio=120
       rcu_sched-13    [000] d...   728.739670: sched_switch: prev_comm=rcu_sched prev_pid=13 prev_prio=120 prev_state=S ==> next_comm=test_affinity next_pid=2763 next_prio=120
             cat-2773  [002] d...   728.741520: sched_switch: prev_comm=bash prev_pid=2773 prev_prio=120 prev_state=R ==> next_comm=migration/2 next_pid=25 next_prio=0
     migration/2-25    [002] d...   728.741538: sched_switch: prev_comm=migration/2 prev_pid=25 prev_prio=0 prev_state=S ==> next_comm=test_affinity next_pid=2765 next_prio=120
   test_affinity-2764  [003] d...   728.741999: sched_switch: prev_comm=test_affinity prev_pid=2764 prev_prio=120 prev_state=R ==> next_comm=X11-NOTIFY next_pid=1293 next_prio=120
      X11-NOTIFY-1293  [003] d...   728.742042: sched_switch: prev_comm=X11-NOTIFY prev_pid=1293 prev_prio=120 prev_state=S ==> next_comm=test_affinity next_pid=2764 next_prio=120
   test_affinity-2766  [001] d...   728.744420: sched_switch: prev_comm=test_affinity prev_pid=2766 prev_prio=120 prev_state=R ==> next_comm=bash next_pid=2773 next_prio=120
   test_affinity-2763  [000] d...   728.744562: sched_switch: prev_comm=test_affinity prev_pid=2763 prev_prio=120 prev_state=R ==> next_comm=rcu_sched next_pid=13 next_prio=120
       rcu_sched-13    [000] d...   728.744651: sched_switch: prev_comm=rcu_sched prev_pid=13 prev_prio=120 prev_state=S ==> next_comm=test_affinity next_pid=2763 next_prio=120
             cat-2773  [001] d...   728.744679: sched_switch: prev_comm=cat prev_pid=2773 prev_prio=120 prev_state=D|K ==> next_comm=test_affinity next_pid=2766 next_prio=120
   test_affinity-2764  [003] d...   728.744707: sched_switch: prev_comm=test_affinity prev_pid=2764 prev_prio=120 prev_state=R ==> next_comm=rcuos/1 next_pid=15 next_prio=120
         rcuos/1-15    [003] d...   728.744725: sched_switch: prev_comm=rcuos/1 prev_pid=15 prev_prio=120 prev_state=S ==> next_comm=test_affinity next_pid=2764 next_prio=120
   test_affinity-2766  [001] d...   728.745455: sched_switch: prev_comm=test_affinity prev_pid=2766 prev_prio=120 prev_state=R ==> next_comm=cat next_pid=2773 next_prio=120
             cat-2773  [001] d...   728.746767: sched_switch: prev_comm=cat prev_pid=2773 prev_prio=120 prev_state=R ==> next_comm=head next_pid=2772 next_prio=120
            head-2772  [001] d...   728.746814: sched_switch: prev_comm=head prev_pid=2772 prev_prio=120 prev_state=S ==> next_comm=cat next_pid=2773 next_prio=120
             cat-2773  [001] d...   728.746885: sched_switch: prev_comm=cat prev_pid=2773 prev_prio=120 prev_state=R ==> next_comm=head next_pid=2772 next_prio=120
            head-2772  [001] d...   728.746927: sched_switch: prev_comm=head prev_pid=2772 prev_prio=120 prev_state=S ==> next_comm=cat next_pid=2773 next_prio=120
             cat-2773  [001] d...   728.746998: sched_switch: prev_comm=cat prev_pid=2773 prev_prio=120 prev_state=R ==> next_comm=head next_pid=2772 next_prio=120
            head-2772  [001] d...   728.747027: sched_switch: prev_comm=head prev_pid=2772 prev_prio=120 prev_state=S ==> next_comm=cat next_pid=2773 next_prio=120
             cat-2773  [001] d...   728.747098: sched_switch: prev_comm=cat prev_pid=2773 prev_prio=120 prev_state=R ==> next_comm=head next_pid=2772 next_prio=120
            head-2772  [001] d...   728.747126: sched_switch: prev_comm=head prev_pid=2772 prev_prio=120 prev_state=S ==> next_comm=cat next_pid=2773 next_prio=120
             cat-2773  [001] d...   728.747196: sched_switch: prev_comm=cat prev_pid=2773 prev_prio=120 prev_state=R ==> next_comm=head next_pid=2772 next_prio=120
            head-2772  [001] d...   728.747224: sched_switch: prev_comm=head prev_pid=2772 prev_prio=120 prev_state=S ==> next_comm=cat next_pid=2773 next_prio=120
             cat-2773  [001] d...   728.747294: sched_switch: prev_comm=cat prev_pid=2773 prev_prio=120 prev_state=R ==> next_comm=head next_pid=2772 next_prio=120
            head-2772  [001] d...   728.747322: sched_switch: prev_comm=head prev_pid=2772 prev_prio=120 prev_state=S ==> next_comm=cat next_pid=2773 next_prio=120
             cat-2773  [001] d...   728.747391: sched_switch: prev_comm=cat prev_pid=2773 prev_prio=120 prev_state=R ==> next_comm=head next_pid=2772 next_prio=120
            head-2772  [001] d...   728.747429: sched_switch: prev_comm=head prev_pid=2772 prev_prio=120 prev_state=S ==> next_comm=cat next_pid=2773 next_prio=120
   test_affinity-2763  [000] d...   728.747584: sched_switch: prev_comm=test_affinity prev_pid=2763 prev_prio=120 prev_state=R ==> next_comm=rcu_sched next_pid=13 next_prio=120
       rcu_sched-13    [000] d...   728.747594: sched_switch: prev_comm=rcu_sched prev_pid=13 prev_prio=120 prev_state=S ==> next_comm=test_affinity next_pid=2763 next_prio=120
             cat-2773  [001] d...   728.747694: sched_switch: prev_comm=cat prev_pid=2773 prev_prio=120 prev_state=R ==> next_comm=head next_pid=2772 next_prio=120
            head-2772  [001] d...   728.747733: sched_switch: prev_comm=head prev_pid=2772 prev_prio=120 prev_state=S ==> next_comm=cat next_pid=2773 next_prio=120
             cat-2773  [001] d...   728.747803: sched_switch: prev_comm=cat prev_pid=2773 prev_prio=120 prev_state=R ==> next_comm=head next_pid=2772 next_prio=120
            head-2772  [001] d...   728.747835: sched_switch: prev_comm=head prev_pid=2772 prev_prio=120 prev_state=S ==> next_comm=cat next_pid=2773 next_prio=120
             cat-2773  [001] d...   728.747886: sched_switch: prev_comm=cat prev_pid=2773 prev_prio=120 prev_state=R ==> next_comm=head next_pid=2772 next_prio=120
            head-2772  [001] d...   728.747915: sched_switch: prev_comm=head prev_pid=2772 prev_prio=120 prev_state=S ==> next_comm=cat next_pid=2773 next_prio=120
             cat-2773  [001] d...   728.747944: sched_switch: prev_comm=cat prev_pid=2773 prev_prio=120 prev_state=R ==> next_comm=head next_pid=2772 next_prio=120
            head-2772  [001] d...   728.747960: sched_switch: prev_comm=head prev_pid=2772 prev_prio=120 prev_state=S ==> next_comm=cat next_pid=2773 next_prio=120
             cat-2773  [001] d...   728.747988: sched_switch: prev_comm=cat prev_pid=2773 prev_prio=120 prev_state=R ==> next_comm=head next_pid=2772 next_prio=120
            head-2772  [001] d...   728.748003: sched_switch: prev_comm=head prev_pid=2772 prev_prio=120 prev_state=S ==> next_comm=cat next_pid=2773 next_prio=120
             cat-2773  [001] d...   728.748031: sched_switch: prev_comm=cat prev_pid=2773 prev_prio=120 prev_state=R ==> next_comm=head next_pid=2772 next_prio=120
            head-2772  [001] d...   728.748046: sched_switch: prev_comm=head prev_pid=2772 prev_prio=120 prev_state=S ==> next_comm=cat next_pid=2773 next_prio=120
             cat-2773  [001] d...   728.748075: sched_switch: prev_comm=cat prev_pid=2773 prev_prio=120 prev_state=R ==> next_comm=head next_pid=2772 next_prio=120
            head-2772  [001] d...   728.748090: sched_switch: prev_comm=head prev_pid=2772 prev_prio=120 prev_state=S ==> next_comm=cat next_pid=2773 next_prio=120
             cat-2773  [001] d...   728.748118: sched_switch: prev_comm=cat prev_pid=2773 prev_prio=120 prev_state=R ==> next_comm=head next_pid=2772 next_prio=120
            head-2772  [001] d...   728.748133: sched_switch: prev_comm=head prev_pid=2772 prev_prio=120 prev_state=S ==> next_comm=cat next_pid=2773 next_prio=120
             cat-2773  [001] d...   728.748162: sched_switch: prev_comm=cat prev_pid=2773 prev_prio=120 prev_state=R ==> next_comm=head next_pid=2772 next_prio=120
            head-2772  [001] d...   728.748177: sched_switch: prev_comm=head prev_pid=2772 prev_prio=120 prev_state=S ==> next_comm=cat next_pid=2773 next_prio=120
             cat-2773  [001] d...   728.748205: sched_switch: prev_comm=cat prev_pid=2773 prev_prio=120 prev_state=R ==> next_comm=head next_pid=2772 next_prio=120
            head-2772  [001] d...   728.748220: sched_switch: prev_comm=head prev_pid=2772 prev_prio=120 prev_state=S ==> next_comm=cat next_pid=2773 next_prio=120
             cat-2773  [001] d...   728.748248: sched_switch: prev_comm=cat prev_pid=2773 prev_prio=120 prev_state=R ==> next_comm=head next_pid=2772 next_prio=120
            head-2772  [001] d...   728.748274: sched_switch: prev_comm=head prev_pid=2772 prev_prio=120 prev_state=S ==> next_comm=cat next_pid=2773 next_prio=120
             cat-2773  [001] d...   728.748303: sched_switch: prev_comm=cat prev_pid=2773 prev_prio=120 prev_state=R ==> next_comm=head next_pid=2772 next_prio=120
            head-2772  [001] d...   728.748319: sched_switch: prev_comm=head prev_pid=2772 prev_prio=120 prev_state=S ==> next_comm=cat next_pid=2773 next_prio=120
             cat-2773  [001] d...   728.748347: sched_switch: prev_comm=cat prev_pid=2773 prev_prio=120 prev_state=R ==> next_comm=head next_pid=2772 next_prio=120
            head-2772  [001] d...   728.748362: sched_switch: prev_comm=head prev_pid=2772 prev_prio=120 prev_state=S ==> next_comm=cat next_pid=2773 next_prio=120
             cat-2773  [001] d...   728.748391: sched_switch: prev_comm=cat prev_pid=2773 prev_prio=120 prev_state=R ==> next_comm=head next_pid=2772 next_prio=120
            head-2772  [001] d...   728.748406: sched_switch: prev_comm=head prev_pid=2772 prev_prio=120 prev_state=S ==> next_comm=cat next_pid=2773 next_prio=120
             cat-2773  [001] d...   728.748434: sched_switch: prev_comm=cat prev_pid=2773 prev_prio=120 prev_state=R ==> next_comm=head next_pid=2772 next_prio=120
            head-2772  [001] d...   728.748449: sched_switch: prev_comm=head prev_pid=2772 prev_prio=120 prev_state=S ==> next_comm=cat next_pid=2773 next_prio=120
             cat-2773  [001] d...   728.748477: sched_switch: prev_comm=cat prev_pid=2773 prev_prio=120 prev_state=R ==> next_comm=head next_pid=2772 next_prio=120
            head-2772  [001] d...   728.748492: sched_switch: prev_comm=head prev_pid=2772 prev_prio=120 prev_state=S ==> next_comm=cat next_pid=2773 next_prio=120
             cat-2773  [001] d...   728.748520: sched_switch: prev_comm=cat prev_pid=2773 prev_prio=120 prev_state=R ==> next_comm=head next_pid=2772 next_prio=120
            head-2772  [001] d...   728.748535: sched_switch: prev_comm=head prev_pid=2772 prev_prio=120 prev_state=S ==> next_comm=cat next_pid=2773 next_prio=120
             cat-2773  [001] d...   728.748564: sched_switch: prev_comm=cat prev_pid=2773 prev_prio=120 prev_state=R ==> next_comm=head next_pid=2772 next_prio=120
            head-2772  [001] d...   728.748579: sched_switch: prev_comm=head prev_pid=2772 prev_prio=120 prev_state=S ==> next_comm=cat next_pid=2773 next_prio=120
             cat-2773  [001] d...   728.748607: sched_switch: prev_comm=cat prev_pid=2773 prev_prio=120 prev_state=R ==> next_comm=head next_pid=2772 next_prio=120
            head-2772  [001] d...   728.748622: sched_switch: prev_comm=head prev_pid=2772 prev_prio=120 prev_state=S ==> next_comm=cat next_pid=2773 next_prio=120
             cat-2773  [001] d...   728.748654: sched_switch: prev_comm=cat prev_pid=2773 prev_prio=120 prev_state=R ==> next_comm=head next_pid=2772 next_prio=120
            head-2772  [001] d...   728.748669: sched_switch: prev_comm=head prev_pid=2772 prev_prio=120 prev_state=S ==> next_comm=cat next_pid=2773 next_prio=120
             cat-2773  [001] d...   728.748698: sched_switch: prev_comm=cat prev_pid=2773 prev_prio=120 prev_state=R ==> next_comm=head next_pid=2772 next_prio=120
            head-2772  [001] d...   728.748713: sched_switch: prev_comm=head prev_pid=2772 prev_prio=120 prev_state=S ==> next_comm=cat next_pid=2773 next_prio=120
             cat-2773  [001] d...   728.748741: sched_switch: prev_comm=cat prev_pid=2773 prev_prio=120 prev_state=R ==> next_comm=head next_pid=2772 next_prio=120
            head-2772  [001] d...   728.748756: sched_switch: prev_comm=head prev_pid=2772 prev_prio=120 prev_state=S ==> next_comm=cat next_pid=2773 next_prio=120
             cat-2773  [001] d...   728.748785: sched_switch: prev_comm=cat prev_pid=2773 prev_prio=120 prev_state=R ==> next_comm=head next_pid=2772 next_prio=120
            head-2772  [001] d...   728.748810: sched_switch: prev_comm=head prev_pid=2772 prev_prio=120 prev_state=S ==> next_comm=cat next_pid=2773 next_prio=120
             cat-2773  [001] d...   728.748840: sched_switch: prev_comm=cat prev_pid=2773 prev_prio=120 prev_state=R ==> next_comm=head next_pid=2772 next_prio=120
            head-2772  [001] d...   728.748855: sched_switch: prev_comm=head prev_pid=2772 prev_prio=120 prev_state=S ==> next_comm=cat next_pid=2773 next_prio=120
             cat-2773  [001] d...   728.748883: sched_switch: prev_comm=cat prev_pid=2773 prev_prio=120 prev_state=R ==> next_comm=head next_pid=2772 next_prio=120
            head-2772  [001] d...   728.748898: sched_switch: prev_comm=head prev_pid=2772 prev_prio=120 prev_state=S ==> next_comm=cat next_pid=2773 next_prio=120
             cat-2773  [001] d...   728.748927: sched_switch: prev_comm=cat prev_pid=2773 prev_prio=120 prev_state=R ==> next_comm=head next_pid=2772 next_prio=120
            head-2772  [001] d...   728.748942: sched_switch: prev_comm=head prev_pid=2772 prev_prio=120 prev_state=S ==> next_comm=cat next_pid=2773 next_prio=120
             cat-2773  [001] d...   728.748970: sched_switch: prev_comm=cat prev_pid=2773 prev_prio=120 prev_state=R ==> next_comm=head next_pid=2772 next_prio=120
            head-2772  [001] d...   728.748985: sched_switch: prev_comm=head prev_pid=2772 prev_prio=120 prev_state=S ==> next_comm=cat next_pid=2773 next_prio=120
             cat-2773  [001] d...   728.749013: sched_switch: prev_comm=cat prev_pid=2773 prev_prio=120 prev_state=R ==> next_comm=head next_pid=2772 next_prio=120
            head-2772  [001] d...   728.749028: sched_switch: prev_comm=head prev_pid=2772 prev_prio=120 prev_state=S ==> next_comm=cat next_pid=2773 next_prio=120
             cat-2773  [001] d...   728.749056: sched_switch: prev_comm=cat prev_pid=2773 prev_prio=120 prev_state=R ==> next_comm=head next_pid=2772 next_prio=120
            head-2772  [001] d...   728.749071: sched_switch: prev_comm=head prev_pid=2772 prev_prio=120 prev_state=S ==> next_comm=cat next_pid=2773 next_prio=120
             cat-2773  [001] d...   728.749100: sched_switch: prev_comm=cat prev_pid=2773 prev_prio=120 prev_state=R ==> next_comm=head next_pid=2772 next_prio=120
            head-2772  [001] d...   728.749115: sched_switch: prev_comm=head prev_pid=2772 prev_prio=120 prev_state=S ==> next_comm=cat next_pid=2773 next_prio=120
             cat-2773  [001] d...   728.749143: sched_switch: prev_comm=cat prev_pid=2773 prev_prio=120 prev_state=R ==> next_comm=head next_pid=2772 next_prio=120
            head-2772  [001] d...   728.749158: sched_switch: prev_comm=head prev_pid=2772 prev_prio=120 prev_state=S ==> next_comm=cat next_pid=2773 next_prio=120
             cat-2773  [001] d...   728.749187: sched_switch: prev_comm=cat prev_pid=2773 prev_prio=120 prev_state=R ==> next_comm=head next_pid=2772 next_prio=120
            head-2772  [001] d...   728.749202: sched_switch: prev_comm=head prev_pid=2772 prev_prio=120 prev_state=S ==> next_comm=cat next_pid=2773 next_prio=120
             cat-2773  [001] d...   728.749230: sched_switch: prev_comm=cat prev_pid=2773 prev_prio=120 prev_state=R ==> next_comm=head next_pid=2772 next_prio=120
            head-2772  [001] d...   728.749245: sched_switch: prev_comm=head prev_pid=2772 prev_prio=120 prev_state=S ==> next_comm=cat next_pid=2773 next_prio=120
             cat-2773  [001] d...   728.749274: sched_switch: prev_comm=cat prev_pid=2773 prev_prio=120 prev_state=R ==> next_comm=head next_pid=2772 next_prio=120
            head-2772  [001] d...   728.749289: sched_switch: prev_comm=head prev_pid=2772 prev_prio=120 prev_state=S ==> next_comm=cat next_pid=2773 next_prio=120
             cat-2773  [001] d...   728.749317: sched_switch: prev_comm=cat prev_pid=2773 prev_prio=120 prev_state=R ==> next_comm=head next_pid=2772 next_prio=120
            head-2772  [001] d...   728.749332: sched_switch: prev_comm=head prev_pid=2772 prev_prio=120 prev_state=S ==> next_comm=cat next_pid=2773 next_prio=120
             cat-2773  [001] d...   728.749360: sched_switch: prev_comm=cat prev_pid=2773 prev_prio=120 prev_state=R ==> next_comm=head next_pid=2772 next_prio=120
            head-2772  [001] d...   728.749386: sched_switch: prev_comm=head prev_pid=2772 prev_prio=120 prev_state=S ==> next_comm=cat next_pid=2773 next_prio=120
             cat-2773  [001] d...   728.749416: sched_switch: prev_comm=cat prev_pid=2773 prev_prio=120 prev_state=R ==> next_comm=head next_pid=2772 next_prio=120
            head-2772  [001] d...   728.749431: sched_switch: prev_comm=head prev_pid=2772 prev_prio=120 prev_state=S ==> next_comm=cat next_pid=2773 next_prio=120
